../Core/Src/stm32f4xx_it.c:87:6:NMI_Handler	4	static
../Core/Src/stm32f4xx_it.c:102:6:HardFault_Handler	4	static
../Core/Src/stm32f4xx_it.c:117:6:MemManage_Handler	4	static
../Core/Src/stm32f4xx_it.c:132:6:BusFault_Handler	4	static
../Core/Src/stm32f4xx_it.c:147:6:UsageFault_Handler	4	static
../Core/Src/stm32f4xx_it.c:162:6:SVC_Handler	4	static
../Core/Src/stm32f4xx_it.c:175:6:DebugMon_Handler	4	static
../Core/Src/stm32f4xx_it.c:188:6:PendSV_Handler	4	static
../Core/Src/stm32f4xx_it.c:201:6:SysTick_Handler	8	static
../Core/Src/stm32f4xx_it.c:222:6:DMA1_Stream0_IRQHandler	8	static
../Core/Src/stm32f4xx_it.c:236:6:DMA1_Stream1_IRQHandler	8	static
../Core/Src/stm32f4xx_it.c:250:6:DMA1_Stream2_IRQHandler	8	static
../Core/Src/stm32f4xx_it.c:264:6:DMA1_Stream3_IRQHandler	8	static
../Core/Src/stm32f4xx_it.c:278:6:DMA1_Stream4_IRQHandler	8	static
../Core/Src/stm32f4xx_it.c:292:6:DMA1_Stream5_IRQHandler	8	static
../Core/Src/stm32f4xx_it.c:306:6:DMA1_Stream6_IRQHandler	8	static
../Core/Src/stm32f4xx_it.c:320:6:USART1_IRQHandler	8	static
../Core/Src/stm32f4xx_it.c:334:6:USART2_IRQHandler	8	static
../Core/Src/stm32f4xx_it.c:348:6:USART3_IRQHandler	8	static
../Core/Src/stm32f4xx_it.c:362:6:DMA1_Stream7_IRQHandler	8	static
../Core/Src/stm32f4xx_it.c:376:6:UART4_IRQHandler	8	static
../Core/Src/stm32f4xx_it.c:390:6:UART5_IRQHandler	8	static
../Core/Src/stm32f4xx_it.c:404:6:TIM7_IRQHandler	8	static
../Core/Src/stm32f4xx_it.c:418:6:DMA2_Stream1_IRQHandler	8	static
../Core/Src/stm32f4xx_it.c:432:6:DMA2_Stream2_IRQHandler	8	static
../Core/Src/stm32f4xx_it.c:446:6:DMA2_Stream6_IRQHandler	8	static
../Core/Src/stm32f4xx_it.c:460:6:DMA2_Stream7_IRQHandler	8	static
../Core/Src/stm32f4xx_it.c:474:6:USART6_IRQHandler	8	static
