20:26:51 **** Incremental Build of configuration Debug for project STM32F407VGT6 ****
make -j12 all 
arm-none-eabi-gcc "../Core/UserCC/US-100.c" -mcpu=cortex-m4 -std=gnu11 -g3 -DDEBUG -DUSE_HAL_DRIVER -DSTM32F407xx -c -I../Core/Inc -I../Drivers/STM32F4xx_HAL_Driver/Inc -I../Drivers/STM32F4xx_HAL_Driver/Inc/Legacy -I../Drivers/CMSIS/Device/ST/STM32F4xx/Include -I../Drivers/CMSIS/Include -I../Core/UserCC -I../Core/UserHH -O0 -ffunction-sections -fdata-sections -Wall -fstack-usage -fcyclomatic-complexity -MMD -MP -MF"Core/UserCC/US-100.d" -MT"Core/UserCC/US-100.o" --specs=nano.specs -mfpu=fpv4-sp-d16 -mfloat-abi=hard -mthumb -o "Core/UserCC/US-100.o"
arm-none-eabi-gcc "../Core/Src/main.c" -mcpu=cortex-m4 -std=gnu11 -g3 -DDEBUG -DUSE_HAL_DRIVER -DSTM32F407xx -c -I../Core/Inc -I../Drivers/STM32F4xx_HAL_Driver/Inc -I../Drivers/STM32F4xx_HAL_Driver/Inc/Legacy -I../Drivers/CMSIS/Device/ST/STM32F4xx/Include -I../Drivers/CMSIS/Include -I../Core/UserCC -I../Core/UserHH -O0 -ffunction-sections -fdata-sections -Wall -fstack-usage -fcyclomatic-complexity -MMD -MP -MF"Core/Src/main.d" -MT"Core/Src/main.o" --specs=nano.specs -mfpu=fpv4-sp-d16 -mfloat-abi=hard -mthumb -o "Core/Src/main.o"
In file included from ../Core/UserCC/US-100.c:1:
../Core/UserHH/US_100.h: In function 'get_filtered_distance':
../Core/UserHH/US_100.h:21:28: error: 'huart1' undeclared (first use in this function)
   21 |     HAL_UART_Transmit_DMA(&huart1, &US_100_Trig_distance, 1);
      |                            ^~~~~~
../Core/UserHH/US_100.h:21:28: note: each undeclared identifier is reported only once for each function it appears in
../Core/UserHH/US_100.h:44:5: warning: implicit declaration of function 'memcpy' [-Wimplicit-function-declaration]
   44 |     memcpy(temp, filter_buffer, sizeof(temp));
      |     ^~~~~~
../Core/UserHH/US_100.h:5:1: note: include '<string.h>' or provide a declaration of 'memcpy'
    4 | #include "main.h"
  +++ |+#include <string.h>
    5 | 
../Core/UserHH/US_100.h:44:5: warning: incompatible implicit declaration of built-in function 'memcpy' [-Wbuiltin-declaration-mismatch]
   44 |     memcpy(temp, filter_buffer, sizeof(temp));
      |     ^~~~~~
../Core/UserHH/US_100.h:44:5: note: include '<string.h>' or provide a declaration of 'memcpy'
make: *** [Core/UserCC/subdir.mk:40: Core/UserCC/US-100.o] Error 1
make: *** Waiting for unfinished jobs....
"make -j12 all" terminated with exit code 2. Build might be incomplete.
20:27:03 **** Incremental Build of configuration Debug for project Myproject ****
make -j12 all 
arm-none-eabi-size  Myproject.elf 
   text	   data	    bss	    dec	    hex	filename
  44020	    468	   4132	  48620	   bdec	Myproject.elf
已结束构建： default.size.stdout
 
20:27:04 **** Incremental Build of configuration Debug for project STM32F407VGT6 ****
make -j12 all 
arm-none-eabi-gcc "../Core/UserCC/US-100.c" -mcpu=cortex-m4 -std=gnu11 -g3 -DDEBUG -DUSE_HAL_DRIVER -DSTM32F407xx -c -I../Core/Inc -I../Drivers/STM32F4xx_HAL_Driver/Inc -I../Drivers/STM32F4xx_HAL_Driver/Inc/Legacy -I../Drivers/CMSIS/Device/ST/STM32F4xx/Include -I../Drivers/CMSIS/Include -I../Core/UserCC -I../Core/UserHH -O0 -ffunction-sections -fdata-sections -Wall -fstack-usage -fcyclomatic-complexity -MMD -MP -MF"Core/UserCC/US-100.d" -MT"Core/UserCC/US-100.o" --specs=nano.specs -mfpu=fpv4-sp-d16 -mfloat-abi=hard -mthumb -o "Core/UserCC/US-100.o"
arm-none-eabi-gcc "../Core/Src/main.c" -mcpu=cortex-m4 -std=gnu11 -g3 -DDEBUG -DUSE_HAL_DRIVER -DSTM32F407xx -c -I../Core/Inc -I../Drivers/STM32F4xx_HAL_Driver/Inc -I../Drivers/STM32F4xx_HAL_Driver/Inc/Legacy -I../Drivers/CMSIS/Device/ST/STM32F4xx/Include -I../Drivers/CMSIS/Include -I../Core/UserCC -I../Core/UserHH -O0 -ffunction-sections -fdata-sections -Wall -fstack-usage -fcyclomatic-complexity -MMD -MP -MF"Core/Src/main.d" -MT"Core/Src/main.o" --specs=nano.specs -mfpu=fpv4-sp-d16 -mfloat-abi=hard -mthumb -o "Core/Src/main.o"
In file included from ../Core/UserCC/US-100.c:1:
../Core/UserHH/US_100.h: In function 'get_filtered_distance':
../Core/UserHH/US_100.h:44:5: warning: implicit declaration of function 'memcpy' [-Wimplicit-function-declaration]
   44 |     memcpy(temp, filter_buffer, sizeof(temp));
      |     ^~~~~~
../Core/UserHH/US_100.h:5:1: note: include '<string.h>' or provide a declaration of 'memcpy'
    4 | #include "main.h"
  +++ |+#include <string.h>
    5 | 
../Core/UserHH/US_100.h:44:5: warning: incompatible implicit declaration of built-in function 'memcpy' [-Wbuiltin-declaration-mismatch]
   44 |     memcpy(temp, filter_buffer, sizeof(temp));
      |     ^~~~~~
../Core/UserHH/US_100.h:44:5: note: include '<string.h>' or provide a declaration of 'memcpy'
arm-none-eabi-gcc -o "STM32F407VGT6.elf" @"objects.list"   -mcpu=cortex-m4 -T"A:\git\WYHCODE\PROJECT\STM32F407VGT6\STM32F407VGTX_FLASH.ld" --specs=nosys.specs -Wl,-Map="STM32F407VGT6.map" -Wl,--gc-sections -static --specs=nano.specs -mfpu=fpv4-sp-d16 -mfloat-abi=hard -mthumb -u _printf_float -u _scanf_float -Wl,--start-group -lc -lm -Wl,--end-group
A:/STM32CUBEIDE/STM32CubeIDE_1.18.0/STM32CubeIDE/plugins/com.st.stm32cube.ide.mcu.externaltools.gnu-tools-for-stm32.13.3.rel1.win32_1.0.0.202411081344/tools/bin/../lib/gcc/arm-none-eabi/13.3.1/../../../../arm-none-eabi/bin/ld.exe: ./Core/UserCC/US-100.o:A:/git/WYHCODE/PROJECT/STM32F407VGT6/Debug/../Core/UserHH/US_100.h:8: multiple definition of `filter_buffer'; ./Core/Src/main.o:A:/git/WYHCODE/PROJECT/STM32F407VGT6/Debug/../Core/UserHH/US_100.h:8: first defined here
A:/STM32CUBEIDE/STM32CubeIDE_1.18.0/STM32CubeIDE/plugins/com.st.stm32cube.ide.mcu.externaltools.gnu-tools-for-stm32.13.3.rel1.win32_1.0.0.202411081344/tools/bin/../lib/gcc/arm-none-eabi/13.3.1/../../../../arm-none-eabi/bin/ld.exe: ./Core/UserCC/US-100.o:A:/git/WYHCODE/PROJECT/STM32F407VGT6/Debug/../Core/UserHH/US_100.h:9: multiple definition of `filter_index'; ./Core/Src/main.o:A:/git/WYHCODE/PROJECT/STM32F407VGT6/Debug/../Core/UserHH/US_100.h:9: first defined here
A:/STM32CUBEIDE/STM32CubeIDE_1.18.0/STM32CubeIDE/plugins/com.st.stm32cube.ide.mcu.externaltools.gnu-tools-for-stm32.13.3.rel1.win32_1.0.0.202411081344/tools/bin/../lib/gcc/arm-none-eabi/13.3.1/../../../../arm-none-eabi/bin/ld.exe: ./Core/UserCC/US-100.o:A:/git/WYHCODE/PROJECT/STM32F407VGT6/Debug/../Core/UserHH/US_100.h:10: multiple definition of `dis'; ./Core/Src/main.o:A:/git/WYHCODE/PROJECT/STM32F407VGT6/Debug/../Core/UserHH/US_100.h:10: first defined here
A:/STM32CUBEIDE/STM32CubeIDE_1.18.0/STM32CubeIDE/plugins/com.st.stm32cube.ide.mcu.externaltools.gnu-tools-for-stm32.13.3.rel1.win32_1.0.0.202411081344/tools/bin/../lib/gcc/arm-none-eabi/13.3.1/../../../../arm-none-eabi/bin/ld.exe: ./Core/UserCC/US-100.o:A:/git/WYHCODE/PROJECT/STM32F407VGT6/Debug/../Core/UserHH/US_100.h:11: multiple definition of `tem'; ./Core/Src/main.o:A:/git/WYHCODE/PROJECT/STM32F407VGT6/Debug/../Core/UserHH/US_100.h:11: first defined here
A:/STM32CUBEIDE/STM32CubeIDE_1.18.0/STM32CubeIDE/plugins/com.st.stm32cube.ide.mcu.externaltools.gnu-tools-for-stm32.13.3.rel1.win32_1.0.0.202411081344/tools/bin/../lib/gcc/arm-none-eabi/13.3.1/../../../../arm-none-eabi/bin/ld.exe: ./Core/UserCC/US-100.o:A:/git/WYHCODE/PROJECT/STM32F407VGT6/Debug/../Core/UserHH/US_100.h:12: multiple definition of `US_100_receive_dis'; ./Core/Src/main.o:A:/git/WYHCODE/PROJECT/STM32F407VGT6/Debug/../Core/UserHH/US_100.h:12: first defined here
A:/STM32CUBEIDE/STM32CubeIDE_1.18.0/STM32CubeIDE/plugins/com.st.stm32cube.ide.mcu.externaltools.gnu-tools-for-stm32.13.3.rel1.win32_1.0.0.202411081344/tools/bin/../lib/gcc/arm-none-eabi/13.3.1/../../../../arm-none-eabi/bin/ld.exe: ./Core/UserCC/US-100.o:A:/git/WYHCODE/PROJECT/STM32F407VGT6/Debug/../Core/UserHH/US_100.h:12: multiple definition of `US_100_receive_tem'; ./Core/Src/main.o:A:/git/WYHCODE/PROJECT/STM32F407VGT6/Debug/../Core/UserHH/US_100.h:12: first defined here
A:/STM32CUBEIDE/STM32CubeIDE_1.18.0/STM32CubeIDE/plugins/com.st.stm32cube.ide.mcu.externaltools.gnu-tools-for-stm32.13.3.rel1.win32_1.0.0.202411081344/tools/bin/../lib/gcc/arm-none-eabi/13.3.1/../../../../arm-none-eabi/bin/ld.exe: ./Core/UserCC/US-100.o:A:/git/WYHCODE/PROJECT/STM32F407VGT6/Debug/../Core/UserHH/US_100.h:14: multiple definition of `US_100_Trig_distance'; ./Core/Src/main.o:A:/git/WYHCODE/PROJECT/STM32F407VGT6/Debug/../Core/UserHH/US_100.h:14: first defined here
A:/STM32CUBEIDE/STM32CubeIDE_1.18.0/STM32CubeIDE/plugins/com.st.stm32cube.ide.mcu.externaltools.gnu-tools-for-stm32.13.3.rel1.win32_1.0.0.202411081344/tools/bin/../lib/gcc/arm-none-eabi/13.3.1/../../../../arm-none-eabi/bin/ld.exe: ./Core/UserCC/US-100.o:A:/git/WYHCODE/PROJECT/STM32F407VGT6/Debug/../Core/UserHH/US_100.h:15: multiple definition of `US_100_Trig_tem'; ./Core/Src/main.o:A:/git/WYHCODE/PROJECT/STM32F407VGT6/Debug/../Core/UserHH/US_100.h:15: first defined here
A:/STM32CUBEIDE/STM32CubeIDE_1.18.0/STM32CubeIDE/plugins/com.st.stm32cube.ide.mcu.externaltools.gnu-tools-for-stm32.13.3.rel1.win32_1.0.0.202411081344/tools/bin/../lib/gcc/arm-none-eabi/13.3.1/../../../../arm-none-eabi/bin/ld.exe: ./Core/UserCC/US-100.o: in function `get_filtered_distance':
A:/git/WYHCODE/PROJECT/STM32F407VGT6/Debug/../Core/UserHH/US_100.h:19: multiple definition of `get_filtered_distance'; ./Core/Src/main.o:A:/git/WYHCODE/PROJECT/STM32F407VGT6/Debug/../Core/UserHH/US_100.h:19: first defined here
collect2.exe: error: ld returned 1 exit status
make: *** [makefile:65: STM32F407VGT6.elf] Error 1
"make -j12 all" terminated with exit code 2. Build might be incomplete.
20:28:38 **** Incremental Build of configuration Debug for project Myproject ****
make -j12 all 
arm-none-eabi-size  Myproject.elf 
   text	   data	    bss	    dec	    hex	filename
  44020	    468	   4132	  48620	   bdec	Myproject.elf
已结束构建： default.size.stdout
 
20:28:39 **** Incremental Build of configuration Debug for project STM32F407VGT6 ****
make -j12 all 
arm-none-eabi-gcc "../Core/UserCC/US-100.c" -mcpu=cortex-m4 -std=gnu11 -g3 -DDEBUG -DUSE_HAL_DRIVER -DSTM32F407xx -c -I../Core/Inc -I../Drivers/STM32F4xx_HAL_Driver/Inc -I../Drivers/STM32F4xx_HAL_Driver/Inc/Legacy -I../Drivers/CMSIS/Device/ST/STM32F4xx/Include -I../Drivers/CMSIS/Include -I../Core/UserCC -I../Core/UserHH -O0 -ffunction-sections -fdata-sections -Wall -fstack-usage -fcyclomatic-complexity -MMD -MP -MF"Core/UserCC/US-100.d" -MT"Core/UserCC/US-100.o" --specs=nano.specs -mfpu=fpv4-sp-d16 -mfloat-abi=hard -mthumb -o "Core/UserCC/US-100.o"
arm-none-eabi-gcc "../Core/Src/main.c" -mcpu=cortex-m4 -std=gnu11 -g3 -DDEBUG -DUSE_HAL_DRIVER -DSTM32F407xx -c -I../Core/Inc -I../Drivers/STM32F4xx_HAL_Driver/Inc -I../Drivers/STM32F4xx_HAL_Driver/Inc/Legacy -I../Drivers/CMSIS/Device/ST/STM32F4xx/Include -I../Drivers/CMSIS/Include -I../Core/UserCC -I../Core/UserHH -O0 -ffunction-sections -fdata-sections -Wall -fstack-usage -fcyclomatic-complexity -MMD -MP -MF"Core/Src/main.d" -MT"Core/Src/main.o" --specs=nano.specs -mfpu=fpv4-sp-d16 -mfloat-abi=hard -mthumb -o "Core/Src/main.o"
../Core/UserCC/US-100.c: In function 'get_filtered_distance':
../Core/UserCC/US-100.c:29:5: warning: implicit declaration of function 'memcpy' [-Wimplicit-function-declaration]
   29 |     memcpy(temp, filter_buffer, sizeof(temp));
      |     ^~~~~~
../Core/UserCC/US-100.c:2:1: note: include '<string.h>' or provide a declaration of 'memcpy'
    1 | #include "US_100.h"
  +++ |+#include <string.h>
    2 | 
../Core/UserCC/US-100.c:29:5: warning: incompatible implicit declaration of built-in function 'memcpy' [-Wbuiltin-declaration-mismatch]
   29 |     memcpy(temp, filter_buffer, sizeof(temp));
      |     ^~~~~~
../Core/UserCC/US-100.c:29:5: note: include '<string.h>' or provide a declaration of 'memcpy'
../Core/Src/main.c: In function 'main':
../Core/Src/main.c:178:17: warning: implicit declaration of function 'get_filtered_distance' [-Wimplicit-function-declaration]
  178 |             dis=get_filtered_distance();
      |                 ^~~~~~~~~~~~~~~~~~~~~
arm-none-eabi-gcc -o "STM32F407VGT6.elf" @"objects.list"   -mcpu=cortex-m4 -T"A:\git\WYHCODE\PROJECT\STM32F407VGT6\STM32F407VGTX_FLASH.ld" --specs=nosys.specs -Wl,-Map="STM32F407VGT6.map" -Wl,--gc-sections -static --specs=nano.specs -mfpu=fpv4-sp-d16 -mfloat-abi=hard -mthumb -u _printf_float -u _scanf_float -Wl,--start-group -lc -lm -Wl,--end-group
A:/STM32CUBEIDE/STM32CubeIDE_1.18.0/STM32CubeIDE/plugins/com.st.stm32cube.ide.mcu.externaltools.gnu-tools-for-stm32.13.3.rel1.win32_1.0.0.202411081344/tools/bin/../lib/gcc/arm-none-eabi/13.3.1/../../../../arm-none-eabi/bin/ld.exe: ./Core/UserCC/US-100.o:A:/git/WYHCODE/PROJECT/STM32F407VGT6/Debug/../Core/UserHH/US_100.h:8: multiple definition of `filter_buffer'; ./Core/Src/main.o:A:/git/WYHCODE/PROJECT/STM32F407VGT6/Debug/../Core/UserHH/US_100.h:8: first defined here
A:/STM32CUBEIDE/STM32CubeIDE_1.18.0/STM32CubeIDE/plugins/com.st.stm32cube.ide.mcu.externaltools.gnu-tools-for-stm32.13.3.rel1.win32_1.0.0.202411081344/tools/bin/../lib/gcc/arm-none-eabi/13.3.1/../../../../arm-none-eabi/bin/ld.exe: ./Core/UserCC/US-100.o:A:/git/WYHCODE/PROJECT/STM32F407VGT6/Debug/../Core/UserHH/US_100.h:9: multiple definition of `filter_index'; ./Core/Src/main.o:A:/git/WYHCODE/PROJECT/STM32F407VGT6/Debug/../Core/UserHH/US_100.h:9: first defined here
A:/STM32CUBEIDE/STM32CubeIDE_1.18.0/STM32CubeIDE/plugins/com.st.stm32cube.ide.mcu.externaltools.gnu-tools-for-stm32.13.3.rel1.win32_1.0.0.202411081344/tools/bin/../lib/gcc/arm-none-eabi/13.3.1/../../../../arm-none-eabi/bin/ld.exe: ./Core/UserCC/US-100.o:A:/git/WYHCODE/PROJECT/STM32F407VGT6/Debug/../Core/UserHH/US_100.h:10: multiple definition of `dis'; ./Core/Src/main.o:A:/git/WYHCODE/PROJECT/STM32F407VGT6/Debug/../Core/UserHH/US_100.h:10: first defined here
A:/STM32CUBEIDE/STM32CubeIDE_1.18.0/STM32CubeIDE/plugins/com.st.stm32cube.ide.mcu.externaltools.gnu-tools-for-stm32.13.3.rel1.win32_1.0.0.202411081344/tools/bin/../lib/gcc/arm-none-eabi/13.3.1/../../../../arm-none-eabi/bin/ld.exe: ./Core/UserCC/US-100.o:A:/git/WYHCODE/PROJECT/STM32F407VGT6/Debug/../Core/UserHH/US_100.h:11: multiple definition of `tem'; ./Core/Src/main.o:A:/git/WYHCODE/PROJECT/STM32F407VGT6/Debug/../Core/UserHH/US_100.h:11: first defined here
A:/STM32CUBEIDE/STM32CubeIDE_1.18.0/STM32CubeIDE/plugins/com.st.stm32cube.ide.mcu.externaltools.gnu-tools-for-stm32.13.3.rel1.win32_1.0.0.202411081344/tools/bin/../lib/gcc/arm-none-eabi/13.3.1/../../../../arm-none-eabi/bin/ld.exe: ./Core/UserCC/US-100.o:A:/git/WYHCODE/PROJECT/STM32F407VGT6/Debug/../Core/UserHH/US_100.h:12: multiple definition of `US_100_receive_dis'; ./Core/Src/main.o:A:/git/WYHCODE/PROJECT/STM32F407VGT6/Debug/../Core/UserHH/US_100.h:12: first defined here
A:/STM32CUBEIDE/STM32CubeIDE_1.18.0/STM32CubeIDE/plugins/com.st.stm32cube.ide.mcu.externaltools.gnu-tools-for-stm32.13.3.rel1.win32_1.0.0.202411081344/tools/bin/../lib/gcc/arm-none-eabi/13.3.1/../../../../arm-none-eabi/bin/ld.exe: ./Core/UserCC/US-100.o:A:/git/WYHCODE/PROJECT/STM32F407VGT6/Debug/../Core/UserHH/US_100.h:12: multiple definition of `US_100_receive_tem'; ./Core/Src/main.o:A:/git/WYHCODE/PROJECT/STM32F407VGT6/Debug/../Core/UserHH/US_100.h:12: first defined here
A:/STM32CUBEIDE/STM32CubeIDE_1.18.0/STM32CubeIDE/plugins/com.st.stm32cube.ide.mcu.externaltools.gnu-tools-for-stm32.13.3.rel1.win32_1.0.0.202411081344/tools/bin/../lib/gcc/arm-none-eabi/13.3.1/../../../../arm-none-eabi/bin/ld.exe: ./Core/UserCC/US-100.o:A:/git/WYHCODE/PROJECT/STM32F407VGT6/Debug/../Core/UserHH/US_100.h:14: multiple definition of `US_100_Trig_distance'; ./Core/Src/main.o:A:/git/WYHCODE/PROJECT/STM32F407VGT6/Debug/../Core/UserHH/US_100.h:14: first defined here
A:/STM32CUBEIDE/STM32CubeIDE_1.18.0/STM32CubeIDE/plugins/com.st.stm32cube.ide.mcu.externaltools.gnu-tools-for-stm32.13.3.rel1.win32_1.0.0.202411081344/tools/bin/../lib/gcc/arm-none-eabi/13.3.1/../../../../arm-none-eabi/bin/ld.exe: ./Core/UserCC/US-100.o:A:/git/WYHCODE/PROJECT/STM32F407VGT6/Debug/../Core/UserHH/US_100.h:15: multiple definition of `US_100_Trig_tem'; ./Core/Src/main.o:A:/git/WYHCODE/PROJECT/STM32F407VGT6/Debug/../Core/UserHH/US_100.h:15: first defined here
collect2.exe: error: ld returned 1 exit status
make: *** [makefile:65: STM32F407VGT6.elf] Error 1
"make -j12 all" terminated with exit code 2. Build might be incomplete.
20:29:33 **** Incremental Build of configuration Debug for project Myproject ****
make -j12 all 
arm-none-eabi-size  Myproject.elf 
   text	   data	    bss	    dec	    hex	filename
  44020	    468	   4132	  48620	   bdec	Myproject.elf
已结束构建： default.size.stdout
 
20:29:34 **** Incremental Build of configuration Debug for project STM32F407VGT6 ****
make -j12 all 
arm-none-eabi-gcc "../Core/UserCC/US-100.c" -mcpu=cortex-m4 -std=gnu11 -g3 -DDEBUG -DUSE_HAL_DRIVER -DSTM32F407xx -c -I../Core/Inc -I../Drivers/STM32F4xx_HAL_Driver/Inc -I../Drivers/STM32F4xx_HAL_Driver/Inc/Legacy -I../Drivers/CMSIS/Device/ST/STM32F4xx/Include -I../Drivers/CMSIS/Include -I../Core/UserCC -I../Core/UserHH -O0 -ffunction-sections -fdata-sections -Wall -fstack-usage -fcyclomatic-complexity -MMD -MP -MF"Core/UserCC/US-100.d" -MT"Core/UserCC/US-100.o" --specs=nano.specs -mfpu=fpv4-sp-d16 -mfloat-abi=hard -mthumb -o "Core/UserCC/US-100.o"
arm-none-eabi-gcc "../Core/Src/main.c" -mcpu=cortex-m4 -std=gnu11 -g3 -DDEBUG -DUSE_HAL_DRIVER -DSTM32F407xx -c -I../Core/Inc -I../Drivers/STM32F4xx_HAL_Driver/Inc -I../Drivers/STM32F4xx_HAL_Driver/Inc/Legacy -I../Drivers/CMSIS/Device/ST/STM32F4xx/Include -I../Drivers/CMSIS/Include -I../Core/UserCC -I../Core/UserHH -O0 -ffunction-sections -fdata-sections -Wall -fstack-usage -fcyclomatic-complexity -MMD -MP -MF"Core/Src/main.d" -MT"Core/Src/main.o" --specs=nano.specs -mfpu=fpv4-sp-d16 -mfloat-abi=hard -mthumb -o "Core/Src/main.o"
../Core/UserCC/US-100.c: In function 'get_filtered_distance':
../Core/UserCC/US-100.c:37:5: warning: implicit declaration of function 'memcpy' [-Wimplicit-function-declaration]
   37 |     memcpy(temp, filter_buffer, sizeof(temp));
      |     ^~~~~~
../Core/UserCC/US-100.c:2:1: note: include '<string.h>' or provide a declaration of 'memcpy'
    1 | #include "US_100.h"
  +++ |+#include <string.h>
    2 | 
../Core/UserCC/US-100.c:37:5: warning: incompatible implicit declaration of built-in function 'memcpy' [-Wbuiltin-declaration-mismatch]
   37 |     memcpy(temp, filter_buffer, sizeof(temp));
      |     ^~~~~~
../Core/UserCC/US-100.c:37:5: note: include '<string.h>' or provide a declaration of 'memcpy'
../Core/Src/main.c: In function 'main':
../Core/Src/main.c:178:13: error: 'dis' undeclared (first use in this function)
  178 |             dis=get_filtered_distance();
      |             ^~~
../Core/Src/main.c:178:13: note: each undeclared identifier is reported only once for each function it appears in
../Core/Src/main.c:178:17: warning: implicit declaration of function 'get_filtered_distance' [-Wimplicit-function-declaration]
  178 |             dis=get_filtered_distance();
      |                 ^~~~~~~~~~~~~~~~~~~~~
make: *** [Core/Src/subdir.mk:49: Core/Src/main.o] Error 1
make: *** Waiting for unfinished jobs....
"make -j12 all" terminated with exit code 2. Build might be incomplete.
20:29:49 **** Incremental Build of configuration Debug for project Myproject ****
make -j12 all 
arm-none-eabi-size  Myproject.elf 
   text	   data	    bss	    dec	    hex	filename
  44020	    468	   4132	  48620	   bdec	Myproject.elf
已结束构建： default.size.stdout
 
20:29:50 **** Incremental Build of configuration Debug for project STM32F407VGT6 ****
make -j12 all 
arm-none-eabi-gcc "../Core/Src/main.c" -mcpu=cortex-m4 -std=gnu11 -g3 -DDEBUG -DUSE_HAL_DRIVER -DSTM32F407xx -c -I../Core/Inc -I../Drivers/STM32F4xx_HAL_Driver/Inc -I../Drivers/STM32F4xx_HAL_Driver/Inc/Legacy -I../Drivers/CMSIS/Device/ST/STM32F4xx/Include -I../Drivers/CMSIS/Include -I../Core/UserCC -I../Core/UserHH -O0 -ffunction-sections -fdata-sections -Wall -fstack-usage -fcyclomatic-complexity -MMD -MP -MF"Core/Src/main.d" -MT"Core/Src/main.o" --specs=nano.specs -mfpu=fpv4-sp-d16 -mfloat-abi=hard -mthumb -o "Core/Src/main.o"
../Core/Src/main.c: In function 'main':
../Core/Src/main.c:185:45: warning: implicit declaration of function 'get_filtered_distance' [-Wimplicit-function-declaration]
  185 |           sprintf(message,"distance:%.2fcm",get_filtered_distance());
      |                                             ^~~~~~~~~~~~~~~~~~~~~
../Core/Src/main.c:185:40: warning: format '%f' expects argument of type 'double', but argument 3 has type 'int' [-Wformat=]
  185 |           sprintf(message,"distance:%.2fcm",get_filtered_distance());
      |                                     ~~~^    ~~~~~~~~~~~~~~~~~~~~~~~
      |                                        |    |
      |                                        |    int
      |                                        double
      |                                     %.2d
arm-none-eabi-gcc -o "STM32F407VGT6.elf" @"objects.list"   -mcpu=cortex-m4 -T"A:\git\WYHCODE\PROJECT\STM32F407VGT6\STM32F407VGTX_FLASH.ld" --specs=nosys.specs -Wl,-Map="STM32F407VGT6.map" -Wl,--gc-sections -static --specs=nano.specs -mfpu=fpv4-sp-d16 -mfloat-abi=hard -mthumb -u _printf_float -u _scanf_float -Wl,--start-group -lc -lm -Wl,--end-group
已结束构建目标： STM32F407VGT6.elf
 
arm-none-eabi-size  STM32F407VGT6.elf 
arm-none-eabi-objdump -h -S STM32F407VGT6.elf  > "STM32F407VGT6.list"
   text	   data	    bss	    dec	    hex	filename
  56940	    500	   5548	  62988	   f60c	STM32F407VGT6.elf
已结束构建： default.size.stdout
 
已结束构建： STM32F407VGT6.list
 
20:30:15 **** Incremental Build of configuration Debug for project Myproject ****
make -j12 all 
arm-none-eabi-size  Myproject.elf 
   text	   data	    bss	    dec	    hex	filename
  44020	    468	   4132	  48620	   bdec	Myproject.elf
已结束构建： default.size.stdout
 
20:30:16 **** Incremental Build of configuration Debug for project STM32F407VGT6 ****
make -j12 all 
arm-none-eabi-gcc "../Core/UserCC/US-100.c" -mcpu=cortex-m4 -std=gnu11 -g3 -DDEBUG -DUSE_HAL_DRIVER -DSTM32F407xx -c -I../Core/Inc -I../Drivers/STM32F4xx_HAL_Driver/Inc -I../Drivers/STM32F4xx_HAL_Driver/Inc/Legacy -I../Drivers/CMSIS/Device/ST/STM32F4xx/Include -I../Drivers/CMSIS/Include -I../Core/UserCC -I../Core/UserHH -O0 -ffunction-sections -fdata-sections -Wall -fstack-usage -fcyclomatic-complexity -MMD -MP -MF"Core/UserCC/US-100.d" -MT"Core/UserCC/US-100.o" --specs=nano.specs -mfpu=fpv4-sp-d16 -mfloat-abi=hard -mthumb -o "Core/UserCC/US-100.o"
arm-none-eabi-gcc "../Core/Src/main.c" -mcpu=cortex-m4 -std=gnu11 -g3 -DDEBUG -DUSE_HAL_DRIVER -DSTM32F407xx -c -I../Core/Inc -I../Drivers/STM32F4xx_HAL_Driver/Inc -I../Drivers/STM32F4xx_HAL_Driver/Inc/Legacy -I../Drivers/CMSIS/Device/ST/STM32F4xx/Include -I../Drivers/CMSIS/Include -I../Core/UserCC -I../Core/UserHH -O0 -ffunction-sections -fdata-sections -Wall -fstack-usage -fcyclomatic-complexity -MMD -MP -MF"Core/Src/main.d" -MT"Core/Src/main.o" --specs=nano.specs -mfpu=fpv4-sp-d16 -mfloat-abi=hard -mthumb -o "Core/Src/main.o"
../Core/UserCC/US-100.c: In function 'get_filtered_distance':
../Core/UserCC/US-100.c:37:5: warning: implicit declaration of function 'memcpy' [-Wimplicit-function-declaration]
   37 |     memcpy(temp, filter_buffer, sizeof(temp));
      |     ^~~~~~
../Core/UserCC/US-100.c:2:1: note: include '<string.h>' or provide a declaration of 'memcpy'
    1 | #include "US_100.h"
  +++ |+#include <string.h>
    2 | 
../Core/UserCC/US-100.c:37:5: warning: incompatible implicit declaration of built-in function 'memcpy' [-Wbuiltin-declaration-mismatch]
   37 |     memcpy(temp, filter_buffer, sizeof(temp));
      |     ^~~~~~
../Core/UserCC/US-100.c:37:5: note: include '<string.h>' or provide a declaration of 'memcpy'
arm-none-eabi-gcc -o "STM32F407VGT6.elf" @"objects.list"   -mcpu=cortex-m4 -T"A:\git\WYHCODE\PROJECT\STM32F407VGT6\STM32F407VGTX_FLASH.ld" --specs=nosys.specs -Wl,-Map="STM32F407VGT6.map" -Wl,--gc-sections -static --specs=nano.specs -mfpu=fpv4-sp-d16 -mfloat-abi=hard -mthumb -u _printf_float -u _scanf_float -Wl,--start-group -lc -lm -Wl,--end-group
已结束构建目标： STM32F407VGT6.elf
 
arm-none-eabi-size  STM32F407VGT6.elf 
arm-none-eabi-objdump -h -S STM32F407VGT6.elf  > "STM32F407VGT6.list"
   text	   data	    bss	    dec	    hex	filename
  56948	    500	   5548	  62996	   f614	STM32F407VGT6.elf
已结束构建： default.size.stdout
 
已结束构建： STM32F407VGT6.list
 
20:30:37 **** Incremental Build of configuration Debug for project Myproject ****
make -j12 all 
arm-none-eabi-size  Myproject.elf 
   text	   data	    bss	    dec	    hex	filename
  44020	    468	   4132	  48620	   bdec	Myproject.elf
已结束构建： default.size.stdout
 
20:30:37 **** Incremental Build of configuration Debug for project STM32F407VGT6 ****
make -j12 all 
arm-none-eabi-gcc "../Core/UserCC/US-100.c" -mcpu=cortex-m4 -std=gnu11 -g3 -DDEBUG -DUSE_HAL_DRIVER -DSTM32F407xx -c -I../Core/Inc -I../Drivers/STM32F4xx_HAL_Driver/Inc -I../Drivers/STM32F4xx_HAL_Driver/Inc/Legacy -I../Drivers/CMSIS/Device/ST/STM32F4xx/Include -I../Drivers/CMSIS/Include -I../Core/UserCC -I../Core/UserHH -O0 -ffunction-sections -fdata-sections -Wall -fstack-usage -fcyclomatic-complexity -MMD -MP -MF"Core/UserCC/US-100.d" -MT"Core/UserCC/US-100.o" --specs=nano.specs -mfpu=fpv4-sp-d16 -mfloat-abi=hard -mthumb -o "Core/UserCC/US-100.o"
arm-none-eabi-gcc "../Core/Src/main.c" -mcpu=cortex-m4 -std=gnu11 -g3 -DDEBUG -DUSE_HAL_DRIVER -DSTM32F407xx -c -I../Core/Inc -I../Drivers/STM32F4xx_HAL_Driver/Inc -I../Drivers/STM32F4xx_HAL_Driver/Inc/Legacy -I../Drivers/CMSIS/Device/ST/STM32F4xx/Include -I../Drivers/CMSIS/Include -I../Core/UserCC -I../Core/UserHH -O0 -ffunction-sections -fdata-sections -Wall -fstack-usage -fcyclomatic-complexity -MMD -MP -MF"Core/Src/main.d" -MT"Core/Src/main.o" --specs=nano.specs -mfpu=fpv4-sp-d16 -mfloat-abi=hard -mthumb -o "Core/Src/main.o"
In file included from ../Core/UserCC/US-100.c:1:
../Core/UserHH/US_100.h:5:9: error: expected '=', ',', ';', 'asm' or '__attribute__' before string constant
    5 | include "string.h"
      |         ^~~~~~~~~~
../Core/UserCC/US-100.c: In function 'get_filtered_distance':
../Core/UserCC/US-100.c:14:28: error: 'huart1' undeclared (first use in this function)
   14 |     HAL_UART_Transmit_DMA(&huart1, &US_100_Trig_distance, 1);
      |                            ^~~~~~
../Core/UserCC/US-100.c:14:28: note: each undeclared identifier is reported only once for each function it appears in
../Core/UserCC/US-100.c:37:5: warning: implicit declaration of function 'memcpy' [-Wimplicit-function-declaration]
   37 |     memcpy(temp, filter_buffer, sizeof(temp));
      |     ^~~~~~
../Core/UserCC/US-100.c:2:1: note: include '<string.h>' or provide a declaration of 'memcpy'
    1 | #include "US_100.h"
  +++ |+#include <string.h>
    2 | 
../Core/UserCC/US-100.c:37:5: warning: incompatible implicit declaration of built-in function 'memcpy' [-Wbuiltin-declaration-mismatch]
   37 |     memcpy(temp, filter_buffer, sizeof(temp));
      |     ^~~~~~
../Core/UserCC/US-100.c:37:5: note: include '<string.h>' or provide a declaration of 'memcpy'
make: *** [Core/UserCC/subdir.mk:40: Core/UserCC/US-100.o] Error 1
make: *** Waiting for unfinished jobs....
In file included from ../Core/Src/main.c:37:
../Core/UserHH/US_100.h:5:9: error: expected '=', ',', ';', 'asm' or '__attribute__' before string constant
    5 | include "string.h"
      |         ^~~~~~~~~~
make: *** [Core/Src/subdir.mk:49: Core/Src/main.o] Error 1
"make -j12 all" terminated with exit code 2. Build might be incomplete.
20:30:44 **** Incremental Build of configuration Debug for project Myproject ****
make -j12 all 
arm-none-eabi-size  Myproject.elf 
   text	   data	    bss	    dec	    hex	filename
  44020	    468	   4132	  48620	   bdec	Myproject.elf
已结束构建： default.size.stdout
 
20:30:44 **** Incremental Build of configuration Debug for project STM32F407VGT6 ****
make -j12 all 
arm-none-eabi-gcc "../Core/UserCC/US-100.c" -mcpu=cortex-m4 -std=gnu11 -g3 -DDEBUG -DUSE_HAL_DRIVER -DSTM32F407xx -c -I../Core/Inc -I../Drivers/STM32F4xx_HAL_Driver/Inc -I../Drivers/STM32F4xx_HAL_Driver/Inc/Legacy -I../Drivers/CMSIS/Device/ST/STM32F4xx/Include -I../Drivers/CMSIS/Include -I../Core/UserCC -I../Core/UserHH -O0 -ffunction-sections -fdata-sections -Wall -fstack-usage -fcyclomatic-complexity -MMD -MP -MF"Core/UserCC/US-100.d" -MT"Core/UserCC/US-100.o" --specs=nano.specs -mfpu=fpv4-sp-d16 -mfloat-abi=hard -mthumb -o "Core/UserCC/US-100.o"
arm-none-eabi-gcc "../Core/Src/main.c" -mcpu=cortex-m4 -std=gnu11 -g3 -DDEBUG -DUSE_HAL_DRIVER -DSTM32F407xx -c -I../Core/Inc -I../Drivers/STM32F4xx_HAL_Driver/Inc -I../Drivers/STM32F4xx_HAL_Driver/Inc/Legacy -I../Drivers/CMSIS/Device/ST/STM32F4xx/Include -I../Drivers/CMSIS/Include -I../Core/UserCC -I../Core/UserHH -O0 -ffunction-sections -fdata-sections -Wall -fstack-usage -fcyclomatic-complexity -MMD -MP -MF"Core/Src/main.d" -MT"Core/Src/main.o" --specs=nano.specs -mfpu=fpv4-sp-d16 -mfloat-abi=hard -mthumb -o "Core/Src/main.o"
../Core/UserCC/US-100.c:2:9: error: expected '=', ',', ';', 'asm' or '__attribute__' before string constant
    2 | include "string.h"
      |         ^~~~~~~~~~
../Core/UserCC/US-100.c: In function 'get_filtered_distance':
../Core/UserCC/US-100.c:28:24: error: 'filter_buffer' undeclared (first use in this function)
   28 |         raw_distance = filter_buffer[(filter_index + FILTER_SIZE - 1) % FILTER_SIZE];
      |                        ^~~~~~~~~~~~~
../Core/UserCC/US-100.c:28:24: note: each undeclared identifier is reported only once for each function it appears in
../Core/UserCC/US-100.c:37:5: warning: implicit declaration of function 'memcpy' [-Wimplicit-function-declaration]
   37 |     memcpy(temp, filter_buffer, sizeof(temp));
      |     ^~~~~~
../Core/UserCC/US-100.c:2:1: note: include '<string.h>' or provide a declaration of 'memcpy'
    1 | #include "US_100.h"
  +++ |+#include <string.h>
    2 | include "string.h"
../Core/UserCC/US-100.c:37:5: warning: incompatible implicit declaration of built-in function 'memcpy' [-Wbuiltin-declaration-mismatch]
   37 |     memcpy(temp, filter_buffer, sizeof(temp));
      |     ^~~~~~
../Core/UserCC/US-100.c:37:5: note: include '<string.h>' or provide a declaration of 'memcpy'
make: *** [Core/UserCC/subdir.mk:40: Core/UserCC/US-100.o] Error 1
make: *** Waiting for unfinished jobs....
"make -j12 all" terminated with exit code 2. Build might be incomplete.
20:30:50 **** Incremental Build of configuration Debug for project Myproject ****
make -j12 all 
arm-none-eabi-size  Myproject.elf 
   text	   data	    bss	    dec	    hex	filename
  44020	    468	   4132	  48620	   bdec	Myproject.elf
已结束构建： default.size.stdout
 
20:30:51 **** Incremental Build of configuration Debug for project STM32F407VGT6 ****
make -j12 all 
arm-none-eabi-gcc "../Core/UserCC/US-100.c" -mcpu=cortex-m4 -std=gnu11 -g3 -DDEBUG -DUSE_HAL_DRIVER -DSTM32F407xx -c -I../Core/Inc -I../Drivers/STM32F4xx_HAL_Driver/Inc -I../Drivers/STM32F4xx_HAL_Driver/Inc/Legacy -I../Drivers/CMSIS/Device/ST/STM32F4xx/Include -I../Drivers/CMSIS/Include -I../Core/UserCC -I../Core/UserHH -O0 -ffunction-sections -fdata-sections -Wall -fstack-usage -fcyclomatic-complexity -MMD -MP -MF"Core/UserCC/US-100.d" -MT"Core/UserCC/US-100.o" --specs=nano.specs -mfpu=fpv4-sp-d16 -mfloat-abi=hard -mthumb -o "Core/UserCC/US-100.o"
arm-none-eabi-gcc -o "STM32F407VGT6.elf" @"objects.list"   -mcpu=cortex-m4 -T"A:\git\WYHCODE\PROJECT\STM32F407VGT6\STM32F407VGTX_FLASH.ld" --specs=nosys.specs -Wl,-Map="STM32F407VGT6.map" -Wl,--gc-sections -static --specs=nano.specs -mfpu=fpv4-sp-d16 -mfloat-abi=hard -mthumb -u _printf_float -u _scanf_float -Wl,--start-group -lc -lm -Wl,--end-group
已结束构建目标： STM32F407VGT6.elf
 
arm-none-eabi-size  STM32F407VGT6.elf 
arm-none-eabi-objdump -h -S STM32F407VGT6.elf  > "STM32F407VGT6.list"
   text	   data	    bss	    dec	    hex	filename
  56948	    500	   5548	  62996	   f614	STM32F407VGT6.elf
已结束构建： default.size.stdout
 
已结束构建： STM32F407VGT6.list
 
20:30:57 **** Incremental Build of configuration Debug for project STM32F407VGT6 ****
make -j12 all 
arm-none-eabi-size  STM32F407VGT6.elf 
   text	   data	    bss	    dec	    hex	filename
  56948	    500	   5548	  62996	   f614	STM32F407VGT6.elf
已结束构建： default.size.stdout
 
20:32:53 **** Incremental Build of configuration Debug for project Myproject ****
make -j12 all 
arm-none-eabi-size  Myproject.elf 
   text	   data	    bss	    dec	    hex	filename
  44020	    468	   4132	  48620	   bdec	Myproject.elf
已结束构建： default.size.stdout
 
20:32:53 **** Incremental Build of configuration Debug for project STM32F407VGT6 ****
make -j12 all 
arm-none-eabi-gcc "../Core/Src/main.c" -mcpu=cortex-m4 -std=gnu11 -g3 -DDEBUG -DUSE_HAL_DRIVER -DSTM32F407xx -c -I../Core/Inc -I../Drivers/STM32F4xx_HAL_Driver/Inc -I../Drivers/STM32F4xx_HAL_Driver/Inc/Legacy -I../Drivers/CMSIS/Device/ST/STM32F4xx/Include -I../Drivers/CMSIS/Include -I../Core/UserCC -I../Core/UserHH -O0 -ffunction-sections -fdata-sections -Wall -fstack-usage -fcyclomatic-complexity -MMD -MP -MF"Core/Src/main.d" -MT"Core/Src/main.o" --specs=nano.specs -mfpu=fpv4-sp-d16 -mfloat-abi=hard -mthumb -o "Core/Src/main.o"
arm-none-eabi-gcc -o "STM32F407VGT6.elf" @"objects.list"   -mcpu=cortex-m4 -T"A:\git\WYHCODE\PROJECT\STM32F407VGT6\STM32F407VGTX_FLASH.ld" --specs=nosys.specs -Wl,-Map="STM32F407VGT6.map" -Wl,--gc-sections -static --specs=nano.specs -mfpu=fpv4-sp-d16 -mfloat-abi=hard -mthumb -u _printf_float -u _scanf_float -Wl,--start-group -lc -lm -Wl,--end-group
已结束构建目标： STM32F407VGT6.elf
 
arm-none-eabi-size  STM32F407VGT6.elf 
arm-none-eabi-objdump -h -S STM32F407VGT6.elf  > "STM32F407VGT6.list"
   text	   data	    bss	    dec	    hex	filename
  53380	    496	   5520	  59396	   e804	STM32F407VGT6.elf
已结束构建： default.size.stdout
 
已结束构建： STM32F407VGT6.list
 
20:54:56 **** Incremental Build of configuration Debug for project STM32F407VGT6 ****
make -j12 all 
arm-none-eabi-gcc "../Core/UserCC/Angle_PID.c" -mcpu=cortex-m4 -std=gnu11 -g3 -DDEBUG -DUSE_HAL_DRIVER -DSTM32F407xx -c -I../Core/Inc -I../Drivers/STM32F4xx_HAL_Driver/Inc -I../Drivers/STM32F4xx_HAL_Driver/Inc/Legacy -I../Drivers/CMSIS/Device/ST/STM32F4xx/Include -I../Drivers/CMSIS/Include -I../Core/UserCC -I../Core/UserHH -O0 -ffunction-sections -fdata-sections -Wall -fstack-usage -fcyclomatic-complexity -MMD -MP -MF"Core/UserCC/Angle_PID.d" -MT"Core/UserCC/Angle_PID.o" --specs=nano.specs -mfpu=fpv4-sp-d16 -mfloat-abi=hard -mthumb -o "Core/UserCC/Angle_PID.o"
arm-none-eabi-gcc "../Core/UserCC/HC_06.c" -mcpu=cortex-m4 -std=gnu11 -g3 -DDEBUG -DUSE_HAL_DRIVER -DSTM32F407xx -c -I../Core/Inc -I../Drivers/STM32F4xx_HAL_Driver/Inc -I../Drivers/STM32F4xx_HAL_Driver/Inc/Legacy -I../Drivers/CMSIS/Device/ST/STM32F4xx/Include -I../Drivers/CMSIS/Include -I../Core/UserCC -I../Core/UserHH -O0 -ffunction-sections -fdata-sections -Wall -fstack-usage -fcyclomatic-complexity -MMD -MP -MF"Core/UserCC/HC_06.d" -MT"Core/UserCC/HC_06.o" --specs=nano.specs -mfpu=fpv4-sp-d16 -mfloat-abi=hard -mthumb -o "Core/UserCC/HC_06.o"
arm-none-eabi-gcc "../Core/UserCC/Trace_PID.c" -mcpu=cortex-m4 -std=gnu11 -g3 -DDEBUG -DUSE_HAL_DRIVER -DSTM32F407xx -c -I../Core/Inc -I../Drivers/STM32F4xx_HAL_Driver/Inc -I../Drivers/STM32F4xx_HAL_Driver/Inc/Legacy -I../Drivers/CMSIS/Device/ST/STM32F4xx/Include -I../Drivers/CMSIS/Include -I../Core/UserCC -I../Core/UserHH -O0 -ffunction-sections -fdata-sections -Wall -fstack-usage -fcyclomatic-complexity -MMD -MP -MF"Core/UserCC/Trace_PID.d" -MT"Core/UserCC/Trace_PID.o" --specs=nano.specs -mfpu=fpv4-sp-d16 -mfloat-abi=hard -mthumb -o "Core/UserCC/Trace_PID.o"
arm-none-eabi-gcc "../Core/UserCC/US-100.c" -mcpu=cortex-m4 -std=gnu11 -g3 -DDEBUG -DUSE_HAL_DRIVER -DSTM32F407xx -c -I../Core/Inc -I../Drivers/STM32F4xx_HAL_Driver/Inc -I../Drivers/STM32F4xx_HAL_Driver/Inc/Legacy -I../Drivers/CMSIS/Device/ST/STM32F4xx/Include -I../Drivers/CMSIS/Include -I../Core/UserCC -I../Core/UserHH -O0 -ffunction-sections -fdata-sections -Wall -fstack-usage -fcyclomatic-complexity -MMD -MP -MF"Core/UserCC/US-100.d" -MT"Core/UserCC/US-100.o" --specs=nano.specs -mfpu=fpv4-sp-d16 -mfloat-abi=hard -mthumb -o "Core/UserCC/US-100.o"
arm-none-eabi-gcc "../Core/UserCC/define.c" -mcpu=cortex-m4 -std=gnu11 -g3 -DDEBUG -DUSE_HAL_DRIVER -DSTM32F407xx -c -I../Core/Inc -I../Drivers/STM32F4xx_HAL_Driver/Inc -I../Drivers/STM32F4xx_HAL_Driver/Inc/Legacy -I../Drivers/CMSIS/Device/ST/STM32F4xx/Include -I../Drivers/CMSIS/Include -I../Core/UserCC -I../Core/UserHH -O0 -ffunction-sections -fdata-sections -Wall -fstack-usage -fcyclomatic-complexity -MMD -MP -MF"Core/UserCC/define.d" -MT"Core/UserCC/define.o" --specs=nano.specs -mfpu=fpv4-sp-d16 -mfloat-abi=hard -mthumb -o "Core/UserCC/define.o"
arm-none-eabi-gcc "../Core/UserCC/font.c" -mcpu=cortex-m4 -std=gnu11 -g3 -DDEBUG -DUSE_HAL_DRIVER -DSTM32F407xx -c -I../Core/Inc -I../Drivers/STM32F4xx_HAL_Driver/Inc -I../Drivers/STM32F4xx_HAL_Driver/Inc/Legacy -I../Drivers/CMSIS/Device/ST/STM32F4xx/Include -I../Drivers/CMSIS/Include -I../Core/UserCC -I../Core/UserHH -O0 -ffunction-sections -fdata-sections -Wall -fstack-usage -fcyclomatic-complexity -MMD -MP -MF"Core/UserCC/font.d" -MT"Core/UserCC/font.o" --specs=nano.specs -mfpu=fpv4-sp-d16 -mfloat-abi=hard -mthumb -o "Core/UserCC/font.o"
arm-none-eabi-gcc "../Core/UserCC/jy62.c" -mcpu=cortex-m4 -std=gnu11 -g3 -DDEBUG -DUSE_HAL_DRIVER -DSTM32F407xx -c -I../Core/Inc -I../Drivers/STM32F4xx_HAL_Driver/Inc -I../Drivers/STM32F4xx_HAL_Driver/Inc/Legacy -I../Drivers/CMSIS/Device/ST/STM32F4xx/Include -I../Drivers/CMSIS/Include -I../Core/UserCC -I../Core/UserHH -O0 -ffunction-sections -fdata-sections -Wall -fstack-usage -fcyclomatic-complexity -MMD -MP -MF"Core/UserCC/jy62.d" -MT"Core/UserCC/jy62.o" --specs=nano.specs -mfpu=fpv4-sp-d16 -mfloat-abi=hard -mthumb -o "Core/UserCC/jy62.o"
arm-none-eabi-gcc "../Core/UserCC/oled.c" -mcpu=cortex-m4 -std=gnu11 -g3 -DDEBUG -DUSE_HAL_DRIVER -DSTM32F407xx -c -I../Core/Inc -I../Drivers/STM32F4xx_HAL_Driver/Inc -I../Drivers/STM32F4xx_HAL_Driver/Inc/Legacy -I../Drivers/CMSIS/Device/ST/STM32F4xx/Include -I../Drivers/CMSIS/Include -I../Core/UserCC -I../Core/UserHH -O0 -ffunction-sections -fdata-sections -Wall -fstack-usage -fcyclomatic-complexity -MMD -MP -MF"Core/UserCC/oled.d" -MT"Core/UserCC/oled.o" --specs=nano.specs -mfpu=fpv4-sp-d16 -mfloat-abi=hard -mthumb -o "Core/UserCC/oled.o"
arm-none-eabi-gcc "../Core/UserCC/pidspeed.c" -mcpu=cortex-m4 -std=gnu11 -g3 -DDEBUG -DUSE_HAL_DRIVER -DSTM32F407xx -c -I../Core/Inc -I../Drivers/STM32F4xx_HAL_Driver/Inc -I../Drivers/STM32F4xx_HAL_Driver/Inc/Legacy -I../Drivers/CMSIS/Device/ST/STM32F4xx/Include -I../Drivers/CMSIS/Include -I../Core/UserCC -I../Core/UserHH -O0 -ffunction-sections -fdata-sections -Wall -fstack-usage -fcyclomatic-complexity -MMD -MP -MF"Core/UserCC/pidspeed.d" -MT"Core/UserCC/pidspeed.o" --specs=nano.specs -mfpu=fpv4-sp-d16 -mfloat-abi=hard -mthumb -o "Core/UserCC/pidspeed.o"
arm-none-eabi-gcc "../Core/Src/dma.c" -mcpu=cortex-m4 -std=gnu11 -g3 -DDEBUG -DUSE_HAL_DRIVER -DSTM32F407xx -c -I../Core/Inc -I../Drivers/STM32F4xx_HAL_Driver/Inc -I../Drivers/STM32F4xx_HAL_Driver/Inc/Legacy -I../Drivers/CMSIS/Device/ST/STM32F4xx/Include -I../Drivers/CMSIS/Include -I../Core/UserCC -I../Core/UserHH -O0 -ffunction-sections -fdata-sections -Wall -fstack-usage -fcyclomatic-complexity -MMD -MP -MF"Core/Src/dma.d" -MT"Core/Src/dma.o" --specs=nano.specs -mfpu=fpv4-sp-d16 -mfloat-abi=hard -mthumb -o "Core/Src/dma.o"
arm-none-eabi-gcc "../Core/Src/gpio.c" -mcpu=cortex-m4 -std=gnu11 -g3 -DDEBUG -DUSE_HAL_DRIVER -DSTM32F407xx -c -I../Core/Inc -I../Drivers/STM32F4xx_HAL_Driver/Inc -I../Drivers/STM32F4xx_HAL_Driver/Inc/Legacy -I../Drivers/CMSIS/Device/ST/STM32F4xx/Include -I../Drivers/CMSIS/Include -I../Core/UserCC -I../Core/UserHH -O0 -ffunction-sections -fdata-sections -Wall -fstack-usage -fcyclomatic-complexity -MMD -MP -MF"Core/Src/gpio.d" -MT"Core/Src/gpio.o" --specs=nano.specs -mfpu=fpv4-sp-d16 -mfloat-abi=hard -mthumb -o "Core/Src/gpio.o"
arm-none-eabi-gcc "../Core/Src/i2c.c" -mcpu=cortex-m4 -std=gnu11 -g3 -DDEBUG -DUSE_HAL_DRIVER -DSTM32F407xx -c -I../Core/Inc -I../Drivers/STM32F4xx_HAL_Driver/Inc -I../Drivers/STM32F4xx_HAL_Driver/Inc/Legacy -I../Drivers/CMSIS/Device/ST/STM32F4xx/Include -I../Drivers/CMSIS/Include -I../Core/UserCC -I../Core/UserHH -O0 -ffunction-sections -fdata-sections -Wall -fstack-usage -fcyclomatic-complexity -MMD -MP -MF"Core/Src/i2c.d" -MT"Core/Src/i2c.o" --specs=nano.specs -mfpu=fpv4-sp-d16 -mfloat-abi=hard -mthumb -o "Core/Src/i2c.o"
arm-none-eabi-gcc "../Core/Src/main.c" -mcpu=cortex-m4 -std=gnu11 -g3 -DDEBUG -DUSE_HAL_DRIVER -DSTM32F407xx -c -I../Core/Inc -I../Drivers/STM32F4xx_HAL_Driver/Inc -I../Drivers/STM32F4xx_HAL_Driver/Inc/Legacy -I../Drivers/CMSIS/Device/ST/STM32F4xx/Include -I../Drivers/CMSIS/Include -I../Core/UserCC -I../Core/UserHH -O0 -ffunction-sections -fdata-sections -Wall -fstack-usage -fcyclomatic-complexity -MMD -MP -MF"Core/Src/main.d" -MT"Core/Src/main.o" --specs=nano.specs -mfpu=fpv4-sp-d16 -mfloat-abi=hard -mthumb -o "Core/Src/main.o"
arm-none-eabi-gcc "../Core/Src/stm32f4xx_hal_msp.c" -mcpu=cortex-m4 -std=gnu11 -g3 -DDEBUG -DUSE_HAL_DRIVER -DSTM32F407xx -c -I../Core/Inc -I../Drivers/STM32F4xx_HAL_Driver/Inc -I../Drivers/STM32F4xx_HAL_Driver/Inc/Legacy -I../Drivers/CMSIS/Device/ST/STM32F4xx/Include -I../Drivers/CMSIS/Include -I../Core/UserCC -I../Core/UserHH -O0 -ffunction-sections -fdata-sections -Wall -fstack-usage -fcyclomatic-complexity -MMD -MP -MF"Core/Src/stm32f4xx_hal_msp.d" -MT"Core/Src/stm32f4xx_hal_msp.o" --specs=nano.specs -mfpu=fpv4-sp-d16 -mfloat-abi=hard -mthumb -o "Core/Src/stm32f4xx_hal_msp.o"
arm-none-eabi-gcc "../Core/Src/stm32f4xx_it.c" -mcpu=cortex-m4 -std=gnu11 -g3 -DDEBUG -DUSE_HAL_DRIVER -DSTM32F407xx -c -I../Core/Inc -I../Drivers/STM32F4xx_HAL_Driver/Inc -I../Drivers/STM32F4xx_HAL_Driver/Inc/Legacy -I../Drivers/CMSIS/Device/ST/STM32F4xx/Include -I../Drivers/CMSIS/Include -I../Core/UserCC -I../Core/UserHH -O0 -ffunction-sections -fdata-sections -Wall -fstack-usage -fcyclomatic-complexity -MMD -MP -MF"Core/Src/stm32f4xx_it.d" -MT"Core/Src/stm32f4xx_it.o" --specs=nano.specs -mfpu=fpv4-sp-d16 -mfloat-abi=hard -mthumb -o "Core/Src/stm32f4xx_it.o"
arm-none-eabi-gcc "../Core/Src/tim.c" -mcpu=cortex-m4 -std=gnu11 -g3 -DDEBUG -DUSE_HAL_DRIVER -DSTM32F407xx -c -I../Core/Inc -I../Drivers/STM32F4xx_HAL_Driver/Inc -I../Drivers/STM32F4xx_HAL_Driver/Inc/Legacy -I../Drivers/CMSIS/Device/ST/STM32F4xx/Include -I../Drivers/CMSIS/Include -I../Core/UserCC -I../Core/UserHH -O0 -ffunction-sections -fdata-sections -Wall -fstack-usage -fcyclomatic-complexity -MMD -MP -MF"Core/Src/tim.d" -MT"Core/Src/tim.o" --specs=nano.specs -mfpu=fpv4-sp-d16 -mfloat-abi=hard -mthumb -o "Core/Src/tim.o"
arm-none-eabi-gcc "../Core/Src/usart.c" -mcpu=cortex-m4 -std=gnu11 -g3 -DDEBUG -DUSE_HAL_DRIVER -DSTM32F407xx -c -I../Core/Inc -I../Drivers/STM32F4xx_HAL_Driver/Inc -I../Drivers/STM32F4xx_HAL_Driver/Inc/Legacy -I../Drivers/CMSIS/Device/ST/STM32F4xx/Include -I../Drivers/CMSIS/Include -I../Core/UserCC -I../Core/UserHH -O0 -ffunction-sections -fdata-sections -Wall -fstack-usage -fcyclomatic-complexity -MMD -MP -MF"Core/Src/usart.d" -MT"Core/Src/usart.o" --specs=nano.specs -mfpu=fpv4-sp-d16 -mfloat-abi=hard -mthumb -o "Core/Src/usart.o"
arm-none-eabi-gcc -o "STM32F407VGT6.elf" @"objects.list"   -mcpu=cortex-m4 -T"A:\git\WYHCODE\PROJECT\STM32F407VGT6\STM32F407VGTX_FLASH.ld" --specs=nosys.specs -Wl,-Map="STM32F407VGT6.map" -Wl,--gc-sections -static --specs=nano.specs -mfpu=fpv4-sp-d16 -mfloat-abi=hard -mthumb -u _printf_float -u _scanf_float -Wl,--start-group -lc -lm -Wl,--end-group
已结束构建目标： STM32F407VGT6.elf
 
arm-none-eabi-size  STM32F407VGT6.elf 
arm-none-eabi-objdump -h -S STM32F407VGT6.elf  > "STM32F407VGT6.list"
   text	   data	    bss	    dec	    hex	filename
  52308	    496	   5592	  58396	   e41c	STM32F407VGT6.elf
已结束构建： default.size.stdout
 
已结束构建： STM32F407VGT6.list
 
20:33:33 **** 构建 of configuration Debug for project STM32F407VGT6 ****
make -j12 all 
arm-none-eabi-gcc "../Core/UserCC/Angle_PID.c" -mcpu=cortex-m4 -std=gnu11 -g3 -DDEBUG -DUSE_HAL_DRIVER -DSTM32F407xx -c -I../Core/Inc -I../Drivers/STM32F4xx_HAL_Driver/Inc -I../Drivers/STM32F4xx_HAL_Driver/Inc/Legacy -I../Drivers/CMSIS/Device/ST/STM32F4xx/Include -I../Drivers/CMSIS/Include -I../Core/UserCC -I../Core/UserHH -O0 -ffunction-sections -fdata-sections -Wall -fstack-usage -fcyclomatic-complexity -MMD -MP -MF"Core/UserCC/Angle_PID.d" -MT"Core/UserCC/Angle_PID.o" --specs=nano.specs -mfpu=fpv4-sp-d16 -mfloat-abi=hard -mthumb -o "Core/UserCC/Angle_PID.o"
arm-none-eabi-gcc "../Core/UserCC/HC_06.c" -mcpu=cortex-m4 -std=gnu11 -g3 -DDEBUG -DUSE_HAL_DRIVER -DSTM32F407xx -c -I../Core/Inc -I../Drivers/STM32F4xx_HAL_Driver/Inc -I../Drivers/STM32F4xx_HAL_Driver/Inc/Legacy -I../Drivers/CMSIS/Device/ST/STM32F4xx/Include -I../Drivers/CMSIS/Include -I../Core/UserCC -I../Core/UserHH -O0 -ffunction-sections -fdata-sections -Wall -fstack-usage -fcyclomatic-complexity -MMD -MP -MF"Core/UserCC/HC_06.d" -MT"Core/UserCC/HC_06.o" --specs=nano.specs -mfpu=fpv4-sp-d16 -mfloat-abi=hard -mthumb -o "Core/UserCC/HC_06.o"
arm-none-eabi-gcc "../Core/UserCC/Trace_PID.c" -mcpu=cortex-m4 -std=gnu11 -g3 -DDEBUG -DUSE_HAL_DRIVER -DSTM32F407xx -c -I../Core/Inc -I../Drivers/STM32F4xx_HAL_Driver/Inc -I../Drivers/STM32F4xx_HAL_Driver/Inc/Legacy -I../Drivers/CMSIS/Device/ST/STM32F4xx/Include -I../Drivers/CMSIS/Include -I../Core/UserCC -I../Core/UserHH -O0 -ffunction-sections -fdata-sections -Wall -fstack-usage -fcyclomatic-complexity -MMD -MP -MF"Core/UserCC/Trace_PID.d" -MT"Core/UserCC/Trace_PID.o" --specs=nano.specs -mfpu=fpv4-sp-d16 -mfloat-abi=hard -mthumb -o "Core/UserCC/Trace_PID.o"
arm-none-eabi-gcc "../Core/UserCC/US-100.c" -mcpu=cortex-m4 -std=gnu11 -g3 -DDEBUG -DUSE_HAL_DRIVER -DSTM32F407xx -c -I../Core/Inc -I../Drivers/STM32F4xx_HAL_Driver/Inc -I../Drivers/STM32F4xx_HAL_Driver/Inc/Legacy -I../Drivers/CMSIS/Device/ST/STM32F4xx/Include -I../Drivers/CMSIS/Include -I../Core/UserCC -I../Core/UserHH -O0 -ffunction-sections -fdata-sections -Wall -fstack-usage -fcyclomatic-complexity -MMD -MP -MF"Core/UserCC/US-100.d" -MT"Core/UserCC/US-100.o" --specs=nano.specs -mfpu=fpv4-sp-d16 -mfloat-abi=hard -mthumb -o "Core/UserCC/US-100.o"
arm-none-eabi-gcc "../Core/UserCC/jy62.c" -mcpu=cortex-m4 -std=gnu11 -g3 -DDEBUG -DUSE_HAL_DRIVER -DSTM32F407xx -c -I../Core/Inc -I../Drivers/STM32F4xx_HAL_Driver/Inc -I../Drivers/STM32F4xx_HAL_Driver/Inc/Legacy -I../Drivers/CMSIS/Device/ST/STM32F4xx/Include -I../Drivers/CMSIS/Include -I../Core/UserCC -I../Core/UserHH -O0 -ffunction-sections -fdata-sections -Wall -fstack-usage -fcyclomatic-complexity -MMD -MP -MF"Core/UserCC/jy62.d" -MT"Core/UserCC/jy62.o" --specs=nano.specs -mfpu=fpv4-sp-d16 -mfloat-abi=hard -mthumb -o "Core/UserCC/jy62.o"
arm-none-eabi-gcc "../Core/UserCC/oled.c" -mcpu=cortex-m4 -std=gnu11 -g3 -DDEBUG -DUSE_HAL_DRIVER -DSTM32F407xx -c -I../Core/Inc -I../Drivers/STM32F4xx_HAL_Driver/Inc -I../Drivers/STM32F4xx_HAL_Driver/Inc/Legacy -I../Drivers/CMSIS/Device/ST/STM32F4xx/Include -I../Drivers/CMSIS/Include -I../Core/UserCC -I../Core/UserHH -O0 -ffunction-sections -fdata-sections -Wall -fstack-usage -fcyclomatic-complexity -MMD -MP -MF"Core/UserCC/oled.d" -MT"Core/UserCC/oled.o" --specs=nano.specs -mfpu=fpv4-sp-d16 -mfloat-abi=hard -mthumb -o "Core/UserCC/oled.o"
arm-none-eabi-gcc "../Core/UserCC/pidspeed.c" -mcpu=cortex-m4 -std=gnu11 -g3 -DDEBUG -DUSE_HAL_DRIVER -DSTM32F407xx -c -I../Core/Inc -I../Drivers/STM32F4xx_HAL_Driver/Inc -I../Drivers/STM32F4xx_HAL_Driver/Inc/Legacy -I../Drivers/CMSIS/Device/ST/STM32F4xx/Include -I../Drivers/CMSIS/Include -I../Core/UserCC -I../Core/UserHH -O0 -ffunction-sections -fdata-sections -Wall -fstack-usage -fcyclomatic-complexity -MMD -MP -MF"Core/UserCC/pidspeed.d" -MT"Core/UserCC/pidspeed.o" --specs=nano.specs -mfpu=fpv4-sp-d16 -mfloat-abi=hard -mthumb -o "Core/UserCC/pidspeed.o"
arm-none-eabi-gcc "../Core/Src/dma.c" -mcpu=cortex-m4 -std=gnu11 -g3 -DDEBUG -DUSE_HAL_DRIVER -DSTM32F407xx -c -I../Core/Inc -I../Drivers/STM32F4xx_HAL_Driver/Inc -I../Drivers/STM32F4xx_HAL_Driver/Inc/Legacy -I../Drivers/CMSIS/Device/ST/STM32F4xx/Include -I../Drivers/CMSIS/Include -I../Core/UserCC -I../Core/UserHH -O0 -ffunction-sections -fdata-sections -Wall -fstack-usage -fcyclomatic-complexity -MMD -MP -MF"Core/Src/dma.d" -MT"Core/Src/dma.o" --specs=nano.specs -mfpu=fpv4-sp-d16 -mfloat-abi=hard -mthumb -o "Core/Src/dma.o"
arm-none-eabi-gcc "../Core/Src/gpio.c" -mcpu=cortex-m4 -std=gnu11 -g3 -DDEBUG -DUSE_HAL_DRIVER -DSTM32F407xx -c -I../Core/Inc -I../Drivers/STM32F4xx_HAL_Driver/Inc -I../Drivers/STM32F4xx_HAL_Driver/Inc/Legacy -I../Drivers/CMSIS/Device/ST/STM32F4xx/Include -I../Drivers/CMSIS/Include -I../Core/UserCC -I../Core/UserHH -O0 -ffunction-sections -fdata-sections -Wall -fstack-usage -fcyclomatic-complexity -MMD -MP -MF"Core/Src/gpio.d" -MT"Core/Src/gpio.o" --specs=nano.specs -mfpu=fpv4-sp-d16 -mfloat-abi=hard -mthumb -o "Core/Src/gpio.o"
arm-none-eabi-gcc "../Core/Src/i2c.c" -mcpu=cortex-m4 -std=gnu11 -g3 -DDEBUG -DUSE_HAL_DRIVER -DSTM32F407xx -c -I../Core/Inc -I../Drivers/STM32F4xx_HAL_Driver/Inc -I../Drivers/STM32F4xx_HAL_Driver/Inc/Legacy -I../Drivers/CMSIS/Device/ST/STM32F4xx/Include -I../Drivers/CMSIS/Include -I../Core/UserCC -I../Core/UserHH -O0 -ffunction-sections -fdata-sections -Wall -fstack-usage -fcyclomatic-complexity -MMD -MP -MF"Core/Src/i2c.d" -MT"Core/Src/i2c.o" --specs=nano.specs -mfpu=fpv4-sp-d16 -mfloat-abi=hard -mthumb -o "Core/Src/i2c.o"
arm-none-eabi-gcc "../Core/Src/main.c" -mcpu=cortex-m4 -std=gnu11 -g3 -DDEBUG -DUSE_HAL_DRIVER -DSTM32F407xx -c -I../Core/Inc -I../Drivers/STM32F4xx_HAL_Driver/Inc -I../Drivers/STM32F4xx_HAL_Driver/Inc/Legacy -I../Drivers/CMSIS/Device/ST/STM32F4xx/Include -I../Drivers/CMSIS/Include -I../Core/UserCC -I../Core/UserHH -O0 -ffunction-sections -fdata-sections -Wall -fstack-usage -fcyclomatic-complexity -MMD -MP -MF"Core/Src/main.d" -MT"Core/Src/main.o" --specs=nano.specs -mfpu=fpv4-sp-d16 -mfloat-abi=hard -mthumb -o "Core/Src/main.o"
arm-none-eabi-gcc "../Core/Src/stm32f4xx_hal_msp.c" -mcpu=cortex-m4 -std=gnu11 -g3 -DDEBUG -DUSE_HAL_DRIVER -DSTM32F407xx -c -I../Core/Inc -I../Drivers/STM32F4xx_HAL_Driver/Inc -I../Drivers/STM32F4xx_HAL_Driver/Inc/Legacy -I../Drivers/CMSIS/Device/ST/STM32F4xx/Include -I../Drivers/CMSIS/Include -I../Core/UserCC -I../Core/UserHH -O0 -ffunction-sections -fdata-sections -Wall -fstack-usage -fcyclomatic-complexity -MMD -MP -MF"Core/Src/stm32f4xx_hal_msp.d" -MT"Core/Src/stm32f4xx_hal_msp.o" --specs=nano.specs -mfpu=fpv4-sp-d16 -mfloat-abi=hard -mthumb -o "Core/Src/stm32f4xx_hal_msp.o"
arm-none-eabi-gcc "../Core/Src/stm32f4xx_it.c" -mcpu=cortex-m4 -std=gnu11 -g3 -DDEBUG -DUSE_HAL_DRIVER -DSTM32F407xx -c -I../Core/Inc -I../Drivers/STM32F4xx_HAL_Driver/Inc -I../Drivers/STM32F4xx_HAL_Driver/Inc/Legacy -I../Drivers/CMSIS/Device/ST/STM32F4xx/Include -I../Drivers/CMSIS/Include -I../Core/UserCC -I../Core/UserHH -O0 -ffunction-sections -fdata-sections -Wall -fstack-usage -fcyclomatic-complexity -MMD -MP -MF"Core/Src/stm32f4xx_it.d" -MT"Core/Src/stm32f4xx_it.o" --specs=nano.specs -mfpu=fpv4-sp-d16 -mfloat-abi=hard -mthumb -o "Core/Src/stm32f4xx_it.o"
arm-none-eabi-gcc "../Core/Src/tim.c" -mcpu=cortex-m4 -std=gnu11 -g3 -DDEBUG -DUSE_HAL_DRIVER -DSTM32F407xx -c -I../Core/Inc -I../Drivers/STM32F4xx_HAL_Driver/Inc -I../Drivers/STM32F4xx_HAL_Driver/Inc/Legacy -I../Drivers/CMSIS/Device/ST/STM32F4xx/Include -I../Drivers/CMSIS/Include -I../Core/UserCC -I../Core/UserHH -O0 -ffunction-sections -fdata-sections -Wall -fstack-usage -fcyclomatic-complexity -MMD -MP -MF"Core/Src/tim.d" -MT"Core/Src/tim.o" --specs=nano.specs -mfpu=fpv4-sp-d16 -mfloat-abi=hard -mthumb -o "Core/Src/tim.o"
arm-none-eabi-gcc "../Core/Src/usart.c" -mcpu=cortex-m4 -std=gnu11 -g3 -DDEBUG -DUSE_HAL_DRIVER -DSTM32F407xx -c -I../Core/Inc -I../Drivers/STM32F4xx_HAL_Driver/Inc -I../Drivers/STM32F4xx_HAL_Driver/Inc/Legacy -I../Drivers/CMSIS/Device/ST/STM32F4xx/Include -I../Drivers/CMSIS/Include -I../Core/UserCC -I../Core/UserHH -O0 -ffunction-sections -fdata-sections -Wall -fstack-usage -fcyclomatic-complexity -MMD -MP -MF"Core/Src/usart.d" -MT"Core/Src/usart.o" --specs=nano.specs -mfpu=fpv4-sp-d16 -mfloat-abi=hard -mthumb -o "Core/Src/usart.o"
arm-none-eabi-gcc -o "STM32F407VGT6.elf" @"objects.list"   -mcpu=cortex-m4 -T"A:\git\WYHCODE\PROJECT\STM32F407VGT6\STM32F407VGTX_FLASH.ld" --specs=nosys.specs -Wl,-Map="STM32F407VGT6.map" -Wl,--gc-sections -static --specs=nano.specs -mfpu=fpv4-sp-d16 -mfloat-abi=hard -mthumb -u _printf_float -u _scanf_float -Wl,--start-group -lc -lm -Wl,--end-group
已结束构建目标： STM32F407VGT6.elf
 
arm-none-eabi-size  STM32F407VGT6.elf 
arm-none-eabi-objdump -h -S STM32F407VGT6.elf  > "STM32F407VGT6.list"
   text	   data	    bss	    dec	    hex	filename
  52812	    496	   5664	  58972	   e65c	STM32F407VGT6.elf
已结束构建： default.size.stdout
 
已结束构建： STM32F407VGT6.list
 
20:35:35 **** Incremental Build of configuration Debug for project STM32F407VGT6 ****
make -j12 all 
arm-none-eabi-size  STM32F407VGT6.elf 
   text	   data	    bss	    dec	    hex	filename
  52812	    496	   5664	  58972	   e65c	STM32F407VGT6.elf
已结束构建： default.size.stdout
 
20:37:57 **** Incremental Build of configuration Debug for project STM32F407VGT6 ****
make -j12 all 
arm-none-eabi-size  STM32F407VGT6.elf 
   text	   data	    bss	    dec	    hex	filename
  52812	    496	   5664	  58972	   e65c	STM32F407VGT6.elf
已结束构建： default.size.stdout
 
20:46:54 **** Incremental Build of configuration Debug for project STM32F407VGT6 ****
make -j12 all 
arm-none-eabi-gcc "../Core/UserCC/pidspeed.c" -mcpu=cortex-m4 -std=gnu11 -g3 -DDEBUG -DUSE_HAL_DRIVER -DSTM32F407xx -c -I../Core/Inc -I../Drivers/STM32F4xx_HAL_Driver/Inc -I../Drivers/STM32F4xx_HAL_Driver/Inc/Legacy -I../Drivers/CMSIS/Device/ST/STM32F4xx/Include -I../Drivers/CMSIS/Include -I../Core/UserCC -I../Core/UserHH -O0 -ffunction-sections -fdata-sections -Wall -fstack-usage -fcyclomatic-complexity -MMD -MP -MF"Core/UserCC/pidspeed.d" -MT"Core/UserCC/pidspeed.o" --specs=nano.specs -mfpu=fpv4-sp-d16 -mfloat-abi=hard -mthumb -o "Core/UserCC/pidspeed.o"
arm-none-eabi-gcc "../Core/Src/gpio.c" -mcpu=cortex-m4 -std=gnu11 -g3 -DDEBUG -DUSE_HAL_DRIVER -DSTM32F407xx -c -I../Core/Inc -I../Drivers/STM32F4xx_HAL_Driver/Inc -I../Drivers/STM32F4xx_HAL_Driver/Inc/Legacy -I../Drivers/CMSIS/Device/ST/STM32F4xx/Include -I../Drivers/CMSIS/Include -I../Core/UserCC -I../Core/UserHH -O0 -ffunction-sections -fdata-sections -Wall -fstack-usage -fcyclomatic-complexity -MMD -MP -MF"Core/Src/gpio.d" -MT"Core/Src/gpio.o" --specs=nano.specs -mfpu=fpv4-sp-d16 -mfloat-abi=hard -mthumb -o "Core/Src/gpio.o"
arm-none-eabi-gcc "../Core/Src/main.c" -mcpu=cortex-m4 -std=gnu11 -g3 -DDEBUG -DUSE_HAL_DRIVER -DSTM32F407xx -c -I../Core/Inc -I../Drivers/STM32F4xx_HAL_Driver/Inc -I../Drivers/STM32F4xx_HAL_Driver/Inc/Legacy -I../Drivers/CMSIS/Device/ST/STM32F4xx/Include -I../Drivers/CMSIS/Include -I../Core/UserCC -I../Core/UserHH -O0 -ffunction-sections -fdata-sections -Wall -fstack-usage -fcyclomatic-complexity -MMD -MP -MF"Core/Src/main.d" -MT"Core/Src/main.o" --specs=nano.specs -mfpu=fpv4-sp-d16 -mfloat-abi=hard -mthumb -o "Core/Src/main.o"
In file included from ../Core/Inc/stm32f4xx_hal_conf.h:407,
                 from ../Drivers/STM32F4xx_HAL_Driver/Inc/stm32f4xx_hal.h:29,
                 from ../Core/Inc/main.h:30,
                 from ../Core/UserHH/pidspeed.h:3,
                 from ../Core/UserCC/pidspeed.c:1:
../Core/UserCC/pidspeed.c: In function 'Set_motor_pwmL':
../Core/UserCC/pidspeed.c:7:33: error: 'htim3' undeclared (first use in this function); did you mean 'htim12'?
    7 |          __HAL_TIM_SET_COMPARE(&htim3,TIM_CHANNEL_1,-pwm);
      |                                 ^~~~~
../Drivers/STM32F4xx_HAL_Driver/Inc/stm32f4xx_hal_tim.h:1395:41: note: in definition of macro '__HAL_TIM_SET_COMPARE'
 1395 |   (((__CHANNEL__) == TIM_CHANNEL_1) ? ((__HANDLE__)->Instance->CCR1 = (__COMPARE__)) :\
      |                                         ^~~~~~~~~~
../Core/UserCC/pidspeed.c:7:33: note: each undeclared identifier is reported only once for each function it appears in
    7 |          __HAL_TIM_SET_COMPARE(&htim3,TIM_CHANNEL_1,-pwm);
      |                                 ^~~~~
../Drivers/STM32F4xx_HAL_Driver/Inc/stm32f4xx_hal_tim.h:1395:41: note: in definition of macro '__HAL_TIM_SET_COMPARE'
 1395 |   (((__CHANNEL__) == TIM_CHANNEL_1) ? ((__HANDLE__)->Instance->CCR1 = (__COMPARE__)) :\
      |                                         ^~~~~~~~~~
../Core/UserCC/pidspeed.c: In function 'Set_motor_pwmR':
../Core/UserCC/pidspeed.c:20:33: error: 'htim3' undeclared (first use in this function); did you mean 'htim12'?
   20 |          __HAL_TIM_SET_COMPARE(&htim3,TIM_CHANNEL_2,-pwm);
      |                                 ^~~~~
../Drivers/STM32F4xx_HAL_Driver/Inc/stm32f4xx_hal_tim.h:1395:41: note: in definition of macro '__HAL_TIM_SET_COMPARE'
 1395 |   (((__CHANNEL__) == TIM_CHANNEL_1) ? ((__HANDLE__)->Instance->CCR1 = (__COMPARE__)) :\
      |                                         ^~~~~~~~~~
make: *** [Core/UserCC/subdir.mk:43: Core/UserCC/pidspeed.o] Error 1
make: *** Waiting for unfinished jobs....
"make -j12 all" terminated with exit code 2. Build might be incomplete.
20:48:33 **** 构建 of configuration Debug for project Myproject ****
make -j12 all 
arm-none-eabi-size  Myproject.elf 
   text	   data	    bss	    dec	    hex	filename
  44020	    468	   4132	  48620	   bdec	Myproject.elf
已结束构建： default.size.stdout
 
20:48:33 **** Incremental Build of configuration Debug for project STM32F407VGT6 ****
make -j12 all 
arm-none-eabi-gcc "../Core/UserCC/pidspeed.c" -mcpu=cortex-m4 -std=gnu11 -g3 -DDEBUG -DUSE_HAL_DRIVER -DSTM32F407xx -c -I../Core/Inc -I../Drivers/STM32F4xx_HAL_Driver/Inc -I../Drivers/STM32F4xx_HAL_Driver/Inc/Legacy -I../Drivers/CMSIS/Device/ST/STM32F4xx/Include -I../Drivers/CMSIS/Include -I../Core/UserCC -I../Core/UserHH -O0 -ffunction-sections -fdata-sections -Wall -fstack-usage -fcyclomatic-complexity -MMD -MP -MF"Core/UserCC/pidspeed.d" -MT"Core/UserCC/pidspeed.o" --specs=nano.specs -mfpu=fpv4-sp-d16 -mfloat-abi=hard -mthumb -o "Core/UserCC/pidspeed.o"
arm-none-eabi-gcc "../Core/Src/tim.c" -mcpu=cortex-m4 -std=gnu11 -g3 -DDEBUG -DUSE_HAL_DRIVER -DSTM32F407xx -c -I../Core/Inc -I../Drivers/STM32F4xx_HAL_Driver/Inc -I../Drivers/STM32F4xx_HAL_Driver/Inc/Legacy -I../Drivers/CMSIS/Device/ST/STM32F4xx/Include -I../Drivers/CMSIS/Include -I../Core/UserCC -I../Core/UserHH -O0 -ffunction-sections -fdata-sections -Wall -fstack-usage -fcyclomatic-complexity -MMD -MP -MF"Core/Src/tim.d" -MT"Core/Src/tim.o" --specs=nano.specs -mfpu=fpv4-sp-d16 -mfloat-abi=hard -mthumb -o "Core/Src/tim.o"
In file included from ../Core/Inc/stm32f4xx_hal_conf.h:407,
                 from ../Drivers/STM32F4xx_HAL_Driver/Inc/stm32f4xx_hal.h:29,
                 from ../Core/Inc/main.h:30,
                 from ../Core/UserHH/pidspeed.h:3,
                 from ../Core/UserCC/pidspeed.c:1:
../Core/UserCC/pidspeed.c: In function 'Set_motor_pwmL':
../Core/UserCC/pidspeed.c:7:33: error: 'htim3' undeclared (first use in this function); did you mean 'htim12'?
    7 |          __HAL_TIM_SET_COMPARE(&htim3,TIM_CHANNEL_1,-pwm);
      |                                 ^~~~~
../Drivers/STM32F4xx_HAL_Driver/Inc/stm32f4xx_hal_tim.h:1395:41: note: in definition of macro '__HAL_TIM_SET_COMPARE'
 1395 |   (((__CHANNEL__) == TIM_CHANNEL_1) ? ((__HANDLE__)->Instance->CCR1 = (__COMPARE__)) :\
      |                                         ^~~~~~~~~~
../Core/UserCC/pidspeed.c:7:33: note: each undeclared identifier is reported only once for each function it appears in
    7 |          __HAL_TIM_SET_COMPARE(&htim3,TIM_CHANNEL_1,-pwm);
      |                                 ^~~~~
../Drivers/STM32F4xx_HAL_Driver/Inc/stm32f4xx_hal_tim.h:1395:41: note: in definition of macro '__HAL_TIM_SET_COMPARE'
 1395 |   (((__CHANNEL__) == TIM_CHANNEL_1) ? ((__HANDLE__)->Instance->CCR1 = (__COMPARE__)) :\
      |                                         ^~~~~~~~~~
../Core/UserCC/pidspeed.c: In function 'Set_motor_pwmR':
../Core/UserCC/pidspeed.c:20:33: error: 'htim3' undeclared (first use in this function); did you mean 'htim12'?
   20 |          __HAL_TIM_SET_COMPARE(&htim3,TIM_CHANNEL_2,-pwm);
      |                                 ^~~~~
../Drivers/STM32F4xx_HAL_Driver/Inc/stm32f4xx_hal_tim.h:1395:41: note: in definition of macro '__HAL_TIM_SET_COMPARE'
 1395 |   (((__CHANNEL__) == TIM_CHANNEL_1) ? ((__HANDLE__)->Instance->CCR1 = (__COMPARE__)) :\
      |                                         ^~~~~~~~~~
make: *** [Core/UserCC/subdir.mk:43: Core/UserCC/pidspeed.o] Error 1
make: *** Waiting for unfinished jobs....
"make -j12 all" terminated with exit code 2. Build might be incomplete.
20:48:51 **** Incremental Build of configuration Debug for project Myproject ****
make -j12 all 
arm-none-eabi-size  Myproject.elf 
   text	   data	    bss	    dec	    hex	filename
  44020	    468	   4132	  48620	   bdec	Myproject.elf
已结束构建： default.size.stdout
 
20:48:51 **** Incremental Build of configuration Debug for project STM32F407VGT6 ****
make -j12 all 
arm-none-eabi-gcc "../Core/UserCC/pidspeed.c" -mcpu=cortex-m4 -std=gnu11 -g3 -DDEBUG -DUSE_HAL_DRIVER -DSTM32F407xx -c -I../Core/Inc -I../Drivers/STM32F4xx_HAL_Driver/Inc -I../Drivers/STM32F4xx_HAL_Driver/Inc/Legacy -I../Drivers/CMSIS/Device/ST/STM32F4xx/Include -I../Drivers/CMSIS/Include -I../Core/UserCC -I../Core/UserHH -O0 -ffunction-sections -fdata-sections -Wall -fstack-usage -fcyclomatic-complexity -MMD -MP -MF"Core/UserCC/pidspeed.d" -MT"Core/UserCC/pidspeed.o" --specs=nano.specs -mfpu=fpv4-sp-d16 -mfloat-abi=hard -mthumb -o "Core/UserCC/pidspeed.o"
arm-none-eabi-gcc "../Core/Src/main.c" -mcpu=cortex-m4 -std=gnu11 -g3 -DDEBUG -DUSE_HAL_DRIVER -DSTM32F407xx -c -I../Core/Inc -I../Drivers/STM32F4xx_HAL_Driver/Inc -I../Drivers/STM32F4xx_HAL_Driver/Inc/Legacy -I../Drivers/CMSIS/Device/ST/STM32F4xx/Include -I../Drivers/CMSIS/Include -I../Core/UserCC -I../Core/UserHH -O0 -ffunction-sections -fdata-sections -Wall -fstack-usage -fcyclomatic-complexity -MMD -MP -MF"Core/Src/main.d" -MT"Core/Src/main.o" --specs=nano.specs -mfpu=fpv4-sp-d16 -mfloat-abi=hard -mthumb -o "Core/Src/main.o"
arm-none-eabi-gcc -o "STM32F407VGT6.elf" @"objects.list"   -mcpu=cortex-m4 -T"A:\git\WYHCODE\PROJECT\STM32F407VGT6\STM32F407VGTX_FLASH.ld" --specs=nosys.specs -Wl,-Map="STM32F407VGT6.map" -Wl,--gc-sections -static --specs=nano.specs -mfpu=fpv4-sp-d16 -mfloat-abi=hard -mthumb -u _printf_float -u _scanf_float -Wl,--start-group -lc -lm -Wl,--end-group
已结束构建目标： STM32F407VGT6.elf
 
arm-none-eabi-size  STM32F407VGT6.elf 
arm-none-eabi-objdump -h -S STM32F407VGT6.elf  > "STM32F407VGT6.list"
   text	   data	    bss	    dec	    hex	filename
  52868	    496	   5664	  59028	   e694	STM32F407VGT6.elf
已结束构建： default.size.stdout
 
已结束构建： STM32F407VGT6.list
 
20:48:56 **** Incremental Build of configuration Debug for project STM32F407VGT6 ****
make -j12 all 
arm-none-eabi-size  STM32F407VGT6.elf 
   text	   data	    bss	    dec	    hex	filename
  52868	    496	   5664	  59028	   e694	STM32F407VGT6.elf
已结束构建： default.size.stdout
 
20:55:50 **** Incremental Build of configuration Debug for project STM32F407VGT6 ****
make -j12 all 
arm-none-eabi-gcc "../Core/UserCC/pidspeed.c" -mcpu=cortex-m4 -std=gnu11 -g3 -DDEBUG -DUSE_HAL_DRIVER -DSTM32F407xx -c -I../Core/Inc -I../Drivers/STM32F4xx_HAL_Driver/Inc -I../Drivers/STM32F4xx_HAL_Driver/Inc/Legacy -I../Drivers/CMSIS/Device/ST/STM32F4xx/Include -I../Drivers/CMSIS/Include -I../Core/UserCC -I../Core/UserHH -O0 -ffunction-sections -fdata-sections -Wall -fstack-usage -fcyclomatic-complexity -MMD -MP -MF"Core/UserCC/pidspeed.d" -MT"Core/UserCC/pidspeed.o" --specs=nano.specs -mfpu=fpv4-sp-d16 -mfloat-abi=hard -mthumb -o "Core/UserCC/pidspeed.o"
arm-none-eabi-gcc "../Core/Src/main.c" -mcpu=cortex-m4 -std=gnu11 -g3 -DDEBUG -DUSE_HAL_DRIVER -DSTM32F407xx -c -I../Core/Inc -I../Drivers/STM32F4xx_HAL_Driver/Inc -I../Drivers/STM32F4xx_HAL_Driver/Inc/Legacy -I../Drivers/CMSIS/Device/ST/STM32F4xx/Include -I../Drivers/CMSIS/Include -I../Core/UserCC -I../Core/UserHH -O0 -ffunction-sections -fdata-sections -Wall -fstack-usage -fcyclomatic-complexity -MMD -MP -MF"Core/Src/main.d" -MT"Core/Src/main.o" --specs=nano.specs -mfpu=fpv4-sp-d16 -mfloat-abi=hard -mthumb -o "Core/Src/main.o"
arm-none-eabi-gcc -o "STM32F407VGT6.elf" @"objects.list"   -mcpu=cortex-m4 -T"A:\git\WYHCODE\PROJECT\STM32F407VGT6\STM32F407VGTX_FLASH.ld" --specs=nosys.specs -Wl,-Map="STM32F407VGT6.map" -Wl,--gc-sections -static --specs=nano.specs -mfpu=fpv4-sp-d16 -mfloat-abi=hard -mthumb -u _printf_float -u _scanf_float -Wl,--start-group -lc -lm -Wl,--end-group
已结束构建目标： STM32F407VGT6.elf
 
arm-none-eabi-size  STM32F407VGT6.elf 
arm-none-eabi-objdump -h -S STM32F407VGT6.elf  > "STM32F407VGT6.list"
   text	   data	    bss	    dec	    hex	filename
  52868	    496	   5664	  59028	   e694	STM32F407VGT6.elf
已结束构建： default.size.stdout
 
已结束构建： STM32F407VGT6.list
 
20:59:27 **** Incremental Build of configuration Debug for project Myproject ****
make -j12 all 
arm-none-eabi-size  Myproject.elf 
   text	   data	    bss	    dec	    hex	filename
  44020	    468	   4132	  48620	   bdec	Myproject.elf
已结束构建： default.size.stdout
 
20:59:28 **** Incremental Build of configuration Debug for project STM32F407VGT6 ****
make -j12 all 
arm-none-eabi-gcc "../Core/UserCC/pidspeed.c" -mcpu=cortex-m4 -std=gnu11 -g3 -DDEBUG -DUSE_HAL_DRIVER -DSTM32F407xx -c -I../Core/Inc -I../Drivers/STM32F4xx_HAL_Driver/Inc -I../Drivers/STM32F4xx_HAL_Driver/Inc/Legacy -I../Drivers/CMSIS/Device/ST/STM32F4xx/Include -I../Drivers/CMSIS/Include -I../Core/UserCC -I../Core/UserHH -O0 -ffunction-sections -fdata-sections -Wall -fstack-usage -fcyclomatic-complexity -MMD -MP -MF"Core/UserCC/pidspeed.d" -MT"Core/UserCC/pidspeed.o" --specs=nano.specs -mfpu=fpv4-sp-d16 -mfloat-abi=hard -mthumb -o "Core/UserCC/pidspeed.o"
arm-none-eabi-gcc "../Core/Src/main.c" -mcpu=cortex-m4 -std=gnu11 -g3 -DDEBUG -DUSE_HAL_DRIVER -DSTM32F407xx -c -I../Core/Inc -I../Drivers/STM32F4xx_HAL_Driver/Inc -I../Drivers/STM32F4xx_HAL_Driver/Inc/Legacy -I../Drivers/CMSIS/Device/ST/STM32F4xx/Include -I../Drivers/CMSIS/Include -I../Core/UserCC -I../Core/UserHH -O0 -ffunction-sections -fdata-sections -Wall -fstack-usage -fcyclomatic-complexity -MMD -MP -MF"Core/Src/main.d" -MT"Core/Src/main.o" --specs=nano.specs -mfpu=fpv4-sp-d16 -mfloat-abi=hard -mthumb -o "Core/Src/main.o"
arm-none-eabi-gcc -o "STM32F407VGT6.elf" @"objects.list"   -mcpu=cortex-m4 -T"A:\git\WYHCODE\PROJECT\STM32F407VGT6\STM32F407VGTX_FLASH.ld" --specs=nosys.specs -Wl,-Map="STM32F407VGT6.map" -Wl,--gc-sections -static --specs=nano.specs -mfpu=fpv4-sp-d16 -mfloat-abi=hard -mthumb -u _printf_float -u _scanf_float -Wl,--start-group -lc -lm -Wl,--end-group
已结束构建目标： STM32F407VGT6.elf
 
arm-none-eabi-size  STM32F407VGT6.elf 
arm-none-eabi-objdump -h -S STM32F407VGT6.elf  > "STM32F407VGT6.list"
   text	   data	    bss	    dec	    hex	filename
  52868	    496	   5664	  59028	   e694	STM32F407VGT6.elf
已结束构建： default.size.stdout
 
已结束构建： STM32F407VGT6.list
 
20:59:33 **** Incremental Build of configuration Debug for project STM32F407VGT6 ****
make -j12 all 
arm-none-eabi-size  STM32F407VGT6.elf 
   text	   data	    bss	    dec	    hex	filename
  52868	    496	   5664	  59028	   e694	STM32F407VGT6.elf
已结束构建： default.size.stdout
 
21:03:55 **** Incremental Build of configuration Debug for project STM32F407VGT6 ****
make -j12 all 
arm-none-eabi-gcc "../Core/UserCC/pidspeed.c" -mcpu=cortex-m4 -std=gnu11 -g3 -DDEBUG -DUSE_HAL_DRIVER -DSTM32F407xx -c -I../Core/Inc -I../Drivers/STM32F4xx_HAL_Driver/Inc -I../Drivers/STM32F4xx_HAL_Driver/Inc/Legacy -I../Drivers/CMSIS/Device/ST/STM32F4xx/Include -I../Drivers/CMSIS/Include -I../Core/UserCC -I../Core/UserHH -O0 -ffunction-sections -fdata-sections -Wall -fstack-usage -fcyclomatic-complexity -MMD -MP -MF"Core/UserCC/pidspeed.d" -MT"Core/UserCC/pidspeed.o" --specs=nano.specs -mfpu=fpv4-sp-d16 -mfloat-abi=hard -mthumb -o "Core/UserCC/pidspeed.o"
arm-none-eabi-gcc -o "STM32F407VGT6.elf" @"objects.list"   -mcpu=cortex-m4 -T"A:\git\WYHCODE\PROJECT\STM32F407VGT6\STM32F407VGTX_FLASH.ld" --specs=nosys.specs -Wl,-Map="STM32F407VGT6.map" -Wl,--gc-sections -static --specs=nano.specs -mfpu=fpv4-sp-d16 -mfloat-abi=hard -mthumb -u _printf_float -u _scanf_float -Wl,--start-group -lc -lm -Wl,--end-group
已结束构建目标： STM32F407VGT6.elf
 
arm-none-eabi-size  STM32F407VGT6.elf 
arm-none-eabi-objdump -h -S STM32F407VGT6.elf  > "STM32F407VGT6.list"
   text	   data	    bss	    dec	    hex	filename
  52868	    496	   5664	  59028	   e694	STM32F407VGT6.elf
已结束构建： default.size.stdout
 
已结束构建： STM32F407VGT6.list
 
21:20:38 **** Incremental Build of configuration Debug for project Myproject ****
make -j12 all 
arm-none-eabi-size  Myproject.elf 
   text	   data	    bss	    dec	    hex	filename
  44020	    468	   4132	  48620	   bdec	Myproject.elf
已结束构建： default.size.stdout
 
21:20:39 **** Incremental Build of configuration Debug for project STM32F407VGT6 ****
make -j12 all 
arm-none-eabi-gcc "../Core/UserCC/Angle_PID.c" -mcpu=cortex-m4 -std=gnu11 -g3 -DDEBUG -DUSE_HAL_DRIVER -DSTM32F407xx -c -I../Core/Inc -I../Drivers/STM32F4xx_HAL_Driver/Inc -I../Drivers/STM32F4xx_HAL_Driver/Inc/Legacy -I../Drivers/CMSIS/Device/ST/STM32F4xx/Include -I../Drivers/CMSIS/Include -I../Core/UserCC -I../Core/UserHH -O0 -ffunction-sections -fdata-sections -Wall -fstack-usage -fcyclomatic-complexity -MMD -MP -MF"Core/UserCC/Angle_PID.d" -MT"Core/UserCC/Angle_PID.o" --specs=nano.specs -mfpu=fpv4-sp-d16 -mfloat-abi=hard -mthumb -o "Core/UserCC/Angle_PID.o"
arm-none-eabi-gcc "../Core/UserCC/HC_06.c" -mcpu=cortex-m4 -std=gnu11 -g3 -DDEBUG -DUSE_HAL_DRIVER -DSTM32F407xx -c -I../Core/Inc -I../Drivers/STM32F4xx_HAL_Driver/Inc -I../Drivers/STM32F4xx_HAL_Driver/Inc/Legacy -I../Drivers/CMSIS/Device/ST/STM32F4xx/Include -I../Drivers/CMSIS/Include -I../Core/UserCC -I../Core/UserHH -O0 -ffunction-sections -fdata-sections -Wall -fstack-usage -fcyclomatic-complexity -MMD -MP -MF"Core/UserCC/HC_06.d" -MT"Core/UserCC/HC_06.o" --specs=nano.specs -mfpu=fpv4-sp-d16 -mfloat-abi=hard -mthumb -o "Core/UserCC/HC_06.o"
arm-none-eabi-gcc "../Core/UserCC/Trace_PID.c" -mcpu=cortex-m4 -std=gnu11 -g3 -DDEBUG -DUSE_HAL_DRIVER -DSTM32F407xx -c -I../Core/Inc -I../Drivers/STM32F4xx_HAL_Driver/Inc -I../Drivers/STM32F4xx_HAL_Driver/Inc/Legacy -I../Drivers/CMSIS/Device/ST/STM32F4xx/Include -I../Drivers/CMSIS/Include -I../Core/UserCC -I../Core/UserHH -O0 -ffunction-sections -fdata-sections -Wall -fstack-usage -fcyclomatic-complexity -MMD -MP -MF"Core/UserCC/Trace_PID.d" -MT"Core/UserCC/Trace_PID.o" --specs=nano.specs -mfpu=fpv4-sp-d16 -mfloat-abi=hard -mthumb -o "Core/UserCC/Trace_PID.o"
arm-none-eabi-gcc "../Core/UserCC/US-100.c" -mcpu=cortex-m4 -std=gnu11 -g3 -DDEBUG -DUSE_HAL_DRIVER -DSTM32F407xx -c -I../Core/Inc -I../Drivers/STM32F4xx_HAL_Driver/Inc -I../Drivers/STM32F4xx_HAL_Driver/Inc/Legacy -I../Drivers/CMSIS/Device/ST/STM32F4xx/Include -I../Drivers/CMSIS/Include -I../Core/UserCC -I../Core/UserHH -O0 -ffunction-sections -fdata-sections -Wall -fstack-usage -fcyclomatic-complexity -MMD -MP -MF"Core/UserCC/US-100.d" -MT"Core/UserCC/US-100.o" --specs=nano.specs -mfpu=fpv4-sp-d16 -mfloat-abi=hard -mthumb -o "Core/UserCC/US-100.o"
arm-none-eabi-gcc "../Core/UserCC/jy62.c" -mcpu=cortex-m4 -std=gnu11 -g3 -DDEBUG -DUSE_HAL_DRIVER -DSTM32F407xx -c -I../Core/Inc -I../Drivers/STM32F4xx_HAL_Driver/Inc -I../Drivers/STM32F4xx_HAL_Driver/Inc/Legacy -I../Drivers/CMSIS/Device/ST/STM32F4xx/Include -I../Drivers/CMSIS/Include -I../Core/UserCC -I../Core/UserHH -O0 -ffunction-sections -fdata-sections -Wall -fstack-usage -fcyclomatic-complexity -MMD -MP -MF"Core/UserCC/jy62.d" -MT"Core/UserCC/jy62.o" --specs=nano.specs -mfpu=fpv4-sp-d16 -mfloat-abi=hard -mthumb -o "Core/UserCC/jy62.o"
arm-none-eabi-gcc "../Core/UserCC/oled.c" -mcpu=cortex-m4 -std=gnu11 -g3 -DDEBUG -DUSE_HAL_DRIVER -DSTM32F407xx -c -I../Core/Inc -I../Drivers/STM32F4xx_HAL_Driver/Inc -I../Drivers/STM32F4xx_HAL_Driver/Inc/Legacy -I../Drivers/CMSIS/Device/ST/STM32F4xx/Include -I../Drivers/CMSIS/Include -I../Core/UserCC -I../Core/UserHH -O0 -ffunction-sections -fdata-sections -Wall -fstack-usage -fcyclomatic-complexity -MMD -MP -MF"Core/UserCC/oled.d" -MT"Core/UserCC/oled.o" --specs=nano.specs -mfpu=fpv4-sp-d16 -mfloat-abi=hard -mthumb -o "Core/UserCC/oled.o"
arm-none-eabi-gcc "../Core/UserCC/pidspeed.c" -mcpu=cortex-m4 -std=gnu11 -g3 -DDEBUG -DUSE_HAL_DRIVER -DSTM32F407xx -c -I../Core/Inc -I../Drivers/STM32F4xx_HAL_Driver/Inc -I../Drivers/STM32F4xx_HAL_Driver/Inc/Legacy -I../Drivers/CMSIS/Device/ST/STM32F4xx/Include -I../Drivers/CMSIS/Include -I../Core/UserCC -I../Core/UserHH -O0 -ffunction-sections -fdata-sections -Wall -fstack-usage -fcyclomatic-complexity -MMD -MP -MF"Core/UserCC/pidspeed.d" -MT"Core/UserCC/pidspeed.o" --specs=nano.specs -mfpu=fpv4-sp-d16 -mfloat-abi=hard -mthumb -o "Core/UserCC/pidspeed.o"
arm-none-eabi-gcc "../Core/Src/dma.c" -mcpu=cortex-m4 -std=gnu11 -g3 -DDEBUG -DUSE_HAL_DRIVER -DSTM32F407xx -c -I../Core/Inc -I../Drivers/STM32F4xx_HAL_Driver/Inc -I../Drivers/STM32F4xx_HAL_Driver/Inc/Legacy -I../Drivers/CMSIS/Device/ST/STM32F4xx/Include -I../Drivers/CMSIS/Include -I../Core/UserCC -I../Core/UserHH -O0 -ffunction-sections -fdata-sections -Wall -fstack-usage -fcyclomatic-complexity -MMD -MP -MF"Core/Src/dma.d" -MT"Core/Src/dma.o" --specs=nano.specs -mfpu=fpv4-sp-d16 -mfloat-abi=hard -mthumb -o "Core/Src/dma.o"
arm-none-eabi-gcc "../Core/Src/gpio.c" -mcpu=cortex-m4 -std=gnu11 -g3 -DDEBUG -DUSE_HAL_DRIVER -DSTM32F407xx -c -I../Core/Inc -I../Drivers/STM32F4xx_HAL_Driver/Inc -I../Drivers/STM32F4xx_HAL_Driver/Inc/Legacy -I../Drivers/CMSIS/Device/ST/STM32F4xx/Include -I../Drivers/CMSIS/Include -I../Core/UserCC -I../Core/UserHH -O0 -ffunction-sections -fdata-sections -Wall -fstack-usage -fcyclomatic-complexity -MMD -MP -MF"Core/Src/gpio.d" -MT"Core/Src/gpio.o" --specs=nano.specs -mfpu=fpv4-sp-d16 -mfloat-abi=hard -mthumb -o "Core/Src/gpio.o"
arm-none-eabi-gcc "../Core/Src/i2c.c" -mcpu=cortex-m4 -std=gnu11 -g3 -DDEBUG -DUSE_HAL_DRIVER -DSTM32F407xx -c -I../Core/Inc -I../Drivers/STM32F4xx_HAL_Driver/Inc -I../Drivers/STM32F4xx_HAL_Driver/Inc/Legacy -I../Drivers/CMSIS/Device/ST/STM32F4xx/Include -I../Drivers/CMSIS/Include -I../Core/UserCC -I../Core/UserHH -O0 -ffunction-sections -fdata-sections -Wall -fstack-usage -fcyclomatic-complexity -MMD -MP -MF"Core/Src/i2c.d" -MT"Core/Src/i2c.o" --specs=nano.specs -mfpu=fpv4-sp-d16 -mfloat-abi=hard -mthumb -o "Core/Src/i2c.o"
arm-none-eabi-gcc "../Core/Src/main.c" -mcpu=cortex-m4 -std=gnu11 -g3 -DDEBUG -DUSE_HAL_DRIVER -DSTM32F407xx -c -I../Core/Inc -I../Drivers/STM32F4xx_HAL_Driver/Inc -I../Drivers/STM32F4xx_HAL_Driver/Inc/Legacy -I../Drivers/CMSIS/Device/ST/STM32F4xx/Include -I../Drivers/CMSIS/Include -I../Core/UserCC -I../Core/UserHH -O0 -ffunction-sections -fdata-sections -Wall -fstack-usage -fcyclomatic-complexity -MMD -MP -MF"Core/Src/main.d" -MT"Core/Src/main.o" --specs=nano.specs -mfpu=fpv4-sp-d16 -mfloat-abi=hard -mthumb -o "Core/Src/main.o"
arm-none-eabi-gcc "../Core/Src/stm32f4xx_hal_msp.c" -mcpu=cortex-m4 -std=gnu11 -g3 -DDEBUG -DUSE_HAL_DRIVER -DSTM32F407xx -c -I../Core/Inc -I../Drivers/STM32F4xx_HAL_Driver/Inc -I../Drivers/STM32F4xx_HAL_Driver/Inc/Legacy -I../Drivers/CMSIS/Device/ST/STM32F4xx/Include -I../Drivers/CMSIS/Include -I../Core/UserCC -I../Core/UserHH -O0 -ffunction-sections -fdata-sections -Wall -fstack-usage -fcyclomatic-complexity -MMD -MP -MF"Core/Src/stm32f4xx_hal_msp.d" -MT"Core/Src/stm32f4xx_hal_msp.o" --specs=nano.specs -mfpu=fpv4-sp-d16 -mfloat-abi=hard -mthumb -o "Core/Src/stm32f4xx_hal_msp.o"
arm-none-eabi-gcc "../Core/Src/stm32f4xx_it.c" -mcpu=cortex-m4 -std=gnu11 -g3 -DDEBUG -DUSE_HAL_DRIVER -DSTM32F407xx -c -I../Core/Inc -I../Drivers/STM32F4xx_HAL_Driver/Inc -I../Drivers/STM32F4xx_HAL_Driver/Inc/Legacy -I../Drivers/CMSIS/Device/ST/STM32F4xx/Include -I../Drivers/CMSIS/Include -I../Core/UserCC -I../Core/UserHH -O0 -ffunction-sections -fdata-sections -Wall -fstack-usage -fcyclomatic-complexity -MMD -MP -MF"Core/Src/stm32f4xx_it.d" -MT"Core/Src/stm32f4xx_it.o" --specs=nano.specs -mfpu=fpv4-sp-d16 -mfloat-abi=hard -mthumb -o "Core/Src/stm32f4xx_it.o"
arm-none-eabi-gcc "../Core/Src/tim.c" -mcpu=cortex-m4 -std=gnu11 -g3 -DDEBUG -DUSE_HAL_DRIVER -DSTM32F407xx -c -I../Core/Inc -I../Drivers/STM32F4xx_HAL_Driver/Inc -I../Drivers/STM32F4xx_HAL_Driver/Inc/Legacy -I../Drivers/CMSIS/Device/ST/STM32F4xx/Include -I../Drivers/CMSIS/Include -I../Core/UserCC -I../Core/UserHH -O0 -ffunction-sections -fdata-sections -Wall -fstack-usage -fcyclomatic-complexity -MMD -MP -MF"Core/Src/tim.d" -MT"Core/Src/tim.o" --specs=nano.specs -mfpu=fpv4-sp-d16 -mfloat-abi=hard -mthumb -o "Core/Src/tim.o"
arm-none-eabi-gcc "../Core/Src/usart.c" -mcpu=cortex-m4 -std=gnu11 -g3 -DDEBUG -DUSE_HAL_DRIVER -DSTM32F407xx -c -I../Core/Inc -I../Drivers/STM32F4xx_HAL_Driver/Inc -I../Drivers/STM32F4xx_HAL_Driver/Inc/Legacy -I../Drivers/CMSIS/Device/ST/STM32F4xx/Include -I../Drivers/CMSIS/Include -I../Core/UserCC -I../Core/UserHH -O0 -ffunction-sections -fdata-sections -Wall -fstack-usage -fcyclomatic-complexity -MMD -MP -MF"Core/Src/usart.d" -MT"Core/Src/usart.o" --specs=nano.specs -mfpu=fpv4-sp-d16 -mfloat-abi=hard -mthumb -o "Core/Src/usart.o"
arm-none-eabi-gcc -o "STM32F407VGT6.elf" @"objects.list"   -mcpu=cortex-m4 -T"A:\git\WYHCODE\PROJECT\STM32F407VGT6\STM32F407VGTX_FLASH.ld" --specs=nosys.specs -Wl,-Map="STM32F407VGT6.map" -Wl,--gc-sections -static --specs=nano.specs -mfpu=fpv4-sp-d16 -mfloat-abi=hard -mthumb -u _printf_float -u _scanf_float -Wl,--start-group -lc -lm -Wl,--end-group
已结束构建目标： STM32F407VGT6.elf
 
arm-none-eabi-size  STM32F407VGT6.elf 
arm-none-eabi-objdump -h -S STM32F407VGT6.elf  > "STM32F407VGT6.list"
   text	   data	    bss	    dec	    hex	filename
  53180	    496	   5744	  59420	   e81c	STM32F407VGT6.elf
已结束构建： default.size.stdout
 
已结束构建： STM32F407VGT6.list
 
21:21:02 **** Incremental Build of configuration Debug for project STM32F407VGT6 ****
make -j12 all 
arm-none-eabi-gcc "../Core/Src/main.c" -mcpu=cortex-m4 -std=gnu11 -g3 -DDEBUG -DUSE_HAL_DRIVER -DSTM32F407xx -c -I../Core/Inc -I../Drivers/STM32F4xx_HAL_Driver/Inc -I../Drivers/STM32F4xx_HAL_Driver/Inc/Legacy -I../Drivers/CMSIS/Device/ST/STM32F4xx/Include -I../Drivers/CMSIS/Include -I../Core/UserCC -I../Core/UserHH -O0 -ffunction-sections -fdata-sections -Wall -fstack-usage -fcyclomatic-complexity -MMD -MP -MF"Core/Src/main.d" -MT"Core/Src/main.o" --specs=nano.specs -mfpu=fpv4-sp-d16 -mfloat-abi=hard -mthumb -o "Core/Src/main.o"
arm-none-eabi-gcc -o "STM32F407VGT6.elf" @"objects.list"   -mcpu=cortex-m4 -T"A:\git\WYHCODE\PROJECT\STM32F407VGT6\STM32F407VGTX_FLASH.ld" --specs=nosys.specs -Wl,-Map="STM32F407VGT6.map" -Wl,--gc-sections -static --specs=nano.specs -mfpu=fpv4-sp-d16 -mfloat-abi=hard -mthumb -u _printf_float -u _scanf_float -Wl,--start-group -lc -lm -Wl,--end-group
已结束构建目标： STM32F407VGT6.elf
 
arm-none-eabi-size  STM32F407VGT6.elf 
arm-none-eabi-objdump -h -S STM32F407VGT6.elf  > "STM32F407VGT6.list"
   text	   data	    bss	    dec	    hex	filename
  56276	    496	   5744	  62516	   f434	STM32F407VGT6.elf
已结束构建： default.size.stdout
 
已结束构建： STM32F407VGT6.list
 
21:21:26 **** Incremental Build of configuration Debug for project STM32F407VGT6 ****
make -j12 all 
arm-none-eabi-gcc "../Core/UserCC/Trace_PID.c" -mcpu=cortex-m4 -std=gnu11 -g3 -DDEBUG -DUSE_HAL_DRIVER -DSTM32F407xx -c -I../Core/Inc -I../Drivers/STM32F4xx_HAL_Driver/Inc -I../Drivers/STM32F4xx_HAL_Driver/Inc/Legacy -I../Drivers/CMSIS/Device/ST/STM32F4xx/Include -I../Drivers/CMSIS/Include -I../Core/UserCC -I../Core/UserHH -O0 -ffunction-sections -fdata-sections -Wall -fstack-usage -fcyclomatic-complexity -MMD -MP -MF"Core/UserCC/Trace_PID.d" -MT"Core/UserCC/Trace_PID.o" --specs=nano.specs -mfpu=fpv4-sp-d16 -mfloat-abi=hard -mthumb -o "Core/UserCC/Trace_PID.o"
../Core/UserCC/Trace_PID.c: In function 'Trace_error':
[...]
arm-none-eabi-gcc "../Core/Src/main.c" -mcpu=cortex-m4 -std=gnu11 -g3 -DDEBUG -DUSE_HAL_DRIVER -DSTM32F407xx -c -I../Core/Inc -I../Drivers/STM32F4xx_HAL_Driver/Inc -I../Drivers/STM32F4xx_HAL_Driver/Inc/Legacy -I../Drivers/CMSIS/Device/ST/STM32F4xx/Include -I../Drivers/CMSIS/Include -I../Core/UserCC -I../Core/UserHH -O0 -ffunction-sections -fdata-sections -Wall -fstack-usage -fcyclomatic-complexity -MMD -MP -MF"Core/Src/main.d" -MT"Core/Src/main.o" --specs=nano.specs -mfpu=fpv4-sp-d16 -mfloat-abi=hard -mthumb -o "Core/Src/main.o"
arm-none-eabi-gcc -o "STM32F407VGT6.elf" @"objects.list"   -mcpu=cortex-m4 -T"A:\git\WYHCODE\PROJECT\STM32F407VGT6\STM32F407VGTX_FLASH.ld" --specs=nosys.specs -Wl,-Map="STM32F407VGT6.map" -Wl,--gc-sections -static --specs=nano.specs -mfpu=fpv4-sp-d16 -mfloat-abi=hard -mthumb -u _printf_float -u _scanf_float -Wl,--start-group -lc -lm -Wl,--end-group
已结束构建目标： STM32F407VGT6.elf
 
arm-none-eabi-size  STM32F407VGT6.elf 
arm-none-eabi-objdump -h -S STM32F407VGT6.elf  > "STM32F407VGT6.list"
   text	   data	    bss	    dec	    hex	filename
  57996	    500	   6660	  65156	   fe84	STM32F407VGT6.elf
已结束构建： default.size.stdout
 
已结束构建： STM32F407VGT6.list
 
21:27:46 **** Incremental Build of configuration Debug for project STM32F407VGT6 ****
make -j12 all 
arm-none-eabi-gcc "../Core/Src/main.c" -mcpu=cortex-m4 -std=gnu11 -g3 -DDEBUG -DUSE_HAL_DRIVER -DSTM32F407xx -c -I../Core/Inc -I../Drivers/STM32F4xx_HAL_Driver/Inc -I../Drivers/STM32F4xx_HAL_Driver/Inc/Legacy -I../Drivers/CMSIS/Device/ST/STM32F4xx/Include -I../Drivers/CMSIS/Include -I../Core/UserCC -I../Core/UserHH -O0 -ffunction-sections -fdata-sections -Wall -fstack-usage -fcyclomatic-complexity -MMD -MP -MF"Core/Src/main.d" -MT"Core/Src/main.o" --specs=nano.specs -mfpu=fpv4-sp-d16 -mfloat-abi=hard -mthumb -o "Core/Src/main.o"
arm-none-eabi-gcc -o "STM32F407VGT6.elf" @"objects.list"   -mcpu=cortex-m4 -T"A:\git\WYHCODE\PROJECT\STM32F407VGT6\STM32F407VGTX_FLASH.ld" --specs=nosys.specs -Wl,-Map="STM32F407VGT6.map" -Wl,--gc-sections -static --specs=nano.specs -mfpu=fpv4-sp-d16 -mfloat-abi=hard -mthumb -u _printf_float -u _scanf_float -Wl,--start-group -lc -lm -Wl,--end-group
已结束构建目标： STM32F407VGT6.elf
 
arm-none-eabi-size  STM32F407VGT6.elf 
arm-none-eabi-objdump -h -S STM32F407VGT6.elf  > "STM32F407VGT6.list"
   text	   data	    bss	    dec	    hex	filename
  58028	    500	   6660	  65188	   fea4	STM32F407VGT6.elf
已结束构建： default.size.stdout
 
已结束构建： STM32F407VGT6.list
 
21:28:33 **** Incremental Build of configuration Debug for project STM32F407VGT6 ****
make -j12 all 
arm-none-eabi-gcc "../Core/Src/main.c" -mcpu=cortex-m4 -std=gnu11 -g3 -DDEBUG -DUSE_HAL_DRIVER -DSTM32F407xx -c -I../Core/Inc -I../Drivers/STM32F4xx_HAL_Driver/Inc -I../Drivers/STM32F4xx_HAL_Driver/Inc/Legacy -I../Drivers/CMSIS/Device/ST/STM32F4xx/Include -I../Drivers/CMSIS/Include -I../Core/UserCC -I../Core/UserHH -O0 -ffunction-sections -fdata-sections -Wall -fstack-usage -fcyclomatic-complexity -MMD -MP -MF"Core/Src/main.d" -MT"Core/Src/main.o" --specs=nano.specs -mfpu=fpv4-sp-d16 -mfloat-abi=hard -mthumb -o "Core/Src/main.o"
arm-none-eabi-gcc -o "STM32F407VGT6.elf" @"objects.list"   -mcpu=cortex-m4 -T"A:\git\WYHCODE\PROJECT\STM32F407VGT6\STM32F407VGTX_FLASH.ld" --specs=nosys.specs -Wl,-Map="STM32F407VGT6.map" -Wl,--gc-sections -static --specs=nano.specs -mfpu=fpv4-sp-d16 -mfloat-abi=hard -mthumb -u _printf_float -u _scanf_float -Wl,--start-group -lc -lm -Wl,--end-group
已结束构建目标： STM32F407VGT6.elf
 
arm-none-eabi-size  STM32F407VGT6.elf 
arm-none-eabi-objdump -h -S STM32F407VGT6.elf  > "STM32F407VGT6.list"
   text	   data	    bss	    dec	    hex	filename
  57788	    500	   6660	  64948	   fdb4	STM32F407VGT6.elf
已结束构建： default.size.stdout
 
已结束构建： STM32F407VGT6.list
 
21:34:34 **** Incremental Build of configuration Debug for project Myproject ****
make -j12 all 
arm-none-eabi-size  Myproject.elf 
   text	   data	    bss	    dec	    hex	filename
  44020	    468	   4132	  48620	   bdec	Myproject.elf
已结束构建： default.size.stdout
 
21:34:35 **** Incremental Build of configuration Debug for project STM32F407VGT6 ****
make -j12 all 
arm-none-eabi-gcc "../Core/UserCC/oled.c" -mcpu=cortex-m4 -std=gnu11 -g3 -DDEBUG -DUSE_HAL_DRIVER -DSTM32F407xx -c -I../Core/Inc -I../Drivers/STM32F4xx_HAL_Driver/Inc -I../Drivers/STM32F4xx_HAL_Driver/Inc/Legacy -I../Drivers/CMSIS/Device/ST/STM32F4xx/Include -I../Drivers/CMSIS/Include -I../Core/UserCC -I../Core/UserHH -O0 -ffunction-sections -fdata-sections -Wall -fstack-usage -fcyclomatic-complexity -MMD -MP -MF"Core/UserCC/oled.d" -MT"Core/UserCC/oled.o" --specs=nano.specs -mfpu=fpv4-sp-d16 -mfloat-abi=hard -mthumb -o "Core/UserCC/oled.o"
arm-none-eabi-gcc "../Core/Src/i2c.c" -mcpu=cortex-m4 -std=gnu11 -g3 -DDEBUG -DUSE_HAL_DRIVER -DSTM32F407xx -c -I../Core/Inc -I../Drivers/STM32F4xx_HAL_Driver/Inc -I../Drivers/STM32F4xx_HAL_Driver/Inc/Legacy -I../Drivers/CMSIS/Device/ST/STM32F4xx/Include -I../Drivers/CMSIS/Include -I../Core/UserCC -I../Core/UserHH -O0 -ffunction-sections -fdata-sections -Wall -fstack-usage -fcyclomatic-complexity -MMD -MP -MF"Core/Src/i2c.d" -MT"Core/Src/i2c.o" --specs=nano.specs -mfpu=fpv4-sp-d16 -mfloat-abi=hard -mthumb -o "Core/Src/i2c.o"
arm-none-eabi-gcc "../Core/Src/main.c" -mcpu=cortex-m4 -std=gnu11 -g3 -DDEBUG -DUSE_HAL_DRIVER -DSTM32F407xx -c -I../Core/Inc -I../Drivers/STM32F4xx_HAL_Driver/Inc -I../Drivers/STM32F4xx_HAL_Driver/Inc/Legacy -I../Drivers/CMSIS/Device/ST/STM32F4xx/Include -I../Drivers/CMSIS/Include -I../Core/UserCC -I../Core/UserHH -O0 -ffunction-sections -fdata-sections -Wall -fstack-usage -fcyclomatic-complexity -MMD -MP -MF"Core/Src/main.d" -MT"Core/Src/main.o" --specs=nano.specs -mfpu=fpv4-sp-d16 -mfloat-abi=hard -mthumb -o "Core/Src/main.o"
arm-none-eabi-gcc -o "STM32F407VGT6.elf" @"objects.list"   -mcpu=cortex-m4 -T"A:\git\WYHCODE\PROJECT\STM32F407VGT6\STM32F407VGTX_FLASH.ld" --specs=nosys.specs -Wl,-Map="STM32F407VGT6.map" -Wl,--gc-sections -static --specs=nano.specs -mfpu=fpv4-sp-d16 -mfloat-abi=hard -mthumb -u _printf_float -u _scanf_float -Wl,--start-group -lc -lm -Wl,--end-group
A:/STM32CUBEIDE/STM32CubeIDE_1.18.0/STM32CubeIDE/plugins/com.st.stm32cube.ide.mcu.externaltools.gnu-tools-for-stm32.13.3.rel1.win32_1.0.0.202411081344/tools/bin/../lib/gcc/arm-none-eabi/13.3.1/../../../../arm-none-eabi/bin/ld.exe: ./Core/UserCC/Trace_PID.o: in function `Get_Sensor_Trace':
A:/git/WYHCODE/PROJECT/STM32F407VGT6/Debug/../Core/UserCC/Trace_PID.c:23:(.text.Get_Sensor_Trace+0x58): undefined reference to `hi2c3'
collect2.exe: error: ld returned 1 exit status
make: *** [makefile:65: STM32F407VGT6.elf] Error 1
"make -j12 all" terminated with exit code 2. Build might be incomplete.
21:37:18 **** Incremental Build of configuration Debug for project Myproject ****
make -j12 all 
arm-none-eabi-size  Myproject.elf 
   text	   data	    bss	    dec	    hex	filename
  44020	    468	   4132	  48620	   bdec	Myproject.elf
已结束构建： default.size.stdout
 
21:37:19 **** Incremental Build of configuration Debug for project STM32F407VGT6 ****
make -j12 all 
arm-none-eabi-gcc "../Core/UserCC/Trace_PID.c" -mcpu=cortex-m4 -std=gnu11 -g3 -DDEBUG -DUSE_HAL_DRIVER -DSTM32F407xx -c -I../Core/Inc -I../Drivers/STM32F4xx_HAL_Driver/Inc -I../Drivers/STM32F4xx_HAL_Driver/Inc/Legacy -I../Drivers/CMSIS/Device/ST/STM32F4xx/Include -I../Drivers/CMSIS/Include -I../Core/UserCC -I../Core/UserHH -O0 -ffunction-sections -fdata-sections -Wall -fstack-usage -fcyclomatic-complexity -MMD -MP -MF"Core/UserCC/Trace_PID.d" -MT"Core/UserCC/Trace_PID.o" --specs=nano.specs -mfpu=fpv4-sp-d16 -mfloat-abi=hard -mthumb -o "Core/UserCC/Trace_PID.o"
arm-none-eabi-gcc "../Core/Src/main.c" -mcpu=cortex-m4 -std=gnu11 -g3 -DDEBUG -DUSE_HAL_DRIVER -DSTM32F407xx -c -I../Core/Inc -I../Drivers/STM32F4xx_HAL_Driver/Inc -I../Drivers/STM32F4xx_HAL_Driver/Inc/Legacy -I../Drivers/CMSIS/Device/ST/STM32F4xx/Include -I../Drivers/CMSIS/Include -I../Core/UserCC -I../Core/UserHH -O0 -ffunction-sections -fdata-sections -Wall -fstack-usage -fcyclomatic-complexity -MMD -MP -MF"Core/Src/main.d" -MT"Core/Src/main.o" --specs=nano.specs -mfpu=fpv4-sp-d16 -mfloat-abi=hard -mthumb -o "Core/Src/main.o"
../Core/UserCC/Trace_PID.c: In function 'Get_Sensor_Trace':
../Core/UserCC/Trace_PID.c:13:32: error: 'hi2c3' undeclared (first use in this function)
   13 |     HAL_I2C_Master_Receive_IT(&hi2c3, SLAVE_ADDRESS << 1, &data_read, 1);
      |                                ^~~~~
../Core/UserCC/Trace_PID.c:13:32: note: each undeclared identifier is reported only once for each function it appears in
make: *** [Core/UserCC/subdir.mk:46: Core/UserCC/Trace_PID.o] Error 1
make: *** Waiting for unfinished jobs....
"make -j12 all" terminated with exit code 2. Build might be incomplete.
21:37:28 **** Incremental Build of configuration Debug for project Myproject ****
make -j12 all 
arm-none-eabi-size  Myproject.elf 
   text	   data	    bss	    dec	    hex	filename
  44020	    468	   4132	  48620	   bdec	Myproject.elf
已结束构建： default.size.stdout
 
21:37:29 **** Incremental Build of configuration Debug for project STM32F407VGT6 ****
make -j12 all 
arm-none-eabi-gcc "../Core/UserCC/Trace_PID.c" -mcpu=cortex-m4 -std=gnu11 -g3 -DDEBUG -DUSE_HAL_DRIVER -DSTM32F407xx -c -I../Core/Inc -I../Drivers/STM32F4xx_HAL_Driver/Inc -I../Drivers/STM32F4xx_HAL_Driver/Inc/Legacy -I../Drivers/CMSIS/Device/ST/STM32F4xx/Include -I../Drivers/CMSIS/Include -I../Core/UserCC -I../Core/UserHH -O0 -ffunction-sections -fdata-sections -Wall -fstack-usage -fcyclomatic-complexity -MMD -MP -MF"Core/UserCC/Trace_PID.d" -MT"Core/UserCC/Trace_PID.o" --specs=nano.specs -mfpu=fpv4-sp-d16 -mfloat-abi=hard -mthumb -o "Core/UserCC/Trace_PID.o"
arm-none-eabi-gcc -o "STM32F407VGT6.elf" @"objects.list"   -mcpu=cortex-m4 -T"A:\git\WYHCODE\PROJECT\STM32F407VGT6\STM32F407VGTX_FLASH.ld" --specs=nosys.specs -Wl,-Map="STM32F407VGT6.map" -Wl,--gc-sections -static --specs=nano.specs -mfpu=fpv4-sp-d16 -mfloat-abi=hard -mthumb -u _printf_float -u _scanf_float -Wl,--start-group -lc -lm -Wl,--end-group
已结束构建目标： STM32F407VGT6.elf
 
arm-none-eabi-size  STM32F407VGT6.elf 
arm-none-eabi-objdump -h -S STM32F407VGT6.elf  > "STM32F407VGT6.list"
   text	   data	    bss	    dec	    hex	filename
  57156	    500	   6572	  64228	   fae4	STM32F407VGT6.elf
已结束构建： default.size.stdout
 
已结束构建： STM32F407VGT6.list
 
21:37:33 **** Incremental Build of configuration Debug for project STM32F407VGT6 ****
make -j12 all 
arm-none-eabi-size  STM32F407VGT6.elf 
   text	   data	    bss	    dec	    hex	filename
  57156	    500	   6572	  64228	   fae4	STM32F407VGT6.elf
已结束构建： default.size.stdout
 
21:42:00 **** Incremental Build of configuration Debug for project STM32F407VGT6 ****
make -j12 all 
arm-none-eabi-gcc "../Core/Src/main.c" -mcpu=cortex-m4 -std=gnu11 -g3 -DDEBUG -DUSE_HAL_DRIVER -DSTM32F407xx -c -I../Core/Inc -I../Drivers/STM32F4xx_HAL_Driver/Inc -I../Drivers/STM32F4xx_HAL_Driver/Inc/Legacy -I../Drivers/CMSIS/Device/ST/STM32F4xx/Include -I../Drivers/CMSIS/Include -I../Core/UserCC -I../Core/UserHH -O0 -ffunction-sections -fdata-sections -Wall -fstack-usage -fcyclomatic-complexity -MMD -MP -MF"Core/Src/main.d" -MT"Core/Src/main.o" --specs=nano.specs -mfpu=fpv4-sp-d16 -mfloat-abi=hard -mthumb -o "Core/Src/main.o"
arm-none-eabi-gcc -o "STM32F407VGT6.elf" @"objects.list"   -mcpu=cortex-m4 -T"A:\git\WYHCODE\PROJECT\STM32F407VGT6\STM32F407VGTX_FLASH.ld" --specs=nosys.specs -Wl,-Map="STM32F407VGT6.map" -Wl,--gc-sections -static --specs=nano.specs -mfpu=fpv4-sp-d16 -mfloat-abi=hard -mthumb -u _printf_float -u _scanf_float -Wl,--start-group -lc -lm -Wl,--end-group
已结束构建目标： STM32F407VGT6.elf
 
arm-none-eabi-size  STM32F407VGT6.elf 
arm-none-eabi-objdump -h -S STM32F407VGT6.elf  > "STM32F407VGT6.list"
   text	   data	    bss	    dec	    hex	filename
  57156	    500	   6572	  64228	   fae4	STM32F407VGT6.elf
已结束构建： default.size.stdout
 
已结束构建： STM32F407VGT6.list
 
21:51:50 **** Incremental Build of configuration Debug for project STM32F407VGT6 ****
make -j12 all 
arm-none-eabi-gcc "../Core/Src/main.c" -mcpu=cortex-m4 -std=gnu11 -g3 -DDEBUG -DUSE_HAL_DRIVER -DSTM32F407xx -c -I../Core/Inc -I../Drivers/STM32F4xx_HAL_Driver/Inc -I../Drivers/STM32F4xx_HAL_Driver/Inc/Legacy -I../Drivers/CMSIS/Device/ST/STM32F4xx/Include -I../Drivers/CMSIS/Include -I../Core/UserCC -I../Core/UserHH -O0 -ffunction-sections -fdata-sections -Wall -fstack-usage -fcyclomatic-complexity -MMD -MP -MF"Core/Src/main.d" -MT"Core/Src/main.o" --specs=nano.specs -mfpu=fpv4-sp-d16 -mfloat-abi=hard -mthumb -o "Core/Src/main.o"
arm-none-eabi-gcc -o "STM32F407VGT6.elf" @"objects.list"   -mcpu=cortex-m4 -T"A:\git\WYHCODE\PROJECT\STM32F407VGT6\STM32F407VGTX_FLASH.ld" --specs=nosys.specs -Wl,-Map="STM32F407VGT6.map" -Wl,--gc-sections -static --specs=nano.specs -mfpu=fpv4-sp-d16 -mfloat-abi=hard -mthumb -u _printf_float -u _scanf_float -Wl,--start-group -lc -lm -Wl,--end-group
已结束构建目标： STM32F407VGT6.elf
 
arm-none-eabi-size  STM32F407VGT6.elf 
arm-none-eabi-objdump -h -S STM32F407VGT6.elf  > "STM32F407VGT6.list"
   text	   data	    bss	    dec	    hex	filename
  57164	    500	   6572	  64236	   faec	STM32F407VGT6.elf
已结束构建： default.size.stdout
 
已结束构建： STM32F407VGT6.list
 
21:52:13 **** Incremental Build of configuration Debug for project STM32F407VGT6 ****
make -j12 all 
arm-none-eabi-size  STM32F407VGT6.elf 
   text	   data	    bss	    dec	    hex	filename
  57164	    500	   6572	  64236	   faec	STM32F407VGT6.elf
已结束构建： default.size.stdout
 
21:54:36 **** Incremental Build of configuration Debug for project STM32F407VGT6 ****
make -j12 all 
arm-none-eabi-gcc "../Core/Src/main.c" -mcpu=cortex-m4 -std=gnu11 -g3 -DDEBUG -DUSE_HAL_DRIVER -DSTM32F407xx -c -I../Core/Inc -I../Drivers/STM32F4xx_HAL_Driver/Inc -I../Drivers/STM32F4xx_HAL_Driver/Inc/Legacy -I../Drivers/CMSIS/Device/ST/STM32F4xx/Include -I../Drivers/CMSIS/Include -I../Core/UserCC -I../Core/UserHH -O0 -ffunction-sections -fdata-sections -Wall -fstack-usage -fcyclomatic-complexity -MMD -MP -MF"Core/Src/main.d" -MT"Core/Src/main.o" --specs=nano.specs -mfpu=fpv4-sp-d16 -mfloat-abi=hard -mthumb -o "Core/Src/main.o"
arm-none-eabi-gcc "../Core/Src/tim.c" -mcpu=cortex-m4 -std=gnu11 -g3 -DDEBUG -DUSE_HAL_DRIVER -DSTM32F407xx -c -I../Core/Inc -I../Drivers/STM32F4xx_HAL_Driver/Inc -I../Drivers/STM32F4xx_HAL_Driver/Inc/Legacy -I../Drivers/CMSIS/Device/ST/STM32F4xx/Include -I../Drivers/CMSIS/Include -I../Core/UserCC -I../Core/UserHH -O0 -ffunction-sections -fdata-sections -Wall -fstack-usage -fcyclomatic-complexity -MMD -MP -MF"Core/Src/tim.d" -MT"Core/Src/tim.o" --specs=nano.specs -mfpu=fpv4-sp-d16 -mfloat-abi=hard -mthumb -o "Core/Src/tim.o"
arm-none-eabi-gcc -o "STM32F407VGT6.elf" @"objects.list"   -mcpu=cortex-m4 -T"A:\git\WYHCODE\PROJECT\STM32F407VGT6\STM32F407VGTX_FLASH.ld" --specs=nosys.specs -Wl,-Map="STM32F407VGT6.map" -Wl,--gc-sections -static --specs=nano.specs -mfpu=fpv4-sp-d16 -mfloat-abi=hard -mthumb -u _printf_float -u _scanf_float -Wl,--start-group -lc -lm -Wl,--end-group
已结束构建目标： STM32F407VGT6.elf
 
arm-none-eabi-size  STM32F407VGT6.elf 
arm-none-eabi-objdump -h -S STM32F407VGT6.elf  > "STM32F407VGT6.list"
   text	   data	    bss	    dec	    hex	filename
  57300	    500	   6644	  64444	   fbbc	STM32F407VGT6.elf
已结束构建： default.size.stdout
 
已结束构建： STM32F407VGT6.list
 
21:54:58 **** Incremental Build of configuration Debug for project STM32F407VGT6 ****
make -j12 all 
arm-none-eabi-size  STM32F407VGT6.elf 
   text	   data	    bss	    dec	    hex	filename
  57300	    500	   6644	  64444	   fbbc	STM32F407VGT6.elf
已结束构建： default.size.stdout
 
21:55:30 **** Incremental Build of configuration Debug for project STM32F407VGT6 ****
make -j12 all 
arm-none-eabi-gcc "../Core/Src/main.c" -mcpu=cortex-m4 -std=gnu11 -g3 -DDEBUG -DUSE_HAL_DRIVER -DSTM32F407xx -c -I../Core/Inc -I../Drivers/STM32F4xx_HAL_Driver/Inc -I../Drivers/STM32F4xx_HAL_Driver/Inc/Legacy -I../Drivers/CMSIS/Device/ST/STM32F4xx/Include -I../Drivers/CMSIS/Include -I../Core/UserCC -I../Core/UserHH -O0 -ffunction-sections -fdata-sections -Wall -fstack-usage -fcyclomatic-complexity -MMD -MP -MF"Core/Src/main.d" -MT"Core/Src/main.o" --specs=nano.specs -mfpu=fpv4-sp-d16 -mfloat-abi=hard -mthumb -o "Core/Src/main.o"
arm-none-eabi-gcc -o "STM32F407VGT6.elf" @"objects.list"   -mcpu=cortex-m4 -T"A:\git\WYHCODE\PROJECT\STM32F407VGT6\STM32F407VGTX_FLASH.ld" --specs=nosys.specs -Wl,-Map="STM32F407VGT6.map" -Wl,--gc-sections -static --specs=nano.specs -mfpu=fpv4-sp-d16 -mfloat-abi=hard -mthumb -u _printf_float -u _scanf_float -Wl,--start-group -lc -lm -Wl,--end-group
已结束构建目标： STM32F407VGT6.elf
 
arm-none-eabi-size  STM32F407VGT6.elf 
arm-none-eabi-objdump -h -S STM32F407VGT6.elf  > "STM32F407VGT6.list"
   text	   data	    bss	    dec	    hex	filename
  57308	    500	   6644	  64452	   fbc4	STM32F407VGT6.elf
已结束构建： default.size.stdout
 
已结束构建： STM32F407VGT6.list
 
21:56:06 **** Incremental Build of configuration Debug for project STM32F407VGT6 ****
make -j12 all 
arm-none-eabi-size  STM32F407VGT6.elf 
   text	   data	    bss	    dec	    hex	filename
  57308	    500	   6644	  64452	   fbc4	STM32F407VGT6.elf
已结束构建： default.size.stdout
 
21:56:20 **** Incremental Build of configuration Debug for project STM32F407VGT6 ****
make -j12 all 
arm-none-eabi-size  STM32F407VGT6.elf 
   text	   data	    bss	    dec	    hex	filename
  57308	    500	   6644	  64452	   fbc4	STM32F407VGT6.elf
已结束构建： default.size.stdout
 
21:58:58 **** Incremental Build of configuration Debug for project STM32F407VGT6 ****
make -j12 all 
arm-none-eabi-gcc "../Core/Src/main.c" -mcpu=cortex-m4 -std=gnu11 -g3 -DDEBUG -DUSE_HAL_DRIVER -DSTM32F407xx -c -I../Core/Inc -I../Drivers/STM32F4xx_HAL_Driver/Inc -I../Drivers/STM32F4xx_HAL_Driver/Inc/Legacy -I../Drivers/CMSIS/Device/ST/STM32F4xx/Include -I../Drivers/CMSIS/Include -I../Core/UserCC -I../Core/UserHH -O0 -ffunction-sections -fdata-sections -Wall -fstack-usage -fcyclomatic-complexity -MMD -MP -MF"Core/Src/main.d" -MT"Core/Src/main.o" --specs=nano.specs -mfpu=fpv4-sp-d16 -mfloat-abi=hard -mthumb -o "Core/Src/main.o"
arm-none-eabi-gcc -o "STM32F407VGT6.elf" @"objects.list"   -mcpu=cortex-m4 -T"A:\git\WYHCODE\PROJECT\STM32F407VGT6\STM32F407VGTX_FLASH.ld" --specs=nosys.specs -Wl,-Map="STM32F407VGT6.map" -Wl,--gc-sections -static --specs=nano.specs -mfpu=fpv4-sp-d16 -mfloat-abi=hard -mthumb -u _printf_float -u _scanf_float -Wl,--start-group -lc -lm -Wl,--end-group
已结束构建目标： STM32F407VGT6.elf
 
arm-none-eabi-size  STM32F407VGT6.elf 
arm-none-eabi-objdump -h -S STM32F407VGT6.elf  > "STM32F407VGT6.list"
   text	   data	    bss	    dec	    hex	filename
  57500	    500	   6644	  64644	   fc84	STM32F407VGT6.elf
已结束构建： default.size.stdout
 
已结束构建： STM32F407VGT6.list
 
21:59:18 **** Incremental Build of configuration Debug for project STM32F407VGT6 ****
make -j12 all 
arm-none-eabi-gcc "../Core/Src/main.c" -mcpu=cortex-m4 -std=gnu11 -g3 -DDEBUG -DUSE_HAL_DRIVER -DSTM32F407xx -c -I../Core/Inc -I../Drivers/STM32F4xx_HAL_Driver/Inc -I../Drivers/STM32F4xx_HAL_Driver/Inc/Legacy -I../Drivers/CMSIS/Device/ST/STM32F4xx/Include -I../Drivers/CMSIS/Include -I../Core/UserCC -I../Core/UserHH -O0 -ffunction-sections -fdata-sections -Wall -fstack-usage -fcyclomatic-complexity -MMD -MP -MF"Core/Src/main.d" -MT"Core/Src/main.o" --specs=nano.specs -mfpu=fpv4-sp-d16 -mfloat-abi=hard -mthumb -o "Core/Src/main.o"
arm-none-eabi-gcc -o "STM32F407VGT6.elf" @"objects.list"   -mcpu=cortex-m4 -T"A:\git\WYHCODE\PROJECT\STM32F407VGT6\STM32F407VGTX_FLASH.ld" --specs=nosys.specs -Wl,-Map="STM32F407VGT6.map" -Wl,--gc-sections -static --specs=nano.specs -mfpu=fpv4-sp-d16 -mfloat-abi=hard -mthumb -u _printf_float -u _scanf_float -Wl,--start-group -lc -lm -Wl,--end-group
已结束构建目标： STM32F407VGT6.elf
 
arm-none-eabi-size  STM32F407VGT6.elf 
arm-none-eabi-objdump -h -S STM32F407VGT6.elf  > "STM32F407VGT6.list"
   text	   data	    bss	    dec	    hex	filename
  57500	    500	   6644	  64644	   fc84	STM32F407VGT6.elf
已结束构建： default.size.stdout
 
已结束构建： STM32F407VGT6.list
 
