08:09:42 **** Incremental Build of configuration Debug for project STM32F407VGT6 ****
make -j12 all 
arm-none-eabi-gcc "../Core/Src/main.c" -mcpu=cortex-m4 -std=gnu11 -g3 -DDEBUG -DUSE_HAL_DRIVER -DSTM32F407xx -c -I../Core/Inc -I../Drivers/STM32F4xx_HAL_Driver/Inc -I../Drivers/STM32F4xx_HAL_Driver/Inc/Legacy -I../Drivers/CMSIS/Device/ST/STM32F4xx/Include -I../Drivers/CMSIS/Include -I../Core/UserCC -I../Core/UserHH -O0 -ffunction-sections -fdata-sections -Wall -fstack-usage -fcyclomatic-complexity -MMD -MP -MF"Core/Src/main.d" -MT"Core/Src/main.o" --specs=nano.specs -mfpu=fpv4-sp-d16 -mfloat-abi=hard -mthumb -o "Core/Src/main.o"
arm-none-eabi-gcc -o "STM32F407VGT6.elf" @"objects.list"   -mcpu=cortex-m4 -T"A:\git\WYHCODE\PROJECT\STM32F407VGT6\STM32F407VGTX_FLASH.ld" --specs=nosys.specs -Wl,-Map="STM32F407VGT6.map" -Wl,--gc-sections -static --specs=nano.specs -mfpu=fpv4-sp-d16 -mfloat-abi=hard -mthumb -u _printf_float -u _scanf_float -Wl,--start-group -lc -lm -Wl,--end-group
已结束构建目标： STM32F407VGT6.elf
 
arm-none-eabi-size  STM32F407VGT6.elf 
arm-none-eabi-objdump -h -S STM32F407VGT6.elf  > "STM32F407VGT6.list"
   text	   data	    bss	    dec	    hex	filename
  53692	    500	   6156	  60348	   ebbc	STM32F407VGT6.elf
已结束构建： default.size.stdout
 
已结束构建： STM32F407VGT6.list
 
15:48:02 **** Incremental Build of configuration Debug for project STM32F407VGT6 ****
make -j12 all 
arm-none-eabi-gcc "../Core/Src/main.c" -mcpu=cortex-m4 -std=gnu11 -g3 -DDEBUG -DUSE_HAL_DRIVER -DSTM32F407xx -c -I../Core/Inc -I../Drivers/STM32F4xx_HAL_Driver/Inc -I../Drivers/STM32F4xx_HAL_Driver/Inc/Legacy -I../Drivers/CMSIS/Device/ST/STM32F4xx/Include -I../Drivers/CMSIS/Include -I../Core/UserCC -I../Core/UserHH -O0 -ffunction-sections -fdata-sections -Wall -fstack-usage -fcyclomatic-complexity -MMD -MP -MF"Core/Src/main.d" -MT"Core/Src/main.o" --specs=nano.specs -mfpu=fpv4-sp-d16 -mfloat-abi=hard -mthumb -o "Core/Src/main.o"
arm-none-eabi-gcc -o "STM32F407VGT6.elf" @"objects.list"   -mcpu=cortex-m4 -T"A:\git\WYHCODE\PROJECT\STM32F407VGT6\STM32F407VGTX_FLASH.ld" --specs=nosys.specs -Wl,-Map="STM32F407VGT6.map" -Wl,--gc-sections -static --specs=nano.specs -mfpu=fpv4-sp-d16 -mfloat-abi=hard -mthumb -u _printf_float -u _scanf_float -Wl,--start-group -lc -lm -Wl,--end-group
已结束构建目标： STM32F407VGT6.elf
 
arm-none-eabi-size  STM32F407VGT6.elf 
arm-none-eabi-objdump -h -S STM32F407VGT6.elf  > "STM32F407VGT6.list"
   text	   data	    bss	    dec	    hex	filename
  53788	    500	   6156	  60444	   ec1c	STM32F407VGT6.elf
已结束构建： default.size.stdout
 
已结束构建： STM32F407VGT6.list
 
15:48:26 **** Incremental Build of configuration Debug for project STM32F407VGT6 ****
make -j12 all 
arm-none-eabi-gcc "../Core/Src/main.c" -mcpu=cortex-m4 -std=gnu11 -g3 -DDEBUG -DUSE_HAL_DRIVER -DSTM32F407xx -c -I../Core/Inc -I../Drivers/STM32F4xx_HAL_Driver/Inc -I../Drivers/STM32F4xx_HAL_Driver/Inc/Legacy -I../Drivers/CMSIS/Device/ST/STM32F4xx/Include -I../Drivers/CMSIS/Include -I../Core/UserCC -I../Core/UserHH -O0 -ffunction-sections -fdata-sections -Wall -fstack-usage -fcyclomatic-complexity -MMD -MP -MF"Core/Src/main.d" -MT"Core/Src/main.o" --specs=nano.specs -mfpu=fpv4-sp-d16 -mfloat-abi=hard -mthumb -o "Core/Src/main.o"
arm-none-eabi-gcc -o "STM32F407VGT6.elf" @"objects.list"   -mcpu=cortex-m4 -T"A:\git\WYHCODE\PROJECT\STM32F407VGT6\STM32F407VGTX_FLASH.ld" --specs=nosys.specs -Wl,-Map="STM32F407VGT6.map" -Wl,--gc-sections -static --specs=nano.specs -mfpu=fpv4-sp-d16 -mfloat-abi=hard -mthumb -u _printf_float -u _scanf_float -Wl,--start-group -lc -lm -Wl,--end-group
已结束构建目标： STM32F407VGT6.elf
 
arm-none-eabi-size  STM32F407VGT6.elf 
arm-none-eabi-objdump -h -S STM32F407VGT6.elf  > "STM32F407VGT6.list"
   text	   data	    bss	    dec	    hex	filename
  53788	    500	   6156	  60444	   ec1c	STM32F407VGT6.elf
已结束构建： default.size.stdout
 
已结束构建： STM32F407VGT6.list
 
15:48:52 **** Incremental Build of configuration Debug for project STM32F407VGT6 ****
make -j12 all 
arm-none-eabi-gcc "../Core/Src/main.c" -mcpu=cortex-m4 -std=gnu11 -g3 -DDEBUG -DUSE_HAL_DRIVER -DSTM32F407xx -c -I../Core/Inc -I../Drivers/STM32F4xx_HAL_Driver/Inc -I../Drivers/STM32F4xx_HAL_Driver/Inc/Legacy -I../Drivers/CMSIS/Device/ST/STM32F4xx/Include -I../Drivers/CMSIS/Include -I../Core/UserCC -I../Core/UserHH -O0 -ffunction-sections -fdata-sections -Wall -fstack-usage -fcyclomatic-complexity -MMD -MP -MF"Core/Src/main.d" -MT"Core/Src/main.o" --specs=nano.specs -mfpu=fpv4-sp-d16 -mfloat-abi=hard -mthumb -o "Core/Src/main.o"
arm-none-eabi-gcc -o "STM32F407VGT6.elf" @"objects.list"   -mcpu=cortex-m4 -T"A:\git\WYHCODE\PROJECT\STM32F407VGT6\STM32F407VGTX_FLASH.ld" --specs=nosys.specs -Wl,-Map="STM32F407VGT6.map" -Wl,--gc-sections -static --specs=nano.specs -mfpu=fpv4-sp-d16 -mfloat-abi=hard -mthumb -u _printf_float -u _scanf_float -Wl,--start-group -lc -lm -Wl,--end-group
已结束构建目标： STM32F407VGT6.elf
 
arm-none-eabi-size  STM32F407VGT6.elf 
arm-none-eabi-objdump -h -S STM32F407VGT6.elf  > "STM32F407VGT6.list"
   text	   data	    bss	    dec	    hex	filename
  53788	    500	   6156	  60444	   ec1c	STM32F407VGT6.elf
已结束构建： default.size.stdout
 
已结束构建： STM32F407VGT6.list
 
15:51:53 **** Incremental Build of configuration Debug for project STM32F407VGT6 ****
make -j12 all 
arm-none-eabi-gcc "../Core/UserCC/servo.c" -mcpu=cortex-m4 -std=gnu11 -g3 -DDEBUG -DUSE_HAL_DRIVER -DSTM32F407xx -c -I../Core/Inc -I../Drivers/STM32F4xx_HAL_Driver/Inc -I../Drivers/STM32F4xx_HAL_Driver/Inc/Legacy -I../Drivers/CMSIS/Device/ST/STM32F4xx/Include -I../Drivers/CMSIS/Include -I../Core/UserCC -I../Core/UserHH -O0 -ffunction-sections -fdata-sections -Wall -fstack-usage -fcyclomatic-complexity -MMD -MP -MF"Core/UserCC/servo.d" -MT"Core/UserCC/servo.o" --specs=nano.specs -mfpu=fpv4-sp-d16 -mfloat-abi=hard -mthumb -o "Core/UserCC/servo.o"
arm-none-eabi-gcc "../Core/Src/main.c" -mcpu=cortex-m4 -std=gnu11 -g3 -DDEBUG -DUSE_HAL_DRIVER -DSTM32F407xx -c -I../Core/Inc -I../Drivers/STM32F4xx_HAL_Driver/Inc -I../Drivers/STM32F4xx_HAL_Driver/Inc/Legacy -I../Drivers/CMSIS/Device/ST/STM32F4xx/Include -I../Drivers/CMSIS/Include -I../Core/UserCC -I../Core/UserHH -O0 -ffunction-sections -fdata-sections -Wall -fstack-usage -fcyclomatic-complexity -MMD -MP -MF"Core/Src/main.d" -MT"Core/Src/main.o" --specs=nano.specs -mfpu=fpv4-sp-d16 -mfloat-abi=hard -mthumb -o "Core/Src/main.o"
arm-none-eabi-gcc -o "STM32F407VGT6.elf" @"objects.list"   -mcpu=cortex-m4 -T"A:\git\WYHCODE\PROJECT\STM32F407VGT6\STM32F407VGTX_FLASH.ld" --specs=nosys.specs -Wl,-Map="STM32F407VGT6.map" -Wl,--gc-sections -static --specs=nano.specs -mfpu=fpv4-sp-d16 -mfloat-abi=hard -mthumb -u _printf_float -u _scanf_float -Wl,--start-group -lc -lm -Wl,--end-group
已结束构建目标： STM32F407VGT6.elf
 
arm-none-eabi-size  STM32F407VGT6.elf 
arm-none-eabi-objdump -h -S STM32F407VGT6.elf  > "STM32F407VGT6.list"
   text	   data	    bss	    dec	    hex	filename
  53764	    500	   6156	  60420	   ec04	STM32F407VGT6.elf
已结束构建： default.size.stdout
 
已结束构建： STM32F407VGT6.list
 
15:52:15 **** Incremental Build of configuration Debug for project STM32F407VGT6 ****
make -j12 all 
arm-none-eabi-gcc "../Core/Src/main.c" -mcpu=cortex-m4 -std=gnu11 -g3 -DDEBUG -DUSE_HAL_DRIVER -DSTM32F407xx -c -I../Core/Inc -I../Drivers/STM32F4xx_HAL_Driver/Inc -I../Drivers/STM32F4xx_HAL_Driver/Inc/Legacy -I../Drivers/CMSIS/Device/ST/STM32F4xx/Include -I../Drivers/CMSIS/Include -I../Core/UserCC -I../Core/UserHH -O0 -ffunction-sections -fdata-sections -Wall -fstack-usage -fcyclomatic-complexity -MMD -MP -MF"Core/Src/main.d" -MT"Core/Src/main.o" --specs=nano.specs -mfpu=fpv4-sp-d16 -mfloat-abi=hard -mthumb -o "Core/Src/main.o"
arm-none-eabi-gcc -o "STM32F407VGT6.elf" @"objects.list"   -mcpu=cortex-m4 -T"A:\git\WYHCODE\PROJECT\STM32F407VGT6\STM32F407VGTX_FLASH.ld" --specs=nosys.specs -Wl,-Map="STM32F407VGT6.map" -Wl,--gc-sections -static --specs=nano.specs -mfpu=fpv4-sp-d16 -mfloat-abi=hard -mthumb -u _printf_float -u _scanf_float -Wl,--start-group -lc -lm -Wl,--end-group
已结束构建目标： STM32F407VGT6.elf
 
arm-none-eabi-size  STM32F407VGT6.elf 
arm-none-eabi-objdump -h -S STM32F407VGT6.elf  > "STM32F407VGT6.list"
   text	   data	    bss	    dec	    hex	filename
  53764	    500	   6156	  60420	   ec04	STM32F407VGT6.elf
已结束构建： default.size.stdout
 
已结束构建： STM32F407VGT6.list
 
16:21:33 **** Incremental Build of configuration Debug for project STM32F407VGT6 ****
make -j12 all 
arm-none-eabi-gcc "../Core/UserCC/servo.c" -mcpu=cortex-m4 -std=gnu11 -g3 -DDEBUG -DUSE_HAL_DRIVER -DSTM32F407xx -c -I../Core/Inc -I../Drivers/STM32F4xx_HAL_Driver/Inc -I../Drivers/STM32F4xx_HAL_Driver/Inc/Legacy -I../Drivers/CMSIS/Device/ST/STM32F4xx/Include -I../Drivers/CMSIS/Include -I../Core/UserCC -I../Core/UserHH -O0 -ffunction-sections -fdata-sections -Wall -fstack-usage -fcyclomatic-complexity -MMD -MP -MF"Core/UserCC/servo.d" -MT"Core/UserCC/servo.o" --specs=nano.specs -mfpu=fpv4-sp-d16 -mfloat-abi=hard -mthumb -o "Core/UserCC/servo.o"
arm-none-eabi-gcc "../Core/Src/main.c" -mcpu=cortex-m4 -std=gnu11 -g3 -DDEBUG -DUSE_HAL_DRIVER -DSTM32F407xx -c -I../Core/Inc -I../Drivers/STM32F4xx_HAL_Driver/Inc -I../Drivers/STM32F4xx_HAL_Driver/Inc/Legacy -I../Drivers/CMSIS/Device/ST/STM32F4xx/Include -I../Drivers/CMSIS/Include -I../Core/UserCC -I../Core/UserHH -O0 -ffunction-sections -fdata-sections -Wall -fstack-usage -fcyclomatic-complexity -MMD -MP -MF"Core/Src/main.d" -MT"Core/Src/main.o" --specs=nano.specs -mfpu=fpv4-sp-d16 -mfloat-abi=hard -mthumb -o "Core/Src/main.o"
arm-none-eabi-gcc -o "STM32F407VGT6.elf" @"objects.list"   -mcpu=cortex-m4 -T"A:\git\WYHCODE\PROJECT\STM32F407VGT6\STM32F407VGTX_FLASH.ld" --specs=nosys.specs -Wl,-Map="STM32F407VGT6.map" -Wl,--gc-sections -static --specs=nano.specs -mfpu=fpv4-sp-d16 -mfloat-abi=hard -mthumb -u _printf_float -u _scanf_float -Wl,--start-group -lc -lm -Wl,--end-group
已结束构建目标： STM32F407VGT6.elf
 
arm-none-eabi-size  STM32F407VGT6.elf 
arm-none-eabi-objdump -h -S STM32F407VGT6.elf  > "STM32F407VGT6.list"
   text	   data	    bss	    dec	    hex	filename
  53676	    500	   6156	  60332	   ebac	STM32F407VGT6.elf
已结束构建： default.size.stdout
 
已结束构建： STM32F407VGT6.list
 
16:21:58 **** Incremental Build of configuration Debug for project STM32F407VGT6 ****
make -j12 all 
arm-none-eabi-gcc "../Core/Src/main.c" -mcpu=cortex-m4 -std=gnu11 -g3 -DDEBUG -DUSE_HAL_DRIVER -DSTM32F407xx -c -I../Core/Inc -I../Drivers/STM32F4xx_HAL_Driver/Inc -I../Drivers/STM32F4xx_HAL_Driver/Inc/Legacy -I../Drivers/CMSIS/Device/ST/STM32F4xx/Include -I../Drivers/CMSIS/Include -I../Core/UserCC -I../Core/UserHH -O0 -ffunction-sections -fdata-sections -Wall -fstack-usage -fcyclomatic-complexity -MMD -MP -MF"Core/Src/main.d" -MT"Core/Src/main.o" --specs=nano.specs -mfpu=fpv4-sp-d16 -mfloat-abi=hard -mthumb -o "Core/Src/main.o"
arm-none-eabi-gcc -o "STM32F407VGT6.elf" @"objects.list"   -mcpu=cortex-m4 -T"A:\git\WYHCODE\PROJECT\STM32F407VGT6\STM32F407VGTX_FLASH.ld" --specs=nosys.specs -Wl,-Map="STM32F407VGT6.map" -Wl,--gc-sections -static --specs=nano.specs -mfpu=fpv4-sp-d16 -mfloat-abi=hard -mthumb -u _printf_float -u _scanf_float -Wl,--start-group -lc -lm -Wl,--end-group
已结束构建目标： STM32F407VGT6.elf
 
arm-none-eabi-size  STM32F407VGT6.elf 
arm-none-eabi-objdump -h -S STM32F407VGT6.elf  > "STM32F407VGT6.list"
   text	   data	    bss	    dec	    hex	filename
  53676	    500	   6156	  60332	   ebac	STM32F407VGT6.elf
已结束构建： default.size.stdout
 
已结束构建： STM32F407VGT6.list
 
16:22:20 **** Incremental Build of configuration Debug for project STM32F407VGT6 ****
make -j12 all 
arm-none-eabi-size  STM32F407VGT6.elf 
   text	   data	    bss	    dec	    hex	filename
  53676	    500	   6156	  60332	   ebac	STM32F407VGT6.elf
已结束构建： default.size.stdout
 
16:23:00 **** Incremental Build of configuration Debug for project STM32F407VGT6 ****
make -j12 all 
arm-none-eabi-gcc "../Core/Src/main.c" -mcpu=cortex-m4 -std=gnu11 -g3 -DDEBUG -DUSE_HAL_DRIVER -DSTM32F407xx -c -I../Core/Inc -I../Drivers/STM32F4xx_HAL_Driver/Inc -I../Drivers/STM32F4xx_HAL_Driver/Inc/Legacy -I../Drivers/CMSIS/Device/ST/STM32F4xx/Include -I../Drivers/CMSIS/Include -I../Core/UserCC -I../Core/UserHH -O0 -ffunction-sections -fdata-sections -Wall -fstack-usage -fcyclomatic-complexity -MMD -MP -MF"Core/Src/main.d" -MT"Core/Src/main.o" --specs=nano.specs -mfpu=fpv4-sp-d16 -mfloat-abi=hard -mthumb -o "Core/Src/main.o"
arm-none-eabi-gcc -o "STM32F407VGT6.elf" @"objects.list"   -mcpu=cortex-m4 -T"A:\git\WYHCODE\PROJECT\STM32F407VGT6\STM32F407VGTX_FLASH.ld" --specs=nosys.specs -Wl,-Map="STM32F407VGT6.map" -Wl,--gc-sections -static --specs=nano.specs -mfpu=fpv4-sp-d16 -mfloat-abi=hard -mthumb -u _printf_float -u _scanf_float -Wl,--start-group -lc -lm -Wl,--end-group
已结束构建目标： STM32F407VGT6.elf
 
arm-none-eabi-size  STM32F407VGT6.elf 
arm-none-eabi-objdump -h -S STM32F407VGT6.elf  > "STM32F407VGT6.list"
   text	   data	    bss	    dec	    hex	filename
  53684	    500	   6156	  60340	   ebb4	STM32F407VGT6.elf
已结束构建： default.size.stdout
 
已结束构建： STM32F407VGT6.list
 
16:23:36 **** Incremental Build of configuration Debug for project STM32F407VGT6 ****
make -j12 all 
arm-none-eabi-gcc "../Core/Src/main.c" -mcpu=cortex-m4 -std=gnu11 -g3 -DDEBUG -DUSE_HAL_DRIVER -DSTM32F407xx -c -I../Core/Inc -I../Drivers/STM32F4xx_HAL_Driver/Inc -I../Drivers/STM32F4xx_HAL_Driver/Inc/Legacy -I../Drivers/CMSIS/Device/ST/STM32F4xx/Include -I../Drivers/CMSIS/Include -I../Core/UserCC -I../Core/UserHH -O0 -ffunction-sections -fdata-sections -Wall -fstack-usage -fcyclomatic-complexity -MMD -MP -MF"Core/Src/main.d" -MT"Core/Src/main.o" --specs=nano.specs -mfpu=fpv4-sp-d16 -mfloat-abi=hard -mthumb -o "Core/Src/main.o"
arm-none-eabi-gcc -o "STM32F407VGT6.elf" @"objects.list"   -mcpu=cortex-m4 -T"A:\git\WYHCODE\PROJECT\STM32F407VGT6\STM32F407VGTX_FLASH.ld" --specs=nosys.specs -Wl,-Map="STM32F407VGT6.map" -Wl,--gc-sections -static --specs=nano.specs -mfpu=fpv4-sp-d16 -mfloat-abi=hard -mthumb -u _printf_float -u _scanf_float -Wl,--start-group -lc -lm -Wl,--end-group
已结束构建目标： STM32F407VGT6.elf
 
arm-none-eabi-size  STM32F407VGT6.elf 
arm-none-eabi-objdump -h -S STM32F407VGT6.elf  > "STM32F407VGT6.list"
   text	   data	    bss	    dec	    hex	filename
  53796	    500	   6156	  60452	   ec24	STM32F407VGT6.elf
已结束构建： default.size.stdout
 
已结束构建： STM32F407VGT6.list
 
16:24:07 **** Incremental Build of configuration Debug for project STM32F407VGT6 ****
make -j12 all 
arm-none-eabi-gcc "../Core/Src/main.c" -mcpu=cortex-m4 -std=gnu11 -g3 -DDEBUG -DUSE_HAL_DRIVER -DSTM32F407xx -c -I../Core/Inc -I../Drivers/STM32F4xx_HAL_Driver/Inc -I../Drivers/STM32F4xx_HAL_Driver/Inc/Legacy -I../Drivers/CMSIS/Device/ST/STM32F4xx/Include -I../Drivers/CMSIS/Include -I../Core/UserCC -I../Core/UserHH -O0 -ffunction-sections -fdata-sections -Wall -fstack-usage -fcyclomatic-complexity -MMD -MP -MF"Core/Src/main.d" -MT"Core/Src/main.o" --specs=nano.specs -mfpu=fpv4-sp-d16 -mfloat-abi=hard -mthumb -o "Core/Src/main.o"
arm-none-eabi-gcc -o "STM32F407VGT6.elf" @"objects.list"   -mcpu=cortex-m4 -T"A:\git\WYHCODE\PROJECT\STM32F407VGT6\STM32F407VGTX_FLASH.ld" --specs=nosys.specs -Wl,-Map="STM32F407VGT6.map" -Wl,--gc-sections -static --specs=nano.specs -mfpu=fpv4-sp-d16 -mfloat-abi=hard -mthumb -u _printf_float -u _scanf_float -Wl,--start-group -lc -lm -Wl,--end-group
已结束构建目标： STM32F407VGT6.elf
 
arm-none-eabi-size  STM32F407VGT6.elf 
arm-none-eabi-objdump -h -S STM32F407VGT6.elf  > "STM32F407VGT6.list"
   text	   data	    bss	    dec	    hex	filename
  53796	    500	   6156	  60452	   ec24	STM32F407VGT6.elf
已结束构建： default.size.stdout
 
已结束构建： STM32F407VGT6.list
 
16:24:51 **** Incremental Build of configuration Debug for project STM32F407VGT6 ****
make -j12 all 
arm-none-eabi-gcc "../Core/UserCC/servo.c" -mcpu=cortex-m4 -std=gnu11 -g3 -DDEBUG -DUSE_HAL_DRIVER -DSTM32F407xx -c -I../Core/Inc -I../Drivers/STM32F4xx_HAL_Driver/Inc -I../Drivers/STM32F4xx_HAL_Driver/Inc/Legacy -I../Drivers/CMSIS/Device/ST/STM32F4xx/Include -I../Drivers/CMSIS/Include -I../Core/UserCC -I../Core/UserHH -O0 -ffunction-sections -fdata-sections -Wall -fstack-usage -fcyclomatic-complexity -MMD -MP -MF"Core/UserCC/servo.d" -MT"Core/UserCC/servo.o" --specs=nano.specs -mfpu=fpv4-sp-d16 -mfloat-abi=hard -mthumb -o "Core/UserCC/servo.o"
arm-none-eabi-gcc "../Core/Src/main.c" -mcpu=cortex-m4 -std=gnu11 -g3 -DDEBUG -DUSE_HAL_DRIVER -DSTM32F407xx -c -I../Core/Inc -I../Drivers/STM32F4xx_HAL_Driver/Inc -I../Drivers/STM32F4xx_HAL_Driver/Inc/Legacy -I../Drivers/CMSIS/Device/ST/STM32F4xx/Include -I../Drivers/CMSIS/Include -I../Core/UserCC -I../Core/UserHH -O0 -ffunction-sections -fdata-sections -Wall -fstack-usage -fcyclomatic-complexity -MMD -MP -MF"Core/Src/main.d" -MT"Core/Src/main.o" --specs=nano.specs -mfpu=fpv4-sp-d16 -mfloat-abi=hard -mthumb -o "Core/Src/main.o"
arm-none-eabi-gcc -o "STM32F407VGT6.elf" @"objects.list"   -mcpu=cortex-m4 -T"A:\git\WYHCODE\PROJECT\STM32F407VGT6\STM32F407VGTX_FLASH.ld" --specs=nosys.specs -Wl,-Map="STM32F407VGT6.map" -Wl,--gc-sections -static --specs=nano.specs -mfpu=fpv4-sp-d16 -mfloat-abi=hard -mthumb -u _printf_float -u _scanf_float -Wl,--start-group -lc -lm -Wl,--end-group
已结束构建目标： STM32F407VGT6.elf
 
arm-none-eabi-size  STM32F407VGT6.elf 
arm-none-eabi-objdump -h -S STM32F407VGT6.elf  > "STM32F407VGT6.list"
   text	   data	    bss	    dec	    hex	filename
  53796	    500	   6156	  60452	   ec24	STM32F407VGT6.elf
已结束构建： default.size.stdout
 
已结束构建： STM32F407VGT6.list
 
16:25:09 **** Incremental Build of configuration Debug for project STM32F407VGT6 ****
make -j12 all 
arm-none-eabi-size  STM32F407VGT6.elf 
   text	   data	    bss	    dec	    hex	filename
  53796	    500	   6156	  60452	   ec24	STM32F407VGT6.elf
已结束构建： default.size.stdout
 
16:27:01 **** Incremental Build of configuration Debug for project STM32F407VGT6 ****
make -j12 all 
arm-none-eabi-gcc "../Core/Src/main.c" -mcpu=cortex-m4 -std=gnu11 -g3 -DDEBUG -DUSE_HAL_DRIVER -DSTM32F407xx -c -I../Core/Inc -I../Drivers/STM32F4xx_HAL_Driver/Inc -I../Drivers/STM32F4xx_HAL_Driver/Inc/Legacy -I../Drivers/CMSIS/Device/ST/STM32F4xx/Include -I../Drivers/CMSIS/Include -I../Core/UserCC -I../Core/UserHH -O0 -ffunction-sections -fdata-sections -Wall -fstack-usage -fcyclomatic-complexity -MMD -MP -MF"Core/Src/main.d" -MT"Core/Src/main.o" --specs=nano.specs -mfpu=fpv4-sp-d16 -mfloat-abi=hard -mthumb -o "Core/Src/main.o"
arm-none-eabi-gcc -o "STM32F407VGT6.elf" @"objects.list"   -mcpu=cortex-m4 -T"A:\git\WYHCODE\PROJECT\STM32F407VGT6\STM32F407VGTX_FLASH.ld" --specs=nosys.specs -Wl,-Map="STM32F407VGT6.map" -Wl,--gc-sections -static --specs=nano.specs -mfpu=fpv4-sp-d16 -mfloat-abi=hard -mthumb -u _printf_float -u _scanf_float -Wl,--start-group -lc -lm -Wl,--end-group
已结束构建目标： STM32F407VGT6.elf
 
arm-none-eabi-size  STM32F407VGT6.elf 
arm-none-eabi-objdump -h -S STM32F407VGT6.elf  > "STM32F407VGT6.list"
   text	   data	    bss	    dec	    hex	filename
  53796	    500	   6156	  60452	   ec24	STM32F407VGT6.elf
已结束构建： default.size.stdout
 
已结束构建： STM32F407VGT6.list
 
16:27:44 **** Incremental Build of configuration Debug for project STM32F407VGT6 ****
make -j12 all 
arm-none-eabi-gcc "../Core/Src/main.c" -mcpu=cortex-m4 -std=gnu11 -g3 -DDEBUG -DUSE_HAL_DRIVER -DSTM32F407xx -c -I../Core/Inc -I../Drivers/STM32F4xx_HAL_Driver/Inc -I../Drivers/STM32F4xx_HAL_Driver/Inc/Legacy -I../Drivers/CMSIS/Device/ST/STM32F4xx/Include -I../Drivers/CMSIS/Include -I../Core/UserCC -I../Core/UserHH -O0 -ffunction-sections -fdata-sections -Wall -fstack-usage -fcyclomatic-complexity -MMD -MP -MF"Core/Src/main.d" -MT"Core/Src/main.o" --specs=nano.specs -mfpu=fpv4-sp-d16 -mfloat-abi=hard -mthumb -o "Core/Src/main.o"
arm-none-eabi-gcc -o "STM32F407VGT6.elf" @"objects.list"   -mcpu=cortex-m4 -T"A:\git\WYHCODE\PROJECT\STM32F407VGT6\STM32F407VGTX_FLASH.ld" --specs=nosys.specs -Wl,-Map="STM32F407VGT6.map" -Wl,--gc-sections -static --specs=nano.specs -mfpu=fpv4-sp-d16 -mfloat-abi=hard -mthumb -u _printf_float -u _scanf_float -Wl,--start-group -lc -lm -Wl,--end-group
已结束构建目标： STM32F407VGT6.elf
 
arm-none-eabi-size  STM32F407VGT6.elf 
arm-none-eabi-objdump -h -S STM32F407VGT6.elf  > "STM32F407VGT6.list"
   text	   data	    bss	    dec	    hex	filename
  53796	    500	   6156	  60452	   ec24	STM32F407VGT6.elf
已结束构建： default.size.stdout
 
已结束构建： STM32F407VGT6.list
 
16:28:10 **** Incremental Build of configuration Debug for project STM32F407VGT6 ****
make -j12 all 
arm-none-eabi-gcc "../Core/Src/main.c" -mcpu=cortex-m4 -std=gnu11 -g3 -DDEBUG -DUSE_HAL_DRIVER -DSTM32F407xx -c -I../Core/Inc -I../Drivers/STM32F4xx_HAL_Driver/Inc -I../Drivers/STM32F4xx_HAL_Driver/Inc/Legacy -I../Drivers/CMSIS/Device/ST/STM32F4xx/Include -I../Drivers/CMSIS/Include -I../Core/UserCC -I../Core/UserHH -O0 -ffunction-sections -fdata-sections -Wall -fstack-usage -fcyclomatic-complexity -MMD -MP -MF"Core/Src/main.d" -MT"Core/Src/main.o" --specs=nano.specs -mfpu=fpv4-sp-d16 -mfloat-abi=hard -mthumb -o "Core/Src/main.o"
arm-none-eabi-gcc -o "STM32F407VGT6.elf" @"objects.list"   -mcpu=cortex-m4 -T"A:\git\WYHCODE\PROJECT\STM32F407VGT6\STM32F407VGTX_FLASH.ld" --specs=nosys.specs -Wl,-Map="STM32F407VGT6.map" -Wl,--gc-sections -static --specs=nano.specs -mfpu=fpv4-sp-d16 -mfloat-abi=hard -mthumb -u _printf_float -u _scanf_float -Wl,--start-group -lc -lm -Wl,--end-group
已结束构建目标： STM32F407VGT6.elf
 
arm-none-eabi-size  STM32F407VGT6.elf 
arm-none-eabi-objdump -h -S STM32F407VGT6.elf  > "STM32F407VGT6.list"
   text	   data	    bss	    dec	    hex	filename
  53796	    500	   6156	  60452	   ec24	STM32F407VGT6.elf
已结束构建： default.size.stdout
 
已结束构建： STM32F407VGT6.list
 
16:32:32 **** Incremental Build of configuration Debug for project Myproject ****
make -j12 all 
arm-none-eabi-size  Myproject.elf 
   text	   data	    bss	    dec	    hex	filename
  44020	    468	   4132	  48620	   bdec	Myproject.elf
已结束构建： default.size.stdout
 
16:32:33 **** Incremental Build of configuration Debug for project STM32F407VGT6 ****
make -j12 all 
arm-none-eabi-gcc "../Core/Src/main.c" -mcpu=cortex-m4 -std=gnu11 -g3 -DDEBUG -DUSE_HAL_DRIVER -DSTM32F407xx -c -I../Core/Inc -I../Drivers/STM32F4xx_HAL_Driver/Inc -I../Drivers/STM32F4xx_HAL_Driver/Inc/Legacy -I../Drivers/CMSIS/Device/ST/STM32F4xx/Include -I../Drivers/CMSIS/Include -I../Core/UserCC -I../Core/UserHH -O0 -ffunction-sections -fdata-sections -Wall -fstack-usage -fcyclomatic-complexity -MMD -MP -MF"Core/Src/main.d" -MT"Core/Src/main.o" --specs=nano.specs -mfpu=fpv4-sp-d16 -mfloat-abi=hard -mthumb -o "Core/Src/main.o"
../Core/Src/main.c: In function 'main':
../Core/Src/main.c:156:62: error: 'Servo_PID_Kp2' undeclared (first use in this function); did you mean 'Servo_PID_Kp'?
  156 |   PID_Servo_init(&Servo_PID_Down, Servo_PID_Down.target_val, Servo_PID_Kp2, Servo_PID_Ki2, Servo_PID_Kd2);
      |                                                              ^~~~~~~~~~~~~
      |                                                              Servo_PID_Kp
../Core/Src/main.c:156:62: note: each undeclared identifier is reported only once for each function it appears in
../Core/Src/main.c:156:77: error: 'Servo_PID_Ki2' undeclared (first use in this function); did you mean 'Servo_PID_Ki'?
  156 |   PID_Servo_init(&Servo_PID_Down, Servo_PID_Down.target_val, Servo_PID_Kp2, Servo_PID_Ki2, Servo_PID_Kd2);
      |                                                                             ^~~~~~~~~~~~~
      |                                                                             Servo_PID_Ki
../Core/Src/main.c:156:92: error: 'Servo_PID_Kd2' undeclared (first use in this function); did you mean 'Servo_PID_Kd'?
  156 |   PID_Servo_init(&Servo_PID_Down, Servo_PID_Down.target_val, Servo_PID_Kp2, Servo_PID_Ki2, Servo_PID_Kd2);
      |                                                                                            ^~~~~~~~~~~~~
      |                                                                                            Servo_PID_Kd
../Core/Src/main.c: In function 'HAL_UARTEx_RxEventCallback':
../Core/Src/main.c:281:27: warning: left-hand operand of comma expression has no effect [-Wunused-value]
  281 |                         (1,135+Servo_PID_Up.output_val);
      |                           ^
../Core/Src/main.c:281:27: warning: statement with no effect [-Wunused-value]
  281 |                         (1,135+Servo_PID_Up.output_val);
      |                         ~~^~~~~~~~~~~~~~~~~~~~~~~~~~~~~
make: *** [Core/Src/subdir.mk:49: Core/Src/main.o] Error 1
"make -j12 all" terminated with exit code 2. Build might be incomplete.
16:32:58 **** Incremental Build of configuration Debug for project STM32F407VGT6 ****
make -j12 all 
arm-none-eabi-gcc "../Core/Src/main.c" -mcpu=cortex-m4 -std=gnu11 -g3 -DDEBUG -DUSE_HAL_DRIVER -DSTM32F407xx -c -I../Core/Inc -I../Drivers/STM32F4xx_HAL_Driver/Inc -I../Drivers/STM32F4xx_HAL_Driver/Inc/Legacy -I../Drivers/CMSIS/Device/ST/STM32F4xx/Include -I../Drivers/CMSIS/Include -I../Core/UserCC -I../Core/UserHH -O0 -ffunction-sections -fdata-sections -Wall -fstack-usage -fcyclomatic-complexity -MMD -MP -MF"Core/Src/main.d" -MT"Core/Src/main.o" --specs=nano.specs -mfpu=fpv4-sp-d16 -mfloat-abi=hard -mthumb -o "Core/Src/main.o"
../Core/Src/main.c: In function 'HAL_UARTEx_RxEventCallback':
../Core/Src/main.c:281:27: warning: left-hand operand of comma expression has no effect [-Wunused-value]
  281 |                         (1,135+Servo_PID_Up.output_val);
      |                           ^
../Core/Src/main.c:281:27: warning: statement with no effect [-Wunused-value]
  281 |                         (1,135+Servo_PID_Up.output_val);
      |                         ~~^~~~~~~~~~~~~~~~~~~~~~~~~~~~~
arm-none-eabi-gcc -o "STM32F407VGT6.elf" @"objects.list"   -mcpu=cortex-m4 -T"A:\git\WYHCODE\PROJECT\STM32F407VGT6\STM32F407VGTX_FLASH.ld" --specs=nosys.specs -Wl,-Map="STM32F407VGT6.map" -Wl,--gc-sections -static --specs=nano.specs -mfpu=fpv4-sp-d16 -mfloat-abi=hard -mthumb -u _printf_float -u _scanf_float -Wl,--start-group -lc -lm -Wl,--end-group
已结束构建目标： STM32F407VGT6.elf
 
arm-none-eabi-size  STM32F407VGT6.elf 
arm-none-eabi-objdump -h -S STM32F407VGT6.elf  > "STM32F407VGT6.list"
   text	   data	    bss	    dec	    hex	filename
  53780	    508	   6164	  60452	   ec24	STM32F407VGT6.elf
已结束构建： default.size.stdout
 
已结束构建： STM32F407VGT6.list
 
16:33:21 **** Incremental Build of configuration Debug for project Myproject ****
make -j12 all 
arm-none-eabi-size  Myproject.elf 
   text	   data	    bss	    dec	    hex	filename
  44020	    468	   4132	  48620	   bdec	Myproject.elf
已结束构建： default.size.stdout
 
16:33:22 **** Incremental Build of configuration Debug for project STM32F407VGT6 ****
make -j12 all 
arm-none-eabi-gcc "../Core/Src/main.c" -mcpu=cortex-m4 -std=gnu11 -g3 -DDEBUG -DUSE_HAL_DRIVER -DSTM32F407xx -c -I../Core/Inc -I../Drivers/STM32F4xx_HAL_Driver/Inc -I../Drivers/STM32F4xx_HAL_Driver/Inc/Legacy -I../Drivers/CMSIS/Device/ST/STM32F4xx/Include -I../Drivers/CMSIS/Include -I../Core/UserCC -I../Core/UserHH -O0 -ffunction-sections -fdata-sections -Wall -fstack-usage -fcyclomatic-complexity -MMD -MP -MF"Core/Src/main.d" -MT"Core/Src/main.o" --specs=nano.specs -mfpu=fpv4-sp-d16 -mfloat-abi=hard -mthumb -o "Core/Src/main.o"
arm-none-eabi-gcc -o "STM32F407VGT6.elf" @"objects.list"   -mcpu=cortex-m4 -T"A:\git\WYHCODE\PROJECT\STM32F407VGT6\STM32F407VGTX_FLASH.ld" --specs=nosys.specs -Wl,-Map="STM32F407VGT6.map" -Wl,--gc-sections -static --specs=nano.specs -mfpu=fpv4-sp-d16 -mfloat-abi=hard -mthumb -u _printf_float -u _scanf_float -Wl,--start-group -lc -lm -Wl,--end-group
已结束构建目标： STM32F407VGT6.elf
 
arm-none-eabi-size  STM32F407VGT6.elf 
arm-none-eabi-objdump -h -S STM32F407VGT6.elf  > "STM32F407VGT6.list"
   text	   data	    bss	    dec	    hex	filename
  53812	    508	   6164	  60484	   ec44	STM32F407VGT6.elf
已结束构建： default.size.stdout
 
已结束构建： STM32F407VGT6.list
 
16:33:27 **** Incremental Build of configuration Debug for project STM32F407VGT6 ****
make -j12 all 
arm-none-eabi-size  STM32F407VGT6.elf 
   text	   data	    bss	    dec	    hex	filename
  53812	    508	   6164	  60484	   ec44	STM32F407VGT6.elf
已结束构建： default.size.stdout
 
16:33:47 **** Incremental Build of configuration Debug for project STM32F407VGT6 ****
make -j12 all 
arm-none-eabi-gcc "../Core/Src/main.c" -mcpu=cortex-m4 -std=gnu11 -g3 -DDEBUG -DUSE_HAL_DRIVER -DSTM32F407xx -c -I../Core/Inc -I../Drivers/STM32F4xx_HAL_Driver/Inc -I../Drivers/STM32F4xx_HAL_Driver/Inc/Legacy -I../Drivers/CMSIS/Device/ST/STM32F4xx/Include -I../Drivers/CMSIS/Include -I../Core/UserCC -I../Core/UserHH -O0 -ffunction-sections -fdata-sections -Wall -fstack-usage -fcyclomatic-complexity -MMD -MP -MF"Core/Src/main.d" -MT"Core/Src/main.o" --specs=nano.specs -mfpu=fpv4-sp-d16 -mfloat-abi=hard -mthumb -o "Core/Src/main.o"
arm-none-eabi-gcc -o "STM32F407VGT6.elf" @"objects.list"   -mcpu=cortex-m4 -T"A:\git\WYHCODE\PROJECT\STM32F407VGT6\STM32F407VGTX_FLASH.ld" --specs=nosys.specs -Wl,-Map="STM32F407VGT6.map" -Wl,--gc-sections -static --specs=nano.specs -mfpu=fpv4-sp-d16 -mfloat-abi=hard -mthumb -u _printf_float -u _scanf_float -Wl,--start-group -lc -lm -Wl,--end-group
已结束构建目标： STM32F407VGT6.elf
 
arm-none-eabi-size  STM32F407VGT6.elf 
arm-none-eabi-objdump -h -S STM32F407VGT6.elf  > "STM32F407VGT6.list"
   text	   data	    bss	    dec	    hex	filename
  53812	    512	   6160	  60484	   ec44	STM32F407VGT6.elf
已结束构建： default.size.stdout
 
已结束构建： STM32F407VGT6.list
 
16:36:48 **** Incremental Build of configuration Debug for project STM32F407VGT6 ****
make -j12 all 
arm-none-eabi-gcc "../Core/Src/main.c" -mcpu=cortex-m4 -std=gnu11 -g3 -DDEBUG -DUSE_HAL_DRIVER -DSTM32F407xx -c -I../Core/Inc -I../Drivers/STM32F4xx_HAL_Driver/Inc -I../Drivers/STM32F4xx_HAL_Driver/Inc/Legacy -I../Drivers/CMSIS/Device/ST/STM32F4xx/Include -I../Drivers/CMSIS/Include -I../Core/UserCC -I../Core/UserHH -O0 -ffunction-sections -fdata-sections -Wall -fstack-usage -fcyclomatic-complexity -MMD -MP -MF"Core/Src/main.d" -MT"Core/Src/main.o" --specs=nano.specs -mfpu=fpv4-sp-d16 -mfloat-abi=hard -mthumb -o "Core/Src/main.o"
arm-none-eabi-gcc -o "STM32F407VGT6.elf" @"objects.list"   -mcpu=cortex-m4 -T"A:\git\WYHCODE\PROJECT\STM32F407VGT6\STM32F407VGTX_FLASH.ld" --specs=nosys.specs -Wl,-Map="STM32F407VGT6.map" -Wl,--gc-sections -static --specs=nano.specs -mfpu=fpv4-sp-d16 -mfloat-abi=hard -mthumb -u _printf_float -u _scanf_float -Wl,--start-group -lc -lm -Wl,--end-group
已结束构建目标： STM32F407VGT6.elf
 
arm-none-eabi-size  STM32F407VGT6.elf 
arm-none-eabi-objdump -h -S STM32F407VGT6.elf  > "STM32F407VGT6.list"
   text	   data	    bss	    dec	    hex	filename
  53812	    512	   6160	  60484	   ec44	STM32F407VGT6.elf
已结束构建： default.size.stdout
 
已结束构建： STM32F407VGT6.list
 
16:37:05 **** Incremental Build of configuration Debug for project STM32F407VGT6 ****
make -j12 all 
arm-none-eabi-gcc "../Core/Src/main.c" -mcpu=cortex-m4 -std=gnu11 -g3 -DDEBUG -DUSE_HAL_DRIVER -DSTM32F407xx -c -I../Core/Inc -I../Drivers/STM32F4xx_HAL_Driver/Inc -I../Drivers/STM32F4xx_HAL_Driver/Inc/Legacy -I../Drivers/CMSIS/Device/ST/STM32F4xx/Include -I../Drivers/CMSIS/Include -I../Core/UserCC -I../Core/UserHH -O0 -ffunction-sections -fdata-sections -Wall -fstack-usage -fcyclomatic-complexity -MMD -MP -MF"Core/Src/main.d" -MT"Core/Src/main.o" --specs=nano.specs -mfpu=fpv4-sp-d16 -mfloat-abi=hard -mthumb -o "Core/Src/main.o"
arm-none-eabi-gcc -o "STM32F407VGT6.elf" @"objects.list"   -mcpu=cortex-m4 -T"A:\git\WYHCODE\PROJECT\STM32F407VGT6\STM32F407VGTX_FLASH.ld" --specs=nosys.specs -Wl,-Map="STM32F407VGT6.map" -Wl,--gc-sections -static --specs=nano.specs -mfpu=fpv4-sp-d16 -mfloat-abi=hard -mthumb -u _printf_float -u _scanf_float -Wl,--start-group -lc -lm -Wl,--end-group
已结束构建目标： STM32F407VGT6.elf
 
arm-none-eabi-size  STM32F407VGT6.elf 
arm-none-eabi-objdump -h -S STM32F407VGT6.elf  > "STM32F407VGT6.list"
   text	   data	    bss	    dec	    hex	filename
  53812	    512	   6160	  60484	   ec44	STM32F407VGT6.elf
已结束构建： default.size.stdout
 
已结束构建： STM32F407VGT6.list
 
16:38:00 **** Incremental Build of configuration Debug for project STM32F407VGT6 ****
make -j12 all 
arm-none-eabi-gcc "../Core/Src/main.c" -mcpu=cortex-m4 -std=gnu11 -g3 -DDEBUG -DUSE_HAL_DRIVER -DSTM32F407xx -c -I../Core/Inc -I../Drivers/STM32F4xx_HAL_Driver/Inc -I../Drivers/STM32F4xx_HAL_Driver/Inc/Legacy -I../Drivers/CMSIS/Device/ST/STM32F4xx/Include -I../Drivers/CMSIS/Include -I../Core/UserCC -I../Core/UserHH -O0 -ffunction-sections -fdata-sections -Wall -fstack-usage -fcyclomatic-complexity -MMD -MP -MF"Core/Src/main.d" -MT"Core/Src/main.o" --specs=nano.specs -mfpu=fpv4-sp-d16 -mfloat-abi=hard -mthumb -o "Core/Src/main.o"
arm-none-eabi-gcc -o "STM32F407VGT6.elf" @"objects.list"   -mcpu=cortex-m4 -T"A:\git\WYHCODE\PROJECT\STM32F407VGT6\STM32F407VGTX_FLASH.ld" --specs=nosys.specs -Wl,-Map="STM32F407VGT6.map" -Wl,--gc-sections -static --specs=nano.specs -mfpu=fpv4-sp-d16 -mfloat-abi=hard -mthumb -u _printf_float -u _scanf_float -Wl,--start-group -lc -lm -Wl,--end-group
已结束构建目标： STM32F407VGT6.elf
 
arm-none-eabi-size  STM32F407VGT6.elf 
arm-none-eabi-objdump -h -S STM32F407VGT6.elf  > "STM32F407VGT6.list"
   text	   data	    bss	    dec	    hex	filename
  53820	    512	   6160	  60492	   ec4c	STM32F407VGT6.elf
已结束构建： default.size.stdout
 
已结束构建： STM32F407VGT6.list
 
16:39:04 **** Incremental Build of configuration Debug for project STM32F407VGT6 ****
make -j12 all 
arm-none-eabi-gcc "../Core/Src/main.c" -mcpu=cortex-m4 -std=gnu11 -g3 -DDEBUG -DUSE_HAL_DRIVER -DSTM32F407xx -c -I../Core/Inc -I../Drivers/STM32F4xx_HAL_Driver/Inc -I../Drivers/STM32F4xx_HAL_Driver/Inc/Legacy -I../Drivers/CMSIS/Device/ST/STM32F4xx/Include -I../Drivers/CMSIS/Include -I../Core/UserCC -I../Core/UserHH -O0 -ffunction-sections -fdata-sections -Wall -fstack-usage -fcyclomatic-complexity -MMD -MP -MF"Core/Src/main.d" -MT"Core/Src/main.o" --specs=nano.specs -mfpu=fpv4-sp-d16 -mfloat-abi=hard -mthumb -o "Core/Src/main.o"
arm-none-eabi-gcc -o "STM32F407VGT6.elf" @"objects.list"   -mcpu=cortex-m4 -T"A:\git\WYHCODE\PROJECT\STM32F407VGT6\STM32F407VGTX_FLASH.ld" --specs=nosys.specs -Wl,-Map="STM32F407VGT6.map" -Wl,--gc-sections -static --specs=nano.specs -mfpu=fpv4-sp-d16 -mfloat-abi=hard -mthumb -u _printf_float -u _scanf_float -Wl,--start-group -lc -lm -Wl,--end-group
已结束构建目标： STM32F407VGT6.elf
 
arm-none-eabi-size  STM32F407VGT6.elf 
arm-none-eabi-objdump -h -S STM32F407VGT6.elf  > "STM32F407VGT6.list"
   text	   data	    bss	    dec	    hex	filename
  53100	    512	   6160	  59772	   e97c	STM32F407VGT6.elf
已结束构建： default.size.stdout
 
已结束构建： STM32F407VGT6.list
 
16:39:17 **** Incremental Build of configuration Debug for project STM32F407VGT6 ****
make -j12 all 
arm-none-eabi-gcc "../Core/Src/main.c" -mcpu=cortex-m4 -std=gnu11 -g3 -DDEBUG -DUSE_HAL_DRIVER -DSTM32F407xx -c -I../Core/Inc -I../Drivers/STM32F4xx_HAL_Driver/Inc -I../Drivers/STM32F4xx_HAL_Driver/Inc/Legacy -I../Drivers/CMSIS/Device/ST/STM32F4xx/Include -I../Drivers/CMSIS/Include -I../Core/UserCC -I../Core/UserHH -O0 -ffunction-sections -fdata-sections -Wall -fstack-usage -fcyclomatic-complexity -MMD -MP -MF"Core/Src/main.d" -MT"Core/Src/main.o" --specs=nano.specs -mfpu=fpv4-sp-d16 -mfloat-abi=hard -mthumb -o "Core/Src/main.o"
arm-none-eabi-gcc -o "STM32F407VGT6.elf" @"objects.list"   -mcpu=cortex-m4 -T"A:\git\WYHCODE\PROJECT\STM32F407VGT6\STM32F407VGTX_FLASH.ld" --specs=nosys.specs -Wl,-Map="STM32F407VGT6.map" -Wl,--gc-sections -static --specs=nano.specs -mfpu=fpv4-sp-d16 -mfloat-abi=hard -mthumb -u _printf_float -u _scanf_float -Wl,--start-group -lc -lm -Wl,--end-group
已结束构建目标： STM32F407VGT6.elf
 
arm-none-eabi-size  STM32F407VGT6.elf 
arm-none-eabi-objdump -h -S STM32F407VGT6.elf  > "STM32F407VGT6.list"
   text	   data	    bss	    dec	    hex	filename
  53100	    512	   6160	  59772	   e97c	STM32F407VGT6.elf
已结束构建： default.size.stdout
 
已结束构建： STM32F407VGT6.list
 
16:39:29 **** Incremental Build of configuration Debug for project STM32F407VGT6 ****
make -j12 all 
arm-none-eabi-gcc "../Core/Src/main.c" -mcpu=cortex-m4 -std=gnu11 -g3 -DDEBUG -DUSE_HAL_DRIVER -DSTM32F407xx -c -I../Core/Inc -I../Drivers/STM32F4xx_HAL_Driver/Inc -I../Drivers/STM32F4xx_HAL_Driver/Inc/Legacy -I../Drivers/CMSIS/Device/ST/STM32F4xx/Include -I../Drivers/CMSIS/Include -I../Core/UserCC -I../Core/UserHH -O0 -ffunction-sections -fdata-sections -Wall -fstack-usage -fcyclomatic-complexity -MMD -MP -MF"Core/Src/main.d" -MT"Core/Src/main.o" --specs=nano.specs -mfpu=fpv4-sp-d16 -mfloat-abi=hard -mthumb -o "Core/Src/main.o"
arm-none-eabi-gcc -o "STM32F407VGT6.elf" @"objects.list"   -mcpu=cortex-m4 -T"A:\git\WYHCODE\PROJECT\STM32F407VGT6\STM32F407VGTX_FLASH.ld" --specs=nosys.specs -Wl,-Map="STM32F407VGT6.map" -Wl,--gc-sections -static --specs=nano.specs -mfpu=fpv4-sp-d16 -mfloat-abi=hard -mthumb -u _printf_float -u _scanf_float -Wl,--start-group -lc -lm -Wl,--end-group
已结束构建目标： STM32F407VGT6.elf
 
arm-none-eabi-size  STM32F407VGT6.elf 
arm-none-eabi-objdump -h -S STM32F407VGT6.elf  > "STM32F407VGT6.list"
   text	   data	    bss	    dec	    hex	filename
  53100	    512	   6160	  59772	   e97c	STM32F407VGT6.elf
已结束构建： default.size.stdout
 
已结束构建： STM32F407VGT6.list
 
16:39:43 **** Incremental Build of configuration Debug for project STM32F407VGT6 ****
make -j12 all 
arm-none-eabi-gcc "../Core/Src/main.c" -mcpu=cortex-m4 -std=gnu11 -g3 -DDEBUG -DUSE_HAL_DRIVER -DSTM32F407xx -c -I../Core/Inc -I../Drivers/STM32F4xx_HAL_Driver/Inc -I../Drivers/STM32F4xx_HAL_Driver/Inc/Legacy -I../Drivers/CMSIS/Device/ST/STM32F4xx/Include -I../Drivers/CMSIS/Include -I../Core/UserCC -I../Core/UserHH -O0 -ffunction-sections -fdata-sections -Wall -fstack-usage -fcyclomatic-complexity -MMD -MP -MF"Core/Src/main.d" -MT"Core/Src/main.o" --specs=nano.specs -mfpu=fpv4-sp-d16 -mfloat-abi=hard -mthumb -o "Core/Src/main.o"
arm-none-eabi-gcc -o "STM32F407VGT6.elf" @"objects.list"   -mcpu=cortex-m4 -T"A:\git\WYHCODE\PROJECT\STM32F407VGT6\STM32F407VGTX_FLASH.ld" --specs=nosys.specs -Wl,-Map="STM32F407VGT6.map" -Wl,--gc-sections -static --specs=nano.specs -mfpu=fpv4-sp-d16 -mfloat-abi=hard -mthumb -u _printf_float -u _scanf_float -Wl,--start-group -lc -lm -Wl,--end-group
已结束构建目标： STM32F407VGT6.elf
 
arm-none-eabi-size  STM32F407VGT6.elf 
arm-none-eabi-objdump -h -S STM32F407VGT6.elf  > "STM32F407VGT6.list"
   text	   data	    bss	    dec	    hex	filename
  53100	    512	   6160	  59772	   e97c	STM32F407VGT6.elf
已结束构建： default.size.stdout
 
已结束构建： STM32F407VGT6.list
 
16:40:00 **** Incremental Build of configuration Debug for project STM32F407VGT6 ****
make -j12 all 
arm-none-eabi-gcc "../Core/Src/main.c" -mcpu=cortex-m4 -std=gnu11 -g3 -DDEBUG -DUSE_HAL_DRIVER -DSTM32F407xx -c -I../Core/Inc -I../Drivers/STM32F4xx_HAL_Driver/Inc -I../Drivers/STM32F4xx_HAL_Driver/Inc/Legacy -I../Drivers/CMSIS/Device/ST/STM32F4xx/Include -I../Drivers/CMSIS/Include -I../Core/UserCC -I../Core/UserHH -O0 -ffunction-sections -fdata-sections -Wall -fstack-usage -fcyclomatic-complexity -MMD -MP -MF"Core/Src/main.d" -MT"Core/Src/main.o" --specs=nano.specs -mfpu=fpv4-sp-d16 -mfloat-abi=hard -mthumb -o "Core/Src/main.o"
arm-none-eabi-gcc -o "STM32F407VGT6.elf" @"objects.list"   -mcpu=cortex-m4 -T"A:\git\WYHCODE\PROJECT\STM32F407VGT6\STM32F407VGTX_FLASH.ld" --specs=nosys.specs -Wl,-Map="STM32F407VGT6.map" -Wl,--gc-sections -static --specs=nano.specs -mfpu=fpv4-sp-d16 -mfloat-abi=hard -mthumb -u _printf_float -u _scanf_float -Wl,--start-group -lc -lm -Wl,--end-group
已结束构建目标： STM32F407VGT6.elf
 
arm-none-eabi-size  STM32F407VGT6.elf 
arm-none-eabi-objdump -h -S STM32F407VGT6.elf  > "STM32F407VGT6.list"
   text	   data	    bss	    dec	    hex	filename
  53100	    512	   6160	  59772	   e97c	STM32F407VGT6.elf
已结束构建： default.size.stdout
 
已结束构建： STM32F407VGT6.list
 
16:40:23 **** Incremental Build of configuration Debug for project STM32F407VGT6 ****
make -j12 all 
arm-none-eabi-gcc "../Core/Src/main.c" -mcpu=cortex-m4 -std=gnu11 -g3 -DDEBUG -DUSE_HAL_DRIVER -DSTM32F407xx -c -I../Core/Inc -I../Drivers/STM32F4xx_HAL_Driver/Inc -I../Drivers/STM32F4xx_HAL_Driver/Inc/Legacy -I../Drivers/CMSIS/Device/ST/STM32F4xx/Include -I../Drivers/CMSIS/Include -I../Core/UserCC -I../Core/UserHH -O0 -ffunction-sections -fdata-sections -Wall -fstack-usage -fcyclomatic-complexity -MMD -MP -MF"Core/Src/main.d" -MT"Core/Src/main.o" --specs=nano.specs -mfpu=fpv4-sp-d16 -mfloat-abi=hard -mthumb -o "Core/Src/main.o"
arm-none-eabi-gcc -o "STM32F407VGT6.elf" @"objects.list"   -mcpu=cortex-m4 -T"A:\git\WYHCODE\PROJECT\STM32F407VGT6\STM32F407VGTX_FLASH.ld" --specs=nosys.specs -Wl,-Map="STM32F407VGT6.map" -Wl,--gc-sections -static --specs=nano.specs -mfpu=fpv4-sp-d16 -mfloat-abi=hard -mthumb -u _printf_float -u _scanf_float -Wl,--start-group -lc -lm -Wl,--end-group
已结束构建目标： STM32F407VGT6.elf
 
arm-none-eabi-size  STM32F407VGT6.elf 
arm-none-eabi-objdump -h -S STM32F407VGT6.elf  > "STM32F407VGT6.list"
   text	   data	    bss	    dec	    hex	filename
  53100	    512	   6160	  59772	   e97c	STM32F407VGT6.elf
已结束构建： default.size.stdout
 
已结束构建： STM32F407VGT6.list
 
16:40:39 **** Incremental Build of configuration Debug for project STM32F407VGT6 ****
make -j12 all 
arm-none-eabi-gcc "../Core/Src/main.c" -mcpu=cortex-m4 -std=gnu11 -g3 -DDEBUG -DUSE_HAL_DRIVER -DSTM32F407xx -c -I../Core/Inc -I../Drivers/STM32F4xx_HAL_Driver/Inc -I../Drivers/STM32F4xx_HAL_Driver/Inc/Legacy -I../Drivers/CMSIS/Device/ST/STM32F4xx/Include -I../Drivers/CMSIS/Include -I../Core/UserCC -I../Core/UserHH -O0 -ffunction-sections -fdata-sections -Wall -fstack-usage -fcyclomatic-complexity -MMD -MP -MF"Core/Src/main.d" -MT"Core/Src/main.o" --specs=nano.specs -mfpu=fpv4-sp-d16 -mfloat-abi=hard -mthumb -o "Core/Src/main.o"
arm-none-eabi-gcc -o "STM32F407VGT6.elf" @"objects.list"   -mcpu=cortex-m4 -T"A:\git\WYHCODE\PROJECT\STM32F407VGT6\STM32F407VGTX_FLASH.ld" --specs=nosys.specs -Wl,-Map="STM32F407VGT6.map" -Wl,--gc-sections -static --specs=nano.specs -mfpu=fpv4-sp-d16 -mfloat-abi=hard -mthumb -u _printf_float -u _scanf_float -Wl,--start-group -lc -lm -Wl,--end-group
已结束构建目标： STM32F407VGT6.elf
 
arm-none-eabi-size  STM32F407VGT6.elf 
arm-none-eabi-objdump -h -S STM32F407VGT6.elf  > "STM32F407VGT6.list"
   text	   data	    bss	    dec	    hex	filename
  53100	    512	   6160	  59772	   e97c	STM32F407VGT6.elf
已结束构建： default.size.stdout
 
已结束构建： STM32F407VGT6.list
 
16:43:47 **** Incremental Build of configuration Debug for project STM32F407VGT6 ****
make -j12 all 
arm-none-eabi-gcc "../Core/UserCC/servo.c" -mcpu=cortex-m4 -std=gnu11 -g3 -DDEBUG -DUSE_HAL_DRIVER -DSTM32F407xx -c -I../Core/Inc -I../Drivers/STM32F4xx_HAL_Driver/Inc -I../Drivers/STM32F4xx_HAL_Driver/Inc/Legacy -I../Drivers/CMSIS/Device/ST/STM32F4xx/Include -I../Drivers/CMSIS/Include -I../Core/UserCC -I../Core/UserHH -O0 -ffunction-sections -fdata-sections -Wall -fstack-usage -fcyclomatic-complexity -MMD -MP -MF"Core/UserCC/servo.d" -MT"Core/UserCC/servo.o" --specs=nano.specs -mfpu=fpv4-sp-d16 -mfloat-abi=hard -mthumb -o "Core/UserCC/servo.o"
arm-none-eabi-gcc "../Core/Src/main.c" -mcpu=cortex-m4 -std=gnu11 -g3 -DDEBUG -DUSE_HAL_DRIVER -DSTM32F407xx -c -I../Core/Inc -I../Drivers/STM32F4xx_HAL_Driver/Inc -I../Drivers/STM32F4xx_HAL_Driver/Inc/Legacy -I../Drivers/CMSIS/Device/ST/STM32F4xx/Include -I../Drivers/CMSIS/Include -I../Core/UserCC -I../Core/UserHH -O0 -ffunction-sections -fdata-sections -Wall -fstack-usage -fcyclomatic-complexity -MMD -MP -MF"Core/Src/main.d" -MT"Core/Src/main.o" --specs=nano.specs -mfpu=fpv4-sp-d16 -mfloat-abi=hard -mthumb -o "Core/Src/main.o"
../Core/UserCC/servo.c:189:6: error: conflicting types for 'Set_Servo_Angle'; have 'void(uint8_t,  float,  float)' {aka 'void(unsigned char,  float,  float)'}
  189 | void Set_Servo_Angle(uint8_t servo_id, float angle,float pwm) {
      |      ^~~~~~~~~~~~~~~
In file included from ../Core/UserCC/servo.c:1:
../Core/UserHH/servo.h:25:6: note: previous declaration of 'Set_Servo_Angle' with type 'void(uint8_t,  float)' {aka 'void(unsigned char,  float)'}
   25 | void Set_Servo_Angle(uint8_t servo_id, float angle);
      |      ^~~~~~~~~~~~~~~
make: *** [Core/UserCC/subdir.mk:40: Core/UserCC/servo.o] Error 1
make: *** Waiting for unfinished jobs....
../Core/Src/main.c: In function 'main':
../Core/Src/main.c:186:3: error: too many arguments to function 'Set_Servo_Angle'
  186 |   Set_Servo_Angle(0, 90.0f,0);
      |   ^~~~~~~~~~~~~~~
In file included from ../Core/Src/main.c:35:
../Core/UserHH/servo.h:25:6: note: declared here
   25 | void Set_Servo_Angle(uint8_t servo_id, float angle);
      |      ^~~~~~~~~~~~~~~
../Core/Src/main.c:187:3: error: too many arguments to function 'Set_Servo_Angle'
  187 |   Set_Servo_Angle(1, 10.0f,1500);
      |   ^~~~~~~~~~~~~~~
../Core/UserHH/servo.h:25:6: note: declared here
   25 | void Set_Servo_Angle(uint8_t servo_id, float angle);
      |      ^~~~~~~~~~~~~~~
../Core/Src/main.c: In function 'HAL_UARTEx_RxEventCallback':
../Core/Src/main.c:280:25: error: too many arguments to function 'Set_Servo_Angle'
  280 |                         Set_Servo_Angle(0,Get_Servo_Angle_Down()+Servo_PID_Down.output_val,0.f);
      |                         ^~~~~~~~~~~~~~~
../Core/UserHH/servo.h:25:6: note: declared here
   25 | void Set_Servo_Angle(uint8_t servo_id, float angle);
      |      ^~~~~~~~~~~~~~~
../Core/Src/main.c:281:25: error: too many arguments to function 'Set_Servo_Angle'
  281 |                         Set_Servo_Angle(1,0.f,135+Servo_PID_Up.output_val);
      |                         ^~~~~~~~~~~~~~~
../Core/UserHH/servo.h:25:6: note: declared here
   25 | void Set_Servo_Angle(uint8_t servo_id, float angle);
      |      ^~~~~~~~~~~~~~~
../Core/Src/main.c: In function 'HAL_TIM_PeriodElapsedCallback':
../Core/Src/main.c:365:9: error: too many arguments to function 'Set_Servo_Angle'
  365 |         Set_Servo_Angle(0,Get_Servo_Angle_Down()+Servo_PID_Down.output_val,0.f);
      |         ^~~~~~~~~~~~~~~
../Core/UserHH/servo.h:25:6: note: declared here
   25 | void Set_Servo_Angle(uint8_t servo_id, float angle);
      |      ^~~~~~~~~~~~~~~
../Core/Src/main.c:366:9: error: too many arguments to function 'Set_Servo_Angle'
  366 |         Set_Servo_Angle(1,0.f,135+Servo_PID_Up.output_val);
      |         ^~~~~~~~~~~~~~~
../Core/UserHH/servo.h:25:6: note: declared here
   25 | void Set_Servo_Angle(uint8_t servo_id, float angle);
      |      ^~~~~~~~~~~~~~~
make: *** [Core/Src/subdir.mk:49: Core/Src/main.o] Error 1
"make -j12 all" terminated with exit code 2. Build might be incomplete.
16:44:02 **** Incremental Build of configuration Debug for project Myproject ****
make -j12 all 
arm-none-eabi-size  Myproject.elf 
   text	   data	    bss	    dec	    hex	filename
  44020	    468	   4132	  48620	   bdec	Myproject.elf
已结束构建： default.size.stdout
 
16:44:03 **** Incremental Build of configuration Debug for project STM32F407VGT6 ****
make -j12 all 
arm-none-eabi-gcc "../Core/UserCC/servo.c" -mcpu=cortex-m4 -std=gnu11 -g3 -DDEBUG -DUSE_HAL_DRIVER -DSTM32F407xx -c -I../Core/Inc -I../Drivers/STM32F4xx_HAL_Driver/Inc -I../Drivers/STM32F4xx_HAL_Driver/Inc/Legacy -I../Drivers/CMSIS/Device/ST/STM32F4xx/Include -I../Drivers/CMSIS/Include -I../Core/UserCC -I../Core/UserHH -O0 -ffunction-sections -fdata-sections -Wall -fstack-usage -fcyclomatic-complexity -MMD -MP -MF"Core/UserCC/servo.d" -MT"Core/UserCC/servo.o" --specs=nano.specs -mfpu=fpv4-sp-d16 -mfloat-abi=hard -mthumb -o "Core/UserCC/servo.o"
arm-none-eabi-gcc "../Core/Src/main.c" -mcpu=cortex-m4 -std=gnu11 -g3 -DDEBUG -DUSE_HAL_DRIVER -DSTM32F407xx -c -I../Core/Inc -I../Drivers/STM32F4xx_HAL_Driver/Inc -I../Drivers/STM32F4xx_HAL_Driver/Inc/Legacy -I../Drivers/CMSIS/Device/ST/STM32F4xx/Include -I../Drivers/CMSIS/Include -I../Core/UserCC -I../Core/UserHH -O0 -ffunction-sections -fdata-sections -Wall -fstack-usage -fcyclomatic-complexity -MMD -MP -MF"Core/Src/main.d" -MT"Core/Src/main.o" --specs=nano.specs -mfpu=fpv4-sp-d16 -mfloat-abi=hard -mthumb -o "Core/Src/main.o"
../Core/UserCC/servo.c: In function 'Draw_Triangle':
../Core/UserCC/servo.c:37:13: error: too few arguments to function 'Set_Servo_Angle'
   37 |             Set_Servo_Angle(0, x);
      |             ^~~~~~~~~~~~~~~
In file included from ../Core/UserCC/servo.c:1:
../Core/UserHH/servo.h:24:6: note: declared here
   24 | void Set_Servo_Angle(uint8_t servo_id, float angle,float pwm);
      |      ^~~~~~~~~~~~~~~
../Core/UserCC/servo.c:38:13: error: too few arguments to function 'Set_Servo_Angle'
   38 |             Set_Servo_Angle(1, y);
      |             ^~~~~~~~~~~~~~~
../Core/UserHH/servo.h:24:6: note: declared here
   24 | void Set_Servo_Angle(uint8_t servo_id, float angle,float pwm);
      |      ^~~~~~~~~~~~~~~
../Core/UserCC/servo.c: In function 'Draw_Star':
../Core/UserCC/servo.c:86:13: error: too few arguments to function 'Set_Servo_Angle'
   86 |             Set_Servo_Angle(0, x);
      |             ^~~~~~~~~~~~~~~
../Core/UserHH/servo.h:24:6: note: declared here
   24 | void Set_Servo_Angle(uint8_t servo_id, float angle,float pwm);
      |      ^~~~~~~~~~~~~~~
../Core/UserCC/servo.c:87:13: error: too few arguments to function 'Set_Servo_Angle'
   87 |             Set_Servo_Angle(1, y);
      |             ^~~~~~~~~~~~~~~
../Core/UserHH/servo.h:24:6: note: declared here
   24 | void Set_Servo_Angle(uint8_t servo_id, float angle,float pwm);
      |      ^~~~~~~~~~~~~~~
../Core/UserCC/servo.c: In function 'Draw_SineWave':
../Core/UserCC/servo.c:112:9: error: too few arguments to function 'Set_Servo_Angle'
  112 |         Set_Servo_Angle(0, x_angle);  // 水平舵机
      |         ^~~~~~~~~~~~~~~
../Core/UserHH/servo.h:24:6: note: declared here
   24 | void Set_Servo_Angle(uint8_t servo_id, float angle,float pwm);
      |      ^~~~~~~~~~~~~~~
../Core/UserCC/servo.c:113:9: error: too few arguments to function 'Set_Servo_Angle'
  113 |         Set_Servo_Angle(1, y_angle);  // 垂直舵机
      |         ^~~~~~~~~~~~~~~
../Core/UserHH/servo.h:24:6: note: declared here
   24 | void Set_Servo_Angle(uint8_t servo_id, float angle,float pwm);
      |      ^~~~~~~~~~~~~~~
../Core/UserCC/servo.c: In function 'Draw_Circle':
../Core/UserCC/servo.c:134:9: error: too few arguments to function 'Set_Servo_Angle'
  134 |         Set_Servo_Angle(0, x_angle);  // 水平舵机
      |         ^~~~~~~~~~~~~~~
../Core/UserHH/servo.h:24:6: note: declared here
   24 | void Set_Servo_Angle(uint8_t servo_id, float angle,float pwm);
      |      ^~~~~~~~~~~~~~~
../Core/UserCC/servo.c:135:9: error: too few arguments to function 'Set_Servo_Angle'
  135 |         Set_Servo_Angle(1, y_angle);  // 垂直舵机
      |         ^~~~~~~~~~~~~~~
../Core/UserHH/servo.h:24:6: note: declared here
   24 | void Set_Servo_Angle(uint8_t servo_id, float angle,float pwm);
      |      ^~~~~~~~~~~~~~~
../Core/UserCC/servo.c: In function 'Draw_Rectangle':
../Core/UserCC/servo.c:180:13: error: too few arguments to function 'Set_Servo_Angle'
  180 |             Set_Servo_Angle(0, x);
      |             ^~~~~~~~~~~~~~~
../Core/UserHH/servo.h:24:6: note: declared here
   24 | void Set_Servo_Angle(uint8_t servo_id, float angle,float pwm);
      |      ^~~~~~~~~~~~~~~
../Core/UserCC/servo.c:181:13: error: too few arguments to function 'Set_Servo_Angle'
  181 |             Set_Servo_Angle(1, y);
      |             ^~~~~~~~~~~~~~~
../Core/UserHH/servo.h:24:6: note: declared here
   24 | void Set_Servo_Angle(uint8_t servo_id, float angle,float pwm);
      |      ^~~~~~~~~~~~~~~
make: *** [Core/UserCC/subdir.mk:40: Core/UserCC/servo.o] Error 1
make: *** Waiting for unfinished jobs....
"make -j12 all" terminated with exit code 2. Build might be incomplete.
16:44:53 **** Incremental Build of configuration Debug for project Myproject ****
make -j12 all 
arm-none-eabi-size  Myproject.elf 
   text	   data	    bss	    dec	    hex	filename
  44020	    468	   4132	  48620	   bdec	Myproject.elf
已结束构建： default.size.stdout
 
16:44:54 **** Incremental Build of configuration Debug for project STM32F407VGT6 ****
make -j12 all 
arm-none-eabi-gcc "../Core/UserCC/servo.c" -mcpu=cortex-m4 -std=gnu11 -g3 -DDEBUG -DUSE_HAL_DRIVER -DSTM32F407xx -c -I../Core/Inc -I../Drivers/STM32F4xx_HAL_Driver/Inc -I../Drivers/STM32F4xx_HAL_Driver/Inc/Legacy -I../Drivers/CMSIS/Device/ST/STM32F4xx/Include -I../Drivers/CMSIS/Include -I../Core/UserCC -I../Core/UserHH -O0 -ffunction-sections -fdata-sections -Wall -fstack-usage -fcyclomatic-complexity -MMD -MP -MF"Core/UserCC/servo.d" -MT"Core/UserCC/servo.o" --specs=nano.specs -mfpu=fpv4-sp-d16 -mfloat-abi=hard -mthumb -o "Core/UserCC/servo.o"
arm-none-eabi-gcc "../Core/Src/main.c" -mcpu=cortex-m4 -std=gnu11 -g3 -DDEBUG -DUSE_HAL_DRIVER -DSTM32F407xx -c -I../Core/Inc -I../Drivers/STM32F4xx_HAL_Driver/Inc -I../Drivers/STM32F4xx_HAL_Driver/Inc/Legacy -I../Drivers/CMSIS/Device/ST/STM32F4xx/Include -I../Drivers/CMSIS/Include -I../Core/UserCC -I../Core/UserHH -O0 -ffunction-sections -fdata-sections -Wall -fstack-usage -fcyclomatic-complexity -MMD -MP -MF"Core/Src/main.d" -MT"Core/Src/main.o" --specs=nano.specs -mfpu=fpv4-sp-d16 -mfloat-abi=hard -mthumb -o "Core/Src/main.o"
arm-none-eabi-gcc -o "STM32F407VGT6.elf" @"objects.list"   -mcpu=cortex-m4 -T"A:\git\WYHCODE\PROJECT\STM32F407VGT6\STM32F407VGTX_FLASH.ld" --specs=nosys.specs -Wl,-Map="STM32F407VGT6.map" -Wl,--gc-sections -static --specs=nano.specs -mfpu=fpv4-sp-d16 -mfloat-abi=hard -mthumb -u _printf_float -u _scanf_float -Wl,--start-group -lc -lm -Wl,--end-group
已结束构建目标： STM32F407VGT6.elf
 
arm-none-eabi-size  STM32F407VGT6.elf 
arm-none-eabi-objdump -h -S STM32F407VGT6.elf  > "STM32F407VGT6.list"
   text	   data	    bss	    dec	    hex	filename
  53860	    512	   6160	  60532	   ec74	STM32F407VGT6.elf
已结束构建： default.size.stdout
 
已结束构建： STM32F407VGT6.list
 
16:45:01 **** Incremental Build of configuration Debug for project STM32F407VGT6 ****
make -j12 all 
arm-none-eabi-size  STM32F407VGT6.elf 
   text	   data	    bss	    dec	    hex	filename
  53860	    512	   6160	  60532	   ec74	STM32F407VGT6.elf
已结束构建： default.size.stdout
 
16:46:23 **** Incremental Build of configuration Debug for project STM32F407VGT6 ****
make -j12 all 
arm-none-eabi-gcc "../Core/Src/main.c" -mcpu=cortex-m4 -std=gnu11 -g3 -DDEBUG -DUSE_HAL_DRIVER -DSTM32F407xx -c -I../Core/Inc -I../Drivers/STM32F4xx_HAL_Driver/Inc -I../Drivers/STM32F4xx_HAL_Driver/Inc/Legacy -I../Drivers/CMSIS/Device/ST/STM32F4xx/Include -I../Drivers/CMSIS/Include -I../Core/UserCC -I../Core/UserHH -O0 -ffunction-sections -fdata-sections -Wall -fstack-usage -fcyclomatic-complexity -MMD -MP -MF"Core/Src/main.d" -MT"Core/Src/main.o" --specs=nano.specs -mfpu=fpv4-sp-d16 -mfloat-abi=hard -mthumb -o "Core/Src/main.o"
../Core/Src/main.c: In function 'main':
../Core/Src/main.c:198:36: warning: format '%ld' expects argument of type 'long int', but argument 3 has type 'double' [-Wformat=]
  198 |          sprintf(message,"speedr:%ld",Servo_PID_Down.output_val);
      |                                  ~~^  ~~~~~~~~~~~~~~~~~~~~~~~~~
      |                                    |                |
      |                                    long int         double
      |                                  %f
arm-none-eabi-gcc -o "STM32F407VGT6.elf" @"objects.list"   -mcpu=cortex-m4 -T"A:\git\WYHCODE\PROJECT\STM32F407VGT6\STM32F407VGTX_FLASH.ld" --specs=nosys.specs -Wl,-Map="STM32F407VGT6.map" -Wl,--gc-sections -static --specs=nano.specs -mfpu=fpv4-sp-d16 -mfloat-abi=hard -mthumb -u _printf_float -u _scanf_float -Wl,--start-group -lc -lm -Wl,--end-group
已结束构建目标： STM32F407VGT6.elf
 
arm-none-eabi-size  STM32F407VGT6.elf 
arm-none-eabi-objdump -h -S STM32F407VGT6.elf  > "STM32F407VGT6.list"
   text	   data	    bss	    dec	    hex	filename
  53860	    512	   6160	  60532	   ec74	STM32F407VGT6.elf
已结束构建： default.size.stdout
 
已结束构建： STM32F407VGT6.list
 
16:46:43 **** Incremental Build of configuration Debug for project STM32F407VGT6 ****
make -j12 all 
arm-none-eabi-gcc "../Core/Src/main.c" -mcpu=cortex-m4 -std=gnu11 -g3 -DDEBUG -DUSE_HAL_DRIVER -DSTM32F407xx -c -I../Core/Inc -I../Drivers/STM32F4xx_HAL_Driver/Inc -I../Drivers/STM32F4xx_HAL_Driver/Inc/Legacy -I../Drivers/CMSIS/Device/ST/STM32F4xx/Include -I../Drivers/CMSIS/Include -I../Core/UserCC -I../Core/UserHH -O0 -ffunction-sections -fdata-sections -Wall -fstack-usage -fcyclomatic-complexity -MMD -MP -MF"Core/Src/main.d" -MT"Core/Src/main.o" --specs=nano.specs -mfpu=fpv4-sp-d16 -mfloat-abi=hard -mthumb -o "Core/Src/main.o"
arm-none-eabi-gcc -o "STM32F407VGT6.elf" @"objects.list"   -mcpu=cortex-m4 -T"A:\git\WYHCODE\PROJECT\STM32F407VGT6\STM32F407VGTX_FLASH.ld" --specs=nosys.specs -Wl,-Map="STM32F407VGT6.map" -Wl,--gc-sections -static --specs=nano.specs -mfpu=fpv4-sp-d16 -mfloat-abi=hard -mthumb -u _printf_float -u _scanf_float -Wl,--start-group -lc -lm -Wl,--end-group
已结束构建目标： STM32F407VGT6.elf
 
arm-none-eabi-size  STM32F407VGT6.elf 
arm-none-eabi-objdump -h -S STM32F407VGT6.elf  > "STM32F407VGT6.list"
   text	   data	    bss	    dec	    hex	filename
  53860	    512	   6160	  60532	   ec74	STM32F407VGT6.elf
已结束构建： default.size.stdout
 
已结束构建： STM32F407VGT6.list
 
16:47:15 **** Incremental Build of configuration Debug for project STM32F407VGT6 ****
make -j12 all 
arm-none-eabi-gcc "../Core/Src/main.c" -mcpu=cortex-m4 -std=gnu11 -g3 -DDEBUG -DUSE_HAL_DRIVER -DSTM32F407xx -c -I../Core/Inc -I../Drivers/STM32F4xx_HAL_Driver/Inc -I../Drivers/STM32F4xx_HAL_Driver/Inc/Legacy -I../Drivers/CMSIS/Device/ST/STM32F4xx/Include -I../Drivers/CMSIS/Include -I../Core/UserCC -I../Core/UserHH -O0 -ffunction-sections -fdata-sections -Wall -fstack-usage -fcyclomatic-complexity -MMD -MP -MF"Core/Src/main.d" -MT"Core/Src/main.o" --specs=nano.specs -mfpu=fpv4-sp-d16 -mfloat-abi=hard -mthumb -o "Core/Src/main.o"
arm-none-eabi-gcc -o "STM32F407VGT6.elf" @"objects.list"   -mcpu=cortex-m4 -T"A:\git\WYHCODE\PROJECT\STM32F407VGT6\STM32F407VGTX_FLASH.ld" --specs=nosys.specs -Wl,-Map="STM32F407VGT6.map" -Wl,--gc-sections -static --specs=nano.specs -mfpu=fpv4-sp-d16 -mfloat-abi=hard -mthumb -u _printf_float -u _scanf_float -Wl,--start-group -lc -lm -Wl,--end-group
已结束构建目标： STM32F407VGT6.elf
 
arm-none-eabi-size  STM32F407VGT6.elf 
arm-none-eabi-objdump -h -S STM32F407VGT6.elf  > "STM32F407VGT6.list"
   text	   data	    bss	    dec	    hex	filename
  53860	    512	   6160	  60532	   ec74	STM32F407VGT6.elf
已结束构建： default.size.stdout
 
已结束构建： STM32F407VGT6.list
 
16:49:03 **** Incremental Build of configuration Debug for project STM32F407VGT6 ****
make -j12 all 
arm-none-eabi-size  STM32F407VGT6.elf 
   text	   data	    bss	    dec	    hex	filename
  53860	    512	   6160	  60532	   ec74	STM32F407VGT6.elf
已结束构建： default.size.stdout
 
16:51:42 **** Incremental Build of configuration Debug for project STM32F407VGT6 ****
make -j12 all 
arm-none-eabi-gcc "../Core/Src/main.c" -mcpu=cortex-m4 -std=gnu11 -g3 -DDEBUG -DUSE_HAL_DRIVER -DSTM32F407xx -c -I../Core/Inc -I../Drivers/STM32F4xx_HAL_Driver/Inc -I../Drivers/STM32F4xx_HAL_Driver/Inc/Legacy -I../Drivers/CMSIS/Device/ST/STM32F4xx/Include -I../Drivers/CMSIS/Include -I../Core/UserCC -I../Core/UserHH -O0 -ffunction-sections -fdata-sections -Wall -fstack-usage -fcyclomatic-complexity -MMD -MP -MF"Core/Src/main.d" -MT"Core/Src/main.o" --specs=nano.specs -mfpu=fpv4-sp-d16 -mfloat-abi=hard -mthumb -o "Core/Src/main.o"
arm-none-eabi-gcc -o "STM32F407VGT6.elf" @"objects.list"   -mcpu=cortex-m4 -T"A:\git\WYHCODE\PROJECT\STM32F407VGT6\STM32F407VGTX_FLASH.ld" --specs=nosys.specs -Wl,-Map="STM32F407VGT6.map" -Wl,--gc-sections -static --specs=nano.specs -mfpu=fpv4-sp-d16 -mfloat-abi=hard -mthumb -u _printf_float -u _scanf_float -Wl,--start-group -lc -lm -Wl,--end-group
已结束构建目标： STM32F407VGT6.elf
 
arm-none-eabi-size  STM32F407VGT6.elf 
arm-none-eabi-objdump -h -S STM32F407VGT6.elf  > "STM32F407VGT6.list"
   text	   data	    bss	    dec	    hex	filename
  53860	    512	   6160	  60532	   ec74	STM32F407VGT6.elf
已结束构建： default.size.stdout
 
已结束构建： STM32F407VGT6.list
 
16:51:57 **** Incremental Build of configuration Debug for project STM32F407VGT6 ****
make -j12 all 
arm-none-eabi-size  STM32F407VGT6.elf 
   text	   data	    bss	    dec	    hex	filename
  53860	    512	   6160	  60532	   ec74	STM32F407VGT6.elf
已结束构建： default.size.stdout
 
16:53:47 **** Incremental Build of configuration Debug for project STM32F407VGT6 ****
make -j12 all 
arm-none-eabi-gcc "../Core/Src/main.c" -mcpu=cortex-m4 -std=gnu11 -g3 -DDEBUG -DUSE_HAL_DRIVER -DSTM32F407xx -c -I../Core/Inc -I../Drivers/STM32F4xx_HAL_Driver/Inc -I../Drivers/STM32F4xx_HAL_Driver/Inc/Legacy -I../Drivers/CMSIS/Device/ST/STM32F4xx/Include -I../Drivers/CMSIS/Include -I../Core/UserCC -I../Core/UserHH -O0 -ffunction-sections -fdata-sections -Wall -fstack-usage -fcyclomatic-complexity -MMD -MP -MF"Core/Src/main.d" -MT"Core/Src/main.o" --specs=nano.specs -mfpu=fpv4-sp-d16 -mfloat-abi=hard -mthumb -o "Core/Src/main.o"
arm-none-eabi-gcc -o "STM32F407VGT6.elf" @"objects.list"   -mcpu=cortex-m4 -T"A:\git\WYHCODE\PROJECT\STM32F407VGT6\STM32F407VGTX_FLASH.ld" --specs=nosys.specs -Wl,-Map="STM32F407VGT6.map" -Wl,--gc-sections -static --specs=nano.specs -mfpu=fpv4-sp-d16 -mfloat-abi=hard -mthumb -u _printf_float -u _scanf_float -Wl,--start-group -lc -lm -Wl,--end-group
已结束构建目标： STM32F407VGT6.elf
 
arm-none-eabi-size  STM32F407VGT6.elf 
arm-none-eabi-objdump -h -S STM32F407VGT6.elf  > "STM32F407VGT6.list"
   text	   data	    bss	    dec	    hex	filename
  53860	    512	   6160	  60532	   ec74	STM32F407VGT6.elf
已结束构建： default.size.stdout
 
已结束构建： STM32F407VGT6.list
 
16:57:24 **** Incremental Build of configuration Debug for project STM32F407VGT6 ****
make -j12 all 
arm-none-eabi-size  STM32F407VGT6.elf 
   text	   data	    bss	    dec	    hex	filename
  53860	    512	   6160	  60532	   ec74	STM32F407VGT6.elf
已结束构建： default.size.stdout
 
16:57:40 **** Incremental Build of configuration Debug for project STM32F407VGT6 ****
make -j12 all 
arm-none-eabi-gcc "../Core/Src/main.c" -mcpu=cortex-m4 -std=gnu11 -g3 -DDEBUG -DUSE_HAL_DRIVER -DSTM32F407xx -c -I../Core/Inc -I../Drivers/STM32F4xx_HAL_Driver/Inc -I../Drivers/STM32F4xx_HAL_Driver/Inc/Legacy -I../Drivers/CMSIS/Device/ST/STM32F4xx/Include -I../Drivers/CMSIS/Include -I../Core/UserCC -I../Core/UserHH -O0 -ffunction-sections -fdata-sections -Wall -fstack-usage -fcyclomatic-complexity -MMD -MP -MF"Core/Src/main.d" -MT"Core/Src/main.o" --specs=nano.specs -mfpu=fpv4-sp-d16 -mfloat-abi=hard -mthumb -o "Core/Src/main.o"
arm-none-eabi-gcc -o "STM32F407VGT6.elf" @"objects.list"   -mcpu=cortex-m4 -T"A:\git\WYHCODE\PROJECT\STM32F407VGT6\STM32F407VGTX_FLASH.ld" --specs=nosys.specs -Wl,-Map="STM32F407VGT6.map" -Wl,--gc-sections -static --specs=nano.specs -mfpu=fpv4-sp-d16 -mfloat-abi=hard -mthumb -u _printf_float -u _scanf_float -Wl,--start-group -lc -lm -Wl,--end-group
已结束构建目标： STM32F407VGT6.elf
 
arm-none-eabi-size  STM32F407VGT6.elf 
arm-none-eabi-objdump -h -S STM32F407VGT6.elf  > "STM32F407VGT6.list"
   text	   data	    bss	    dec	    hex	filename
  53860	    512	   6160	  60532	   ec74	STM32F407VGT6.elf
已结束构建： default.size.stdout
 
已结束构建： STM32F407VGT6.list
 
16:58:15 **** Incremental Build of configuration Debug for project STM32F407VGT6 ****
make -j12 all 
arm-none-eabi-size  STM32F407VGT6.elf 
   text	   data	    bss	    dec	    hex	filename
  53860	    512	   6160	  60532	   ec74	STM32F407VGT6.elf
已结束构建： default.size.stdout
 
17:35:27 **** Incremental Build of configuration Debug for project STM32F407VGT6 ****
make -j12 all 
arm-none-eabi-gcc "../Core/UserCC/servo.c" -mcpu=cortex-m4 -std=gnu11 -g3 -DDEBUG -DUSE_HAL_DRIVER -DSTM32F407xx -c -I../Core/Inc -I../Drivers/STM32F4xx_HAL_Driver/Inc -I../Drivers/STM32F4xx_HAL_Driver/Inc/Legacy -I../Drivers/CMSIS/Device/ST/STM32F4xx/Include -I../Drivers/CMSIS/Include -I../Core/UserCC -I../Core/UserHH -O0 -ffunction-sections -fdata-sections -Wall -fstack-usage -fcyclomatic-complexity -MMD -MP -MF"Core/UserCC/servo.d" -MT"Core/UserCC/servo.o" --specs=nano.specs -mfpu=fpv4-sp-d16 -mfloat-abi=hard -mthumb -o "Core/UserCC/servo.o"
arm-none-eabi-gcc -o "STM32F407VGT6.elf" @"objects.list"   -mcpu=cortex-m4 -T"A:\git\WYHCODE\PROJECT\STM32F407VGT6\STM32F407VGTX_FLASH.ld" --specs=nosys.specs -Wl,-Map="STM32F407VGT6.map" -Wl,--gc-sections -static --specs=nano.specs -mfpu=fpv4-sp-d16 -mfloat-abi=hard -mthumb -u _printf_float -u _scanf_float -Wl,--start-group -lc -lm -Wl,--end-group
已结束构建目标： STM32F407VGT6.elf
 
arm-none-eabi-size  STM32F407VGT6.elf 
arm-none-eabi-objdump -h -S STM32F407VGT6.elf  > "STM32F407VGT6.list"
   text	   data	    bss	    dec	    hex	filename
  53724	    512	   6160	  60396	   ebec	STM32F407VGT6.elf
已结束构建： default.size.stdout
 
已结束构建： STM32F407VGT6.list
 
17:36:37 **** Incremental Build of configuration Debug for project STM32F407VGT6 ****
make -j12 all 
arm-none-eabi-gcc "../Core/UserCC/Angle_PID.c" -mcpu=cortex-m4 -std=gnu11 -g3 -DDEBUG -DUSE_HAL_DRIVER -DSTM32F407xx -c -I../Core/Inc -I../Drivers/STM32F4xx_HAL_Driver/Inc -I../Drivers/STM32F4xx_HAL_Driver/Inc/Legacy -I../Drivers/CMSIS/Device/ST/STM32F4xx/Include -I../Drivers/CMSIS/Include -I../Core/UserCC -I../Core/UserHH -O0 -ffunction-sections -fdata-sections -Wall -fstack-usage -fcyclomatic-complexity -MMD -MP -MF"Core/UserCC/Angle_PID.d" -MT"Core/UserCC/Angle_PID.o" --specs=nano.specs -mfpu=fpv4-sp-d16 -mfloat-abi=hard -mthumb -o "Core/UserCC/Angle_PID.o"
arm-none-eabi-gcc "../Core/UserCC/HC_06.c" -mcpu=cortex-m4 -std=gnu11 -g3 -DDEBUG -DUSE_HAL_DRIVER -DSTM32F407xx -c -I../Core/Inc -I../Drivers/STM32F4xx_HAL_Driver/Inc -I../Drivers/STM32F4xx_HAL_Driver/Inc/Legacy -I../Drivers/CMSIS/Device/ST/STM32F4xx/Include -I../Drivers/CMSIS/Include -I../Core/UserCC -I../Core/UserHH -O0 -ffunction-sections -fdata-sections -Wall -fstack-usage -fcyclomatic-complexity -MMD -MP -MF"Core/UserCC/HC_06.d" -MT"Core/UserCC/HC_06.o" --specs=nano.specs -mfpu=fpv4-sp-d16 -mfloat-abi=hard -mthumb -o "Core/UserCC/HC_06.o"
arm-none-eabi-gcc "../Core/UserCC/define.c" -mcpu=cortex-m4 -std=gnu11 -g3 -DDEBUG -DUSE_HAL_DRIVER -DSTM32F407xx -c -I../Core/Inc -I../Drivers/STM32F4xx_HAL_Driver/Inc -I../Drivers/STM32F4xx_HAL_Driver/Inc/Legacy -I../Drivers/CMSIS/Device/ST/STM32F4xx/Include -I../Drivers/CMSIS/Include -I../Core/UserCC -I../Core/UserHH -O0 -ffunction-sections -fdata-sections -Wall -fstack-usage -fcyclomatic-complexity -MMD -MP -MF"Core/UserCC/define.d" -MT"Core/UserCC/define.o" --specs=nano.specs -mfpu=fpv4-sp-d16 -mfloat-abi=hard -mthumb -o "Core/UserCC/define.o"
arm-none-eabi-gcc "../Core/UserCC/font.c" -mcpu=cortex-m4 -std=gnu11 -g3 -DDEBUG -DUSE_HAL_DRIVER -DSTM32F407xx -c -I../Core/Inc -I../Drivers/STM32F4xx_HAL_Driver/Inc -I../Drivers/STM32F4xx_HAL_Driver/Inc/Legacy -I../Drivers/CMSIS/Device/ST/STM32F4xx/Include -I../Drivers/CMSIS/Include -I../Core/UserCC -I../Core/UserHH -O0 -ffunction-sections -fdata-sections -Wall -fstack-usage -fcyclomatic-complexity -MMD -MP -MF"Core/UserCC/font.d" -MT"Core/UserCC/font.o" --specs=nano.specs -mfpu=fpv4-sp-d16 -mfloat-abi=hard -mthumb -o "Core/UserCC/font.o"
arm-none-eabi-gcc "../Core/UserCC/jy62.c" -mcpu=cortex-m4 -std=gnu11 -g3 -DDEBUG -DUSE_HAL_DRIVER -DSTM32F407xx -c -I../Core/Inc -I../Drivers/STM32F4xx_HAL_Driver/Inc -I../Drivers/STM32F4xx_HAL_Driver/Inc/Legacy -I../Drivers/CMSIS/Device/ST/STM32F4xx/Include -I../Drivers/CMSIS/Include -I../Core/UserCC -I../Core/UserHH -O0 -ffunction-sections -fdata-sections -Wall -fstack-usage -fcyclomatic-complexity -MMD -MP -MF"Core/UserCC/jy62.d" -MT"Core/UserCC/jy62.o" --specs=nano.specs -mfpu=fpv4-sp-d16 -mfloat-abi=hard -mthumb -o "Core/UserCC/jy62.o"
arm-none-eabi-gcc "../Core/UserCC/oled.c" -mcpu=cortex-m4 -std=gnu11 -g3 -DDEBUG -DUSE_HAL_DRIVER -DSTM32F407xx -c -I../Core/Inc -I../Drivers/STM32F4xx_HAL_Driver/Inc -I../Drivers/STM32F4xx_HAL_Driver/Inc/Legacy -I../Drivers/CMSIS/Device/ST/STM32F4xx/Include -I../Drivers/CMSIS/Include -I../Core/UserCC -I../Core/UserHH -O0 -ffunction-sections -fdata-sections -Wall -fstack-usage -fcyclomatic-complexity -MMD -MP -MF"Core/UserCC/oled.d" -MT"Core/UserCC/oled.o" --specs=nano.specs -mfpu=fpv4-sp-d16 -mfloat-abi=hard -mthumb -o "Core/UserCC/oled.o"
arm-none-eabi-gcc "../Core/UserCC/pidspeed.c" -mcpu=cortex-m4 -std=gnu11 -g3 -DDEBUG -DUSE_HAL_DRIVER -DSTM32F407xx -c -I../Core/Inc -I../Drivers/STM32F4xx_HAL_Driver/Inc -I../Drivers/STM32F4xx_HAL_Driver/Inc/Legacy -I../Drivers/CMSIS/Device/ST/STM32F4xx/Include -I../Drivers/CMSIS/Include -I../Core/UserCC -I../Core/UserHH -O0 -ffunction-sections -fdata-sections -Wall -fstack-usage -fcyclomatic-complexity -MMD -MP -MF"Core/UserCC/pidspeed.d" -MT"Core/UserCC/pidspeed.o" --specs=nano.specs -mfpu=fpv4-sp-d16 -mfloat-abi=hard -mthumb -o "Core/UserCC/pidspeed.o"
arm-none-eabi-gcc "../Core/UserCC/servo.c" -mcpu=cortex-m4 -std=gnu11 -g3 -DDEBUG -DUSE_HAL_DRIVER -DSTM32F407xx -c -I../Core/Inc -I../Drivers/STM32F4xx_HAL_Driver/Inc -I../Drivers/STM32F4xx_HAL_Driver/Inc/Legacy -I../Drivers/CMSIS/Device/ST/STM32F4xx/Include -I../Drivers/CMSIS/Include -I../Core/UserCC -I../Core/UserHH -O0 -ffunction-sections -fdata-sections -Wall -fstack-usage -fcyclomatic-complexity -MMD -MP -MF"Core/UserCC/servo.d" -MT"Core/UserCC/servo.o" --specs=nano.specs -mfpu=fpv4-sp-d16 -mfloat-abi=hard -mthumb -o "Core/UserCC/servo.o"
arm-none-eabi-gcc "../Core/Src/dma.c" -mcpu=cortex-m4 -std=gnu11 -g3 -DDEBUG -DUSE_HAL_DRIVER -DSTM32F407xx -c -I../Core/Inc -I../Drivers/STM32F4xx_HAL_Driver/Inc -I../Drivers/STM32F4xx_HAL_Driver/Inc/Legacy -I../Drivers/CMSIS/Device/ST/STM32F4xx/Include -I../Drivers/CMSIS/Include -I../Core/UserCC -I../Core/UserHH -O0 -ffunction-sections -fdata-sections -Wall -fstack-usage -fcyclomatic-complexity -MMD -MP -MF"Core/Src/dma.d" -MT"Core/Src/dma.o" --specs=nano.specs -mfpu=fpv4-sp-d16 -mfloat-abi=hard -mthumb -o "Core/Src/dma.o"
arm-none-eabi-gcc "../Core/Src/gpio.c" -mcpu=cortex-m4 -std=gnu11 -g3 -DDEBUG -DUSE_HAL_DRIVER -DSTM32F407xx -c -I../Core/Inc -I../Drivers/STM32F4xx_HAL_Driver/Inc -I../Drivers/STM32F4xx_HAL_Driver/Inc/Legacy -I../Drivers/CMSIS/Device/ST/STM32F4xx/Include -I../Drivers/CMSIS/Include -I../Core/UserCC -I../Core/UserHH -O0 -ffunction-sections -fdata-sections -Wall -fstack-usage -fcyclomatic-complexity -MMD -MP -MF"Core/Src/gpio.d" -MT"Core/Src/gpio.o" --specs=nano.specs -mfpu=fpv4-sp-d16 -mfloat-abi=hard -mthumb -o "Core/Src/gpio.o"
arm-none-eabi-gcc "../Core/Src/i2c.c" -mcpu=cortex-m4 -std=gnu11 -g3 -DDEBUG -DUSE_HAL_DRIVER -DSTM32F407xx -c -I../Core/Inc -I../Drivers/STM32F4xx_HAL_Driver/Inc -I../Drivers/STM32F4xx_HAL_Driver/Inc/Legacy -I../Drivers/CMSIS/Device/ST/STM32F4xx/Include -I../Drivers/CMSIS/Include -I../Core/UserCC -I../Core/UserHH -O0 -ffunction-sections -fdata-sections -Wall -fstack-usage -fcyclomatic-complexity -MMD -MP -MF"Core/Src/i2c.d" -MT"Core/Src/i2c.o" --specs=nano.specs -mfpu=fpv4-sp-d16 -mfloat-abi=hard -mthumb -o "Core/Src/i2c.o"
arm-none-eabi-gcc "../Core/Src/main.c" -mcpu=cortex-m4 -std=gnu11 -g3 -DDEBUG -DUSE_HAL_DRIVER -DSTM32F407xx -c -I../Core/Inc -I../Drivers/STM32F4xx_HAL_Driver/Inc -I../Drivers/STM32F4xx_HAL_Driver/Inc/Legacy -I../Drivers/CMSIS/Device/ST/STM32F4xx/Include -I../Drivers/CMSIS/Include -I../Core/UserCC -I../Core/UserHH -O0 -ffunction-sections -fdata-sections -Wall -fstack-usage -fcyclomatic-complexity -MMD -MP -MF"Core/Src/main.d" -MT"Core/Src/main.o" --specs=nano.specs -mfpu=fpv4-sp-d16 -mfloat-abi=hard -mthumb -o "Core/Src/main.o"
arm-none-eabi-gcc "../Core/Src/stm32f4xx_hal_msp.c" -mcpu=cortex-m4 -std=gnu11 -g3 -DDEBUG -DUSE_HAL_DRIVER -DSTM32F407xx -c -I../Core/Inc -I../Drivers/STM32F4xx_HAL_Driver/Inc -I../Drivers/STM32F4xx_HAL_Driver/Inc/Legacy -I../Drivers/CMSIS/Device/ST/STM32F4xx/Include -I../Drivers/CMSIS/Include -I../Core/UserCC -I../Core/UserHH -O0 -ffunction-sections -fdata-sections -Wall -fstack-usage -fcyclomatic-complexity -MMD -MP -MF"Core/Src/stm32f4xx_hal_msp.d" -MT"Core/Src/stm32f4xx_hal_msp.o" --specs=nano.specs -mfpu=fpv4-sp-d16 -mfloat-abi=hard -mthumb -o "Core/Src/stm32f4xx_hal_msp.o"
arm-none-eabi-gcc "../Core/Src/stm32f4xx_it.c" -mcpu=cortex-m4 -std=gnu11 -g3 -DDEBUG -DUSE_HAL_DRIVER -DSTM32F407xx -c -I../Core/Inc -I../Drivers/STM32F4xx_HAL_Driver/Inc -I../Drivers/STM32F4xx_HAL_Driver/Inc/Legacy -I../Drivers/CMSIS/Device/ST/STM32F4xx/Include -I../Drivers/CMSIS/Include -I../Core/UserCC -I../Core/UserHH -O0 -ffunction-sections -fdata-sections -Wall -fstack-usage -fcyclomatic-complexity -MMD -MP -MF"Core/Src/stm32f4xx_it.d" -MT"Core/Src/stm32f4xx_it.o" --specs=nano.specs -mfpu=fpv4-sp-d16 -mfloat-abi=hard -mthumb -o "Core/Src/stm32f4xx_it.o"
arm-none-eabi-gcc "../Core/Src/tim.c" -mcpu=cortex-m4 -std=gnu11 -g3 -DDEBUG -DUSE_HAL_DRIVER -DSTM32F407xx -c -I../Core/Inc -I../Drivers/STM32F4xx_HAL_Driver/Inc -I../Drivers/STM32F4xx_HAL_Driver/Inc/Legacy -I../Drivers/CMSIS/Device/ST/STM32F4xx/Include -I../Drivers/CMSIS/Include -I../Core/UserCC -I../Core/UserHH -O0 -ffunction-sections -fdata-sections -Wall -fstack-usage -fcyclomatic-complexity -MMD -MP -MF"Core/Src/tim.d" -MT"Core/Src/tim.o" --specs=nano.specs -mfpu=fpv4-sp-d16 -mfloat-abi=hard -mthumb -o "Core/Src/tim.o"
arm-none-eabi-gcc "../Core/Src/usart.c" -mcpu=cortex-m4 -std=gnu11 -g3 -DDEBUG -DUSE_HAL_DRIVER -DSTM32F407xx -c -I../Core/Inc -I../Drivers/STM32F4xx_HAL_Driver/Inc -I../Drivers/STM32F4xx_HAL_Driver/Inc/Legacy -I../Drivers/CMSIS/Device/ST/STM32F4xx/Include -I../Drivers/CMSIS/Include -I../Core/UserCC -I../Core/UserHH -O0 -ffunction-sections -fdata-sections -Wall -fstack-usage -fcyclomatic-complexity -MMD -MP -MF"Core/Src/usart.d" -MT"Core/Src/usart.o" --specs=nano.specs -mfpu=fpv4-sp-d16 -mfloat-abi=hard -mthumb -o "Core/Src/usart.o"
arm-none-eabi-gcc -o "STM32F407VGT6.elf" @"objects.list"   -mcpu=cortex-m4 -T"A:\git\WYHCODE\PROJECT\STM32F407VGT6\STM32F407VGTX_FLASH.ld" --specs=nosys.specs -Wl,-Map="STM32F407VGT6.map" -Wl,--gc-sections -static --specs=nano.specs -mfpu=fpv4-sp-d16 -mfloat-abi=hard -mthumb -u _printf_float -u _scanf_float -Wl,--start-group -lc -lm -Wl,--end-group
已结束构建目标： STM32F407VGT6.elf
 
arm-none-eabi-size  STM32F407VGT6.elf 
arm-none-eabi-objdump -h -S STM32F407VGT6.elf  > "STM32F407VGT6.list"
   text	   data	    bss	    dec	    hex	filename
  53724	    512	   6160	  60396	   ebec	STM32F407VGT6.elf
已结束构建： default.size.stdout
 
已结束构建： STM32F407VGT6.list
 
17:37:49 **** Incremental Build of configuration Debug for project STM32F407VGT6 ****
make -j12 all 
arm-none-eabi-size  STM32F407VGT6.elf 
   text	   data	    bss	    dec	    hex	filename
  53724	    512	   6160	  60396	   ebec	STM32F407VGT6.elf
已结束构建： default.size.stdout
 
17:38:32 **** Incremental Build of configuration Debug for project STM32F407VGT6 ****
make -j12 all 
arm-none-eabi-gcc "../Core/UserCC/servo.c" -mcpu=cortex-m4 -std=gnu11 -g3 -DDEBUG -DUSE_HAL_DRIVER -DSTM32F407xx -c -I../Core/Inc -I../Drivers/STM32F4xx_HAL_Driver/Inc -I../Drivers/STM32F4xx_HAL_Driver/Inc/Legacy -I../Drivers/CMSIS/Device/ST/STM32F4xx/Include -I../Drivers/CMSIS/Include -I../Core/UserCC -I../Core/UserHH -O0 -ffunction-sections -fdata-sections -Wall -fstack-usage -fcyclomatic-complexity -MMD -MP -MF"Core/UserCC/servo.d" -MT"Core/UserCC/servo.o" --specs=nano.specs -mfpu=fpv4-sp-d16 -mfloat-abi=hard -mthumb -o "Core/UserCC/servo.o"
arm-none-eabi-gcc -o "STM32F407VGT6.elf" @"objects.list"   -mcpu=cortex-m4 -T"A:\git\WYHCODE\PROJECT\STM32F407VGT6\STM32F407VGTX_FLASH.ld" --specs=nosys.specs -Wl,-Map="STM32F407VGT6.map" -Wl,--gc-sections -static --specs=nano.specs -mfpu=fpv4-sp-d16 -mfloat-abi=hard -mthumb -u _printf_float -u _scanf_float -Wl,--start-group -lc -lm -Wl,--end-group
已结束构建目标： STM32F407VGT6.elf
 
arm-none-eabi-size  STM32F407VGT6.elf 
arm-none-eabi-objdump -h -S STM32F407VGT6.elf  > "STM32F407VGT6.list"
   text	   data	    bss	    dec	    hex	filename
  53860	    512	   6160	  60532	   ec74	STM32F407VGT6.elf
已结束构建： default.size.stdout
 
已结束构建： STM32F407VGT6.list
 
17:40:15 **** Incremental Build of configuration Debug for project STM32F407VGT6 ****
make -j12 all 
arm-none-eabi-gcc "../Core/UserCC/servo.c" -mcpu=cortex-m4 -std=gnu11 -g3 -DDEBUG -DUSE_HAL_DRIVER -DSTM32F407xx -c -I../Core/Inc -I../Drivers/STM32F4xx_HAL_Driver/Inc -I../Drivers/STM32F4xx_HAL_Driver/Inc/Legacy -I../Drivers/CMSIS/Device/ST/STM32F4xx/Include -I../Drivers/CMSIS/Include -I../Core/UserCC -I../Core/UserHH -O0 -ffunction-sections -fdata-sections -Wall -fstack-usage -fcyclomatic-complexity -MMD -MP -MF"Core/UserCC/servo.d" -MT"Core/UserCC/servo.o" --specs=nano.specs -mfpu=fpv4-sp-d16 -mfloat-abi=hard -mthumb -o "Core/UserCC/servo.o"
../Core/UserCC/servo.c: In function 'Set_Servo_Angle':
../Core/UserCC/servo.c:17:1: warning: implicit declaration of function 'IF' [-Wimplicit-function-declaration]
   17 | IF(pwm<500)     pwm=500;
      | ^~
../Core/UserCC/servo.c:17:16: error: expected ';' before 'pwm'
   17 | IF(pwm<500)     pwm=500;
      |            ^~~~~~~~
      |                ;
make: *** [Core/UserCC/subdir.mk:40: Core/UserCC/servo.o] Error 1
"make -j12 all" terminated with exit code 2. Build might be incomplete.
17:40:24 **** Incremental Build of configuration Debug for project STM32F407VGT6 ****
make -j12 all 
arm-none-eabi-gcc "../Core/UserCC/servo.c" -mcpu=cortex-m4 -std=gnu11 -g3 -DDEBUG -DUSE_HAL_DRIVER -DSTM32F407xx -c -I../Core/Inc -I../Drivers/STM32F4xx_HAL_Driver/Inc -I../Drivers/STM32F4xx_HAL_Driver/Inc/Legacy -I../Drivers/CMSIS/Device/ST/STM32F4xx/Include -I../Drivers/CMSIS/Include -I../Core/UserCC -I../Core/UserHH -O0 -ffunction-sections -fdata-sections -Wall -fstack-usage -fcyclomatic-complexity -MMD -MP -MF"Core/UserCC/servo.d" -MT"Core/UserCC/servo.o" --specs=nano.specs -mfpu=fpv4-sp-d16 -mfloat-abi=hard -mthumb -o "Core/UserCC/servo.o"
arm-none-eabi-gcc -o "STM32F407VGT6.elf" @"objects.list"   -mcpu=cortex-m4 -T"A:\git\WYHCODE\PROJECT\STM32F407VGT6\STM32F407VGTX_FLASH.ld" --specs=nosys.specs -Wl,-Map="STM32F407VGT6.map" -Wl,--gc-sections -static --specs=nano.specs -mfpu=fpv4-sp-d16 -mfloat-abi=hard -mthumb -u _printf_float -u _scanf_float -Wl,--start-group -lc -lm -Wl,--end-group
已结束构建目标： STM32F407VGT6.elf
 
arm-none-eabi-size  STM32F407VGT6.elf 
arm-none-eabi-objdump -h -S STM32F407VGT6.elf  > "STM32F407VGT6.list"
   text	   data	    bss	    dec	    hex	filename
  53924	    512	   6160	  60596	   ecb4	STM32F407VGT6.elf
已结束构建： default.size.stdout
 
已结束构建： STM32F407VGT6.list
 
17:41:05 **** Incremental Build of configuration Debug for project STM32F407VGT6 ****
make -j12 all 
arm-none-eabi-gcc "../Core/Src/main.c" -mcpu=cortex-m4 -std=gnu11 -g3 -DDEBUG -DUSE_HAL_DRIVER -DSTM32F407xx -c -I../Core/Inc -I../Drivers/STM32F4xx_HAL_Driver/Inc -I../Drivers/STM32F4xx_HAL_Driver/Inc/Legacy -I../Drivers/CMSIS/Device/ST/STM32F4xx/Include -I../Drivers/CMSIS/Include -I../Core/UserCC -I../Core/UserHH -O0 -ffunction-sections -fdata-sections -Wall -fstack-usage -fcyclomatic-complexity -MMD -MP -MF"Core/Src/main.d" -MT"Core/Src/main.o" --specs=nano.specs -mfpu=fpv4-sp-d16 -mfloat-abi=hard -mthumb -o "Core/Src/main.o"
arm-none-eabi-gcc -o "STM32F407VGT6.elf" @"objects.list"   -mcpu=cortex-m4 -T"A:\git\WYHCODE\PROJECT\STM32F407VGT6\STM32F407VGTX_FLASH.ld" --specs=nosys.specs -Wl,-Map="STM32F407VGT6.map" -Wl,--gc-sections -static --specs=nano.specs -mfpu=fpv4-sp-d16 -mfloat-abi=hard -mthumb -u _printf_float -u _scanf_float -Wl,--start-group -lc -lm -Wl,--end-group
已结束构建目标： STM32F407VGT6.elf
 
arm-none-eabi-size  STM32F407VGT6.elf 
arm-none-eabi-objdump -h -S STM32F407VGT6.elf  > "STM32F407VGT6.list"
   text	   data	    bss	    dec	    hex	filename
  53924	    512	   6160	  60596	   ecb4	STM32F407VGT6.elf
已结束构建： default.size.stdout
 
已结束构建： STM32F407VGT6.list
 
17:41:53 **** Incremental Build of configuration Debug for project STM32F407VGT6 ****
make -j12 all 
arm-none-eabi-gcc "../Core/Src/main.c" -mcpu=cortex-m4 -std=gnu11 -g3 -DDEBUG -DUSE_HAL_DRIVER -DSTM32F407xx -c -I../Core/Inc -I../Drivers/STM32F4xx_HAL_Driver/Inc -I../Drivers/STM32F4xx_HAL_Driver/Inc/Legacy -I../Drivers/CMSIS/Device/ST/STM32F4xx/Include -I../Drivers/CMSIS/Include -I../Core/UserCC -I../Core/UserHH -O0 -ffunction-sections -fdata-sections -Wall -fstack-usage -fcyclomatic-complexity -MMD -MP -MF"Core/Src/main.d" -MT"Core/Src/main.o" --specs=nano.specs -mfpu=fpv4-sp-d16 -mfloat-abi=hard -mthumb -o "Core/Src/main.o"
arm-none-eabi-gcc -o "STM32F407VGT6.elf" @"objects.list"   -mcpu=cortex-m4 -T"A:\git\WYHCODE\PROJECT\STM32F407VGT6\STM32F407VGTX_FLASH.ld" --specs=nosys.specs -Wl,-Map="STM32F407VGT6.map" -Wl,--gc-sections -static --specs=nano.specs -mfpu=fpv4-sp-d16 -mfloat-abi=hard -mthumb -u _printf_float -u _scanf_float -Wl,--start-group -lc -lm -Wl,--end-group
已结束构建目标： STM32F407VGT6.elf
 
arm-none-eabi-size  STM32F407VGT6.elf 
arm-none-eabi-objdump -h -S STM32F407VGT6.elf  > "STM32F407VGT6.list"
   text	   data	    bss	    dec	    hex	filename
  53924	    512	   6160	  60596	   ecb4	STM32F407VGT6.elf
已结束构建： default.size.stdout
 
已结束构建： STM32F407VGT6.list
 
17:42:35 **** Incremental Build of configuration Debug for project STM32F407VGT6 ****
make -j12 all 
arm-none-eabi-gcc "../Core/Src/main.c" -mcpu=cortex-m4 -std=gnu11 -g3 -DDEBUG -DUSE_HAL_DRIVER -DSTM32F407xx -c -I../Core/Inc -I../Drivers/STM32F4xx_HAL_Driver/Inc -I../Drivers/STM32F4xx_HAL_Driver/Inc/Legacy -I../Drivers/CMSIS/Device/ST/STM32F4xx/Include -I../Drivers/CMSIS/Include -I../Core/UserCC -I../Core/UserHH -O0 -ffunction-sections -fdata-sections -Wall -fstack-usage -fcyclomatic-complexity -MMD -MP -MF"Core/Src/main.d" -MT"Core/Src/main.o" --specs=nano.specs -mfpu=fpv4-sp-d16 -mfloat-abi=hard -mthumb -o "Core/Src/main.o"
arm-none-eabi-gcc -o "STM32F407VGT6.elf" @"objects.list"   -mcpu=cortex-m4 -T"A:\git\WYHCODE\PROJECT\STM32F407VGT6\STM32F407VGTX_FLASH.ld" --specs=nosys.specs -Wl,-Map="STM32F407VGT6.map" -Wl,--gc-sections -static --specs=nano.specs -mfpu=fpv4-sp-d16 -mfloat-abi=hard -mthumb -u _printf_float -u _scanf_float -Wl,--start-group -lc -lm -Wl,--end-group
已结束构建目标： STM32F407VGT6.elf
 
arm-none-eabi-size  STM32F407VGT6.elf 
arm-none-eabi-objdump -h -S STM32F407VGT6.elf  > "STM32F407VGT6.list"
   text	   data	    bss	    dec	    hex	filename
  53996	    512	   6160	  60668	   ecfc	STM32F407VGT6.elf
已结束构建： default.size.stdout
 
已结束构建： STM32F407VGT6.list
 
17:42:52 **** Incremental Build of configuration Debug for project STM32F407VGT6 ****
make -j12 all 
arm-none-eabi-gcc "../Core/Src/main.c" -mcpu=cortex-m4 -std=gnu11 -g3 -DDEBUG -DUSE_HAL_DRIVER -DSTM32F407xx -c -I../Core/Inc -I../Drivers/STM32F4xx_HAL_Driver/Inc -I../Drivers/STM32F4xx_HAL_Driver/Inc/Legacy -I../Drivers/CMSIS/Device/ST/STM32F4xx/Include -I../Drivers/CMSIS/Include -I../Core/UserCC -I../Core/UserHH -O0 -ffunction-sections -fdata-sections -Wall -fstack-usage -fcyclomatic-complexity -MMD -MP -MF"Core/Src/main.d" -MT"Core/Src/main.o" --specs=nano.specs -mfpu=fpv4-sp-d16 -mfloat-abi=hard -mthumb -o "Core/Src/main.o"
arm-none-eabi-gcc -o "STM32F407VGT6.elf" @"objects.list"   -mcpu=cortex-m4 -T"A:\git\WYHCODE\PROJECT\STM32F407VGT6\STM32F407VGTX_FLASH.ld" --specs=nosys.specs -Wl,-Map="STM32F407VGT6.map" -Wl,--gc-sections -static --specs=nano.specs -mfpu=fpv4-sp-d16 -mfloat-abi=hard -mthumb -u _printf_float -u _scanf_float -Wl,--start-group -lc -lm -Wl,--end-group
已结束构建目标： STM32F407VGT6.elf
 
arm-none-eabi-size  STM32F407VGT6.elf 
arm-none-eabi-objdump -h -S STM32F407VGT6.elf  > "STM32F407VGT6.list"
   text	   data	    bss	    dec	    hex	filename
  53924	    512	   6160	  60596	   ecb4	STM32F407VGT6.elf
已结束构建： default.size.stdout
 
已结束构建： STM32F407VGT6.list
 
17:43:08 **** Incremental Build of configuration Debug for project STM32F407VGT6 ****
make -j12 all 
arm-none-eabi-gcc "../Core/Src/main.c" -mcpu=cortex-m4 -std=gnu11 -g3 -DDEBUG -DUSE_HAL_DRIVER -DSTM32F407xx -c -I../Core/Inc -I../Drivers/STM32F4xx_HAL_Driver/Inc -I../Drivers/STM32F4xx_HAL_Driver/Inc/Legacy -I../Drivers/CMSIS/Device/ST/STM32F4xx/Include -I../Drivers/CMSIS/Include -I../Core/UserCC -I../Core/UserHH -O0 -ffunction-sections -fdata-sections -Wall -fstack-usage -fcyclomatic-complexity -MMD -MP -MF"Core/Src/main.d" -MT"Core/Src/main.o" --specs=nano.specs -mfpu=fpv4-sp-d16 -mfloat-abi=hard -mthumb -o "Core/Src/main.o"
arm-none-eabi-gcc -o "STM32F407VGT6.elf" @"objects.list"   -mcpu=cortex-m4 -T"A:\git\WYHCODE\PROJECT\STM32F407VGT6\STM32F407VGTX_FLASH.ld" --specs=nosys.specs -Wl,-Map="STM32F407VGT6.map" -Wl,--gc-sections -static --specs=nano.specs -mfpu=fpv4-sp-d16 -mfloat-abi=hard -mthumb -u _printf_float -u _scanf_float -Wl,--start-group -lc -lm -Wl,--end-group
已结束构建目标： STM32F407VGT6.elf
 
arm-none-eabi-size  STM32F407VGT6.elf 
arm-none-eabi-objdump -h -S STM32F407VGT6.elf  > "STM32F407VGT6.list"
   text	   data	    bss	    dec	    hex	filename
  53924	    512	   6160	  60596	   ecb4	STM32F407VGT6.elf
已结束构建： default.size.stdout
 
已结束构建： STM32F407VGT6.list
 
17:43:38 **** Incremental Build of configuration Debug for project STM32F407VGT6 ****
make -j12 all 
arm-none-eabi-gcc "../Core/UserCC/servo.c" -mcpu=cortex-m4 -std=gnu11 -g3 -DDEBUG -DUSE_HAL_DRIVER -DSTM32F407xx -c -I../Core/Inc -I../Drivers/STM32F4xx_HAL_Driver/Inc -I../Drivers/STM32F4xx_HAL_Driver/Inc/Legacy -I../Drivers/CMSIS/Device/ST/STM32F4xx/Include -I../Drivers/CMSIS/Include -I../Core/UserCC -I../Core/UserHH -O0 -ffunction-sections -fdata-sections -Wall -fstack-usage -fcyclomatic-complexity -MMD -MP -MF"Core/UserCC/servo.d" -MT"Core/UserCC/servo.o" --specs=nano.specs -mfpu=fpv4-sp-d16 -mfloat-abi=hard -mthumb -o "Core/UserCC/servo.o"
arm-none-eabi-gcc -o "STM32F407VGT6.elf" @"objects.list"   -mcpu=cortex-m4 -T"A:\git\WYHCODE\PROJECT\STM32F407VGT6\STM32F407VGTX_FLASH.ld" --specs=nosys.specs -Wl,-Map="STM32F407VGT6.map" -Wl,--gc-sections -static --specs=nano.specs -mfpu=fpv4-sp-d16 -mfloat-abi=hard -mthumb -u _printf_float -u _scanf_float -Wl,--start-group -lc -lm -Wl,--end-group
已结束构建目标： STM32F407VGT6.elf
 
arm-none-eabi-size  STM32F407VGT6.elf 
arm-none-eabi-objdump -h -S STM32F407VGT6.elf  > "STM32F407VGT6.list"
   text	   data	    bss	    dec	    hex	filename
  53924	    512	   6160	  60596	   ecb4	STM32F407VGT6.elf
已结束构建： default.size.stdout
 
已结束构建： STM32F407VGT6.list
 
17:44:04 **** Incremental Build of configuration Debug for project STM32F407VGT6 ****
make -j12 all 
arm-none-eabi-gcc "../Core/UserCC/servo.c" -mcpu=cortex-m4 -std=gnu11 -g3 -DDEBUG -DUSE_HAL_DRIVER -DSTM32F407xx -c -I../Core/Inc -I../Drivers/STM32F4xx_HAL_Driver/Inc -I../Drivers/STM32F4xx_HAL_Driver/Inc/Legacy -I../Drivers/CMSIS/Device/ST/STM32F4xx/Include -I../Drivers/CMSIS/Include -I../Core/UserCC -I../Core/UserHH -O0 -ffunction-sections -fdata-sections -Wall -fstack-usage -fcyclomatic-complexity -MMD -MP -MF"Core/UserCC/servo.d" -MT"Core/UserCC/servo.o" --specs=nano.specs -mfpu=fpv4-sp-d16 -mfloat-abi=hard -mthumb -o "Core/UserCC/servo.o"
arm-none-eabi-gcc -o "STM32F407VGT6.elf" @"objects.list"   -mcpu=cortex-m4 -T"A:\git\WYHCODE\PROJECT\STM32F407VGT6\STM32F407VGTX_FLASH.ld" --specs=nosys.specs -Wl,-Map="STM32F407VGT6.map" -Wl,--gc-sections -static --specs=nano.specs -mfpu=fpv4-sp-d16 -mfloat-abi=hard -mthumb -u _printf_float -u _scanf_float -Wl,--start-group -lc -lm -Wl,--end-group
已结束构建目标： STM32F407VGT6.elf
 
arm-none-eabi-size  STM32F407VGT6.elf 
arm-none-eabi-objdump -h -S STM32F407VGT6.elf  > "STM32F407VGT6.list"
   text	   data	    bss	    dec	    hex	filename
  53924	    512	   6160	  60596	   ecb4	STM32F407VGT6.elf
已结束构建： default.size.stdout
 
已结束构建： STM32F407VGT6.list
 
20:55:59 **** Incremental Build of configuration Debug for project STM32F407VGT6 ****
make -j12 all 
arm-none-eabi-gcc "../Core/Src/main.c" -mcpu=cortex-m4 -std=gnu11 -g3 -DDEBUG -DUSE_HAL_DRIVER -DSTM32F407xx -c -I../Core/Inc -I../Drivers/STM32F4xx_HAL_Driver/Inc -I../Drivers/STM32F4xx_HAL_Driver/Inc/Legacy -I../Drivers/CMSIS/Device/ST/STM32F4xx/Include -I../Drivers/CMSIS/Include -I../Core/UserCC -I../Core/UserHH -O0 -ffunction-sections -fdata-sections -Wall -fstack-usage -fcyclomatic-complexity -MMD -MP -MF"Core/Src/main.d" -MT"Core/Src/main.o" --specs=nano.specs -mfpu=fpv4-sp-d16 -mfloat-abi=hard -mthumb -o "Core/Src/main.o"
arm-none-eabi-gcc -o "STM32F407VGT6.elf" @"objects.list"   -mcpu=cortex-m4 -T"A:\git\WYHCODE\PROJECT\STM32F407VGT6\STM32F407VGTX_FLASH.ld" --specs=nosys.specs -Wl,-Map="STM32F407VGT6.map" -Wl,--gc-sections -static --specs=nano.specs -mfpu=fpv4-sp-d16 -mfloat-abi=hard -mthumb -u _printf_float -u _scanf_float -Wl,--start-group -lc -lm -Wl,--end-group
已结束构建目标： STM32F407VGT6.elf
 
arm-none-eabi-size  STM32F407VGT6.elf 
arm-none-eabi-objdump -h -S STM32F407VGT6.elf  > "STM32F407VGT6.list"
   text	   data	    bss	    dec	    hex	filename
  53316	    512	   6160	  59988	   ea54	STM32F407VGT6.elf
已结束构建： default.size.stdout
 
已结束构建： STM32F407VGT6.list
 
20:56:23 **** Incremental Build of configuration Debug for project STM32F407VGT6 ****
make -j12 all 
arm-none-eabi-gcc "../Core/Src/main.c" -mcpu=cortex-m4 -std=gnu11 -g3 -DDEBUG -DUSE_HAL_DRIVER -DSTM32F407xx -c -I../Core/Inc -I../Drivers/STM32F4xx_HAL_Driver/Inc -I../Drivers/STM32F4xx_HAL_Driver/Inc/Legacy -I../Drivers/CMSIS/Device/ST/STM32F4xx/Include -I../Drivers/CMSIS/Include -I../Core/UserCC -I../Core/UserHH -O0 -ffunction-sections -fdata-sections -Wall -fstack-usage -fcyclomatic-complexity -MMD -MP -MF"Core/Src/main.d" -MT"Core/Src/main.o" --specs=nano.specs -mfpu=fpv4-sp-d16 -mfloat-abi=hard -mthumb -o "Core/Src/main.o"
arm-none-eabi-gcc -o "STM32F407VGT6.elf" @"objects.list"   -mcpu=cortex-m4 -T"A:\git\WYHCODE\PROJECT\STM32F407VGT6\STM32F407VGTX_FLASH.ld" --specs=nosys.specs -Wl,-Map="STM32F407VGT6.map" -Wl,--gc-sections -static --specs=nano.specs -mfpu=fpv4-sp-d16 -mfloat-abi=hard -mthumb -u _printf_float -u _scanf_float -Wl,--start-group -lc -lm -Wl,--end-group
已结束构建目标： STM32F407VGT6.elf
 
arm-none-eabi-size  STM32F407VGT6.elf 
arm-none-eabi-objdump -h -S STM32F407VGT6.elf  > "STM32F407VGT6.list"
   text	   data	    bss	    dec	    hex	filename
  53316	    512	   6160	  59988	   ea54	STM32F407VGT6.elf
已结束构建： default.size.stdout
 
已结束构建： STM32F407VGT6.list
 
20:56:42 **** Incremental Build of configuration Debug for project STM32F407VGT6 ****
make -j12 all 
arm-none-eabi-gcc "../Core/Src/main.c" -mcpu=cortex-m4 -std=gnu11 -g3 -DDEBUG -DUSE_HAL_DRIVER -DSTM32F407xx -c -I../Core/Inc -I../Drivers/STM32F4xx_HAL_Driver/Inc -I../Drivers/STM32F4xx_HAL_Driver/Inc/Legacy -I../Drivers/CMSIS/Device/ST/STM32F4xx/Include -I../Drivers/CMSIS/Include -I../Core/UserCC -I../Core/UserHH -O0 -ffunction-sections -fdata-sections -Wall -fstack-usage -fcyclomatic-complexity -MMD -MP -MF"Core/Src/main.d" -MT"Core/Src/main.o" --specs=nano.specs -mfpu=fpv4-sp-d16 -mfloat-abi=hard -mthumb -o "Core/Src/main.o"
arm-none-eabi-gcc -o "STM32F407VGT6.elf" @"objects.list"   -mcpu=cortex-m4 -T"A:\git\WYHCODE\PROJECT\STM32F407VGT6\STM32F407VGTX_FLASH.ld" --specs=nosys.specs -Wl,-Map="STM32F407VGT6.map" -Wl,--gc-sections -static --specs=nano.specs -mfpu=fpv4-sp-d16 -mfloat-abi=hard -mthumb -u _printf_float -u _scanf_float -Wl,--start-group -lc -lm -Wl,--end-group
已结束构建目标： STM32F407VGT6.elf
 
arm-none-eabi-size  STM32F407VGT6.elf 
arm-none-eabi-objdump -h -S STM32F407VGT6.elf  > "STM32F407VGT6.list"
   text	   data	    bss	    dec	    hex	filename
  53316	    512	   6160	  59988	   ea54	STM32F407VGT6.elf
已结束构建： default.size.stdout
 
已结束构建： STM32F407VGT6.list
 
20:56:54 **** Incremental Build of configuration Debug for project STM32F407VGT6 ****
make -j12 all 
arm-none-eabi-size  STM32F407VGT6.elf 
   text	   data	    bss	    dec	    hex	filename
  53316	    512	   6160	  59988	   ea54	STM32F407VGT6.elf
已结束构建： default.size.stdout
 
23:06:13 **** 构建 of configuration Debug for project Myproject ****
make -j12 all 
arm-none-eabi-size  Myproject.elf 
   text	   data	    bss	    dec	    hex	filename
  44020	    468	   4132	  48620	   bdec	Myproject.elf
已结束构建： default.size.stdout
 
23:06:15 **** Incremental Build of configuration Debug for project STM32F407VGT6 ****
make -j12 all 
arm-none-eabi-size  STM32F407VGT6.elf 
   text	   data	    bss	    dec	    hex	filename
  53316	    512	   6160	  59988	   ea54	STM32F407VGT6.elf
已结束构建： default.size.stdout
 
