Archive member included to satisfy reference by file (symbol)

A:/STM32CUBEIDE/STM32CubeIDE_1.18.0/STM32CubeIDE/plugins/com.st.stm32cube.ide.mcu.externaltools.gnu-tools-for-stm32.13.3.rel1.win32_1.0.0.202411081344/tools/bin/../lib/gcc/arm-none-eabi/13.3.1/../../../../arm-none-eabi/lib/thumb/v7e-m+fp/hard\libc_nano.a(libc_a-exit.o)
                              A:/STM32CUBEIDE/STM32CubeIDE_1.18.0/STM32CubeIDE/plugins/com.st.stm32cube.ide.mcu.externaltools.gnu-tools-for-stm32.13.3.rel1.win32_1.0.0.202411081344/tools/bin/../lib/gcc/arm-none-eabi/13.3.1/../../../../arm-none-eabi/lib/thumb/v7e-m+fp/hard/crt0.o (exit)
A:/STM32CUBEIDE/STM32CubeIDE_1.18.0/STM32CubeIDE/plugins/com.st.stm32cube.ide.mcu.externaltools.gnu-tools-for-stm32.13.3.rel1.win32_1.0.0.202411081344/tools/bin/../lib/gcc/arm-none-eabi/13.3.1/../../../../arm-none-eabi/lib/thumb/v7e-m+fp/hard\libc_nano.a(libc_a-nano-vfprintf_float.o)
                              (_printf_float)
A:/STM32CUBEIDE/STM32CubeIDE_1.18.0/STM32CubeIDE/plugins/com.st.stm32cube.ide.mcu.externaltools.gnu-tools-for-stm32.13.3.rel1.win32_1.0.0.202411081344/tools/bin/../lib/gcc/arm-none-eabi/13.3.1/../../../../arm-none-eabi/lib/thumb/v7e-m+fp/hard\libc_nano.a(libc_a-nano-vfprintf_i.o)
                              A:/STM32CUBEIDE/STM32CubeIDE_1.18.0/STM32CubeIDE/plugins/com.st.stm32cube.ide.mcu.externaltools.gnu-tools-for-stm32.13.3.rel1.win32_1.0.0.202411081344/tools/bin/../lib/gcc/arm-none-eabi/13.3.1/../../../../arm-none-eabi/lib/thumb/v7e-m+fp/hard\libc_nano.a(libc_a-nano-vfprintf_float.o) (_printf_common)
A:/STM32CUBEIDE/STM32CubeIDE_1.18.0/STM32CubeIDE/plugins/com.st.stm32cube.ide.mcu.externaltools.gnu-tools-for-stm32.13.3.rel1.win32_1.0.0.202411081344/tools/bin/../lib/gcc/arm-none-eabi/13.3.1/../../../../arm-none-eabi/lib/thumb/v7e-m+fp/hard\libc_nano.a(libc_a-nano-vfscanf_float.o)
                              (_scanf_float)
A:/STM32CUBEIDE/STM32CubeIDE_1.18.0/STM32CubeIDE/plugins/com.st.stm32cube.ide.mcu.externaltools.gnu-tools-for-stm32.13.3.rel1.win32_1.0.0.202411081344/tools/bin/../lib/gcc/arm-none-eabi/13.3.1/../../../../arm-none-eabi/lib/thumb/v7e-m+fp/hard\libc_nano.a(libc_a-findfp.o)
                              A:/STM32CUBEIDE/STM32CubeIDE_1.18.0/STM32CubeIDE/plugins/com.st.stm32cube.ide.mcu.externaltools.gnu-tools-for-stm32.13.3.rel1.win32_1.0.0.202411081344/tools/bin/../lib/gcc/arm-none-eabi/13.3.1/../../../../arm-none-eabi/lib/thumb/v7e-m+fp/hard\libc_nano.a(libc_a-exit.o) (__stdio_exit_handler)
A:/STM32CUBEIDE/STM32CubeIDE_1.18.0/STM32CubeIDE/plugins/com.st.stm32cube.ide.mcu.externaltools.gnu-tools-for-stm32.13.3.rel1.win32_1.0.0.202411081344/tools/bin/../lib/gcc/arm-none-eabi/13.3.1/../../../../arm-none-eabi/lib/thumb/v7e-m+fp/hard\libc_nano.a(libc_a-fwalk.o)
                              A:/STM32CUBEIDE/STM32CubeIDE_1.18.0/STM32CubeIDE/plugins/com.st.stm32cube.ide.mcu.externaltools.gnu-tools-for-stm32.13.3.rel1.win32_1.0.0.202411081344/tools/bin/../lib/gcc/arm-none-eabi/13.3.1/../../../../arm-none-eabi/lib/thumb/v7e-m+fp/hard\libc_nano.a(libc_a-findfp.o) (_fwalk_sglue)
A:/STM32CUBEIDE/STM32CubeIDE_1.18.0/STM32CubeIDE/plugins/com.st.stm32cube.ide.mcu.externaltools.gnu-tools-for-stm32.13.3.rel1.win32_1.0.0.202411081344/tools/bin/../lib/gcc/arm-none-eabi/13.3.1/../../../../arm-none-eabi/lib/thumb/v7e-m+fp/hard\libc_nano.a(libc_a-sprintf.o)
                              ./Core/Src/main.o (sprintf)
A:/STM32CUBEIDE/STM32CubeIDE_1.18.0/STM32CubeIDE/plugins/com.st.stm32cube.ide.mcu.externaltools.gnu-tools-for-stm32.13.3.rel1.win32_1.0.0.202411081344/tools/bin/../lib/gcc/arm-none-eabi/13.3.1/../../../../arm-none-eabi/lib/thumb/v7e-m+fp/hard\libc_nano.a(libc_a-sscanf.o)
                              ./Core/Src/main.o (sscanf)
A:/STM32CUBEIDE/STM32CubeIDE_1.18.0/STM32CubeIDE/plugins/com.st.stm32cube.ide.mcu.externaltools.gnu-tools-for-stm32.13.3.rel1.win32_1.0.0.202411081344/tools/bin/../lib/gcc/arm-none-eabi/13.3.1/../../../../arm-none-eabi/lib/thumb/v7e-m+fp/hard\libc_nano.a(libc_a-stdio.o)
                              A:/STM32CUBEIDE/STM32CubeIDE_1.18.0/STM32CubeIDE/plugins/com.st.stm32cube.ide.mcu.externaltools.gnu-tools-for-stm32.13.3.rel1.win32_1.0.0.202411081344/tools/bin/../lib/gcc/arm-none-eabi/13.3.1/../../../../arm-none-eabi/lib/thumb/v7e-m+fp/hard\libc_nano.a(libc_a-findfp.o) (__sread)
A:/STM32CUBEIDE/STM32CubeIDE_1.18.0/STM32CubeIDE/plugins/com.st.stm32cube.ide.mcu.externaltools.gnu-tools-for-stm32.13.3.rel1.win32_1.0.0.202411081344/tools/bin/../lib/gcc/arm-none-eabi/13.3.1/../../../../arm-none-eabi/lib/thumb/v7e-m+fp/hard\libc_nano.a(libc_a-memcmp.o)
                              ./Core/UserCC/oled.o (memcmp)
A:/STM32CUBEIDE/STM32CubeIDE_1.18.0/STM32CubeIDE/plugins/com.st.stm32cube.ide.mcu.externaltools.gnu-tools-for-stm32.13.3.rel1.win32_1.0.0.202411081344/tools/bin/../lib/gcc/arm-none-eabi/13.3.1/../../../../arm-none-eabi/lib/thumb/v7e-m+fp/hard\libc_nano.a(libc_a-memset.o)
[...]
Memory Configuration

Name             Origin             Length             Attributes
CCMRAM           0x10000000         0x00010000         xrw
RAM              0x20000000         0x00020000         xrw
FLASH            0x08000000         0x00100000         xr
*default*        0x00000000         0xffffffff

Linker script and memory map

LOAD A:/STM32CUBEIDE/STM32CubeIDE_1.18.0/STM32CubeIDE/plugins/com.st.stm32cube.ide.mcu.externaltools.gnu-tools-for-stm32.13.3.rel1.win32_1.0.0.202411081344/tools/bin/../lib/gcc/arm-none-eabi/13.3.1/thumb/v7e-m+fp/hard/crti.o
LOAD A:/STM32CUBEIDE/STM32CubeIDE_1.18.0/STM32CubeIDE/plugins/com.st.stm32cube.ide.mcu.externaltools.gnu-tools-for-stm32.13.3.rel1.win32_1.0.0.202411081344/tools/bin/../lib/gcc/arm-none-eabi/13.3.1/thumb/v7e-m+fp/hard/crtbegin.o
LOAD A:/STM32CUBEIDE/STM32CubeIDE_1.18.0/STM32CubeIDE/plugins/com.st.stm32cube.ide.mcu.externaltools.gnu-tools-for-stm32.13.3.rel1.win32_1.0.0.202411081344/tools/bin/../lib/gcc/arm-none-eabi/13.3.1/../../../../arm-none-eabi/lib/thumb/v7e-m+fp/hard/crt0.o
LOAD ./Core/Src/dma.o
LOAD ./Core/Src/gpio.o
LOAD ./Core/Src/i2c.o
LOAD ./Core/Src/main.o
LOAD ./Core/Src/stm32f4xx_hal_msp.o
LOAD ./Core/Src/stm32f4xx_it.o
LOAD ./Core/Src/syscalls.o
LOAD ./Core/Src/sysmem.o
LOAD ./Core/Src/system_stm32f4xx.o
LOAD ./Core/Src/tim.o
LOAD ./Core/Src/usart.o
LOAD ./Core/Startup/startup_stm32f407vgtx.o
LOAD ./Core/UserCC/Angle_PID.o
LOAD ./Core/UserCC/HC_06.o
LOAD ./Core/UserCC/Trace_PID.o
LOAD ./Core/UserCC/US-100.o
LOAD ./Core/UserCC/define.o
LOAD ./Core/UserCC/font.o
LOAD ./Core/UserCC/jy62.o
LOAD ./Core/UserCC/oled.o
LOAD ./Core/UserCC/pidspeed.o
LOAD ./Core/UserCC/servo.o
LOAD ./Drivers/STM32F4xx_HAL_Driver/Src/stm32f4xx_hal.o
LOAD ./Drivers/STM32F4xx_HAL_Driver/Src/stm32f4xx_hal_cortex.o
LOAD ./Drivers/STM32F4xx_HAL_Driver/Src/stm32f4xx_hal_dma.o
LOAD ./Drivers/STM32F4xx_HAL_Driver/Src/stm32f4xx_hal_dma_ex.o
LOAD ./Drivers/STM32F4xx_HAL_Driver/Src/stm32f4xx_hal_exti.o
LOAD ./Drivers/STM32F4xx_HAL_Driver/Src/stm32f4xx_hal_flash.o
LOAD ./Drivers/STM32F4xx_HAL_Driver/Src/stm32f4xx_hal_flash_ex.o
LOAD ./Drivers/STM32F4xx_HAL_Driver/Src/stm32f4xx_hal_flash_ramfunc.o
LOAD ./Drivers/STM32F4xx_HAL_Driver/Src/stm32f4xx_hal_gpio.o
LOAD ./Drivers/STM32F4xx_HAL_Driver/Src/stm32f4xx_hal_i2c.o
LOAD ./Drivers/STM32F4xx_HAL_Driver/Src/stm32f4xx_hal_i2c_ex.o
LOAD ./Drivers/STM32F4xx_HAL_Driver/Src/stm32f4xx_hal_pwr.o
LOAD ./Drivers/STM32F4xx_HAL_Driver/Src/stm32f4xx_hal_pwr_ex.o
LOAD ./Drivers/STM32F4xx_HAL_Driver/Src/stm32f4xx_hal_rcc.o
LOAD ./Drivers/STM32F4xx_HAL_Driver/Src/stm32f4xx_hal_rcc_ex.o
LOAD ./Drivers/STM32F4xx_HAL_Driver/Src/stm32f4xx_hal_tim.o
LOAD ./Drivers/STM32F4xx_HAL_Driver/Src/stm32f4xx_hal_tim_ex.o
LOAD ./Drivers/STM32F4xx_HAL_Driver/Src/stm32f4xx_hal_uart.o
START GROUP
LOAD A:/STM32CUBEIDE/STM32CubeIDE_1.18.0/STM32CubeIDE/plugins/com.st.stm32cube.ide.mcu.externaltools.gnu-tools-for-stm32.13.3.rel1.win32_1.0.0.202411081344/tools/bin/../lib/gcc/arm-none-eabi/13.3.1/../../../../arm-none-eabi/lib/thumb/v7e-m+fp/hard\libc_nano.a
LOAD A:/STM32CUBEIDE/STM32CubeIDE_1.18.0/STM32CubeIDE/plugins/com.st.stm32cube.ide.mcu.externaltools.gnu-tools-for-stm32.13.3.rel1.win32_1.0.0.202411081344/tools/bin/../lib/gcc/arm-none-eabi/13.3.1/../../../../arm-none-eabi/lib/thumb/v7e-m+fp/hard\libm.a
END GROUP
START GROUP
LOAD A:/STM32CUBEIDE/STM32CubeIDE_1.18.0/STM32CubeIDE/plugins/com.st.stm32cube.ide.mcu.externaltools.gnu-tools-for-stm32.13.3.rel1.win32_1.0.0.202411081344/tools/bin/../lib/gcc/arm-none-eabi/13.3.1/thumb/v7e-m+fp/hard\libgcc.a
LOAD A:/STM32CUBEIDE/STM32CubeIDE_1.18.0/STM32CubeIDE/plugins/com.st.stm32cube.ide.mcu.externaltools.gnu-tools-for-stm32.13.3.rel1.win32_1.0.0.202411081344/tools/bin/../lib/gcc/arm-none-eabi/13.3.1/../../../../arm-none-eabi/lib/thumb/v7e-m+fp/hard\libc_nano.a
END GROUP
START GROUP
LOAD A:/STM32CUBEIDE/STM32CubeIDE_1.18.0/STM32CubeIDE/plugins/com.st.stm32cube.ide.mcu.externaltools.gnu-tools-for-stm32.13.3.rel1.win32_1.0.0.202411081344/tools/bin/../lib/gcc/arm-none-eabi/13.3.1/thumb/v7e-m+fp/hard\libgcc.a
LOAD A:/STM32CUBEIDE/STM32CubeIDE_1.18.0/STM32CubeIDE/plugins/com.st.stm32cube.ide.mcu.externaltools.gnu-tools-for-stm32.13.3.rel1.win32_1.0.0.202411081344/tools/bin/../lib/gcc/arm-none-eabi/13.3.1/../../../../arm-none-eabi/lib/thumb/v7e-m+fp/hard\libc_nano.a
LOAD A:/STM32CUBEIDE/STM32CubeIDE_1.18.0/STM32CubeIDE/plugins/com.st.stm32cube.ide.mcu.externaltools.gnu-tools-for-stm32.13.3.rel1.win32_1.0.0.202411081344/tools/bin/../lib/gcc/arm-none-eabi/13.3.1/../../../../arm-none-eabi/lib/thumb/v7e-m+fp/hard\libnosys.a
END GROUP
START GROUP
LOAD A:/STM32CUBEIDE/STM32CubeIDE_1.18.0/STM32CubeIDE/plugins/com.st.stm32cube.ide.mcu.externaltools.gnu-tools-for-stm32.13.3.rel1.win32_1.0.0.202411081344/tools/bin/../lib/gcc/arm-none-eabi/13.3.1/thumb/v7e-m+fp/hard\libgcc.a
LOAD A:/STM32CUBEIDE/STM32CubeIDE_1.18.0/STM32CubeIDE/plugins/com.st.stm32cube.ide.mcu.externaltools.gnu-tools-for-stm32.13.3.rel1.win32_1.0.0.202411081344/tools/bin/../lib/gcc/arm-none-eabi/13.3.1/../../../../arm-none-eabi/lib/thumb/v7e-m+fp/hard\libc_nano.a
LOAD A:/STM32CUBEIDE/STM32CubeIDE_1.18.0/STM32CubeIDE/plugins/com.st.stm32cube.ide.mcu.externaltools.gnu-tools-for-stm32.13.3.rel1.win32_1.0.0.202411081344/tools/bin/../lib/gcc/arm-none-eabi/13.3.1/../../../../arm-none-eabi/lib/thumb/v7e-m+fp/hard\libnosys.a
END GROUP
LOAD A:/STM32CUBEIDE/STM32CubeIDE_1.18.0/STM32CubeIDE/plugins/com.st.stm32cube.ide.mcu.externaltools.gnu-tools-for-stm32.13.3.rel1.win32_1.0.0.202411081344/tools/bin/../lib/gcc/arm-none-eabi/13.3.1/thumb/v7e-m+fp/hard/crtend.o
LOAD A:/STM32CUBEIDE/STM32CubeIDE_1.18.0/STM32CubeIDE/plugins/com.st.stm32cube.ide.mcu.externaltools.gnu-tools-for-stm32.13.3.rel1.win32_1.0.0.202411081344/tools/bin/../lib/gcc/arm-none-eabi/13.3.1/thumb/v7e-m+fp/hard/crtn.o
                0x20020000                        _estack = (ORIGIN (RAM) + LENGTH (RAM))
                0x00000200                        _Min_Heap_Size = 0x200
                0x00000400                        _Min_Stack_Size = 0x400

.isr_vector     0x08000000      0x188
                0x08000000                        . = ALIGN (0x4)
 *(.isr_vector)
 .isr_vector    0x08000000      0x188 ./Core/Startup/startup_stm32f407vgtx.o
                0x08000000                g_pfnVectors
                0x08000188                        . = ALIGN (0x4)

.text           0x08000190     0xed18
                0x08000190                        . = ALIGN (0x4)
 *(.text)
 .text          0x08000190       0x40 A:/STM32CUBEIDE/STM32CubeIDE_1.18.0/STM32CubeIDE/plugins/com.st.stm32cube.ide.mcu.externaltools.gnu-tools-for-stm32.13.3.rel1.win32_1.0.0.202411081344/tools/bin/../lib/gcc/arm-none-eabi/13.3.1/thumb/v7e-m+fp/hard/crtbegin.o
 .text          0x080001d0       0xa0 A:/STM32CUBEIDE/STM32CubeIDE_1.18.0/STM32CubeIDE/plugins/com.st.stm32cube.ide.mcu.externaltools.gnu-tools-for-stm32.13.3.rel1.win32_1.0.0.202411081344/tools/bin/../lib/gcc/arm-none-eabi/13.3.1/../../../../arm-none-eabi/lib/thumb/v7e-m+fp/hard\libc_nano.a(libc_a-memchr.o)
                0x080001d0                memchr
 .text          0x08000270       0x10 A:/STM32CUBEIDE/STM32CubeIDE_1.18.0/STM32CubeIDE/plugins/com.st.stm32cube.ide.mcu.externaltools.gnu-tools-for-stm32.13.3.rel1.win32_1.0.0.202411081344/tools/bin/../lib/gcc/arm-none-eabi/13.3.1/../../../../arm-none-eabi/lib/thumb/v7e-m+fp/hard\libc_nano.a(libc_a-strlen.o)
                0x08000270                strlen
 .text          0x08000280      0x378 A:/STM32CUBEIDE/STM32CubeIDE_1.18.0/STM32CubeIDE/plugins/com.st.stm32cube.ide.mcu.externaltools.gnu-tools-for-stm32.13.3.rel1.win32_1.0.0.202411081344/tools/bin/../lib/gcc/arm-none-eabi/13.3.1/thumb/v7e-m+fp/hard\libgcc.a(_arm_addsubdf3.o)
                0x08000280                __aeabi_drsub
                0x08000288                __aeabi_dsub
                0x08000288                __subdf3
                0x0800028c                __aeabi_dadd
                0x0800028c                __adddf3
                0x08000504                __floatunsidf
                0x08000504                __aeabi_ui2d
                0x08000524                __floatsidf
                0x08000524                __aeabi_i2d
                0x08000548                __aeabi_f2d
                0x08000548                __extendsfdf2
                0x0800058c                __floatundidf
                0x0800058c                __aeabi_ul2d
                0x0800059c                __floatdidf
                0x0800059c                __aeabi_l2d
 .text          0x080005f8      0x424 A:/STM32CUBEIDE/STM32CubeIDE_1.18.0/STM32CubeIDE/plugins/com.st.stm32cube.ide.mcu.externaltools.gnu-tools-for-stm32.13.3.rel1.win32_1.0.0.202411081344/tools/bin/../lib/gcc/arm-none-eabi/13.3.1/thumb/v7e-m+fp/hard\libgcc.a(_arm_muldivdf3.o)
                0x080005f8                __aeabi_dmul
                0x080005f8                __muldf3
                0x0800084c                __divdf3
                0x0800084c                __aeabi_ddiv
 .text          0x08000a1c      0x110 A:/STM32CUBEIDE/STM32CubeIDE_1.18.0/STM32CubeIDE/plugins/com.st.stm32cube.ide.mcu.externaltools.gnu-tools-for-stm32.13.3.rel1.win32_1.0.0.202411081344/tools/bin/../lib/gcc/arm-none-eabi/13.3.1/thumb/v7e-m+fp/hard\libgcc.a(_arm_cmpdf2.o)
                0x08000a1c                __gtdf2
                0x08000a1c                __gedf2
                0x08000a24                __ltdf2
                0x08000a24                __ledf2
                0x08000a2c                __nedf2
                0x08000a2c                __eqdf2
                0x08000a2c                __cmpdf2
                0x08000aa8                __aeabi_cdrcmple
                0x08000ab8                __aeabi_cdcmpeq
                0x08000ab8                __aeabi_cdcmple
                0x08000ac8                __aeabi_dcmpeq
                0x08000adc                __aeabi_dcmplt
                0x08000af0                __aeabi_dcmple
                0x08000b04                __aeabi_dcmpge
                0x08000b18                __aeabi_dcmpgt
 .text          0x08000b2c       0x2c A:/STM32CUBEIDE/STM32CubeIDE_1.18.0/STM32CubeIDE/plugins/com.st.stm32cube.ide.mcu.externaltools.gnu-tools-for-stm32.13.3.rel1.win32_1.0.0.202411081344/tools/bin/../lib/gcc/arm-none-eabi/13.3.1/thumb/v7e-m+fp/hard\libgcc.a(_arm_unorddf2.o)
                0x08000b2c                __unorddf2
                0x08000b2c                __aeabi_dcmpun
 .text          0x08000b58       0x50 A:/STM32CUBEIDE/STM32CubeIDE_1.18.0/STM32CubeIDE/plugins/com.st.stm32cube.ide.mcu.externaltools.gnu-tools-for-stm32.13.3.rel1.win32_1.0.0.202411081344/tools/bin/../lib/gcc/arm-none-eabi/13.3.1/thumb/v7e-m+fp/hard\libgcc.a(_arm_fixdfsi.o)
                0x08000b58                __aeabi_d2iz
                0x08000b58                __fixdfsi
 .text          0x08000ba8       0x40 A:/STM32CUBEIDE/STM32CubeIDE_1.18.0/STM32CubeIDE/plugins/com.st.stm32cube.ide.mcu.externaltools.gnu-tools-for-stm32.13.3.rel1.win32_1.0.0.202411081344/tools/bin/../lib/gcc/arm-none-eabi/13.3.1/thumb/v7e-m+fp/hard\libgcc.a(_arm_fixunsdfsi.o)
                0x08000ba8                __aeabi_d2uiz
                0x08000ba8                __fixunsdfsi
 .text          0x08000be8       0xa0 A:/STM32CUBEIDE/STM32CubeIDE_1.18.0/STM32CubeIDE/plugins/com.st.stm32cube.ide.mcu.externaltools.gnu-tools-for-stm32.13.3.rel1.win32_1.0.0.202411081344/tools/bin/../lib/gcc/arm-none-eabi/13.3.1/thumb/v7e-m+fp/hard\libgcc.a(_arm_truncdfsf2.o)
                0x08000be8                __truncdfsf2
                0x08000be8                __aeabi_d2f
 .text          0x08000c88       0x30 A:/STM32CUBEIDE/STM32CubeIDE_1.18.0/STM32CubeIDE/plugins/com.st.stm32cube.ide.mcu.externaltools.gnu-tools-for-stm32.13.3.rel1.win32_1.0.0.202411081344/tools/bin/../lib/gcc/arm-none-eabi/13.3.1/thumb/v7e-m+fp/hard\libgcc.a(_aeabi_uldivmod.o)
                0x08000c88                __aeabi_uldivmod
 .text          0x08000cb8       0x30 A:/STM32CUBEIDE/STM32CubeIDE_1.18.0/STM32CubeIDE/plugins/com.st.stm32cube.ide.mcu.externaltools.gnu-tools-for-stm32.13.3.rel1.win32_1.0.0.202411081344/tools/bin/../lib/gcc/arm-none-eabi/13.3.1/thumb/v7e-m+fp/hard\libgcc.a(_fixdfdi.o)
                0x08000cb8                __fixdfdi
                0x08000cb8                __aeabi_d2lz
 .text          0x08000ce8       0x3c A:/STM32CUBEIDE/STM32CubeIDE_1.18.0/STM32CubeIDE/plugins/com.st.stm32cube.ide.mcu.externaltools.gnu-tools-for-stm32.13.3.rel1.win32_1.0.0.202411081344/tools/bin/../lib/gcc/arm-none-eabi/13.3.1/thumb/v7e-m+fp/hard\libgcc.a(_fixunsdfdi.o)
                0x08000ce8                __fixunsdfdi
                0x08000ce8                __aeabi_d2ulz
 .text          0x08000d24      0x2f8 A:/STM32CUBEIDE/STM32CubeIDE_1.18.0/STM32CubeIDE/plugins/com.st.stm32cube.ide.mcu.externaltools.gnu-tools-for-stm32.13.3.rel1.win32_1.0.0.202411081344/tools/bin/../lib/gcc/arm-none-eabi/13.3.1/thumb/v7e-m+fp/hard\libgcc.a(_udivmoddi4.o)
                0x08000d24                __udivmoddi4
 .text          0x0800101c        0x4 A:/STM32CUBEIDE/STM32CubeIDE_1.18.0/STM32CubeIDE/plugins/com.st.stm32cube.ide.mcu.externaltools.gnu-tools-for-stm32.13.3.rel1.win32_1.0.0.202411081344/tools/bin/../lib/gcc/arm-none-eabi/13.3.1/thumb/v7e-m+fp/hard\libgcc.a(_dvmd_tls.o)
                0x0800101c                __aeabi_idiv0
                0x0800101c                __aeabi_ldiv0
 *(.text*)
 .text.MX_DMA_Init
                0x08001020       0xec ./Core/Src/dma.o
                0x08001020                MX_DMA_Init
 .text.MX_GPIO_Init
                0x0800110c      0x180 ./Core/Src/gpio.o
                0x0800110c                MX_GPIO_Init
 .text.MX_I2C1_Init
                0x0800128c       0x5c ./Core/Src/i2c.o
                0x0800128c                MX_I2C1_Init
 .text.MX_I2C3_Init
                0x080012e8       0x5c ./Core/Src/i2c.o
                0x080012e8                MX_I2C3_Init
 .text.HAL_I2C_MspInit
                0x08001344      0x150 ./Core/Src/i2c.o
                0x08001344                HAL_I2C_MspInit
 .text.main     0x08001494      0x3e8 ./Core/Src/main.o
                0x08001494                main
 .text.SystemClock_Config
                0x0800187c       0xd4 ./Core/Src/main.o
                0x0800187c                SystemClock_Config
 .text.HAL_UARTEx_RxEventCallback
                0x08001950      0x2c4 ./Core/Src/main.o
                0x08001950                HAL_UARTEx_RxEventCallback
 .text.HAL_UART_TxCpltCallback
                0x08001c14       0x38 ./Core/Src/main.o
                0x08001c14                HAL_UART_TxCpltCallback
 .text.HAL_TIM_PeriodElapsedCallback
                0x08001c4c      0x114 ./Core/Src/main.o
                0x08001c4c                HAL_TIM_PeriodElapsedCallback
 .text.Error_Handler
                0x08001d60        0xc ./Core/Src/main.o
                0x08001d60                Error_Handler
 .text.HAL_MspInit
                0x08001d6c       0x50 ./Core/Src/stm32f4xx_hal_msp.o
                0x08001d6c                HAL_MspInit
 .text.NMI_Handler
                0x08001dbc        0x8 ./Core/Src/stm32f4xx_it.o
                0x08001dbc                NMI_Handler
 .text.HardFault_Handler
                0x08001dc4        0x8 ./Core/Src/stm32f4xx_it.o
                0x08001dc4                HardFault_Handler
 .text.MemManage_Handler
                0x08001dcc        0x8 ./Core/Src/stm32f4xx_it.o
                0x08001dcc                MemManage_Handler
 .text.BusFault_Handler
                0x08001dd4        0x8 ./Core/Src/stm32f4xx_it.o
                0x08001dd4                BusFault_Handler
 .text.UsageFault_Handler
                0x08001ddc        0x8 ./Core/Src/stm32f4xx_it.o
                0x08001ddc                UsageFault_Handler
 .text.SVC_Handler
                0x08001de4        0xe ./Core/Src/stm32f4xx_it.o
                0x08001de4                SVC_Handler
 .text.DebugMon_Handler
                0x08001df2        0xe ./Core/Src/stm32f4xx_it.o
                0x08001df2                DebugMon_Handler
 .text.PendSV_Handler
                0x08001e00        0xe ./Core/Src/stm32f4xx_it.o
                0x08001e00                PendSV_Handler
 .text.SysTick_Handler
                0x08001e0e        0xc ./Core/Src/stm32f4xx_it.o
                0x08001e0e                SysTick_Handler
 *fill*         0x08001e1a        0x2 
 .text.DMA1_Stream0_IRQHandler
                0x08001e1c       0x14 ./Core/Src/stm32f4xx_it.o
                0x08001e1c                DMA1_Stream0_IRQHandler
 .text.DMA1_Stream1_IRQHandler
                0x08001e30       0x14 ./Core/Src/stm32f4xx_it.o
                0x08001e30                DMA1_Stream1_IRQHandler
 .text.DMA1_Stream2_IRQHandler
                0x08001e44       0x14 ./Core/Src/stm32f4xx_it.o
                0x08001e44                DMA1_Stream2_IRQHandler
 .text.DMA1_Stream3_IRQHandler
                0x08001e58       0x14 ./Core/Src/stm32f4xx_it.o
                0x08001e58                DMA1_Stream3_IRQHandler
 .text.DMA1_Stream4_IRQHandler
                0x08001e6c       0x14 ./Core/Src/stm32f4xx_it.o
                0x08001e6c                DMA1_Stream4_IRQHandler
 .text.DMA1_Stream5_IRQHandler
                0x08001e80       0x14 ./Core/Src/stm32f4xx_it.o
                0x08001e80                DMA1_Stream5_IRQHandler
 .text.DMA1_Stream6_IRQHandler
                0x08001e94       0x14 ./Core/Src/stm32f4xx_it.o
                0x08001e94                DMA1_Stream6_IRQHandler
 .text.USART2_IRQHandler
                0x08001ea8       0x14 ./Core/Src/stm32f4xx_it.o
                0x08001ea8                USART2_IRQHandler
 .text.USART3_IRQHandler
                0x08001ebc       0x14 ./Core/Src/stm32f4xx_it.o
                0x08001ebc                USART3_IRQHandler
 .text.TIM8_TRG_COM_TIM14_IRQHandler
                0x08001ed0       0x14 ./Core/Src/stm32f4xx_it.o
                0x08001ed0                TIM8_TRG_COM_TIM14_IRQHandler
 .text.DMA1_Stream7_IRQHandler
                0x08001ee4       0x14 ./Core/Src/stm32f4xx_it.o
                0x08001ee4                DMA1_Stream7_IRQHandler
 .text.UART4_IRQHandler
                0x08001ef8       0x14 ./Core/Src/stm32f4xx_it.o
                0x08001ef8                UART4_IRQHandler
 .text.UART5_IRQHandler
                0x08001f0c       0x14 ./Core/Src/stm32f4xx_it.o
                0x08001f0c                UART5_IRQHandler
 .text.TIM7_IRQHandler
                0x08001f20       0x14 ./Core/Src/stm32f4xx_it.o
                0x08001f20                TIM7_IRQHandler
 .text.DMA2_Stream1_IRQHandler
                0x08001f34       0x14 ./Core/Src/stm32f4xx_it.o
                0x08001f34                DMA2_Stream1_IRQHandler
 .text.DMA2_Stream6_IRQHandler
                0x08001f48       0x14 ./Core/Src/stm32f4xx_it.o
                0x08001f48                DMA2_Stream6_IRQHandler
 .text.USART6_IRQHandler
                0x08001f5c       0x14 ./Core/Src/stm32f4xx_it.o
                0x08001f5c                USART6_IRQHandler
 .text.I2C3_EV_IRQHandler
                0x08001f70       0x14 ./Core/Src/stm32f4xx_it.o
                0x08001f70                I2C3_EV_IRQHandler
 .text._getpid  0x08001f84       0x10 ./Core/Src/syscalls.o
                0x08001f84                _getpid
 .text._kill    0x08001f94       0x20 ./Core/Src/syscalls.o
                0x08001f94                _kill
 .text._exit    0x08001fb4       0x16 ./Core/Src/syscalls.o
                0x08001fb4                _exit
 .text._read    0x08001fca       0x3a ./Core/Src/syscalls.o
                0x08001fca                _read
 .text._write   0x08002004       0x38 ./Core/Src/syscalls.o
                0x08002004                _write
 .text._close   0x0800203c       0x18 ./Core/Src/syscalls.o
                0x0800203c                _close
 .text._fstat   0x08002054       0x20 ./Core/Src/syscalls.o
                0x08002054                _fstat
 .text._isatty  0x08002074       0x16 ./Core/Src/syscalls.o
                0x08002074                _isatty
 .text._lseek   0x0800208a       0x1a ./Core/Src/syscalls.o
                0x0800208a                _lseek
 .text._sbrk    0x080020a4       0x6c ./Core/Src/sysmem.o
                0x080020a4                _sbrk
 .text.SystemInit
                0x08002110       0x24 ./Core/Src/system_stm32f4xx.o
                0x08002110                SystemInit
 .text.MX_TIM2_Init
                0x08002134      0x138 ./Core/Src/tim.o
                0x08002134                MX_TIM2_Init
 .text.MX_TIM3_Init
                0x0800226c       0xa8 ./Core/Src/tim.o
                0x0800226c                MX_TIM3_Init
 .text.MX_TIM4_Init
                0x08002314       0xa8 ./Core/Src/tim.o
                0x08002314                MX_TIM4_Init
 .text.MX_TIM7_Init
                0x080023bc       0x6c ./Core/Src/tim.o
                0x080023bc                MX_TIM7_Init
 .text.MX_TIM12_Init
                0x08002428       0xdc ./Core/Src/tim.o
                0x08002428                MX_TIM12_Init
 .text.MX_TIM14_Init
                0x08002504       0x48 ./Core/Src/tim.o
                0x08002504                MX_TIM14_Init
 .text.HAL_TIM_Base_MspInit
                0x0800254c       0xe0 ./Core/Src/tim.o
                0x0800254c                HAL_TIM_Base_MspInit
 .text.HAL_TIM_Encoder_MspInit
                0x0800262c       0xfc ./Core/Src/tim.o
                0x0800262c                HAL_TIM_Encoder_MspInit
 .text.HAL_TIM_MspPostInit
                0x08002728       0xc0 ./Core/Src/tim.o
                0x08002728                HAL_TIM_MspPostInit
 .text.MX_UART4_Init
                0x080027e8       0x54 ./Core/Src/usart.o
                0x080027e8                MX_UART4_Init
 .text.MX_UART5_Init
                0x0800283c       0x54 ./Core/Src/usart.o
                0x0800283c                MX_UART5_Init
 .text.MX_USART2_UART_Init
                0x08002890       0x54 ./Core/Src/usart.o
                0x08002890                MX_USART2_UART_Init
 .text.MX_USART3_UART_Init
                0x080028e4       0x54 ./Core/Src/usart.o
                0x080028e4                MX_USART3_UART_Init
 .text.MX_USART6_UART_Init
                0x08002938       0x54 ./Core/Src/usart.o
                0x08002938                MX_USART6_UART_Init
 .text.HAL_UART_MspInit
                0x0800298c      0x6d4 ./Core/Src/usart.o
                0x0800298c                HAL_UART_MspInit
 .text.Reset_Handler
                0x08003060       0x50 ./Core/Startup/startup_stm32f407vgtx.o
                0x08003060                Reset_Handler
 .text.Default_Handler
                0x080030b0        0x2 ./Core/Startup/startup_stm32f407vgtx.o
                0x080030b0                RTC_Alarm_IRQHandler
                0x080030b0                HASH_RNG_IRQHandler
                0x080030b0                EXTI2_IRQHandler
                0x080030b0                TIM8_CC_IRQHandler
                0x080030b0                TIM1_CC_IRQHandler
                0x080030b0                DMA2_Stream5_IRQHandler
                0x080030b0                PVD_IRQHandler
                0x080030b0                SDIO_IRQHandler
                0x080030b0                TAMP_STAMP_IRQHandler
                0x080030b0                CAN2_RX1_IRQHandler
                0x080030b0                EXTI3_IRQHandler
                0x080030b0                TIM1_UP_TIM10_IRQHandler
                0x080030b0                TIM8_UP_TIM13_IRQHandler
                0x080030b0                I2C3_ER_IRQHandler
                0x080030b0                EXTI0_IRQHandler
                0x080030b0                I2C2_EV_IRQHandler
                0x080030b0                CAN1_RX0_IRQHandler
                0x080030b0                FPU_IRQHandler
                0x080030b0                OTG_HS_WKUP_IRQHandler
                0x080030b0                CAN2_SCE_IRQHandler
                0x080030b0                DMA2_Stream2_IRQHandler
                0x080030b0                SPI1_IRQHandler
                0x080030b0                TIM6_DAC_IRQHandler
                0x080030b0                TIM1_BRK_TIM9_IRQHandler
                0x080030b0                DCMI_IRQHandler
                0x080030b0                CAN2_RX0_IRQHandler
                0x080030b0                DMA2_Stream3_IRQHandler
                0x080030b0                CAN1_RX1_IRQHandler
                0x080030b0                DMA2_Stream0_IRQHandler
                0x080030b0                TIM4_IRQHandler
                0x080030b0                I2C1_EV_IRQHandler
                0x080030b0                TIM3_IRQHandler
                0x080030b0                RCC_IRQHandler
                0x080030b0                TIM8_BRK_TIM12_IRQHandler
                0x080030b0                Default_Handler
                0x080030b0                EXTI15_10_IRQHandler
                0x080030b0                ADC_IRQHandler
                0x080030b0                CAN2_TX_IRQHandler
                0x080030b0                TIM5_IRQHandler
                0x080030b0                DMA2_Stream7_IRQHandler
                0x080030b0                EXTI9_5_IRQHandler
                0x080030b0                RTC_WKUP_IRQHandler
                0x080030b0                ETH_WKUP_IRQHandler
                0x080030b0                SPI2_IRQHandler
                0x080030b0                OTG_HS_EP1_IN_IRQHandler
                0x080030b0                CAN1_TX_IRQHandler
                0x080030b0                EXTI4_IRQHandler
                0x080030b0                FSMC_IRQHandler
                0x080030b0                ETH_IRQHandler
                0x080030b0                OTG_HS_EP1_OUT_IRQHandler
                0x080030b0                WWDG_IRQHandler
                0x080030b0                TIM2_IRQHandler
                0x080030b0                OTG_FS_WKUP_IRQHandler
                0x080030b0                TIM1_TRG_COM_TIM11_IRQHandler
                0x080030b0                OTG_HS_IRQHandler
                0x080030b0                EXTI1_IRQHandler
                0x080030b0                I2C2_ER_IRQHandler
                0x080030b0                CAN1_SCE_IRQHandler
                0x080030b0                FLASH_IRQHandler
                0x080030b0                DMA2_Stream4_IRQHandler
                0x080030b0                USART1_IRQHandler
                0x080030b0                OTG_FS_IRQHandler
                0x080030b0                SPI3_IRQHandler
                0x080030b0                I2C1_ER_IRQHandler
 .text.PID_Angle_init
                0x080030b2       0x3c ./Core/UserCC/Angle_PID.o
                0x080030b2                PID_Angle_init
 *fill*         0x080030ee        0x2 
 .text.PID_Angle_realize
                0x080030f0      0x118 ./Core/UserCC/Angle_PID.o
                0x080030f0                PID_Angle_realize
 .text.PID_Trace_init
                0x08003208       0x3c ./Core/UserCC/Trace_PID.o
                0x08003208                PID_Trace_init
 .text.Trace_error
                0x08003244       0x58 ./Core/UserCC/Trace_PID.o
                0x08003244                Trace_error
 .text.PID_Trace_realize
                0x0800329c      0x114 ./Core/UserCC/Trace_PID.o
                0x0800329c                PID_Trace_realize
 .text.OLED_Send
                0x080033b0       0x2c ./Core/UserCC/oled.o
                0x080033b0                OLED_Send
 .text.OLED_SendCmd
                0x080033dc       0x24 ./Core/UserCC/oled.o
                0x080033dc                OLED_SendCmd
 .text.OLED_Init
                0x08003400       0xb8 ./Core/UserCC/oled.o
                0x08003400                OLED_Init
 .text.OLED_NewFrame
                0x080034b8       0x18 ./Core/UserCC/oled.o
                0x080034b8                OLED_NewFrame
 .text.OLED_ShowFrame
                0x080034d0       0x68 ./Core/UserCC/oled.o
                0x080034d0                OLED_ShowFrame
 .text.OLED_SetByte_Fine
                0x08003538       0xf8 ./Core/UserCC/oled.o
                0x08003538                OLED_SetByte_Fine
 .text.OLED_SetBits_Fine
                0x08003630       0xbe ./Core/UserCC/oled.o
                0x08003630                OLED_SetBits_Fine
 .text.OLED_SetBits
                0x080036ee       0x82 ./Core/UserCC/oled.o
                0x080036ee                OLED_SetBits
 .text.OLED_SetBlock
                0x08003770       0xe2 ./Core/UserCC/oled.o
                0x08003770                OLED_SetBlock
 .text.OLED_PrintASCIIChar
                0x08003852       0x5e ./Core/UserCC/oled.o
                0x08003852                OLED_PrintASCIIChar
 .text._OLED_GetUTF8Len
                0x080038b0       0x54 ./Core/UserCC/oled.o
                0x080038b0                _OLED_GetUTF8Len
 .text.OLED_PrintString
                0x08003904      0x14c ./Core/UserCC/oled.o
                0x08003904                OLED_PrintString
 .text.Set_motor_pwmL
                0x08003a50       0x8c ./Core/UserCC/pidspeed.o
                0x08003a50                Set_motor_pwmL
 .text.Set_motor_pwmR
                0x08003adc       0x8c ./Core/UserCC/pidspeed.o
                0x08003adc                Set_motor_pwmR
 .text.Set_motor_speedL
                0x08003b68       0x40 ./Core/UserCC/pidspeed.o
                0x08003b68                Set_motor_speedL
 .text.Set_motor_speedR
                0x08003ba8       0x40 ./Core/UserCC/pidspeed.o
                0x08003ba8                Set_motor_speedR
 .text.PID_param_init
                0x08003be8       0x3c ./Core/UserCC/pidspeed.o
                0x08003be8                PID_param_init
 .text.PosionPID_realize
                0x08003c24      0x128 ./Core/UserCC/pidspeed.o
                0x08003c24                PosionPID_realize
 .text.PID_Servo_init
                0x08003d4c       0x3c ./Core/UserCC/servo.o
                0x08003d4c                PID_Servo_init
 .text.Set_Servo_Angle_Down
                0x08003d88       0x38 ./Core/UserCC/servo.o
                0x08003d88                Set_Servo_Angle_Down
 .text.Set_Servo_Angle_Up
                0x08003dc0       0x38 ./Core/UserCC/servo.o
                0x08003dc0                Set_Servo_Angle_Up
 .text.Get_Servo_Angle_Down
                0x08003df8       0x30 ./Core/UserCC/servo.o
                0x08003df8                Get_Servo_Angle_Down
 .text.Get_Servo_Angle_Up
                0x08003e28       0x30 ./Core/UserCC/servo.o
                0x08003e28                Get_Servo_Angle_Up
 .text.PID_Servo_realize
                0x08003e58      0x124 ./Core/UserCC/servo.o
                0x08003e58                PID_Servo_realize
 .text.HAL_Init
                0x08003f7c       0x44 ./Drivers/STM32F4xx_HAL_Driver/Src/stm32f4xx_hal.o
                0x08003f7c                HAL_Init
 .text.HAL_InitTick
                0x08003fc0       0x60 ./Drivers/STM32F4xx_HAL_Driver/Src/stm32f4xx_hal.o
                0x08003fc0                HAL_InitTick
 .text.HAL_IncTick
                0x08004020       0x28 ./Drivers/STM32F4xx_HAL_Driver/Src/stm32f4xx_hal.o
                0x08004020                HAL_IncTick
 .text.HAL_GetTick
                0x08004048       0x18 ./Drivers/STM32F4xx_HAL_Driver/Src/stm32f4xx_hal.o
                0x08004048                HAL_GetTick
 .text.HAL_Delay
                0x08004060       0x48 ./Drivers/STM32F4xx_HAL_Driver/Src/stm32f4xx_hal.o
                0x08004060                HAL_Delay
 .text.__NVIC_SetPriorityGrouping
                0x080040a8       0x48 ./Drivers/STM32F4xx_HAL_Driver/Src/stm32f4xx_hal_cortex.o
 .text.__NVIC_GetPriorityGrouping
                0x080040f0       0x1c ./Drivers/STM32F4xx_HAL_Driver/Src/stm32f4xx_hal_cortex.o
 .text.__NVIC_EnableIRQ
                0x0800410c       0x3c ./Drivers/STM32F4xx_HAL_Driver/Src/stm32f4xx_hal_cortex.o
 .text.__NVIC_SetPriority
                0x08004148       0x54 ./Drivers/STM32F4xx_HAL_Driver/Src/stm32f4xx_hal_cortex.o
 .text.NVIC_EncodePriority
                0x0800419c       0x66 ./Drivers/STM32F4xx_HAL_Driver/Src/stm32f4xx_hal_cortex.o
 *fill*         0x08004202        0x2 
 .text.SysTick_Config
                0x08004204       0x44 ./Drivers/STM32F4xx_HAL_Driver/Src/stm32f4xx_hal_cortex.o
 .text.HAL_NVIC_SetPriorityGrouping
                0x08004248       0x16 ./Drivers/STM32F4xx_HAL_Driver/Src/stm32f4xx_hal_cortex.o
                0x08004248                HAL_NVIC_SetPriorityGrouping
 .text.HAL_NVIC_SetPriority
                0x0800425e       0x38 ./Drivers/STM32F4xx_HAL_Driver/Src/stm32f4xx_hal_cortex.o
                0x0800425e                HAL_NVIC_SetPriority
 .text.HAL_NVIC_EnableIRQ
                0x08004296       0x1c ./Drivers/STM32F4xx_HAL_Driver/Src/stm32f4xx_hal_cortex.o
                0x08004296                HAL_NVIC_EnableIRQ
 .text.HAL_SYSTICK_Config
                0x080042b2       0x18 ./Drivers/STM32F4xx_HAL_Driver/Src/stm32f4xx_hal_cortex.o
                0x080042b2                HAL_SYSTICK_Config
 *fill*         0x080042ca        0x2 
 .text.HAL_DMA_Init
                0x080042cc      0x15c ./Drivers/STM32F4xx_HAL_Driver/Src/stm32f4xx_hal_dma.o
                0x080042cc                HAL_DMA_Init
 .text.HAL_DMA_Start_IT
                0x08004428       0xb0 ./Drivers/STM32F4xx_HAL_Driver/Src/stm32f4xx_hal_dma.o
                0x08004428                HAL_DMA_Start_IT
 .text.HAL_DMA_Abort
                0x080044d8       0xe0 ./Drivers/STM32F4xx_HAL_Driver/Src/stm32f4xx_hal_dma.o
                0x080044d8                HAL_DMA_Abort
 .text.HAL_DMA_Abort_IT
                0x080045b8       0x44 ./Drivers/STM32F4xx_HAL_Driver/Src/stm32f4xx_hal_dma.o
                0x080045b8                HAL_DMA_Abort_IT
 .text.HAL_DMA_IRQHandler
                0x080045fc      0x314 ./Drivers/STM32F4xx_HAL_Driver/Src/stm32f4xx_hal_dma.o
                0x080045fc                HAL_DMA_IRQHandler
 .text.HAL_DMA_GetState
                0x08004910       0x1c ./Drivers/STM32F4xx_HAL_Driver/Src/stm32f4xx_hal_dma.o
                0x08004910                HAL_DMA_GetState
 .text.DMA_SetConfig
                0x0800492c       0x5c ./Drivers/STM32F4xx_HAL_Driver/Src/stm32f4xx_hal_dma.o
 .text.DMA_CalcBaseAndBitshift
                0x08004988       0x6c ./Drivers/STM32F4xx_HAL_Driver/Src/stm32f4xx_hal_dma.o
 .text.DMA_CheckFifoParam
                0x080049f4       0xf8 ./Drivers/STM32F4xx_HAL_Driver/Src/stm32f4xx_hal_dma.o
 .text.HAL_GPIO_Init
                0x08004aec      0x338 ./Drivers/STM32F4xx_HAL_Driver/Src/stm32f4xx_hal_gpio.o
                0x08004aec                HAL_GPIO_Init
 .text.HAL_GPIO_WritePin
                0x08004e24       0x32 ./Drivers/STM32F4xx_HAL_Driver/Src/stm32f4xx_hal_gpio.o
                0x08004e24                HAL_GPIO_WritePin
 *fill*         0x08004e56        0x2 
 .text.HAL_I2C_Init
                0x08004e58      0x288 ./Drivers/STM32F4xx_HAL_Driver/Src/stm32f4xx_hal_i2c.o
                0x08004e58                HAL_I2C_Init
 .text.I2C_Flush_DR
                0x080050e0       0x2a ./Drivers/STM32F4xx_HAL_Driver/Src/stm32f4xx_hal_i2c.o
 *fill*         0x0800510a        0x2 
 .text.HAL_I2C_Master_Transmit
                0x0800510c      0x1fc ./Drivers/STM32F4xx_HAL_Driver/Src/stm32f4xx_hal_i2c.o
                0x0800510c                HAL_I2C_Master_Transmit
 .text.HAL_I2C_EV_IRQHandler
                0x08005308      0x2e2 ./Drivers/STM32F4xx_HAL_Driver/Src/stm32f4xx_hal_i2c.o
                0x08005308                HAL_I2C_EV_IRQHandler
 .text.HAL_I2C_MasterTxCpltCallback
                0x080055ea       0x14 ./Drivers/STM32F4xx_HAL_Driver/Src/stm32f4xx_hal_i2c.o
                0x080055ea                HAL_I2C_MasterTxCpltCallback
 .text.HAL_I2C_MasterRxCpltCallback
                0x080055fe       0x14 ./Drivers/STM32F4xx_HAL_Driver/Src/stm32f4xx_hal_i2c.o
                0x080055fe                HAL_I2C_MasterRxCpltCallback
 .text.HAL_I2C_SlaveTxCpltCallback
                0x08005612       0x14 ./Drivers/STM32F4xx_HAL_Driver/Src/stm32f4xx_hal_i2c.o
                0x08005612                HAL_I2C_SlaveTxCpltCallback
 .text.HAL_I2C_SlaveRxCpltCallback
                0x08005626       0x14 ./Drivers/STM32F4xx_HAL_Driver/Src/stm32f4xx_hal_i2c.o
                0x08005626                HAL_I2C_SlaveRxCpltCallback
 .text.HAL_I2C_AddrCallback
                0x0800563a       0x1c ./Drivers/STM32F4xx_HAL_Driver/Src/stm32f4xx_hal_i2c.o
                0x0800563a                HAL_I2C_AddrCallback
 .text.HAL_I2C_ListenCpltCallback
                0x08005656       0x14 ./Drivers/STM32F4xx_HAL_Driver/Src/stm32f4xx_hal_i2c.o
                0x08005656                HAL_I2C_ListenCpltCallback
 .text.HAL_I2C_MemTxCpltCallback
                0x0800566a       0x14 ./Drivers/STM32F4xx_HAL_Driver/Src/stm32f4xx_hal_i2c.o
                0x0800566a                HAL_I2C_MemTxCpltCallback
 .text.HAL_I2C_MemRxCpltCallback
                0x0800567e       0x14 ./Drivers/STM32F4xx_HAL_Driver/Src/stm32f4xx_hal_i2c.o
                0x0800567e                HAL_I2C_MemRxCpltCallback
 .text.HAL_I2C_ErrorCallback
                0x08005692       0x14 ./Drivers/STM32F4xx_HAL_Driver/Src/stm32f4xx_hal_i2c.o
                0x08005692                HAL_I2C_ErrorCallback
 .text.HAL_I2C_AbortCpltCallback
                0x080056a6       0x14 ./Drivers/STM32F4xx_HAL_Driver/Src/stm32f4xx_hal_i2c.o
                0x080056a6                HAL_I2C_AbortCpltCallback
 .text.I2C_MasterTransmit_TXE
                0x080056ba      0x138 ./Drivers/STM32F4xx_HAL_Driver/Src/stm32f4xx_hal_i2c.o
 .text.I2C_MasterTransmit_BTF
                0x080057f2       0xec ./Drivers/STM32F4xx_HAL_Driver/Src/stm32f4xx_hal_i2c.o
 .text.I2C_MemoryTransmit_TXE_BTF
                0x080058de      0x130 ./Drivers/STM32F4xx_HAL_Driver/Src/stm32f4xx_hal_i2c.o
 .text.I2C_MasterReceive_RXNE
                0x08005a0e      0x190 ./Drivers/STM32F4xx_HAL_Driver/Src/stm32f4xx_hal_i2c.o
 .text.I2C_MasterReceive_BTF
                0x08005b9e      0x1e2 ./Drivers/STM32F4xx_HAL_Driver/Src/stm32f4xx_hal_i2c.o
 .text.I2C_Master_SB
                0x08005d80      0x10c ./Drivers/STM32F4xx_HAL_Driver/Src/stm32f4xx_hal_i2c.o
 .text.I2C_Master_ADD10
                0x08005e8c       0x54 ./Drivers/STM32F4xx_HAL_Driver/Src/stm32f4xx_hal_i2c.o
 .text.I2C_Master_ADDR
                0x08005ee0      0x322 ./Drivers/STM32F4xx_HAL_Driver/Src/stm32f4xx_hal_i2c.o
 .text.I2C_SlaveTransmit_TXE
                0x08006202       0x7a ./Drivers/STM32F4xx_HAL_Driver/Src/stm32f4xx_hal_i2c.o
 .text.I2C_SlaveTransmit_BTF
                0x0800627c       0x42 ./Drivers/STM32F4xx_HAL_Driver/Src/stm32f4xx_hal_i2c.o
 .text.I2C_SlaveReceive_RXNE
                0x080062be       0x7c ./Drivers/STM32F4xx_HAL_Driver/Src/stm32f4xx_hal_i2c.o
 .text.I2C_SlaveReceive_BTF
                0x0800633a       0x44 ./Drivers/STM32F4xx_HAL_Driver/Src/stm32f4xx_hal_i2c.o
 .text.I2C_Slave_ADDR
                0x0800637e       0x94 ./Drivers/STM32F4xx_HAL_Driver/Src/stm32f4xx_hal_i2c.o
 *fill*         0x08006412        0x2 
 .text.I2C_Slave_STOPF
                0x08006414      0x260 ./Drivers/STM32F4xx_HAL_Driver/Src/stm32f4xx_hal_i2c.o
 .text.I2C_ITError
                0x08006674      0x264 ./Drivers/STM32F4xx_HAL_Driver/Src/stm32f4xx_hal_i2c.o
 .text.I2C_MasterRequestWrite
                0x080068d8      0x104 ./Drivers/STM32F4xx_HAL_Driver/Src/stm32f4xx_hal_i2c.o
 .text.I2C_DMAAbort
                0x080069dc      0x150 ./Drivers/STM32F4xx_HAL_Driver/Src/stm32f4xx_hal_i2c.o
 .text.I2C_WaitOnFlagUntilTimeout
                0x08006b2c       0xf4 ./Drivers/STM32F4xx_HAL_Driver/Src/stm32f4xx_hal_i2c.o
 .text.I2C_WaitOnMasterAddressFlagUntilTimeout
                0x08006c20      0x140 ./Drivers/STM32F4xx_HAL_Driver/Src/stm32f4xx_hal_i2c.o
 .text.I2C_WaitOnTXEFlagUntilTimeout
                0x08006d60       0x90 ./Drivers/STM32F4xx_HAL_Driver/Src/stm32f4xx_hal_i2c.o
 .text.I2C_WaitOnBTFFlagUntilTimeout
                0x08006df0       0x90 ./Drivers/STM32F4xx_HAL_Driver/Src/stm32f4xx_hal_i2c.o
 .text.I2C_WaitOnSTOPRequestThroughIT
                0x08006e80       0x64 ./Drivers/STM32F4xx_HAL_Driver/Src/stm32f4xx_hal_i2c.o
 .text.I2C_IsAcknowledgeFailed
                0x08006ee4       0x5e ./Drivers/STM32F4xx_HAL_Driver/Src/stm32f4xx_hal_i2c.o
 .text.I2C_ConvertOtherXferOptions
                0x08006f42       0x36 ./Drivers/STM32F4xx_HAL_Driver/Src/stm32f4xx_hal_i2c.o
 .text.HAL_RCC_OscConfig
                0x08006f78      0x4f0 ./Drivers/STM32F4xx_HAL_Driver/Src/stm32f4xx_hal_rcc.o
                0x08006f78                HAL_RCC_OscConfig
 .text.HAL_RCC_ClockConfig
                0x08007468      0x1cc ./Drivers/STM32F4xx_HAL_Driver/Src/stm32f4xx_hal_rcc.o
                0x08007468                HAL_RCC_ClockConfig
 .text.HAL_RCC_GetSysClockFreq
                0x08007634      0x18c ./Drivers/STM32F4xx_HAL_Driver/Src/stm32f4xx_hal_rcc.o
                0x08007634                HAL_RCC_GetSysClockFreq
 .text.HAL_RCC_GetHCLKFreq
                0x080077c0       0x18 ./Drivers/STM32F4xx_HAL_Driver/Src/stm32f4xx_hal_rcc.o
                0x080077c0                HAL_RCC_GetHCLKFreq
 .text.HAL_RCC_GetPCLK1Freq
                0x080077d8       0x28 ./Drivers/STM32F4xx_HAL_Driver/Src/stm32f4xx_hal_rcc.o
                0x080077d8                HAL_RCC_GetPCLK1Freq
 .text.HAL_RCC_GetPCLK2Freq
                0x08007800       0x28 ./Drivers/STM32F4xx_HAL_Driver/Src/stm32f4xx_hal_rcc.o
                0x08007800                HAL_RCC_GetPCLK2Freq
 .text.HAL_TIM_Base_Init
                0x08007828       0x9e ./Drivers/STM32F4xx_HAL_Driver/Src/stm32f4xx_hal_tim.o
                0x08007828                HAL_TIM_Base_Init
 *fill*         0x080078c6        0x2 
 .text.HAL_TIM_Base_Start_IT
                0x080078c8       0xe0 ./Drivers/STM32F4xx_HAL_Driver/Src/stm32f4xx_hal_tim.o
                0x080078c8                HAL_TIM_Base_Start_IT
 .text.HAL_TIM_PWM_Init
                0x080079a8       0x9e ./Drivers/STM32F4xx_HAL_Driver/Src/stm32f4xx_hal_tim.o
                0x080079a8                HAL_TIM_PWM_Init
 .text.HAL_TIM_PWM_MspInit
                0x08007a46       0x14 ./Drivers/STM32F4xx_HAL_Driver/Src/stm32f4xx_hal_tim.o
                0x08007a46                HAL_TIM_PWM_MspInit
 *fill*         0x08007a5a        0x2 
 .text.HAL_TIM_PWM_Start
                0x08007a5c      0x190 ./Drivers/STM32F4xx_HAL_Driver/Src/stm32f4xx_hal_tim.o
                0x08007a5c                HAL_TIM_PWM_Start
 .text.HAL_TIM_Encoder_Init
                0x08007bec      0x14c ./Drivers/STM32F4xx_HAL_Driver/Src/stm32f4xx_hal_tim.o
                0x08007bec                HAL_TIM_Encoder_Init
 .text.HAL_TIM_Encoder_Start
                0x08007d38      0x11c ./Drivers/STM32F4xx_HAL_Driver/Src/stm32f4xx_hal_tim.o
                0x08007d38                HAL_TIM_Encoder_Start
 .text.HAL_TIM_IRQHandler
                0x08007e54      0x1e0 ./Drivers/STM32F4xx_HAL_Driver/Src/stm32f4xx_hal_tim.o
                0x08007e54                HAL_TIM_IRQHandler
 .text.HAL_TIM_PWM_ConfigChannel
                0x08008034      0x184 ./Drivers/STM32F4xx_HAL_Driver/Src/stm32f4xx_hal_tim.o
                0x08008034                HAL_TIM_PWM_ConfigChannel
 .text.HAL_TIM_ConfigClockSource
                0x080081b8      0x18e ./Drivers/STM32F4xx_HAL_Driver/Src/stm32f4xx_hal_tim.o
                0x080081b8                HAL_TIM_ConfigClockSource
 .text.HAL_TIM_OC_DelayElapsedCallback
                0x08008346       0x14 ./Drivers/STM32F4xx_HAL_Driver/Src/stm32f4xx_hal_tim.o
                0x08008346                HAL_TIM_OC_DelayElapsedCallback
 .text.HAL_TIM_IC_CaptureCallback
                0x0800835a       0x14 ./Drivers/STM32F4xx_HAL_Driver/Src/stm32f4xx_hal_tim.o
                0x0800835a                HAL_TIM_IC_CaptureCallback
 .text.HAL_TIM_PWM_PulseFinishedCallback
                0x0800836e       0x14 ./Drivers/STM32F4xx_HAL_Driver/Src/stm32f4xx_hal_tim.o
                0x0800836e                HAL_TIM_PWM_PulseFinishedCallback
 .text.HAL_TIM_TriggerCallback
                0x08008382       0x14 ./Drivers/STM32F4xx_HAL_Driver/Src/stm32f4xx_hal_tim.o
                0x08008382                HAL_TIM_TriggerCallback
 *fill*         0x08008396        0x2 
 .text.TIM_Base_SetConfig
                0x08008398      0x14c ./Drivers/STM32F4xx_HAL_Driver/Src/stm32f4xx_hal_tim.o
                0x08008398                TIM_Base_SetConfig
 .text.TIM_OC1_SetConfig
                0x080084e4       0xe0 ./Drivers/STM32F4xx_HAL_Driver/Src/stm32f4xx_hal_tim.o
 .text.TIM_OC2_SetConfig
                0x080085c4       0xec ./Drivers/STM32F4xx_HAL_Driver/Src/stm32f4xx_hal_tim.o
                0x080085c4                TIM_OC2_SetConfig
 .text.TIM_OC3_SetConfig
                0x080086b0       0xe8 ./Drivers/STM32F4xx_HAL_Driver/Src/stm32f4xx_hal_tim.o
 .text.TIM_OC4_SetConfig
                0x08008798       0xac ./Drivers/STM32F4xx_HAL_Driver/Src/stm32f4xx_hal_tim.o
 .text.TIM_TI1_ConfigInputStage
                0x08008844       0x5e ./Drivers/STM32F4xx_HAL_Driver/Src/stm32f4xx_hal_tim.o
 .text.TIM_TI2_ConfigInputStage
                0x080088a2       0x60 ./Drivers/STM32F4xx_HAL_Driver/Src/stm32f4xx_hal_tim.o
 .text.TIM_ITRx_SetConfig
                0x08008902       0x36 ./Drivers/STM32F4xx_HAL_Driver/Src/stm32f4xx_hal_tim.o
 .text.TIM_ETR_SetConfig
                0x08008938       0x40 ./Drivers/STM32F4xx_HAL_Driver/Src/stm32f4xx_hal_tim.o
                0x08008938                TIM_ETR_SetConfig
 .text.TIM_CCxChannelCmd
                0x08008978       0x4a ./Drivers/STM32F4xx_HAL_Driver/Src/stm32f4xx_hal_tim.o
                0x08008978                TIM_CCxChannelCmd
 *fill*         0x080089c2        0x2 
 .text.HAL_TIMEx_MasterConfigSynchronization
                0x080089c4       0xf8 ./Drivers/STM32F4xx_HAL_Driver/Src/stm32f4xx_hal_tim_ex.o
                0x080089c4                HAL_TIMEx_MasterConfigSynchronization
 .text.HAL_TIMEx_CommutCallback
                0x08008abc       0x14 ./Drivers/STM32F4xx_HAL_Driver/Src/stm32f4xx_hal_tim_ex.o
                0x08008abc                HAL_TIMEx_CommutCallback
 .text.HAL_TIMEx_BreakCallback
                0x08008ad0       0x14 ./Drivers/STM32F4xx_HAL_Driver/Src/stm32f4xx_hal_tim_ex.o
                0x08008ad0                HAL_TIMEx_BreakCallback
 .text.HAL_UART_Init
                0x08008ae4       0xa0 ./Drivers/STM32F4xx_HAL_Driver/Src/stm32f4xx_hal_uart.o
                0x08008ae4                HAL_UART_Init
 .text.HAL_UART_Transmit_DMA
                0x08008b84       0xf8 ./Drivers/STM32F4xx_HAL_Driver/Src/stm32f4xx_hal_uart.o
                0x08008b84                HAL_UART_Transmit_DMA
 .text.HAL_UARTEx_ReceiveToIdle_DMA
                0x08008c7c       0xb2 ./Drivers/STM32F4xx_HAL_Driver/Src/stm32f4xx_hal_uart.o
                0x08008c7c                HAL_UARTEx_ReceiveToIdle_DMA
 *fill*         0x08008d2e        0x2 
 .text.HAL_UART_IRQHandler
                0x08008d30      0x554 ./Drivers/STM32F4xx_HAL_Driver/Src/stm32f4xx_hal_uart.o
                0x08008d30                HAL_UART_IRQHandler
 .text.HAL_UART_TxHalfCpltCallback
                0x08009284       0x14 ./Drivers/STM32F4xx_HAL_Driver/Src/stm32f4xx_hal_uart.o
                0x08009284                HAL_UART_TxHalfCpltCallback
 .text.HAL_UART_RxCpltCallback
                0x08009298       0x14 ./Drivers/STM32F4xx_HAL_Driver/Src/stm32f4xx_hal_uart.o
                0x08009298                HAL_UART_RxCpltCallback
 .text.HAL_UART_RxHalfCpltCallback
                0x080092ac       0x14 ./Drivers/STM32F4xx_HAL_Driver/Src/stm32f4xx_hal_uart.o
                0x080092ac                HAL_UART_RxHalfCpltCallback
 .text.HAL_UART_ErrorCallback
                0x080092c0       0x14 ./Drivers/STM32F4xx_HAL_Driver/Src/stm32f4xx_hal_uart.o
                0x080092c0                HAL_UART_ErrorCallback
 .text.UART_DMATransmitCplt
                0x080092d4       0x9a ./Drivers/STM32F4xx_HAL_Driver/Src/stm32f4xx_hal_uart.o
 .text.UART_DMATxHalfCplt
                0x0800936e       0x1c ./Drivers/STM32F4xx_HAL_Driver/Src/stm32f4xx_hal_uart.o
 .text.UART_DMAReceiveCplt
                0x0800938a      0x12c ./Drivers/STM32F4xx_HAL_Driver/Src/stm32f4xx_hal_uart.o
 .text.UART_DMARxHalfCplt
                0x080094b6       0x3c ./Drivers/STM32F4xx_HAL_Driver/Src/stm32f4xx_hal_uart.o
 .text.UART_DMAError
                0x080094f2       0x94 ./Drivers/STM32F4xx_HAL_Driver/Src/stm32f4xx_hal_uart.o
 *fill*         0x08009586        0x2 
 .text.UART_Start_Receive_DMA
                0x08009588      0x14c ./Drivers/STM32F4xx_HAL_Driver/Src/stm32f4xx_hal_uart.o
                0x08009588                UART_Start_Receive_DMA
 .text.UART_EndTxTransfer
                0x080096d4       0x50 ./Drivers/STM32F4xx_HAL_Driver/Src/stm32f4xx_hal_uart.o
 .text.UART_EndRxTransfer
                0x08009724       0xc6 ./Drivers/STM32F4xx_HAL_Driver/Src/stm32f4xx_hal_uart.o
 .text.UART_DMAAbortOnError
                0x080097ea       0x22 ./Drivers/STM32F4xx_HAL_Driver/Src/stm32f4xx_hal_uart.o
 .text.UART_Transmit_IT
                0x0800980c       0xa0 ./Drivers/STM32F4xx_HAL_Driver/Src/stm32f4xx_hal_uart.o
 .text.UART_EndTransmit_IT
                0x080098ac       0x30 ./Drivers/STM32F4xx_HAL_Driver/Src/stm32f4xx_hal_uart.o
 .text.UART_Receive_IT
                0x080098dc      0x17c ./Drivers/STM32F4xx_HAL_Driver/Src/stm32f4xx_hal_uart.o
 .text.UART_SetConfig
                0x08009a58      0x4e8 ./Drivers/STM32F4xx_HAL_Driver/Src/stm32f4xx_hal_uart.o
 .text.__cvt    0x08009f40       0xca A:/STM32CUBEIDE/STM32CubeIDE_1.18.0/STM32CubeIDE/plugins/com.st.stm32cube.ide.mcu.externaltools.gnu-tools-for-stm32.13.3.rel1.win32_1.0.0.202411081344/tools/bin/../lib/gcc/arm-none-eabi/13.3.1/../../../../arm-none-eabi/lib/thumb/v7e-m+fp/hard\libc_nano.a(libc_a-nano-vfprintf_float.o)
                0x08009f40                __cvt
 .text.__exponent
                0x0800a00a       0x74 A:/STM32CUBEIDE/STM32CubeIDE_1.18.0/STM32CubeIDE/plugins/com.st.stm32cube.ide.mcu.externaltools.gnu-tools-for-stm32.13.3.rel1.win32_1.0.0.202411081344/tools/bin/../lib/gcc/arm-none-eabi/13.3.1/../../../../arm-none-eabi/lib/thumb/v7e-m+fp/hard\libc_nano.a(libc_a-nano-vfprintf_float.o)
                0x0800a00a                __exponent
 *fill*         0x0800a07e        0x2 
 .text._printf_float
                0x0800a080      0x454 A:/STM32CUBEIDE/STM32CubeIDE_1.18.0/STM32CubeIDE/plugins/com.st.stm32cube.ide.mcu.externaltools.gnu-tools-for-stm32.13.3.rel1.win32_1.0.0.202411081344/tools/bin/../lib/gcc/arm-none-eabi/13.3.1/../../../../arm-none-eabi/lib/thumb/v7e-m+fp/hard\libc_nano.a(libc_a-nano-vfprintf_float.o)
                0x0800a080                _printf_float
 .text._printf_common
                0x0800a4d4       0xda A:/STM32CUBEIDE/STM32CubeIDE_1.18.0/STM32CubeIDE/plugins/com.st.stm32cube.ide.mcu.externaltools.gnu-tools-for-stm32.13.3.rel1.win32_1.0.0.202411081344/tools/bin/../lib/gcc/arm-none-eabi/13.3.1/../../../../arm-none-eabi/lib/thumb/v7e-m+fp/hard\libc_nano.a(libc_a-nano-vfprintf_i.o)
                0x0800a4d4                _printf_common
 *fill*         0x0800a5ae        0x2 
 .text._printf_i
                0x0800a5b0      0x23c A:/STM32CUBEIDE/STM32CubeIDE_1.18.0/STM32CubeIDE/plugins/com.st.stm32cube.ide.mcu.externaltools.gnu-tools-for-stm32.13.3.rel1.win32_1.0.0.202411081344/tools/bin/../lib/gcc/arm-none-eabi/13.3.1/../../../../arm-none-eabi/lib/thumb/v7e-m+fp/hard\libc_nano.a(libc_a-nano-vfprintf_i.o)
                0x0800a5b0                _printf_i
 .text._scanf_float
                0x0800a7ec      0x41c A:/STM32CUBEIDE/STM32CubeIDE_1.18.0/STM32CubeIDE/plugins/com.st.stm32cube.ide.mcu.externaltools.gnu-tools-for-stm32.13.3.rel1.win32_1.0.0.202411081344/tools/bin/../lib/gcc/arm-none-eabi/13.3.1/../../../../arm-none-eabi/lib/thumb/v7e-m+fp/hard\libc_nano.a(libc_a-nano-vfscanf_float.o)
                0x0800a7ec                _scanf_float
 .text.std      0x0800ac08       0x6c A:/STM32CUBEIDE/STM32CubeIDE_1.18.0/STM32CubeIDE/plugins/com.st.stm32cube.ide.mcu.externaltools.gnu-tools-for-stm32.13.3.rel1.win32_1.0.0.202411081344/tools/bin/../lib/gcc/arm-none-eabi/13.3.1/../../../../arm-none-eabi/lib/thumb/v7e-m+fp/hard\libc_nano.a(libc_a-findfp.o)
 .text.stdio_exit_handler
                0x0800ac74       0x18 A:/STM32CUBEIDE/STM32CubeIDE_1.18.0/STM32CubeIDE/plugins/com.st.stm32cube.ide.mcu.externaltools.gnu-tools-for-stm32.13.3.rel1.win32_1.0.0.202411081344/tools/bin/../lib/gcc/arm-none-eabi/13.3.1/../../../../arm-none-eabi/lib/thumb/v7e-m+fp/hard\libc_nano.a(libc_a-findfp.o)
 .text.cleanup_stdio
                0x0800ac8c       0x40 A:/STM32CUBEIDE/STM32CubeIDE_1.18.0/STM32CubeIDE/plugins/com.st.stm32cube.ide.mcu.externaltools.gnu-tools-for-stm32.13.3.rel1.win32_1.0.0.202411081344/tools/bin/../lib/gcc/arm-none-eabi/13.3.1/../../../../arm-none-eabi/lib/thumb/v7e-m+fp/hard\libc_nano.a(libc_a-findfp.o)
 .text.global_stdio_init.part.0
                0x0800accc       0x3c A:/STM32CUBEIDE/STM32CubeIDE_1.18.0/STM32CubeIDE/plugins/com.st.stm32cube.ide.mcu.externaltools.gnu-tools-for-stm32.13.3.rel1.win32_1.0.0.202411081344/tools/bin/../lib/gcc/arm-none-eabi/13.3.1/../../../../arm-none-eabi/lib/thumb/v7e-m+fp/hard\libc_nano.a(libc_a-findfp.o)
 .text.__sfp_lock_acquire
                0x0800ad08        0xc A:/STM32CUBEIDE/STM32CubeIDE_1.18.0/STM32CubeIDE/plugins/com.st.stm32cube.ide.mcu.externaltools.gnu-tools-for-stm32.13.3.rel1.win32_1.0.0.202411081344/tools/bin/../lib/gcc/arm-none-eabi/13.3.1/../../../../arm-none-eabi/lib/thumb/v7e-m+fp/hard\libc_nano.a(libc_a-findfp.o)
                0x0800ad08                __sfp_lock_acquire
 .text.__sfp_lock_release
                0x0800ad14        0xc A:/STM32CUBEIDE/STM32CubeIDE_1.18.0/STM32CubeIDE/plugins/com.st.stm32cube.ide.mcu.externaltools.gnu-tools-for-stm32.13.3.rel1.win32_1.0.0.202411081344/tools/bin/../lib/gcc/arm-none-eabi/13.3.1/../../../../arm-none-eabi/lib/thumb/v7e-m+fp/hard\libc_nano.a(libc_a-findfp.o)
                0x0800ad14                __sfp_lock_release
 .text.__sinit  0x0800ad20       0x30 A:/STM32CUBEIDE/STM32CubeIDE_1.18.0/STM32CubeIDE/plugins/com.st.stm32cube.ide.mcu.externaltools.gnu-tools-for-stm32.13.3.rel1.win32_1.0.0.202411081344/tools/bin/../lib/gcc/arm-none-eabi/13.3.1/../../../../arm-none-eabi/lib/thumb/v7e-m+fp/hard\libc_nano.a(libc_a-findfp.o)
                0x0800ad20                __sinit
 .text._fwalk_sglue
                0x0800ad50       0x3c A:/STM32CUBEIDE/STM32CubeIDE_1.18.0/STM32CubeIDE/plugins/com.st.stm32cube.ide.mcu.externaltools.gnu-tools-for-stm32.13.3.rel1.win32_1.0.0.202411081344/tools/bin/../lib/gcc/arm-none-eabi/13.3.1/../../../../arm-none-eabi/lib/thumb/v7e-m+fp/hard\libc_nano.a(libc_a-fwalk.o)
                0x0800ad50                _fwalk_sglue
 .text.sprintf  0x0800ad8c       0x44 A:/STM32CUBEIDE/STM32CubeIDE_1.18.0/STM32CubeIDE/plugins/com.st.stm32cube.ide.mcu.externaltools.gnu-tools-for-stm32.13.3.rel1.win32_1.0.0.202411081344/tools/bin/../lib/gcc/arm-none-eabi/13.3.1/../../../../arm-none-eabi/lib/thumb/v7e-m+fp/hard\libc_nano.a(libc_a-sprintf.o)
                0x0800ad8c                siprintf
                0x0800ad8c                sprintf
 .text.sscanf   0x0800add0       0x58 A:/STM32CUBEIDE/STM32CubeIDE_1.18.0/STM32CubeIDE/plugins/com.st.stm32cube.ide.mcu.externaltools.gnu-tools-for-stm32.13.3.rel1.win32_1.0.0.202411081344/tools/bin/../lib/gcc/arm-none-eabi/13.3.1/../../../../arm-none-eabi/lib/thumb/v7e-m+fp/hard\libc_nano.a(libc_a-sscanf.o)
                0x0800add0                siscanf
                0x0800add0                sscanf
 .text.__sread  0x0800ae28       0x22 A:/STM32CUBEIDE/STM32CubeIDE_1.18.0/STM32CubeIDE/plugins/com.st.stm32cube.ide.mcu.externaltools.gnu-tools-for-stm32.13.3.rel1.win32_1.0.0.202411081344/tools/bin/../lib/gcc/arm-none-eabi/13.3.1/../../../../arm-none-eabi/lib/thumb/v7e-m+fp/hard\libc_nano.a(libc_a-stdio.o)
                0x0800ae28                __sread
 .text.__seofread
                0x0800ae4a        0x4 A:/STM32CUBEIDE/STM32CubeIDE_1.18.0/STM32CubeIDE/plugins/com.st.stm32cube.ide.mcu.externaltools.gnu-tools-for-stm32.13.3.rel1.win32_1.0.0.202411081344/tools/bin/../lib/gcc/arm-none-eabi/13.3.1/../../../../arm-none-eabi/lib/thumb/v7e-m+fp/hard\libc_nano.a(libc_a-stdio.o)
                0x0800ae4a                __seofread
 .text.__swrite
                0x0800ae4e       0x38 A:/STM32CUBEIDE/STM32CubeIDE_1.18.0/STM32CubeIDE/plugins/com.st.stm32cube.ide.mcu.externaltools.gnu-tools-for-stm32.13.3.rel1.win32_1.0.0.202411081344/tools/bin/../lib/gcc/arm-none-eabi/13.3.1/../../../../arm-none-eabi/lib/thumb/v7e-m+fp/hard\libc_nano.a(libc_a-stdio.o)
                0x0800ae4e                __swrite
 .text.__sseek  0x0800ae86       0x24 A:/STM32CUBEIDE/STM32CubeIDE_1.18.0/STM32CubeIDE/plugins/com.st.stm32cube.ide.mcu.externaltools.gnu-tools-for-stm32.13.3.rel1.win32_1.0.0.202411081344/tools/bin/../lib/gcc/arm-none-eabi/13.3.1/../../../../arm-none-eabi/lib/thumb/v7e-m+fp/hard\libc_nano.a(libc_a-stdio.o)
                0x0800ae86                __sseek
 .text.__sclose
                0x0800aeaa        0x8 A:/STM32CUBEIDE/STM32CubeIDE_1.18.0/STM32CubeIDE/plugins/com.st.stm32cube.ide.mcu.externaltools.gnu-tools-for-stm32.13.3.rel1.win32_1.0.0.202411081344/tools/bin/../lib/gcc/arm-none-eabi/13.3.1/../../../../arm-none-eabi/lib/thumb/v7e-m+fp/hard\libc_nano.a(libc_a-stdio.o)
                0x0800aeaa                __sclose
 .text.memcmp   0x0800aeb2       0x20 A:/STM32CUBEIDE/STM32CubeIDE_1.18.0/STM32CubeIDE/plugins/com.st.stm32cube.ide.mcu.externaltools.gnu-tools-for-stm32.13.3.rel1.win32_1.0.0.202411081344/tools/bin/../lib/gcc/arm-none-eabi/13.3.1/../../../../arm-none-eabi/lib/thumb/v7e-m+fp/hard\libc_nano.a(libc_a-memcmp.o)
                0x0800aeb2                memcmp
 .text.memset   0x0800aed2       0x10 A:/STM32CUBEIDE/STM32CubeIDE_1.18.0/STM32CubeIDE/plugins/com.st.stm32cube.ide.mcu.externaltools.gnu-tools-for-stm32.13.3.rel1.win32_1.0.0.202411081344/tools/bin/../lib/gcc/arm-none-eabi/13.3.1/../../../../arm-none-eabi/lib/thumb/v7e-m+fp/hard\libc_nano.a(libc_a-memset.o)
                0x0800aed2                memset
 *fill*         0x0800aee2        0x2 
 .text._localeconv_r
                0x0800aee4        0x8 A:/STM32CUBEIDE/STM32CubeIDE_1.18.0/STM32CubeIDE/plugins/com.st.stm32cube.ide.mcu.externaltools.gnu-tools-for-stm32.13.3.rel1.win32_1.0.0.202411081344/tools/bin/../lib/gcc/arm-none-eabi/13.3.1/../../../../arm-none-eabi/lib/thumb/v7e-m+fp/hard\libc_nano.a(libc_a-localeconv.o)
                0x0800aee4                _localeconv_r
 .text._close_r
                0x0800aeec       0x20 A:/STM32CUBEIDE/STM32CubeIDE_1.18.0/STM32CubeIDE/plugins/com.st.stm32cube.ide.mcu.externaltools.gnu-tools-for-stm32.13.3.rel1.win32_1.0.0.202411081344/tools/bin/../lib/gcc/arm-none-eabi/13.3.1/../../../../arm-none-eabi/lib/thumb/v7e-m+fp/hard\libc_nano.a(libc_a-closer.o)
                0x0800aeec                _close_r
 .text._lseek_r
                0x0800af0c       0x24 A:/STM32CUBEIDE/STM32CubeIDE_1.18.0/STM32CubeIDE/plugins/com.st.stm32cube.ide.mcu.externaltools.gnu-tools-for-stm32.13.3.rel1.win32_1.0.0.202411081344/tools/bin/../lib/gcc/arm-none-eabi/13.3.1/../../../../arm-none-eabi/lib/thumb/v7e-m+fp/hard\libc_nano.a(libc_a-lseekr.o)
                0x0800af0c                _lseek_r
 .text._read_r  0x0800af30       0x24 A:/STM32CUBEIDE/STM32CubeIDE_1.18.0/STM32CubeIDE/plugins/com.st.stm32cube.ide.mcu.externaltools.gnu-tools-for-stm32.13.3.rel1.win32_1.0.0.202411081344/tools/bin/../lib/gcc/arm-none-eabi/13.3.1/../../../../arm-none-eabi/lib/thumb/v7e-m+fp/hard\libc_nano.a(libc_a-readr.o)
                0x0800af30                _read_r
 .text._write_r
                0x0800af54       0x24 A:/STM32CUBEIDE/STM32CubeIDE_1.18.0/STM32CubeIDE/plugins/com.st.stm32cube.ide.mcu.externaltools.gnu-tools-for-stm32.13.3.rel1.win32_1.0.0.202411081344/tools/bin/../lib/gcc/arm-none-eabi/13.3.1/../../../../arm-none-eabi/lib/thumb/v7e-m+fp/hard\libc_nano.a(libc_a-writer.o)
                0x0800af54                _write_r
 .text.__errno  0x0800af78        0xc A:/STM32CUBEIDE/STM32CubeIDE_1.18.0/STM32CubeIDE/plugins/com.st.stm32cube.ide.mcu.externaltools.gnu-tools-for-stm32.13.3.rel1.win32_1.0.0.202411081344/tools/bin/../lib/gcc/arm-none-eabi/13.3.1/../../../../arm-none-eabi/lib/thumb/v7e-m+fp/hard\libc_nano.a(libc_a-errno.o)
                0x0800af78                __errno
 .text.__libc_init_array
                0x0800af84       0x48 A:/STM32CUBEIDE/STM32CubeIDE_1.18.0/STM32CubeIDE/plugins/com.st.stm32cube.ide.mcu.externaltools.gnu-tools-for-stm32.13.3.rel1.win32_1.0.0.202411081344/tools/bin/../lib/gcc/arm-none-eabi/13.3.1/../../../../arm-none-eabi/lib/thumb/v7e-m+fp/hard\libc_nano.a(libc_a-init.o)
                0x0800af84                __libc_init_array
 .text.__retarget_lock_init_recursive
                0x0800afcc        0x2 A:/STM32CUBEIDE/STM32CubeIDE_1.18.0/STM32CubeIDE/plugins/com.st.stm32cube.ide.mcu.externaltools.gnu-tools-for-stm32.13.3.rel1.win32_1.0.0.202411081344/tools/bin/../lib/gcc/arm-none-eabi/13.3.1/../../../../arm-none-eabi/lib/thumb/v7e-m+fp/hard\libc_nano.a(libc_a-lock.o)
                0x0800afcc                __retarget_lock_init_recursive
 .text.__retarget_lock_acquire_recursive
                0x0800afce        0x2 A:/STM32CUBEIDE/STM32CubeIDE_1.18.0/STM32CubeIDE/plugins/com.st.stm32cube.ide.mcu.externaltools.gnu-tools-for-stm32.13.3.rel1.win32_1.0.0.202411081344/tools/bin/../lib/gcc/arm-none-eabi/13.3.1/../../../../arm-none-eabi/lib/thumb/v7e-m+fp/hard\libc_nano.a(libc_a-lock.o)
                0x0800afce                __retarget_lock_acquire_recursive
 .text.__retarget_lock_release_recursive
                0x0800afd0        0x2 A:/STM32CUBEIDE/STM32CubeIDE_1.18.0/STM32CubeIDE/plugins/com.st.stm32cube.ide.mcu.externaltools.gnu-tools-for-stm32.13.3.rel1.win32_1.0.0.202411081344/tools/bin/../lib/gcc/arm-none-eabi/13.3.1/../../../../arm-none-eabi/lib/thumb/v7e-m+fp/hard\libc_nano.a(libc_a-lock.o)
                0x0800afd0                __retarget_lock_release_recursive
 .text.memcpy   0x0800afd2       0x1c A:/STM32CUBEIDE/STM32CubeIDE_1.18.0/STM32CubeIDE/plugins/com.st.stm32cube.ide.mcu.externaltools.gnu-tools-for-stm32.13.3.rel1.win32_1.0.0.202411081344/tools/bin/../lib/gcc/arm-none-eabi/13.3.1/../../../../arm-none-eabi/lib/thumb/v7e-m+fp/hard\libc_nano.a(libc_a-memcpy-stub.o)
                0x0800afd2                memcpy
 *fill*         0x0800afee        0x2 
 .text.nanf     0x0800aff0        0xc A:/STM32CUBEIDE/STM32CubeIDE_1.18.0/STM32CubeIDE/plugins/com.st.stm32cube.ide.mcu.externaltools.gnu-tools-for-stm32.13.3.rel1.win32_1.0.0.202411081344/tools/bin/../lib/gcc/arm-none-eabi/13.3.1/../../../../arm-none-eabi/lib/thumb/v7e-m+fp/hard\libc_nano.a(libm_a-sf_nan.o)
                0x0800aff0                nanf
 .text.quorem   0x0800affc      0x110 A:/STM32CUBEIDE/STM32CubeIDE_1.18.0/STM32CubeIDE/plugins/com.st.stm32cube.ide.mcu.externaltools.gnu-tools-for-stm32.13.3.rel1.win32_1.0.0.202411081344/tools/bin/../lib/gcc/arm-none-eabi/13.3.1/../../../../arm-none-eabi/lib/thumb/v7e-m+fp/hard\libc_nano.a(libc_a-dtoa.o)
 *fill*         0x0800b10c        0x4 
 .text._dtoa_r  0x0800b110      0xba0 A:/STM32CUBEIDE/STM32CubeIDE_1.18.0/STM32CubeIDE/plugins/com.st.stm32cube.ide.mcu.externaltools.gnu-tools-for-stm32.13.3.rel1.win32_1.0.0.202411081344/tools/bin/../lib/gcc/arm-none-eabi/13.3.1/../../../../arm-none-eabi/lib/thumb/v7e-m+fp/hard\libc_nano.a(libc_a-dtoa.o)
                0x0800b110                _dtoa_r
 .text._free_r  0x0800bcb0       0x94 A:/STM32CUBEIDE/STM32CubeIDE_1.18.0/STM32CubeIDE/plugins/com.st.stm32cube.ide.mcu.externaltools.gnu-tools-for-stm32.13.3.rel1.win32_1.0.0.202411081344/tools/bin/../lib/gcc/arm-none-eabi/13.3.1/../../../../arm-none-eabi/lib/thumb/v7e-m+fp/hard\libc_nano.a(libc_a-freer.o)
                0x0800bcb0                _free_r
 .text.malloc   0x0800bd44       0x10 A:/STM32CUBEIDE/STM32CubeIDE_1.18.0/STM32CubeIDE/plugins/com.st.stm32cube.ide.mcu.externaltools.gnu-tools-for-stm32.13.3.rel1.win32_1.0.0.202411081344/tools/bin/../lib/gcc/arm-none-eabi/13.3.1/../../../../arm-none-eabi/lib/thumb/v7e-m+fp/hard\libc_nano.a(libc_a-malloc.o)
                0x0800bd44                malloc
 .text.sbrk_aligned
                0x0800bd54       0x44 A:/STM32CUBEIDE/STM32CubeIDE_1.18.0/STM32CubeIDE/plugins/com.st.stm32cube.ide.mcu.externaltools.gnu-tools-for-stm32.13.3.rel1.win32_1.0.0.202411081344/tools/bin/../lib/gcc/arm-none-eabi/13.3.1/../../../../arm-none-eabi/lib/thumb/v7e-m+fp/hard\libc_nano.a(libc_a-mallocr.o)
 .text._malloc_r
                0x0800bd98      0x100 A:/STM32CUBEIDE/STM32CubeIDE_1.18.0/STM32CubeIDE/plugins/com.st.stm32cube.ide.mcu.externaltools.gnu-tools-for-stm32.13.3.rel1.win32_1.0.0.202411081344/tools/bin/../lib/gcc/arm-none-eabi/13.3.1/../../../../arm-none-eabi/lib/thumb/v7e-m+fp/hard\libc_nano.a(libc_a-mallocr.o)
                0x0800bd98                _malloc_r
 .text.__malloc_lock
                0x0800be98        0xc A:/STM32CUBEIDE/STM32CubeIDE_1.18.0/STM32CubeIDE/plugins/com.st.stm32cube.ide.mcu.externaltools.gnu-tools-for-stm32.13.3.rel1.win32_1.0.0.202411081344/tools/bin/../lib/gcc/arm-none-eabi/13.3.1/../../../../arm-none-eabi/lib/thumb/v7e-m+fp/hard\libc_nano.a(libc_a-mlock.o)
                0x0800be98                __malloc_lock
 .text.__malloc_unlock
                0x0800bea4        0xc A:/STM32CUBEIDE/STM32CubeIDE_1.18.0/STM32CubeIDE/plugins/com.st.stm32cube.ide.mcu.externaltools.gnu-tools-for-stm32.13.3.rel1.win32_1.0.0.202411081344/tools/bin/../lib/gcc/arm-none-eabi/13.3.1/../../../../arm-none-eabi/lib/thumb/v7e-m+fp/hard\libc_nano.a(libc_a-mlock.o)
                0x0800bea4                __malloc_unlock
 .text._Balloc  0x0800beb0       0x80 A:/STM32CUBEIDE/STM32CubeIDE_1.18.0/STM32CubeIDE/plugins/com.st.stm32cube.ide.mcu.externaltools.gnu-tools-for-stm32.13.3.rel1.win32_1.0.0.202411081344/tools/bin/../lib/gcc/arm-none-eabi/13.3.1/../../../../arm-none-eabi/lib/thumb/v7e-m+fp/hard\libc_nano.a(libc_a-mprec.o)
                0x0800beb0                _Balloc
 .text._Bfree   0x0800bf30       0x44 A:/STM32CUBEIDE/STM32CubeIDE_1.18.0/STM32CubeIDE/plugins/com.st.stm32cube.ide.mcu.externaltools.gnu-tools-for-stm32.13.3.rel1.win32_1.0.0.202411081344/tools/bin/../lib/gcc/arm-none-eabi/13.3.1/../../../../arm-none-eabi/lib/thumb/v7e-m+fp/hard\libc_nano.a(libc_a-mprec.o)
                0x0800bf30                _Bfree
 .text.__multadd
                0x0800bf74       0x8c A:/STM32CUBEIDE/STM32CubeIDE_1.18.0/STM32CubeIDE/plugins/com.st.stm32cube.ide.mcu.externaltools.gnu-tools-for-stm32.13.3.rel1.win32_1.0.0.202411081344/tools/bin/../lib/gcc/arm-none-eabi/13.3.1/../../../../arm-none-eabi/lib/thumb/v7e-m+fp/hard\libc_nano.a(libc_a-mprec.o)
                0x0800bf74                __multadd
 .text.__s2b    0x0800c000       0x94 A:/STM32CUBEIDE/STM32CubeIDE_1.18.0/STM32CubeIDE/plugins/com.st.stm32cube.ide.mcu.externaltools.gnu-tools-for-stm32.13.3.rel1.win32_1.0.0.202411081344/tools/bin/../lib/gcc/arm-none-eabi/13.3.1/../../../../arm-none-eabi/lib/thumb/v7e-m+fp/hard\libc_nano.a(libc_a-mprec.o)
                0x0800c000                __s2b
 .text.__hi0bits
                0x0800c094       0x3e A:/STM32CUBEIDE/STM32CubeIDE_1.18.0/STM32CubeIDE/plugins/com.st.stm32cube.ide.mcu.externaltools.gnu-tools-for-stm32.13.3.rel1.win32_1.0.0.202411081344/tools/bin/../lib/gcc/arm-none-eabi/13.3.1/../../../../arm-none-eabi/lib/thumb/v7e-m+fp/hard\libc_nano.a(libc_a-mprec.o)
                0x0800c094                __hi0bits
 .text.__lo0bits
                0x0800c0d2       0x5a A:/STM32CUBEIDE/STM32CubeIDE_1.18.0/STM32CubeIDE/plugins/com.st.stm32cube.ide.mcu.externaltools.gnu-tools-for-stm32.13.3.rel1.win32_1.0.0.202411081344/tools/bin/../lib/gcc/arm-none-eabi/13.3.1/../../../../arm-none-eabi/lib/thumb/v7e-m+fp/hard\libc_nano.a(libc_a-mprec.o)
                0x0800c0d2                __lo0bits
 .text.__i2b    0x0800c12c       0x2c A:/STM32CUBEIDE/STM32CubeIDE_1.18.0/STM32CubeIDE/plugins/com.st.stm32cube.ide.mcu.externaltools.gnu-tools-for-stm32.13.3.rel1.win32_1.0.0.202411081344/tools/bin/../lib/gcc/arm-none-eabi/13.3.1/../../../../arm-none-eabi/lib/thumb/v7e-m+fp/hard\libc_nano.a(libc_a-mprec.o)
                0x0800c12c                __i2b
 .text.__multiply
                0x0800c158      0x144 A:/STM32CUBEIDE/STM32CubeIDE_1.18.0/STM32CubeIDE/plugins/com.st.stm32cube.ide.mcu.externaltools.gnu-tools-for-stm32.13.3.rel1.win32_1.0.0.202411081344/tools/bin/../lib/gcc/arm-none-eabi/13.3.1/../../../../arm-none-eabi/lib/thumb/v7e-m+fp/hard\libc_nano.a(libc_a-mprec.o)
                0x0800c158                __multiply
 .text.__pow5mult
                0x0800c29c       0xb4 A:/STM32CUBEIDE/STM32CubeIDE_1.18.0/STM32CubeIDE/plugins/com.st.stm32cube.ide.mcu.externaltools.gnu-tools-for-stm32.13.3.rel1.win32_1.0.0.202411081344/tools/bin/../lib/gcc/arm-none-eabi/13.3.1/../../../../arm-none-eabi/lib/thumb/v7e-m+fp/hard\libc_nano.a(libc_a-mprec.o)
                0x0800c29c                __pow5mult
 .text.__lshift
                0x0800c350       0xd8 A:/STM32CUBEIDE/STM32CubeIDE_1.18.0/STM32CubeIDE/plugins/com.st.stm32cube.ide.mcu.externaltools.gnu-tools-for-stm32.13.3.rel1.win32_1.0.0.202411081344/tools/bin/../lib/gcc/arm-none-eabi/13.3.1/../../../../arm-none-eabi/lib/thumb/v7e-m+fp/hard\libc_nano.a(libc_a-mprec.o)
                0x0800c350                __lshift
 .text.__mcmp   0x0800c428       0x36 A:/STM32CUBEIDE/STM32CubeIDE_1.18.0/STM32CubeIDE/plugins/com.st.stm32cube.ide.mcu.externaltools.gnu-tools-for-stm32.13.3.rel1.win32_1.0.0.202411081344/tools/bin/../lib/gcc/arm-none-eabi/13.3.1/../../../../arm-none-eabi/lib/thumb/v7e-m+fp/hard\libc_nano.a(libc_a-mprec.o)
                0x0800c428                __mcmp
 *fill*         0x0800c45e        0x2 
 .text.__mdiff  0x0800c460      0x128 A:/STM32CUBEIDE/STM32CubeIDE_1.18.0/STM32CubeIDE/plugins/com.st.stm32cube.ide.mcu.externaltools.gnu-tools-for-stm32.13.3.rel1.win32_1.0.0.202411081344/tools/bin/../lib/gcc/arm-none-eabi/13.3.1/../../../../arm-none-eabi/lib/thumb/v7e-m+fp/hard\libc_nano.a(libc_a-mprec.o)
                0x0800c460                __mdiff
 .text.__ulp    0x0800c588       0x4c A:/STM32CUBEIDE/STM32CubeIDE_1.18.0/STM32CubeIDE/plugins/com.st.stm32cube.ide.mcu.externaltools.gnu-tools-for-stm32.13.3.rel1.win32_1.0.0.202411081344/tools/bin/../lib/gcc/arm-none-eabi/13.3.1/../../../../arm-none-eabi/lib/thumb/v7e-m+fp/hard\libc_nano.a(libc_a-mprec.o)
                0x0800c588                __ulp
 .text.__b2d    0x0800c5d4       0x94 A:/STM32CUBEIDE/STM32CubeIDE_1.18.0/STM32CubeIDE/plugins/com.st.stm32cube.ide.mcu.externaltools.gnu-tools-for-stm32.13.3.rel1.win32_1.0.0.202411081344/tools/bin/../lib/gcc/arm-none-eabi/13.3.1/../../../../arm-none-eabi/lib/thumb/v7e-m+fp/hard\libc_nano.a(libc_a-mprec.o)
                0x0800c5d4                __b2d
 .text.__d2b    0x0800c668       0xb0 A:/STM32CUBEIDE/STM32CubeIDE_1.18.0/STM32CubeIDE/plugins/com.st.stm32cube.ide.mcu.externaltools.gnu-tools-for-stm32.13.3.rel1.win32_1.0.0.202411081344/tools/bin/../lib/gcc/arm-none-eabi/13.3.1/../../../../arm-none-eabi/lib/thumb/v7e-m+fp/hard\libc_nano.a(libc_a-mprec.o)
                0x0800c668                __d2b
 .text.__ratio  0x0800c718       0x64 A:/STM32CUBEIDE/STM32CubeIDE_1.18.0/STM32CubeIDE/plugins/com.st.stm32cube.ide.mcu.externaltools.gnu-tools-for-stm32.13.3.rel1.win32_1.0.0.202411081344/tools/bin/../lib/gcc/arm-none-eabi/13.3.1/../../../../arm-none-eabi/lib/thumb/v7e-m+fp/hard\libc_nano.a(libc_a-mprec.o)
                0x0800c718                __ratio
 .text.__copybits
                0x0800c77c       0x46 A:/STM32CUBEIDE/STM32CubeIDE_1.18.0/STM32CubeIDE/plugins/com.st.stm32cube.ide.mcu.externaltools.gnu-tools-for-stm32.13.3.rel1.win32_1.0.0.202411081344/tools/bin/../lib/gcc/arm-none-eabi/13.3.1/../../../../arm-none-eabi/lib/thumb/v7e-m+fp/hard\libc_nano.a(libc_a-mprec.o)
                0x0800c77c                __copybits
 .text.__any_on
                0x0800c7c2       0x42 A:/STM32CUBEIDE/STM32CubeIDE_1.18.0/STM32CubeIDE/plugins/com.st.stm32cube.ide.mcu.externaltools.gnu-tools-for-stm32.13.3.rel1.win32_1.0.0.202411081344/tools/bin/../lib/gcc/arm-none-eabi/13.3.1/../../../../arm-none-eabi/lib/thumb/v7e-m+fp/hard\libc_nano.a(libc_a-mprec.o)
                0x0800c7c2                __any_on
 .text.sulp     0x0800c804       0x3c A:/STM32CUBEIDE/STM32CubeIDE_1.18.0/STM32CubeIDE/plugins/com.st.stm32cube.ide.mcu.externaltools.gnu-tools-for-stm32.13.3.rel1.win32_1.0.0.202411081344/tools/bin/../lib/gcc/arm-none-eabi/13.3.1/../../../../arm-none-eabi/lib/thumb/v7e-m+fp/hard\libc_nano.a(libc_a-strtod.o)
 .text._strtod_l
                0x0800c840      0xbc8 A:/STM32CUBEIDE/STM32CubeIDE_1.18.0/STM32CubeIDE/plugins/com.st.stm32cube.ide.mcu.externaltools.gnu-tools-for-stm32.13.3.rel1.win32_1.0.0.202411081344/tools/bin/../lib/gcc/arm-none-eabi/13.3.1/../../../../arm-none-eabi/lib/thumb/v7e-m+fp/hard\libc_nano.a(libc_a-strtod.o)
                0x0800c840                _strtod_l
 .text._strtod_r
                0x0800d408        0xc A:/STM32CUBEIDE/STM32CubeIDE_1.18.0/STM32CubeIDE/plugins/com.st.stm32cube.ide.mcu.externaltools.gnu-tools-for-stm32.13.3.rel1.win32_1.0.0.202411081344/tools/bin/../lib/gcc/arm-none-eabi/13.3.1/../../../../arm-none-eabi/lib/thumb/v7e-m+fp/hard\libc_nano.a(libc_a-strtod.o)
                0x0800d408                _strtod_r
 .text._strtol_l.isra.0
                0x0800d414       0xf4 A:/STM32CUBEIDE/STM32CubeIDE_1.18.0/STM32CubeIDE/plugins/com.st.stm32cube.ide.mcu.externaltools.gnu-tools-for-stm32.13.3.rel1.win32_1.0.0.202411081344/tools/bin/../lib/gcc/arm-none-eabi/13.3.1/../../../../arm-none-eabi/lib/thumb/v7e-m+fp/hard\libc_nano.a(libc_a-strtol.o)
 .text._strtol_r
                0x0800d508        0x4 A:/STM32CUBEIDE/STM32CubeIDE_1.18.0/STM32CubeIDE/plugins/com.st.stm32cube.ide.mcu.externaltools.gnu-tools-for-stm32.13.3.rel1.win32_1.0.0.202411081344/tools/bin/../lib/gcc/arm-none-eabi/13.3.1/../../../../arm-none-eabi/lib/thumb/v7e-m+fp/hard\libc_nano.a(libc_a-strtol.o)
                0x0800d508                _strtol_r
 .text.__ssputs_r
                0x0800d50c       0xb6 A:/STM32CUBEIDE/STM32CubeIDE_1.18.0/STM32CubeIDE/plugins/com.st.stm32cube.ide.mcu.externaltools.gnu-tools-for-stm32.13.3.rel1.win32_1.0.0.202411081344/tools/bin/../lib/gcc/arm-none-eabi/13.3.1/../../../../arm-none-eabi/lib/thumb/v7e-m+fp/hard\libc_nano.a(libc_a-nano-svfprintf.o)
                0x0800d50c                __ssputs_r
 *fill*         0x0800d5c2        0x2 
 .text._svfprintf_r
                0x0800d5c4      0x1f8 A:/STM32CUBEIDE/STM32CubeIDE_1.18.0/STM32CubeIDE/plugins/com.st.stm32cube.ide.mcu.externaltools.gnu-tools-for-stm32.13.3.rel1.win32_1.0.0.202411081344/tools/bin/../lib/gcc/arm-none-eabi/13.3.1/../../../../arm-none-eabi/lib/thumb/v7e-m+fp/hard\libc_nano.a(libc_a-nano-svfprintf.o)
                0x0800d5c4                _svfiprintf_r
                0x0800d5c4                _svfprintf_r
 .text._sungetc_r
                0x0800d7bc       0x7a A:/STM32CUBEIDE/STM32CubeIDE_1.18.0/STM32CubeIDE/plugins/com.st.stm32cube.ide.mcu.externaltools.gnu-tools-for-stm32.13.3.rel1.win32_1.0.0.202411081344/tools/bin/../lib/gcc/arm-none-eabi/13.3.1/../../../../arm-none-eabi/lib/thumb/v7e-m+fp/hard\libc_nano.a(libc_a-nano-svfscanf.o)
                0x0800d7bc                _sungetc_r
 .text.__ssrefill_r
                0x0800d836       0x3a A:/STM32CUBEIDE/STM32CubeIDE_1.18.0/STM32CubeIDE/plugins/com.st.stm32cube.ide.mcu.externaltools.gnu-tools-for-stm32.13.3.rel1.win32_1.0.0.202411081344/tools/bin/../lib/gcc/arm-none-eabi/13.3.1/../../../../arm-none-eabi/lib/thumb/v7e-m+fp/hard\libc_nano.a(libc_a-nano-svfscanf.o)
                0x0800d836                __ssrefill_r
 .text.__ssvfscanf_r
                0x0800d870      0x2ec A:/STM32CUBEIDE/STM32CubeIDE_1.18.0/STM32CubeIDE/plugins/com.st.stm32cube.ide.mcu.externaltools.gnu-tools-for-stm32.13.3.rel1.win32_1.0.0.202411081344/tools/bin/../lib/gcc/arm-none-eabi/13.3.1/../../../../arm-none-eabi/lib/thumb/v7e-m+fp/hard\libc_nano.a(libc_a-nano-svfscanf.o)
                0x0800d870                __ssvfiscanf_r
                0x0800d870                __ssvfscanf_r
 .text._scanf_chars
                0x0800db5c       0xb4 A:/STM32CUBEIDE/STM32CubeIDE_1.18.0/STM32CubeIDE/plugins/com.st.stm32cube.ide.mcu.externaltools.gnu-tools-for-stm32.13.3.rel1.win32_1.0.0.202411081344/tools/bin/../lib/gcc/arm-none-eabi/13.3.1/../../../../arm-none-eabi/lib/thumb/v7e-m+fp/hard\libc_nano.a(libc_a-nano-vfscanf_i.o)
                0x0800db5c                _scanf_chars
 .text._scanf_i
                0x0800dc10      0x1e8 A:/STM32CUBEIDE/STM32CubeIDE_1.18.0/STM32CubeIDE/plugins/com.st.stm32cube.ide.mcu.externaltools.gnu-tools-for-stm32.13.3.rel1.win32_1.0.0.202411081344/tools/bin/../lib/gcc/arm-none-eabi/13.3.1/../../../../arm-none-eabi/lib/thumb/v7e-m+fp/hard\libc_nano.a(libc_a-nano-vfscanf_i.o)
                0x0800dc10                _scanf_i
 .text.__sflush_r
                0x0800ddf8      0x108 A:/STM32CUBEIDE/STM32CubeIDE_1.18.0/STM32CubeIDE/plugins/com.st.stm32cube.ide.mcu.externaltools.gnu-tools-for-stm32.13.3.rel1.win32_1.0.0.202411081344/tools/bin/../lib/gcc/arm-none-eabi/13.3.1/../../../../arm-none-eabi/lib/thumb/v7e-m+fp/hard\libc_nano.a(libc_a-fflush.o)
                0x0800ddf8                __sflush_r
 .text._fflush_r
                0x0800df00       0x50 A:/STM32CUBEIDE/STM32CubeIDE_1.18.0/STM32CubeIDE/plugins/com.st.stm32cube.ide.mcu.externaltools.gnu-tools-for-stm32.13.3.rel1.win32_1.0.0.202411081344/tools/bin/../lib/gcc/arm-none-eabi/13.3.1/../../../../arm-none-eabi/lib/thumb/v7e-m+fp/hard\libc_nano.a(libc_a-fflush.o)
                0x0800df00                _fflush_r
 .text.__sccl   0x0800df50       0x72 A:/STM32CUBEIDE/STM32CubeIDE_1.18.0/STM32CubeIDE/plugins/com.st.stm32cube.ide.mcu.externaltools.gnu-tools-for-stm32.13.3.rel1.win32_1.0.0.202411081344/tools/bin/../lib/gcc/arm-none-eabi/13.3.1/../../../../arm-none-eabi/lib/thumb/v7e-m+fp/hard\libc_nano.a(libc_a-sccl.o)
                0x0800df50                __sccl
 .text.__submore
                0x0800dfc2       0x74 A:/STM32CUBEIDE/STM32CubeIDE_1.18.0/STM32CubeIDE/plugins/com.st.stm32cube.ide.mcu.externaltools.gnu-tools-for-stm32.13.3.rel1.win32_1.0.0.202411081344/tools/bin/../lib/gcc/arm-none-eabi/13.3.1/../../../../arm-none-eabi/lib/thumb/v7e-m+fp/hard\libc_nano.a(libc_a-ungetc.o)
                0x0800dfc2                __submore
 .text.memmove  0x0800e036       0x34 A:/STM32CUBEIDE/STM32CubeIDE_1.18.0/STM32CubeIDE/plugins/com.st.stm32cube.ide.mcu.externaltools.gnu-tools-for-stm32.13.3.rel1.win32_1.0.0.202411081344/tools/bin/../lib/gcc/arm-none-eabi/13.3.1/../../../../arm-none-eabi/lib/thumb/v7e-m+fp/hard\libc_nano.a(libc_a-memmove.o)
                0x0800e036                memmove
 .text.strncmp  0x0800e06a       0x24 A:/STM32CUBEIDE/STM32CubeIDE_1.18.0/STM32CubeIDE/plugins/com.st.stm32cube.ide.mcu.externaltools.gnu-tools-for-stm32.13.3.rel1.win32_1.0.0.202411081344/tools/bin/../lib/gcc/arm-none-eabi/13.3.1/../../../../arm-none-eabi/lib/thumb/v7e-m+fp/hard\libc_nano.a(libc_a-strncmp.o)
                0x0800e06a                strncmp
 *fill*         0x0800e08e        0x2 
 .text._sbrk_r  0x0800e090       0x20 A:/STM32CUBEIDE/STM32CubeIDE_1.18.0/STM32CubeIDE/plugins/com.st.stm32cube.ide.mcu.externaltools.gnu-tools-for-stm32.13.3.rel1.win32_1.0.0.202411081344/tools/bin/../lib/gcc/arm-none-eabi/13.3.1/../../../../arm-none-eabi/lib/thumb/v7e-m+fp/hard\libc_nano.a(libc_a-sbrkr.o)
                0x0800e090                _sbrk_r
 .text.nan      0x0800e0b0       0x10 A:/STM32CUBEIDE/STM32CubeIDE_1.18.0/STM32CubeIDE/plugins/com.st.stm32cube.ide.mcu.externaltools.gnu-tools-for-stm32.13.3.rel1.win32_1.0.0.202411081344/tools/bin/../lib/gcc/arm-none-eabi/13.3.1/../../../../arm-none-eabi/lib/thumb/v7e-m+fp/hard\libc_nano.a(libm_a-s_nan.o)
                0x0800e0b0                nan
 .text.__assert_func
                0x0800e0c0       0x3c A:/STM32CUBEIDE/STM32CubeIDE_1.18.0/STM32CubeIDE/plugins/com.st.stm32cube.ide.mcu.externaltools.gnu-tools-for-stm32.13.3.rel1.win32_1.0.0.202411081344/tools/bin/../lib/gcc/arm-none-eabi/13.3.1/../../../../arm-none-eabi/lib/thumb/v7e-m+fp/hard\libc_nano.a(libc_a-assert.o)
                0x0800e0c0                __assert_func
 .text._calloc_r
                0x0800e0fc       0x28 A:/STM32CUBEIDE/STM32CubeIDE_1.18.0/STM32CubeIDE/plugins/com.st.stm32cube.ide.mcu.externaltools.gnu-tools-for-stm32.13.3.rel1.win32_1.0.0.202411081344/tools/bin/../lib/gcc/arm-none-eabi/13.3.1/../../../../arm-none-eabi/lib/thumb/v7e-m+fp/hard\libc_nano.a(libc_a-callocr.o)
                0x0800e0fc                _calloc_r
 .text.rshift   0x0800e124       0xa4 A:/STM32CUBEIDE/STM32CubeIDE_1.18.0/STM32CubeIDE/plugins/com.st.stm32cube.ide.mcu.externaltools.gnu-tools-for-stm32.13.3.rel1.win32_1.0.0.202411081344/tools/bin/../lib/gcc/arm-none-eabi/13.3.1/../../../../arm-none-eabi/lib/thumb/v7e-m+fp/hard\libc_nano.a(libc_a-gdtoa-gethex.o)
 .text.__hexdig_fun
                0x0800e1c8       0x2a A:/STM32CUBEIDE/STM32CubeIDE_1.18.0/STM32CubeIDE/plugins/com.st.stm32cube.ide.mcu.externaltools.gnu-tools-for-stm32.13.3.rel1.win32_1.0.0.202411081344/tools/bin/../lib/gcc/arm-none-eabi/13.3.1/../../../../arm-none-eabi/lib/thumb/v7e-m+fp/hard\libc_nano.a(libc_a-gdtoa-gethex.o)
                0x0800e1c8                __hexdig_fun
 *fill*         0x0800e1f2        0x2 
 .text.__gethex
                0x0800e1f4      0x420 A:/STM32CUBEIDE/STM32CubeIDE_1.18.0/STM32CubeIDE/plugins/com.st.stm32cube.ide.mcu.externaltools.gnu-tools-for-stm32.13.3.rel1.win32_1.0.0.202411081344/tools/bin/../lib/gcc/arm-none-eabi/13.3.1/../../../../arm-none-eabi/lib/thumb/v7e-m+fp/hard\libc_nano.a(libc_a-gdtoa-gethex.o)
                0x0800e1f4                __gethex
 .text.L_shift  0x0800e614       0x24 A:/STM32CUBEIDE/STM32CubeIDE_1.18.0/STM32CubeIDE/plugins/com.st.stm32cube.ide.mcu.externaltools.gnu-tools-for-stm32.13.3.rel1.win32_1.0.0.202411081344/tools/bin/../lib/gcc/arm-none-eabi/13.3.1/../../../../arm-none-eabi/lib/thumb/v7e-m+fp/hard\libc_nano.a(libc_a-gdtoa-hexnan.o)
 .text.__match  0x0800e638       0x28 A:/STM32CUBEIDE/STM32CubeIDE_1.18.0/STM32CubeIDE/plugins/com.st.stm32cube.ide.mcu.externaltools.gnu-tools-for-stm32.13.3.rel1.win32_1.0.0.202411081344/tools/bin/../lib/gcc/arm-none-eabi/13.3.1/../../../../arm-none-eabi/lib/thumb/v7e-m+fp/hard\libc_nano.a(libc_a-gdtoa-hexnan.o)
                0x0800e638                __match
 .text.__hexnan
                0x0800e660      0x136 A:/STM32CUBEIDE/STM32CubeIDE_1.18.0/STM32CubeIDE/plugins/com.st.stm32cube.ide.mcu.externaltools.gnu-tools-for-stm32.13.3.rel1.win32_1.0.0.202411081344/tools/bin/../lib/gcc/arm-none-eabi/13.3.1/../../../../arm-none-eabi/lib/thumb/v7e-m+fp/hard\libc_nano.a(libc_a-gdtoa-hexnan.o)
                0x0800e660                __hexnan
 .text.__ascii_mbtowc
                0x0800e796       0x24 A:/STM32CUBEIDE/STM32CubeIDE_1.18.0/STM32CubeIDE/plugins/com.st.stm32cube.ide.mcu.externaltools.gnu-tools-for-stm32.13.3.rel1.win32_1.0.0.202411081344/tools/bin/../lib/gcc/arm-none-eabi/13.3.1/../../../../arm-none-eabi/lib/thumb/v7e-m+fp/hard\libc_nano.a(libc_a-mbtowc_r.o)
                0x0800e796                __ascii_mbtowc
 .text._realloc_r
                0x0800e7ba       0x5c A:/STM32CUBEIDE/STM32CubeIDE_1.18.0/STM32CubeIDE/plugins/com.st.stm32cube.ide.mcu.externaltools.gnu-tools-for-stm32.13.3.rel1.win32_1.0.0.202411081344/tools/bin/../lib/gcc/arm-none-eabi/13.3.1/../../../../arm-none-eabi/lib/thumb/v7e-m+fp/hard\libc_nano.a(libc_a-reallocr.o)
                0x0800e7ba                _realloc_r
 *fill*         0x0800e816        0x2 
 .text._strtoul_l.isra.0
                0x0800e818       0xdc A:/STM32CUBEIDE/STM32CubeIDE_1.18.0/STM32CubeIDE/plugins/com.st.stm32cube.ide.mcu.externaltools.gnu-tools-for-stm32.13.3.rel1.win32_1.0.0.202411081344/tools/bin/../lib/gcc/arm-none-eabi/13.3.1/../../../../arm-none-eabi/lib/thumb/v7e-m+fp/hard\libc_nano.a(libc_a-strtoul.o)
 .text._strtoul_r
                0x0800e8f4        0x4 A:/STM32CUBEIDE/STM32CubeIDE_1.18.0/STM32CubeIDE/plugins/com.st.stm32cube.ide.mcu.externaltools.gnu-tools-for-stm32.13.3.rel1.win32_1.0.0.202411081344/tools/bin/../lib/gcc/arm-none-eabi/13.3.1/../../../../arm-none-eabi/lib/thumb/v7e-m+fp/hard\libc_nano.a(libc_a-strtoul.o)
                0x0800e8f4                _strtoul_r
 .text.__ascii_wctomb
                0x0800e8f8       0x1a A:/STM32CUBEIDE/STM32CubeIDE_1.18.0/STM32CubeIDE/plugins/com.st.stm32cube.ide.mcu.externaltools.gnu-tools-for-stm32.13.3.rel1.win32_1.0.0.202411081344/tools/bin/../lib/gcc/arm-none-eabi/13.3.1/../../../../arm-none-eabi/lib/thumb/v7e-m+fp/hard\libc_nano.a(libc_a-wctomb_r.o)
                0x0800e8f8                __ascii_wctomb
 *fill*         0x0800e912        0x2 
 .text.fprintf  0x0800e914       0x24 A:/STM32CUBEIDE/STM32CubeIDE_1.18.0/STM32CubeIDE/plugins/com.st.stm32cube.ide.mcu.externaltools.gnu-tools-for-stm32.13.3.rel1.win32_1.0.0.202411081344/tools/bin/../lib/gcc/arm-none-eabi/13.3.1/../../../../arm-none-eabi/lib/thumb/v7e-m+fp/hard\libc_nano.a(libc_a-fprintf.o)
                0x0800e914                fiprintf
                0x0800e914                fprintf
 .text.abort    0x0800e938        0xe A:/STM32CUBEIDE/STM32CubeIDE_1.18.0/STM32CubeIDE/plugins/com.st.stm32cube.ide.mcu.externaltools.gnu-tools-for-stm32.13.3.rel1.win32_1.0.0.202411081344/tools/bin/../lib/gcc/arm-none-eabi/13.3.1/../../../../arm-none-eabi/lib/thumb/v7e-m+fp/hard\libc_nano.a(libc_a-abort.o)
                0x0800e938                abort
 .text._malloc_usable_size_r
                0x0800e946       0x10 A:/STM32CUBEIDE/STM32CubeIDE_1.18.0/STM32CubeIDE/plugins/com.st.stm32cube.ide.mcu.externaltools.gnu-tools-for-stm32.13.3.rel1.win32_1.0.0.202411081344/tools/bin/../lib/gcc/arm-none-eabi/13.3.1/../../../../arm-none-eabi/lib/thumb/v7e-m+fp/hard\libc_nano.a(libc_a-msizer.o)
                0x0800e946                _malloc_usable_size_r
 .text.__sfputc_r
                0x0800e956       0x2e A:/STM32CUBEIDE/STM32CubeIDE_1.18.0/STM32CubeIDE/plugins/com.st.stm32cube.ide.mcu.externaltools.gnu-tools-for-stm32.13.3.rel1.win32_1.0.0.202411081344/tools/bin/../lib/gcc/arm-none-eabi/13.3.1/../../../../arm-none-eabi/lib/thumb/v7e-m+fp/hard\libc_nano.a(libc_a-nano-vfprintf.o)
 .text.__sfputs_r
                0x0800e984       0x24 A:/STM32CUBEIDE/STM32CubeIDE_1.18.0/STM32CubeIDE/plugins/com.st.stm32cube.ide.mcu.externaltools.gnu-tools-for-stm32.13.3.rel1.win32_1.0.0.202411081344/tools/bin/../lib/gcc/arm-none-eabi/13.3.1/../../../../arm-none-eabi/lib/thumb/v7e-m+fp/hard\libc_nano.a(libc_a-nano-vfprintf.o)
                0x0800e984                __sfputs_r
 .text._vfprintf_r
                0x0800e9a8      0x230 A:/STM32CUBEIDE/STM32CubeIDE_1.18.0/STM32CubeIDE/plugins/com.st.stm32cube.ide.mcu.externaltools.gnu-tools-for-stm32.13.3.rel1.win32_1.0.0.202411081344/tools/bin/../lib/gcc/arm-none-eabi/13.3.1/../../../../arm-none-eabi/lib/thumb/v7e-m+fp/hard\libc_nano.a(libc_a-nano-vfprintf.o)
                0x0800e9a8                _vfprintf_r
                0x0800e9a8                _vfiprintf_r
 .text.__swbuf_r
                0x0800ebd8       0x7c A:/STM32CUBEIDE/STM32CubeIDE_1.18.0/STM32CubeIDE/plugins/com.st.stm32cube.ide.mcu.externaltools.gnu-tools-for-stm32.13.3.rel1.win32_1.0.0.202411081344/tools/bin/../lib/gcc/arm-none-eabi/13.3.1/../../../../arm-none-eabi/lib/thumb/v7e-m+fp/hard\libc_nano.a(libc_a-wbuf.o)
                0x0800ebd8                __swbuf_r
 .text.__swsetup_r
                0x0800ec54       0xac A:/STM32CUBEIDE/STM32CubeIDE_1.18.0/STM32CubeIDE/plugins/com.st.stm32cube.ide.mcu.externaltools.gnu-tools-for-stm32.13.3.rel1.win32_1.0.0.202411081344/tools/bin/../lib/gcc/arm-none-eabi/13.3.1/../../../../arm-none-eabi/lib/thumb/v7e-m+fp/hard\libc_nano.a(libc_a-wsetup.o)
                0x0800ec54                __swsetup_r
 .text._raise_r
                0x0800ed00       0x50 A:/STM32CUBEIDE/STM32CubeIDE_1.18.0/STM32CubeIDE/plugins/com.st.stm32cube.ide.mcu.externaltools.gnu-tools-for-stm32.13.3.rel1.win32_1.0.0.202411081344/tools/bin/../lib/gcc/arm-none-eabi/13.3.1/../../../../arm-none-eabi/lib/thumb/v7e-m+fp/hard\libc_nano.a(libc_a-signal.o)
                0x0800ed00                _raise_r
 .text.raise    0x0800ed50       0x10 A:/STM32CUBEIDE/STM32CubeIDE_1.18.0/STM32CubeIDE/plugins/com.st.stm32cube.ide.mcu.externaltools.gnu-tools-for-stm32.13.3.rel1.win32_1.0.0.202411081344/tools/bin/../lib/gcc/arm-none-eabi/13.3.1/../../../../arm-none-eabi/lib/thumb/v7e-m+fp/hard\libc_nano.a(libc_a-signal.o)
                0x0800ed50                raise
 .text._kill_r  0x0800ed60       0x24 A:/STM32CUBEIDE/STM32CubeIDE_1.18.0/STM32CubeIDE/plugins/com.st.stm32cube.ide.mcu.externaltools.gnu-tools-for-stm32.13.3.rel1.win32_1.0.0.202411081344/tools/bin/../lib/gcc/arm-none-eabi/13.3.1/../../../../arm-none-eabi/lib/thumb/v7e-m+fp/hard\libc_nano.a(libc_a-signalr.o)
                0x0800ed60                _kill_r
 .text._getpid_r
                0x0800ed84        0x4 A:/STM32CUBEIDE/STM32CubeIDE_1.18.0/STM32CubeIDE/plugins/com.st.stm32cube.ide.mcu.externaltools.gnu-tools-for-stm32.13.3.rel1.win32_1.0.0.202411081344/tools/bin/../lib/gcc/arm-none-eabi/13.3.1/../../../../arm-none-eabi/lib/thumb/v7e-m+fp/hard\libc_nano.a(libc_a-signalr.o)
                0x0800ed84                _getpid_r
 .text.__swhatbuf_r
                0x0800ed88       0x4c A:/STM32CUBEIDE/STM32CubeIDE_1.18.0/STM32CubeIDE/plugins/com.st.stm32cube.ide.mcu.externaltools.gnu-tools-for-stm32.13.3.rel1.win32_1.0.0.202411081344/tools/bin/../lib/gcc/arm-none-eabi/13.3.1/../../../../arm-none-eabi/lib/thumb/v7e-m+fp/hard\libc_nano.a(libc_a-makebuf.o)
                0x0800ed88                __swhatbuf_r
 .text.__smakebuf_r
                0x0800edd4       0x78 A:/STM32CUBEIDE/STM32CubeIDE_1.18.0/STM32CubeIDE/plugins/com.st.stm32cube.ide.mcu.externaltools.gnu-tools-for-stm32.13.3.rel1.win32_1.0.0.202411081344/tools/bin/../lib/gcc/arm-none-eabi/13.3.1/../../../../arm-none-eabi/lib/thumb/v7e-m+fp/hard\libc_nano.a(libc_a-makebuf.o)
                0x0800edd4                __smakebuf_r
 .text._fstat_r
                0x0800ee4c       0x24 A:/STM32CUBEIDE/STM32CubeIDE_1.18.0/STM32CubeIDE/plugins/com.st.stm32cube.ide.mcu.externaltools.gnu-tools-for-stm32.13.3.rel1.win32_1.0.0.202411081344/tools/bin/../lib/gcc/arm-none-eabi/13.3.1/../../../../arm-none-eabi/lib/thumb/v7e-m+fp/hard\libc_nano.a(libc_a-fstatr.o)
                0x0800ee4c                _fstat_r
 .text._isatty_r
                0x0800ee70       0x20 A:/STM32CUBEIDE/STM32CubeIDE_1.18.0/STM32CubeIDE/plugins/com.st.stm32cube.ide.mcu.externaltools.gnu-tools-for-stm32.13.3.rel1.win32_1.0.0.202411081344/tools/bin/../lib/gcc/arm-none-eabi/13.3.1/../../../../arm-none-eabi/lib/thumb/v7e-m+fp/hard\libc_nano.a(libc_a-isattyr.o)
                0x0800ee70                _isatty_r
 *(.glue_7)
 .glue_7        0x0800ee90        0x0 linker stubs
 *(.glue_7t)
 .glue_7t       0x0800ee90        0x0 linker stubs
 *(.eh_frame)
 .eh_frame      0x0800ee90        0x0 A:/STM32CUBEIDE/STM32CubeIDE_1.18.0/STM32CubeIDE/plugins/com.st.stm32cube.ide.mcu.externaltools.gnu-tools-for-stm32.13.3.rel1.win32_1.0.0.202411081344/tools/bin/../lib/gcc/arm-none-eabi/13.3.1/thumb/v7e-m+fp/hard/crtbegin.o
 *(.init)
 .init          0x0800ee90        0x4 A:/STM32CUBEIDE/STM32CubeIDE_1.18.0/STM32CubeIDE/plugins/com.st.stm32cube.ide.mcu.externaltools.gnu-tools-for-stm32.13.3.rel1.win32_1.0.0.202411081344/tools/bin/../lib/gcc/arm-none-eabi/13.3.1/thumb/v7e-m+fp/hard/crti.o
                0x0800ee90                _init
 .init          0x0800ee94        0x8 A:/STM32CUBEIDE/STM32CubeIDE_1.18.0/STM32CubeIDE/plugins/com.st.stm32cube.ide.mcu.externaltools.gnu-tools-for-stm32.13.3.rel1.win32_1.0.0.202411081344/tools/bin/../lib/gcc/arm-none-eabi/13.3.1/thumb/v7e-m+fp/hard/crtn.o
 *(.fini)
 .fini          0x0800ee9c        0x4 A:/STM32CUBEIDE/STM32CubeIDE_1.18.0/STM32CubeIDE/plugins/com.st.stm32cube.ide.mcu.externaltools.gnu-tools-for-stm32.13.3.rel1.win32_1.0.0.202411081344/tools/bin/../lib/gcc/arm-none-eabi/13.3.1/thumb/v7e-m+fp/hard/crti.o
                0x0800ee9c                _fini
 .fini          0x0800eea0        0x8 A:/STM32CUBEIDE/STM32CubeIDE_1.18.0/STM32CubeIDE/plugins/com.st.stm32cube.ide.mcu.externaltools.gnu-tools-for-stm32.13.3.rel1.win32_1.0.0.202411081344/tools/bin/../lib/gcc/arm-none-eabi/13.3.1/thumb/v7e-m+fp/hard/crtn.o
                0x0800eea8                        . = ALIGN (0x4)
                0x0800eea8                        _etext = .

.vfp11_veneer   0x0800eea8        0x0
 .vfp11_veneer  0x0800eea8        0x0 linker stubs

.v4_bx          0x0800eea8        0x0
 .v4_bx         0x0800eea8        0x0 linker stubs

.iplt           0x0800eea8        0x0
 .iplt          0x0800eea8        0x0 A:/STM32CUBEIDE/STM32CubeIDE_1.18.0/STM32CubeIDE/plugins/com.st.stm32cube.ide.mcu.externaltools.gnu-tools-for-stm32.13.3.rel1.win32_1.0.0.202411081344/tools/bin/../lib/gcc/arm-none-eabi/13.3.1/thumb/v7e-m+fp/hard/crtbegin.o

.rodata         0x0800eea8      0xb6c
                0x0800eea8                        . = ALIGN (0x4)
 *(.rodata)
 .rodata        0x0800eea8       0x68 ./Core/Src/main.o
 .rodata        0x0800ef10        0xc A:/STM32CUBEIDE/STM32CubeIDE_1.18.0/STM32CubeIDE/plugins/com.st.stm32cube.ide.mcu.externaltools.gnu-tools-for-stm32.13.3.rel1.win32_1.0.0.202411081344/tools/bin/../lib/gcc/arm-none-eabi/13.3.1/../../../../arm-none-eabi/lib/thumb/v7e-m+fp/hard\libc_nano.a(libc_a-nano-vfscanf_i.o)
 *(.rodata*)
 .rodata.AHBPrescTable
                0x0800ef1c       0x10 ./Core/Src/system_stm32f4xx.o
                0x0800ef1c                AHBPrescTable
 .rodata.APBPrescTable
                0x0800ef2c        0x8 ./Core/Src/system_stm32f4xx.o
                0x0800ef2c                APBPrescTable
 .rodata.ascii_16x8
                0x0800ef34      0x5f0 ./Core/UserCC/font.o
                0x0800ef34                ascii_16x8
 .rodata.afont16x8
                0x0800f524        0x8 ./Core/UserCC/font.o
                0x0800f524                afont16x8
 .rodata.zh16x16
                0x0800f52c       0x90 ./Core/UserCC/font.o
                0x0800f52c                zh16x16
 .rodata.font16x16
                0x0800f5bc       0x10 ./Core/UserCC/font.o
                0x0800f5bc                font16x16