<?xml version="1.0" encoding="ISO-8859-1" ?>
<link_info>
   <banner>TI ARM Clang Linker PC v4.0.3.LTS</banner>
   <copyright>Copyright (c) 1996-2018 Texas Instruments Incorporated</copyright>
   <command_line>A:\CCS\ccs\tools\compiler\ti-cgt-armllvm_4.0.3.LTS\bin\tiarmlnk -IA:\CCS\ccs\tools\compiler\ti-cgt-armllvm_4.0.3.LTS\lib -o empty_LP_MSPM0G3507_nortos_ticlang.out -mempty_LP_MSPM0G3507_nortos_ticlang.map -iA:/CCS/mspm0_sdk_2_05_01_00/source -iA:/git/WYHCODE/ccs/workspace_ccstheia/empty_LP_MSPM0G3507_nortos_ticlang -iA:/git/WYHCODE/ccs/workspace_ccstheia/empty_LP_MSPM0G3507_nortos_ticlang/Debug/syscfg -iA:/CCS/ccs/tools/compiler/ti-cgt-armllvm_4.0.3.LTS/lib --diag_wrap=off --display_error_number --warn_sections --xml_link_info=empty_LP_MSPM0G3507_nortos_ticlang_linkInfo.xml --rom_model ./empty.o ./ti_msp_dl_config.o ./startup_mspm0g350x_ticlang.o ./OLED/OLED.o ./OLED/font.o ./soft/uart.o ./usercc/PID_Speed.o ./usercc/Trace.o ./usercc/delay.o -l./device_linker.cmd -ldevice.cmd.genlibs -llibc.a --start-group -llibc++.a -llibc++abi.a -llibc.a -llibsys.a -llibsysbm.a -llibclang_rt.builtins.a -llibclang_rt.profile.a --end-group --cg_opt_level=0</command_line>
   <link_time>0x688b15cc</link_time>
   <link_errors>0x0</link_errors>
   <output_file>A:\git\WYHCODE\ccs\workspace_ccstheia\empty_LP_MSPM0G3507_nortos_ticlang\Debug\empty_LP_MSPM0G3507_nortos_ticlang.out</output_file>
   <entry_point>
      <name>_c_int00_noargs</name>
      <address>0x50e9</address>
   </entry_point>
   <input_file_list>
      <input_file id="fl-1">
         <path>A:\git\WYHCODE\ccs\workspace_ccstheia\empty_LP_MSPM0G3507_nortos_ticlang\Debug\.\</path>
         <kind>object</kind>
         <file>empty.o</file>
         <name>empty.o</name>
      </input_file>
      <input_file id="fl-2">
         <path>A:\git\WYHCODE\ccs\workspace_ccstheia\empty_LP_MSPM0G3507_nortos_ticlang\Debug\.\</path>
         <kind>object</kind>
         <file>ti_msp_dl_config.o</file>
         <name>ti_msp_dl_config.o</name>
      </input_file>
      <input_file id="fl-3">
         <path>A:\git\WYHCODE\ccs\workspace_ccstheia\empty_LP_MSPM0G3507_nortos_ticlang\Debug\.\</path>
         <kind>object</kind>
         <file>startup_mspm0g350x_ticlang.o</file>
         <name>startup_mspm0g350x_ticlang.o</name>
      </input_file>
      <input_file id="fl-4">
         <path>A:\git\WYHCODE\ccs\workspace_ccstheia\empty_LP_MSPM0G3507_nortos_ticlang\Debug\.\OLED\</path>
         <kind>object</kind>
         <file>OLED.o</file>
         <name>OLED.o</name>
      </input_file>
      <input_file id="fl-5">
         <path>A:\git\WYHCODE\ccs\workspace_ccstheia\empty_LP_MSPM0G3507_nortos_ticlang\Debug\.\OLED\</path>
         <kind>object</kind>
         <file>font.o</file>
         <name>font.o</name>
      </input_file>
      <input_file id="fl-6">
         <path>A:\git\WYHCODE\ccs\workspace_ccstheia\empty_LP_MSPM0G3507_nortos_ticlang\Debug\.\soft\</path>
         <kind>object</kind>
         <file>uart.o</file>
         <name>uart.o</name>
      </input_file>
      <input_file id="fl-7">
         <path>A:\git\WYHCODE\ccs\workspace_ccstheia\empty_LP_MSPM0G3507_nortos_ticlang\Debug\.\usercc\</path>
         <kind>object</kind>
         <file>PID_Speed.o</file>
         <name>PID_Speed.o</name>
      </input_file>
      <input_file id="fl-8">
         <path>A:\git\WYHCODE\ccs\workspace_ccstheia\empty_LP_MSPM0G3507_nortos_ticlang\Debug\.\usercc\</path>
         <kind>object</kind>
         <file>Trace.o</file>
         <name>Trace.o</name>
      </input_file>
      <input_file id="fl-9">
         <path>A:\git\WYHCODE\ccs\workspace_ccstheia\empty_LP_MSPM0G3507_nortos_ticlang\Debug\.\usercc\</path>
         <kind>object</kind>
         <file>delay.o</file>
         <name>delay.o</name>
      </input_file>
      <input_file id="fl-16">
         <path>A:\git\WYHCODE\ccs\workspace_ccstheia\empty_LP_MSPM0G3507_nortos_ticlang\Debug\</path>
         <kind>object</kind>
         <file>&lt;internal&gt;</file>
         <name>&lt;internal&gt;</name>
      </input_file>
      <input_file id="fl-17">
         <path>A:\CCS\mspm0_sdk_2_05_01_00\source\ti\driverlib\lib\ticlang\m0p\mspm0g1x0x_g3x0x\</path>
         <kind>archive</kind>
         <file>driverlib.a</file>
         <name>dl_common.o</name>
      </input_file>
      <input_file id="fl-18">
         <path>A:\CCS\mspm0_sdk_2_05_01_00\source\ti\driverlib\lib\ticlang\m0p\mspm0g1x0x_g3x0x\</path>
         <kind>archive</kind>
         <file>driverlib.a</file>
         <name>dl_i2c.o</name>
      </input_file>
      <input_file id="fl-19">
         <path>A:\CCS\mspm0_sdk_2_05_01_00\source\ti\driverlib\lib\ticlang\m0p\mspm0g1x0x_g3x0x\</path>
         <kind>archive</kind>
         <file>driverlib.a</file>
         <name>dl_timer.o</name>
      </input_file>
      <input_file id="fl-1a">
         <path>A:\CCS\mspm0_sdk_2_05_01_00\source\ti\driverlib\lib\ticlang\m0p\mspm0g1x0x_g3x0x\</path>
         <kind>archive</kind>
         <file>driverlib.a</file>
         <name>dl_uart.o</name>
      </input_file>
      <input_file id="fl-31">
         <path>A:\CCS\ccs\tools\compiler\ti-cgt-armllvm_4.0.3.LTS\lib\armv6m-ti-none-eabi\c\</path>
         <kind>archive</kind>
         <file>libc.a</file>
         <name>sprintf.c.obj</name>
      </input_file>
      <input_file id="fl-32">
         <path>A:\CCS\ccs\tools\compiler\ti-cgt-armllvm_4.0.3.LTS\lib\armv6m-ti-none-eabi\c\</path>
         <kind>archive</kind>
         <file>libc.a</file>
         <name>sscanf.c.obj</name>
      </input_file>
      <input_file id="fl-33">
         <path>A:\CCS\ccs\tools\compiler\ti-cgt-armllvm_4.0.3.LTS\lib\armv6m-ti-none-eabi\c\</path>
         <kind>archive</kind>
         <file>libc.a</file>
         <name>aeabi_ctype.S.obj</name>
      </input_file>
      <input_file id="fl-34">
         <path>A:\CCS\ccs\tools\compiler\ti-cgt-armllvm_4.0.3.LTS\lib\armv6m-ti-none-eabi\c\</path>
         <kind>archive</kind>
         <file>libc.a</file>
         <name>memcmp.c.obj</name>
      </input_file>
      <input_file id="fl-35">
         <path>A:\CCS\ccs\tools\compiler\ti-cgt-armllvm_4.0.3.LTS\lib\armv6m-ti-none-eabi\c\</path>
         <kind>archive</kind>
         <file>libc.a</file>
         <name>strstr.c.obj</name>
      </input_file>
      <input_file id="fl-36">
         <path>A:\CCS\ccs\tools\compiler\ti-cgt-armllvm_4.0.3.LTS\lib\armv6m-ti-none-eabi\c\</path>
         <kind>archive</kind>
         <file>libc.a</file>
         <name>boot_cortex_m.c.obj</name>
      </input_file>
      <input_file id="fl-37">
         <path>A:\CCS\ccs\tools\compiler\ti-cgt-armllvm_4.0.3.LTS\lib\armv6m-ti-none-eabi\c\</path>
         <kind>archive</kind>
         <file>libc.a</file>
         <name>mathacl_init.c.obj</name>
      </input_file>
      <input_file id="fl-38">
         <path>A:\CCS\ccs\tools\compiler\ti-cgt-armllvm_4.0.3.LTS\lib\armv6m-ti-none-eabi\c\</path>
         <kind>archive</kind>
         <file>libc.a</file>
         <name>autoinit.c.obj</name>
      </input_file>
      <input_file id="fl-39">
         <path>A:\CCS\ccs\tools\compiler\ti-cgt-armllvm_4.0.3.LTS\lib\armv6m-ti-none-eabi\c\</path>
         <kind>archive</kind>
         <file>libc.a</file>
         <name>pre_init.c.obj</name>
      </input_file>
      <input_file id="fl-3a">
         <path>A:\CCS\ccs\tools\compiler\ti-cgt-armllvm_4.0.3.LTS\lib\armv6m-ti-none-eabi\c\</path>
         <kind>archive</kind>
         <file>libc.a</file>
         <name>cpy_tbl.c.obj</name>
      </input_file>
      <input_file id="fl-3b">
         <path>A:\CCS\ccs\tools\compiler\ti-cgt-armllvm_4.0.3.LTS\lib\armv6m-ti-none-eabi\c\</path>
         <kind>archive</kind>
         <file>libc.a</file>
         <name>copy_zero_init.c.obj</name>
      </input_file>
      <input_file id="fl-3c">
         <path>A:\CCS\ccs\tools\compiler\ti-cgt-armllvm_4.0.3.LTS\lib\armv6m-ti-none-eabi\c\</path>
         <kind>archive</kind>
         <file>libc.a</file>
         <name>copy_decompress_none.c.obj</name>
      </input_file>
      <input_file id="fl-3d">
         <path>A:\CCS\ccs\tools\compiler\ti-cgt-armllvm_4.0.3.LTS\lib\armv6m-ti-none-eabi\c\</path>
         <kind>archive</kind>
         <file>libc.a</file>
         <name>copy_decompress_lzss.c.obj</name>
      </input_file>
      <input_file id="fl-3e">
         <path>A:\CCS\ccs\tools\compiler\ti-cgt-armllvm_4.0.3.LTS\lib\armv6m-ti-none-eabi\c\</path>
         <kind>archive</kind>
         <file>libc.a</file>
         <name>_printfi.c.obj</name>
      </input_file>
      <input_file id="fl-3f">
         <path>A:\CCS\ccs\tools\compiler\ti-cgt-armllvm_4.0.3.LTS\lib\armv6m-ti-none-eabi\c\</path>
         <kind>archive</kind>
         <file>libc.a</file>
         <name>_scanfi.c.obj</name>
      </input_file>
      <input_file id="fl-40">
         <path>A:\CCS\ccs\tools\compiler\ti-cgt-armllvm_4.0.3.LTS\lib\armv6m-ti-none-eabi\c\</path>
         <kind>archive</kind>
         <file>libc.a</file>
         <name>s_frexp.c.obj</name>
      </input_file>
      <input_file id="fl-41">
         <path>A:\CCS\ccs\tools\compiler\ti-cgt-armllvm_4.0.3.LTS\lib\armv6m-ti-none-eabi\c\</path>
         <kind>archive</kind>
         <file>libc.a</file>
         <name>s_scalbn.c.obj</name>
      </input_file>
      <input_file id="fl-42">
         <path>A:\CCS\ccs\tools\compiler\ti-cgt-armllvm_4.0.3.LTS\lib\armv6m-ti-none-eabi\c\</path>
         <kind>archive</kind>
         <file>libc.a</file>
         <name>wcslen.c.obj</name>
      </input_file>
      <input_file id="fl-43">
         <path>A:\CCS\ccs\tools\compiler\ti-cgt-armllvm_4.0.3.LTS\lib\armv6m-ti-none-eabi\c\</path>
         <kind>archive</kind>
         <file>libc.a</file>
         <name>aeabi_portable.c.obj</name>
      </input_file>
      <input_file id="fl-44">
         <path>A:\CCS\ccs\tools\compiler\ti-cgt-armllvm_4.0.3.LTS\lib\armv6m-ti-none-eabi\c\</path>
         <kind>archive</kind>
         <file>libc.a</file>
         <name>exit.c.obj</name>
      </input_file>
      <input_file id="fl-45">
         <path>A:\CCS\ccs\tools\compiler\ti-cgt-armllvm_4.0.3.LTS\lib\armv6m-ti-none-eabi\c\</path>
         <kind>archive</kind>
         <file>libc.a</file>
         <name>_lock.c.obj</name>
      </input_file>
      <input_file id="fl-46">
         <path>A:\CCS\ccs\tools\compiler\ti-cgt-armllvm_4.0.3.LTS\lib\armv6m-ti-none-eabi\c\</path>
         <kind>archive</kind>
         <file>libc.a</file>
         <name>_ltoa.c.obj</name>
      </input_file>
      <input_file id="fl-47">
         <path>A:\CCS\ccs\tools\compiler\ti-cgt-armllvm_4.0.3.LTS\lib\armv6m-ti-none-eabi\c\</path>
         <kind>archive</kind>
         <file>libc.a</file>
         <name>args_main.c.obj</name>
      </input_file>
      <input_file id="fl-48">
         <path>A:\CCS\ccs\tools\compiler\ti-cgt-armllvm_4.0.3.LTS\lib\armv6m-ti-none-eabi\c\</path>
         <kind>archive</kind>
         <file>libc.a</file>
         <name>assert.c.obj</name>
      </input_file>
      <input_file id="fl-49">
         <path>A:\CCS\ccs\tools\compiler\ti-cgt-armllvm_4.0.3.LTS\lib\armv6m-ti-none-eabi\c\</path>
         <kind>archive</kind>
         <file>libc.a</file>
         <name>atoi.c.obj</name>
      </input_file>
      <input_file id="fl-4a">
         <path>A:\CCS\ccs\tools\compiler\ti-cgt-armllvm_4.0.3.LTS\lib\armv6m-ti-none-eabi\c\</path>
         <kind>archive</kind>
         <file>libc.a</file>
         <name>defs.c.obj</name>
      </input_file>
      <input_file id="fl-4b">
         <path>A:\CCS\ccs\tools\compiler\ti-cgt-armllvm_4.0.3.LTS\lib\armv6m-ti-none-eabi\c\</path>
         <kind>archive</kind>
         <file>libc.a</file>
         <name>memccpy.c.obj</name>
      </input_file>
      <input_file id="fl-4c">
         <path>A:\CCS\ccs\tools\compiler\ti-cgt-armllvm_4.0.3.LTS\lib\armv6m-ti-none-eabi\c\</path>
         <kind>archive</kind>
         <file>libc.a</file>
         <name>memory.c.obj</name>
      </input_file>
      <input_file id="fl-4d">
         <path>A:\CCS\ccs\tools\compiler\ti-cgt-armllvm_4.0.3.LTS\lib\armv6m-ti-none-eabi\c\</path>
         <kind>archive</kind>
         <file>libc.a</file>
         <name>strtod.c.obj</name>
      </input_file>
      <input_file id="fl-4e">
         <path>A:\CCS\ccs\tools\compiler\ti-cgt-armllvm_4.0.3.LTS\lib\armv6m-ti-none-eabi\c\</path>
         <kind>archive</kind>
         <file>libc.a</file>
         <name>strtol.c.obj</name>
      </input_file>
      <input_file id="fl-4f">
         <path>A:\CCS\ccs\tools\compiler\ti-cgt-armllvm_4.0.3.LTS\lib\armv6m-ti-none-eabi\c\</path>
         <kind>archive</kind>
         <file>libc.a</file>
         <name>strtoll.c.obj</name>
      </input_file>
      <input_file id="fl-50">
         <path>A:\CCS\ccs\tools\compiler\ti-cgt-armllvm_4.0.3.LTS\lib\armv6m-ti-none-eabi\c\</path>
         <kind>archive</kind>
         <file>libc.a</file>
         <name>strtoul.c.obj</name>
      </input_file>
      <input_file id="fl-51">
         <path>A:\CCS\ccs\tools\compiler\ti-cgt-armllvm_4.0.3.LTS\lib\armv6m-ti-none-eabi\c\</path>
         <kind>archive</kind>
         <file>libc.a</file>
         <name>strtoull.c.obj</name>
      </input_file>
      <input_file id="fl-52">
         <path>A:\CCS\ccs\tools\compiler\ti-cgt-armllvm_4.0.3.LTS\lib\armv6m-ti-none-eabi\c\</path>
         <kind>archive</kind>
         <file>libc.a</file>
         <name>fflush.c.obj</name>
      </input_file>
      <input_file id="fl-53">
         <path>A:\CCS\ccs\tools\compiler\ti-cgt-armllvm_4.0.3.LTS\lib\armv6m-ti-none-eabi\c\</path>
         <kind>archive</kind>
         <file>libc.a</file>
         <name>fputs.c.obj</name>
      </input_file>
      <input_file id="fl-54">
         <path>A:\CCS\ccs\tools\compiler\ti-cgt-armllvm_4.0.3.LTS\lib\armv6m-ti-none-eabi\c\</path>
         <kind>archive</kind>
         <file>libc.a</file>
         <name>_io_perm.c.obj</name>
      </input_file>
      <input_file id="fl-55">
         <path>A:\CCS\ccs\tools\compiler\ti-cgt-armllvm_4.0.3.LTS\lib\armv6m-ti-none-eabi\c\</path>
         <kind>archive</kind>
         <file>libc.a</file>
         <name>setvbuf.c.obj</name>
      </input_file>
      <input_file id="fl-56">
         <path>A:\CCS\ccs\tools\compiler\ti-cgt-armllvm_4.0.3.LTS\lib\armv6m-ti-none-eabi\c\</path>
         <kind>archive</kind>
         <file>libc.a</file>
         <name>fopen.c.obj</name>
      </input_file>
      <input_file id="fl-57">
         <path>A:\CCS\ccs\tools\compiler\ti-cgt-armllvm_4.0.3.LTS\lib\armv6m-ti-none-eabi\c\</path>
         <kind>archive</kind>
         <file>libc.a</file>
         <name>fseek.c.obj</name>
      </input_file>
      <input_file id="fl-58">
         <path>A:\CCS\ccs\tools\compiler\ti-cgt-armllvm_4.0.3.LTS\lib\armv6m-ti-none-eabi\c\</path>
         <kind>archive</kind>
         <file>libc.a</file>
         <name>fclose.c.obj</name>
      </input_file>
      <input_file id="fl-f8">
         <path>A:\CCS\ccs\tools\compiler\ti-cgt-armllvm_4.0.3.LTS\lib\armv6m-ti-none-eabi\c\</path>
         <kind>archive</kind>
         <file>libsysbm.a</file>
         <name>hostexit.c.obj</name>
      </input_file>
      <input_file id="fl-f9">
         <path>A:\CCS\ccs\tools\compiler\ti-cgt-armllvm_4.0.3.LTS\lib\armv6m-ti-none-eabi\c\</path>
         <kind>archive</kind>
         <file>libsysbm.a</file>
         <name>write.c.obj</name>
      </input_file>
      <input_file id="fl-fa">
         <path>A:\CCS\ccs\tools\compiler\ti-cgt-armllvm_4.0.3.LTS\lib\armv6m-ti-none-eabi\c\</path>
         <kind>archive</kind>
         <file>libsysbm.a</file>
         <name>host_device.c.obj</name>
      </input_file>
      <input_file id="fl-fb">
         <path>A:\CCS\ccs\tools\compiler\ti-cgt-armllvm_4.0.3.LTS\lib\armv6m-ti-none-eabi\c\</path>
         <kind>archive</kind>
         <file>libsysbm.a</file>
         <name>remove.c.obj</name>
      </input_file>
      <input_file id="fl-fc">
         <path>A:\CCS\ccs\tools\compiler\ti-cgt-armllvm_4.0.3.LTS\lib\armv6m-ti-none-eabi\c\</path>
         <kind>archive</kind>
         <file>libsysbm.a</file>
         <name>open.c.obj</name>
      </input_file>
      <input_file id="fl-fd">
         <path>A:\CCS\ccs\tools\compiler\ti-cgt-armllvm_4.0.3.LTS\lib\armv6m-ti-none-eabi\c\</path>
         <kind>archive</kind>
         <file>libsysbm.a</file>
         <name>lseek.c.obj</name>
      </input_file>
      <input_file id="fl-fe">
         <path>A:\CCS\ccs\tools\compiler\ti-cgt-armllvm_4.0.3.LTS\lib\armv6m-ti-none-eabi\c\</path>
         <kind>archive</kind>
         <file>libsysbm.a</file>
         <name>close.c.obj</name>
      </input_file>
      <input_file id="fl-ff">
         <path>A:\CCS\ccs\tools\compiler\ti-cgt-armllvm_4.0.3.LTS\lib\armv6m-ti-none-eabi\c\</path>
         <kind>archive</kind>
         <file>libsysbm.a</file>
         <name>unlink.c.obj</name>
      </input_file>
      <input_file id="fl-100">
         <path>A:\CCS\ccs\tools\compiler\ti-cgt-armllvm_4.0.3.LTS\lib\armv6m-ti-none-eabi\c\</path>
         <kind>archive</kind>
         <file>libsysbm.a</file>
         <name>hostclose.c.obj</name>
      </input_file>
      <input_file id="fl-101">
         <path>A:\CCS\ccs\tools\compiler\ti-cgt-armllvm_4.0.3.LTS\lib\armv6m-ti-none-eabi\c\</path>
         <kind>archive</kind>
         <file>libsysbm.a</file>
         <name>hostlseek.c.obj</name>
      </input_file>
      <input_file id="fl-102">
         <path>A:\CCS\ccs\tools\compiler\ti-cgt-armllvm_4.0.3.LTS\lib\armv6m-ti-none-eabi\c\</path>
         <kind>archive</kind>
         <file>libsysbm.a</file>
         <name>hostopen.c.obj</name>
      </input_file>
      <input_file id="fl-103">
         <path>A:\CCS\ccs\tools\compiler\ti-cgt-armllvm_4.0.3.LTS\lib\armv6m-ti-none-eabi\c\</path>
         <kind>archive</kind>
         <file>libsysbm.a</file>
         <name>hostread.c.obj</name>
      </input_file>
      <input_file id="fl-104">
         <path>A:\CCS\ccs\tools\compiler\ti-cgt-armllvm_4.0.3.LTS\lib\armv6m-ti-none-eabi\c\</path>
         <kind>archive</kind>
         <file>libsysbm.a</file>
         <name>hostrename.c.obj</name>
      </input_file>
      <input_file id="fl-105">
         <path>A:\CCS\ccs\tools\compiler\ti-cgt-armllvm_4.0.3.LTS\lib\armv6m-ti-none-eabi\c\</path>
         <kind>archive</kind>
         <file>libsysbm.a</file>
         <name>hostunlink.c.obj</name>
      </input_file>
      <input_file id="fl-106">
         <path>A:\CCS\ccs\tools\compiler\ti-cgt-armllvm_4.0.3.LTS\lib\armv6m-ti-none-eabi\c\</path>
         <kind>archive</kind>
         <file>libsysbm.a</file>
         <name>hostwrite.c.obj</name>
      </input_file>
      <input_file id="fl-107">
         <path>A:\CCS\ccs\tools\compiler\ti-cgt-armllvm_4.0.3.LTS\lib\armv6m-ti-none-eabi\c\</path>
         <kind>archive</kind>
         <file>libsysbm.a</file>
         <name>trgmsg.c.obj</name>
      </input_file>
      <input_file id="fl-108">
         <path>A:\CCS\ccs\tools\compiler\ti-cgt-armllvm_4.0.3.LTS\lib\armv6m-ti-none-eabi\</path>
         <kind>archive</kind>
         <file>libclang_rt.builtins.a</file>
         <name>addsf3.S.obj</name>
      </input_file>
      <input_file id="fl-109">
         <path>A:\CCS\ccs\tools\compiler\ti-cgt-armllvm_4.0.3.LTS\lib\armv6m-ti-none-eabi\</path>
         <kind>archive</kind>
         <file>libclang_rt.builtins.a</file>
         <name>adddf3.S.obj</name>
      </input_file>
      <input_file id="fl-10a">
         <path>A:\CCS\ccs\tools\compiler\ti-cgt-armllvm_4.0.3.LTS\lib\armv6m-ti-none-eabi\</path>
         <kind>archive</kind>
         <file>libclang_rt.builtins.a</file>
         <name>muldf3.S.obj</name>
      </input_file>
      <input_file id="fl-10b">
         <path>A:\CCS\ccs\tools\compiler\ti-cgt-armllvm_4.0.3.LTS\lib\armv6m-ti-none-eabi\</path>
         <kind>archive</kind>
         <file>libclang_rt.builtins.a</file>
         <name>muldsi3.S.obj</name>
      </input_file>
      <input_file id="fl-10c">
         <path>A:\CCS\ccs\tools\compiler\ti-cgt-armllvm_4.0.3.LTS\lib\armv6m-ti-none-eabi\</path>
         <kind>archive</kind>
         <file>libclang_rt.builtins.a</file>
         <name>mulsf3.S.obj</name>
      </input_file>
      <input_file id="fl-10d">
         <path>A:\CCS\ccs\tools\compiler\ti-cgt-armllvm_4.0.3.LTS\lib\armv6m-ti-none-eabi\</path>
         <kind>archive</kind>
         <file>libclang_rt.builtins.a</file>
         <name>divdf3.S.obj</name>
      </input_file>
      <input_file id="fl-10e">
         <path>A:\CCS\ccs\tools\compiler\ti-cgt-armllvm_4.0.3.LTS\lib\armv6m-ti-none-eabi\</path>
         <kind>archive</kind>
         <file>libclang_rt.builtins.a</file>
         <name>extendsfdf2.S.obj</name>
      </input_file>
      <input_file id="fl-10f">
         <path>A:\CCS\ccs\tools\compiler\ti-cgt-armllvm_4.0.3.LTS\lib\armv6m-ti-none-eabi\</path>
         <kind>archive</kind>
         <file>libclang_rt.builtins.a</file>
         <name>fixdfsi.S.obj</name>
      </input_file>
      <input_file id="fl-110">
         <path>A:\CCS\ccs\tools\compiler\ti-cgt-armllvm_4.0.3.LTS\lib\armv6m-ti-none-eabi\</path>
         <kind>archive</kind>
         <file>libclang_rt.builtins.a</file>
         <name>fixunssfsi.S.obj</name>
      </input_file>
      <input_file id="fl-111">
         <path>A:\CCS\ccs\tools\compiler\ti-cgt-armllvm_4.0.3.LTS\lib\armv6m-ti-none-eabi\</path>
         <kind>archive</kind>
         <file>libclang_rt.builtins.a</file>
         <name>floatsidf.S.obj</name>
      </input_file>
      <input_file id="fl-112">
         <path>A:\CCS\ccs\tools\compiler\ti-cgt-armllvm_4.0.3.LTS\lib\armv6m-ti-none-eabi\</path>
         <kind>archive</kind>
         <file>libclang_rt.builtins.a</file>
         <name>floatsisf.S.obj</name>
      </input_file>
      <input_file id="fl-113">
         <path>A:\CCS\ccs\tools\compiler\ti-cgt-armllvm_4.0.3.LTS\lib\armv6m-ti-none-eabi\</path>
         <kind>archive</kind>
         <file>libclang_rt.builtins.a</file>
         <name>muldi3.S.obj</name>
      </input_file>
      <input_file id="fl-114">
         <path>A:\CCS\ccs\tools\compiler\ti-cgt-armllvm_4.0.3.LTS\lib\armv6m-ti-none-eabi\</path>
         <kind>archive</kind>
         <file>libclang_rt.builtins.a</file>
         <name>truncdfsf2.S.obj</name>
      </input_file>
      <input_file id="fl-115">
         <path>A:\CCS\ccs\tools\compiler\ti-cgt-armllvm_4.0.3.LTS\lib\armv6m-ti-none-eabi\</path>
         <kind>archive</kind>
         <file>libclang_rt.builtins.a</file>
         <name>aeabi_dcmp.S.obj</name>
      </input_file>
      <input_file id="fl-116">
         <path>A:\CCS\ccs\tools\compiler\ti-cgt-armllvm_4.0.3.LTS\lib\armv6m-ti-none-eabi\</path>
         <kind>archive</kind>
         <file>libclang_rt.builtins.a</file>
         <name>aeabi_fcmp.S.obj</name>
      </input_file>
      <input_file id="fl-117">
         <path>A:\CCS\ccs\tools\compiler\ti-cgt-armllvm_4.0.3.LTS\lib\armv6m-ti-none-eabi\</path>
         <kind>archive</kind>
         <file>libclang_rt.builtins.a</file>
         <name>aeabi_idivmod.S.obj</name>
      </input_file>
      <input_file id="fl-118">
         <path>A:\CCS\ccs\tools\compiler\ti-cgt-armllvm_4.0.3.LTS\lib\armv6m-ti-none-eabi\</path>
         <kind>archive</kind>
         <file>libclang_rt.builtins.a</file>
         <name>aeabi_memcpy.S.obj</name>
      </input_file>
      <input_file id="fl-119">
         <path>A:\CCS\ccs\tools\compiler\ti-cgt-armllvm_4.0.3.LTS\lib\armv6m-ti-none-eabi\</path>
         <kind>archive</kind>
         <file>libclang_rt.builtins.a</file>
         <name>aeabi_memset.S.obj</name>
      </input_file>
      <input_file id="fl-11a">
         <path>A:\CCS\ccs\tools\compiler\ti-cgt-armllvm_4.0.3.LTS\lib\armv6m-ti-none-eabi\</path>
         <kind>archive</kind>
         <file>libclang_rt.builtins.a</file>
         <name>aeabi_uidivmod.S.obj</name>
      </input_file>
      <input_file id="fl-11b">
         <path>A:\CCS\ccs\tools\compiler\ti-cgt-armllvm_4.0.3.LTS\lib\armv6m-ti-none-eabi\</path>
         <kind>archive</kind>
         <file>libclang_rt.builtins.a</file>
         <name>aeabi_uldivmod.S.obj</name>
      </input_file>
      <input_file id="fl-11c">
         <path>A:\CCS\ccs\tools\compiler\ti-cgt-armllvm_4.0.3.LTS\lib\armv6m-ti-none-eabi\</path>
         <kind>archive</kind>
         <file>libclang_rt.builtins.a</file>
         <name>comparesf2.S.obj</name>
      </input_file>
      <input_file id="fl-11d">
         <path>A:\CCS\ccs\tools\compiler\ti-cgt-armllvm_4.0.3.LTS\lib\armv6m-ti-none-eabi\</path>
         <kind>archive</kind>
         <file>libclang_rt.builtins.a</file>
         <name>udivmoddi4.S.obj</name>
      </input_file>
      <input_file id="fl-11e">
         <path>A:\CCS\ccs\tools\compiler\ti-cgt-armllvm_4.0.3.LTS\lib\armv6m-ti-none-eabi\</path>
         <kind>archive</kind>
         <file>libclang_rt.builtins.a</file>
         <name>ashldi3.S.obj</name>
      </input_file>
      <input_file id="fl-11f">
         <path>A:\CCS\ccs\tools\compiler\ti-cgt-armllvm_4.0.3.LTS\lib\armv6m-ti-none-eabi\</path>
         <kind>archive</kind>
         <file>libclang_rt.builtins.a</file>
         <name>fixsfsi.S.obj</name>
      </input_file>
      <input_file id="fl-120">
         <path>A:\CCS\ccs\tools\compiler\ti-cgt-armllvm_4.0.3.LTS\lib\armv6m-ti-none-eabi\</path>
         <kind>archive</kind>
         <file>libclang_rt.builtins.a</file>
         <name>comparedf2.c.obj</name>
      </input_file>
      <input_file id="fl-121">
         <path>A:\CCS\ccs\tools\compiler\ti-cgt-armllvm_4.0.3.LTS\lib\armv6m-ti-none-eabi\</path>
         <kind>archive</kind>
         <file>libclang_rt.builtins.a</file>
         <name>aeabi_div0.c.obj</name>
      </input_file>
      <input_file id="fl-122">
         <path>A:\CCS\ccs\tools\compiler\ti-cgt-armllvm_4.0.3.LTS\lib\armv6m-ti-none-eabi\c\</path>
         <kind>archive</kind>
         <file>libc.a</file>
         <name>getdevice.c.obj</name>
      </input_file>
      <input_file id="fl-123">
         <path>A:\CCS\ccs\tools\compiler\ti-cgt-armllvm_4.0.3.LTS\lib\armv6m-ti-none-eabi\c\</path>
         <kind>archive</kind>
         <file>libc.a</file>
         <name>memcpy16.S.obj</name>
      </input_file>
      <input_file id="fl-124">
         <path>A:\CCS\ccs\tools\compiler\ti-cgt-armllvm_4.0.3.LTS\lib\armv6m-ti-none-eabi\c\</path>
         <kind>archive</kind>
         <file>libc.a</file>
         <name>memset16.S.obj</name>
      </input_file>
      <input_file id="fl-125">
         <path>A:\CCS\ccs\tools\compiler\ti-cgt-armllvm_4.0.3.LTS\lib\armv6m-ti-none-eabi\c\</path>
         <kind>archive</kind>
         <file>libc.a</file>
         <name>strcmp-armv6m.S.obj</name>
      </input_file>
   </input_file_list>
   <object_component_list>
      <object_component id="oc-18">
         <name>.intvecs</name>
         <load_address>0x0</load_address>
         <readonly>true</readonly>
         <run_address>0x0</run_address>
         <size>0xc0</size>
         <alignment>0x4</alignment>
         <input_file_ref idref="fl-3"/>
      </object_component>
      <object_component id="oc-bd">
         <name>.text.__TI_scanfi</name>
         <load_address>0xc0</load_address>
         <readonly>true</readonly>
         <executable>true</executable>
         <run_address>0xc0</run_address>
         <size>0xbdc</size>
         <alignment>0x4</alignment>
         <input_file_ref idref="fl-3f"/>
      </object_component>
      <object_component id="oc-169">
         <name>.text:__TI_printfi</name>
         <load_address>0xc9c</load_address>
         <readonly>true</readonly>
         <executable>true</executable>
         <run_address>0xc9c</run_address>
         <size>0x9d0</size>
         <alignment>0x4</alignment>
         <input_file_ref idref="fl-3e"/>
      </object_component>
      <object_component id="oc-145">
         <name>.text.strtod</name>
         <load_address>0x166c</load_address>
         <readonly>true</readonly>
         <executable>true</executable>
         <run_address>0x166c</run_address>
         <size>0x3b8</size>
         <alignment>0x4</alignment>
         <input_file_ref idref="fl-4d"/>
      </object_component>
      <object_component id="oc-20c">
         <name>.text._pconv_a</name>
         <load_address>0x1a24</load_address>
         <readonly>true</readonly>
         <executable>true</executable>
         <run_address>0x1a24</run_address>
         <size>0x220</size>
         <alignment>0x4</alignment>
         <input_file_ref idref="fl-3e"/>
      </object_component>
      <object_component id="oc-af">
         <name>.text.main</name>
         <load_address>0x1c44</load_address>
         <readonly>true</readonly>
         <executable>true</executable>
         <run_address>0x1c44</run_address>
         <size>0x220</size>
         <alignment>0x4</alignment>
         <input_file_ref idref="fl-1"/>
      </object_component>
      <object_component id="oc-15c">
         <name>.text.strtoll</name>
         <load_address>0x1e64</load_address>
         <readonly>true</readonly>
         <executable>true</executable>
         <run_address>0x1e64</run_address>
         <size>0x1e0</size>
         <alignment>0x4</alignment>
         <input_file_ref idref="fl-4f"/>
      </object_component>
      <object_component id="oc-20d">
         <name>.text._pconv_g</name>
         <load_address>0x2044</load_address>
         <readonly>true</readonly>
         <executable>true</executable>
         <run_address>0x2044</run_address>
         <size>0x1dc</size>
         <alignment>0x4</alignment>
         <input_file_ref idref="fl-3e"/>
      </object_component>
      <object_component id="oc-188">
         <name>.text.SYSCFG_DL_GPIO_init</name>
         <load_address>0x2220</load_address>
         <readonly>true</readonly>
         <executable>true</executable>
         <run_address>0x2220</run_address>
         <size>0x198</size>
         <alignment>0x4</alignment>
         <input_file_ref idref="fl-2"/>
      </object_component>
      <object_component id="oc-1c8">
         <name>.text.adddf3_subdf3</name>
         <load_address>0x23b8</load_address>
         <readonly>true</readonly>
         <executable>true</executable>
         <run_address>0x23b8</run_address>
         <size>0x192</size>
         <alignment>0x4</alignment>
         <input_file_ref idref="fl-109"/>
      </object_component>
      <object_component id="oc-10b">
         <name>.text.OLED_PrintString</name>
         <load_address>0x254a</load_address>
         <readonly>true</readonly>
         <executable>true</executable>
         <run_address>0x254a</run_address>
         <size>0x17e</size>
         <alignment>0x2</alignment>
         <input_file_ref idref="fl-4"/>
      </object_component>
      <object_component id="oc-158">
         <name>.text.strtoull</name>
         <load_address>0x26c8</load_address>
         <readonly>true</readonly>
         <executable>true</executable>
         <run_address>0x26c8</run_address>
         <size>0x16c</size>
         <alignment>0x4</alignment>
         <input_file_ref idref="fl-51"/>
      </object_component>
      <object_component id="oc-154">
         <name>.text.strtol</name>
         <load_address>0x2834</load_address>
         <readonly>true</readonly>
         <executable>true</executable>
         <run_address>0x2834</run_address>
         <size>0x144</size>
         <alignment>0x4</alignment>
         <input_file_ref idref="fl-4e"/>
      </object_component>
      <object_component id="oc-2a7">
         <name>.text.fcvt</name>
         <load_address>0x2978</load_address>
         <readonly>true</readonly>
         <executable>true</executable>
         <run_address>0x2978</run_address>
         <size>0x13c</size>
         <alignment>0x4</alignment>
         <input_file_ref idref="fl-3e"/>
      </object_component>
      <object_component id="oc-39">
         <name>.text.UART0_IRQHandler</name>
         <load_address>0x2ab4</load_address>
         <readonly>true</readonly>
         <executable>true</executable>
         <run_address>0x2ab4</run_address>
         <size>0x138</size>
         <alignment>0x4</alignment>
         <input_file_ref idref="fl-6"/>
      </object_component>
      <object_component id="oc-150">
         <name>.text.strtoul</name>
         <load_address>0x2bec</load_address>
         <readonly>true</readonly>
         <executable>true</executable>
         <run_address>0x2bec</run_address>
         <size>0x12c</size>
         <alignment>0x4</alignment>
         <input_file_ref idref="fl-50"/>
      </object_component>
      <object_component id="oc-20f">
         <name>.text._pconv_e</name>
         <load_address>0x2d18</load_address>
         <readonly>true</readonly>
         <executable>true</executable>
         <run_address>0x2d18</run_address>
         <size>0x120</size>
         <alignment>0x4</alignment>
         <input_file_ref idref="fl-3e"/>
      </object_component>
      <object_component id="oc-1a4">
         <name>.text.OLED_SetBlock</name>
         <load_address>0x2e38</load_address>
         <readonly>true</readonly>
         <executable>true</executable>
         <run_address>0x2e38</run_address>
         <size>0x112</size>
         <alignment>0x2</alignment>
         <input_file_ref idref="fl-4"/>
      </object_component>
      <object_component id="oc-280">
         <name>.text.__aeabi_idiv0</name>
         <load_address>0x2f4a</load_address>
         <readonly>true</readonly>
         <executable>true</executable>
         <run_address>0x2f4a</run_address>
         <size>0x2</size>
         <alignment>0x2</alignment>
         <input_file_ref idref="fl-121"/>
      </object_component>
      <object_component id="oc-1d9">
         <name>.text.__divdf3</name>
         <load_address>0x2f4c</load_address>
         <readonly>true</readonly>
         <executable>true</executable>
         <run_address>0x2f4c</run_address>
         <size>0x10c</size>
         <alignment>0x4</alignment>
         <input_file_ref idref="fl-10d"/>
      </object_component>
      <object_component id="oc-231">
         <name>.text.DL_Timer_initFourCCPWMMode</name>
         <load_address>0x3058</load_address>
         <readonly>true</readonly>
         <executable>true</executable>
         <run_address>0x3058</run_address>
         <size>0x104</size>
         <alignment>0x4</alignment>
         <input_file_ref idref="fl-19"/>
      </object_component>
      <object_component id="oc-34">
         <name>.text.GROUP1_IRQHandler</name>
         <load_address>0x315c</load_address>
         <readonly>true</readonly>
         <executable>true</executable>
         <run_address>0x315c</run_address>
         <size>0x104</size>
         <alignment>0x4</alignment>
         <input_file_ref idref="fl-1"/>
      </object_component>
      <object_component id="oc-df">
         <name>.text.PosionPID_realize</name>
         <load_address>0x3260</load_address>
         <readonly>true</readonly>
         <executable>true</executable>
         <run_address>0x3260</run_address>
         <size>0xf4</size>
         <alignment>0x4</alignment>
         <input_file_ref idref="fl-7"/>
      </object_component>
      <object_component id="oc-239">
         <name>.text.DL_Timer_initTimerMode</name>
         <load_address>0x3354</load_address>
         <readonly>true</readonly>
         <executable>true</executable>
         <run_address>0x3354</run_address>
         <size>0xe8</size>
         <alignment>0x4</alignment>
         <input_file_ref idref="fl-19"/>
      </object_component>
      <object_component id="oc-1c4">
         <name>.text.__muldf3</name>
         <load_address>0x343c</load_address>
         <readonly>true</readonly>
         <executable>true</executable>
         <run_address>0x343c</run_address>
         <size>0xe4</size>
         <alignment>0x4</alignment>
         <input_file_ref idref="fl-10a"/>
      </object_component>
      <object_component id="oc-1d5">
         <name>.text.scalbn</name>
         <load_address>0x3520</load_address>
         <readonly>true</readonly>
         <executable>true</executable>
         <run_address>0x3520</run_address>
         <size>0xd8</size>
         <alignment>0x4</alignment>
         <input_file_ref idref="fl-41"/>
      </object_component>
      <object_component id="oc-92">
         <name>.text</name>
         <load_address>0x35f8</load_address>
         <readonly>true</readonly>
         <executable>true</executable>
         <run_address>0x35f8</run_address>
         <size>0xd8</size>
         <alignment>0x4</alignment>
         <input_file_ref idref="fl-108"/>
      </object_component>
      <object_component id="oc-2b2">
         <name>.text.OLED_SetByte_Fine</name>
         <load_address>0x36d0</load_address>
         <readonly>true</readonly>
         <executable>true</executable>
         <run_address>0x36d0</run_address>
         <size>0xcc</size>
         <alignment>0x4</alignment>
         <input_file_ref idref="fl-4"/>
      </object_component>
      <object_component id="oc-f9">
         <name>.text.OLED_Init</name>
         <load_address>0x379c</load_address>
         <readonly>true</readonly>
         <executable>true</executable>
         <run_address>0x379c</run_address>
         <size>0xc8</size>
         <alignment>0x4</alignment>
         <input_file_ref idref="fl-4"/>
      </object_component>
      <object_component id="oc-261">
         <name>.text.OLED_SetBits_Fine</name>
         <load_address>0x3864</load_address>
         <readonly>true</readonly>
         <executable>true</executable>
         <run_address>0x3864</run_address>
         <size>0xbc</size>
         <alignment>0x2</alignment>
         <input_file_ref idref="fl-4"/>
      </object_component>
      <object_component id="oc-3e">
         <name>.text.TIMG0_IRQHandler</name>
         <load_address>0x3920</load_address>
         <readonly>true</readonly>
         <executable>true</executable>
         <run_address>0x3920</run_address>
         <size>0xb4</size>
         <alignment>0x4</alignment>
         <input_file_ref idref="fl-1"/>
      </object_component>
      <object_component id="oc-91">
         <name>.text.PID_Trace_realize</name>
         <load_address>0x39d4</load_address>
         <readonly>true</readonly>
         <executable>true</executable>
         <run_address>0x39d4</run_address>
         <size>0xac</size>
         <alignment>0x4</alignment>
         <input_file_ref idref="fl-8"/>
      </object_component>
      <object_component id="oc-8c">
         <name>.text.Get_Trace</name>
         <load_address>0x3a80</load_address>
         <readonly>true</readonly>
         <executable>true</executable>
         <run_address>0x3a80</run_address>
         <size>0xa4</size>
         <alignment>0x4</alignment>
         <input_file_ref idref="fl-8"/>
      </object_component>
      <object_component id="oc-e0">
         <name>.text.Set_motor_pwmL</name>
         <load_address>0x3b24</load_address>
         <readonly>true</readonly>
         <executable>true</executable>
         <run_address>0x3b24</run_address>
         <size>0xa4</size>
         <alignment>0x4</alignment>
         <input_file_ref idref="fl-7"/>
      </object_component>
      <object_component id="oc-e3">
         <name>.text.Set_motor_pwmR</name>
         <load_address>0x3bc8</load_address>
         <readonly>true</readonly>
         <executable>true</executable>
         <run_address>0x3bc8</run_address>
         <size>0xa4</size>
         <alignment>0x4</alignment>
         <input_file_ref idref="fl-7"/>
      </object_component>
      <object_component id="oc-287">
         <name>.text</name>
         <load_address>0x3c6c</load_address>
         <readonly>true</readonly>
         <executable>true</executable>
         <run_address>0x3c6c</run_address>
         <size>0xa2</size>
         <alignment>0x4</alignment>
         <input_file_ref idref="fl-11d"/>
      </object_component>
      <object_component id="oc-2b8">
         <name>.text.__aeabi_ldiv0</name>
         <load_address>0x3d0e</load_address>
         <readonly>true</readonly>
         <executable>true</executable>
         <run_address>0x3d0e</run_address>
         <size>0x2</size>
         <alignment>0x2</alignment>
         <input_file_ref idref="fl-121"/>
      </object_component>
      <object_component id="oc-106">
         <name>.text.get_now_circle</name>
         <load_address>0x3d10</load_address>
         <readonly>true</readonly>
         <executable>true</executable>
         <run_address>0x3d10</run_address>
         <size>0x94</size>
         <alignment>0x4</alignment>
         <input_file_ref idref="fl-8"/>
      </object_component>
      <object_component id="oc-18a">
         <name>.text.SYSCFG_DL_PWM_MOTOR_init</name>
         <load_address>0x3da4</load_address>
         <readonly>true</readonly>
         <executable>true</executable>
         <run_address>0x3da4</run_address>
         <size>0x90</size>
         <alignment>0x4</alignment>
         <input_file_ref idref="fl-2"/>
      </object_component>
      <object_component id="oc-d6">
         <name>.text.__mulsf3</name>
         <load_address>0x3e34</load_address>
         <readonly>true</readonly>
         <executable>true</executable>
         <run_address>0x3e34</run_address>
         <size>0x8c</size>
         <alignment>0x4</alignment>
         <input_file_ref idref="fl-10c"/>
      </object_component>
      <object_component id="oc-22f">
         <name>.text.__NVIC_SetPriority</name>
         <load_address>0x3ec0</load_address>
         <readonly>true</readonly>
         <executable>true</executable>
         <run_address>0x3ec0</run_address>
         <size>0x84</size>
         <alignment>0x4</alignment>
         <input_file_ref idref="fl-2"/>
      </object_component>
      <object_component id="oc-260">
         <name>.text.OLED_SetBits</name>
         <load_address>0x3f44</load_address>
         <readonly>true</readonly>
         <executable>true</executable>
         <run_address>0x3f44</run_address>
         <size>0x80</size>
         <alignment>0x2</alignment>
         <input_file_ref idref="fl-4"/>
      </object_component>
      <object_component id="oc-187">
         <name>.text.SYSCFG_DL_initPower</name>
         <load_address>0x3fc4</load_address>
         <readonly>true</readonly>
         <executable>true</executable>
         <run_address>0x3fc4</run_address>
         <size>0x7c</size>
         <alignment>0x4</alignment>
         <input_file_ref idref="fl-2"/>
      </object_component>
      <object_component id="oc-1c">
         <name>.text:decompress:lzss</name>
         <load_address>0x4040</load_address>
         <readonly>true</readonly>
         <executable>true</executable>
         <run_address>0x4040</run_address>
         <size>0x7c</size>
         <alignment>0x4</alignment>
         <input_file_ref idref="fl-3d"/>
      </object_component>
      <object_component id="oc-25c">
         <name>.text.OLED_WriteByte</name>
         <load_address>0x40bc</load_address>
         <readonly>true</readonly>
         <executable>true</executable>
         <run_address>0x40bc</run_address>
         <size>0x74</size>
         <alignment>0x4</alignment>
         <input_file_ref idref="fl-4"/>
      </object_component>
      <object_component id="oc-276">
         <name>.text.__gedf2</name>
         <load_address>0x4130</load_address>
         <readonly>true</readonly>
         <executable>true</executable>
         <run_address>0x4130</run_address>
         <size>0x74</size>
         <alignment>0x4</alignment>
         <input_file_ref idref="fl-120"/>
      </object_component>
      <object_component id="oc-a6">
         <name>.text.__aeabi_memclr</name>
         <load_address>0x41a4</load_address>
         <readonly>true</readonly>
         <executable>true</executable>
         <run_address>0x41a4</run_address>
         <size>0xc</size>
         <alignment>0x4</alignment>
         <input_file_ref idref="fl-119"/>
      </object_component>
      <object_component id="oc-14b">
         <name>.text.__truncdfsf2</name>
         <load_address>0x41b0</load_address>
         <readonly>true</readonly>
         <executable>true</executable>
         <run_address>0x41b0</run_address>
         <size>0x74</size>
         <alignment>0x10</alignment>
         <input_file_ref idref="fl-114"/>
      </object_component>
      <object_component id="oc-c5">
         <name>.text._chkmbc</name>
         <load_address>0x4224</load_address>
         <readonly>true</readonly>
         <executable>true</executable>
         <run_address>0x4224</run_address>
         <size>0x74</size>
         <alignment>0x4</alignment>
         <input_file_ref idref="fl-32"/>
      </object_component>
      <object_component id="oc-19f">
         <name>.text._OLED_GetUTF8Len</name>
         <load_address>0x4298</load_address>
         <readonly>true</readonly>
         <executable>true</executable>
         <run_address>0x4298</run_address>
         <size>0x70</size>
         <alignment>0x2</alignment>
         <input_file_ref idref="fl-4"/>
      </object_component>
      <object_component id="oc-10c">
         <name>.text.OLED_ShowFrame</name>
         <load_address>0x4308</load_address>
         <readonly>true</readonly>
         <executable>true</executable>
         <run_address>0x4308</run_address>
         <size>0x68</size>
         <alignment>0x4</alignment>
         <input_file_ref idref="fl-4"/>
      </object_component>
      <object_component id="oc-270">
         <name>.text.__ledf2</name>
         <load_address>0x4370</load_address>
         <readonly>true</readonly>
         <executable>true</executable>
         <run_address>0x4370</run_address>
         <size>0x68</size>
         <alignment>0x4</alignment>
         <input_file_ref idref="fl-120"/>
      </object_component>
      <object_component id="oc-2a6">
         <name>.text._mcpy</name>
         <load_address>0x43d8</load_address>
         <readonly>true</readonly>
         <executable>true</executable>
         <run_address>0x43d8</run_address>
         <size>0x66</size>
         <alignment>0x2</alignment>
         <input_file_ref idref="fl-3e"/>
      </object_component>
      <object_component id="oc-107">
         <name>.text.CheckStartKey</name>
         <load_address>0x4440</load_address>
         <readonly>true</readonly>
         <executable>true</executable>
         <run_address>0x4440</run_address>
         <size>0x64</size>
         <alignment>0x4</alignment>
         <input_file_ref idref="fl-8"/>
      </object_component>
      <object_component id="oc-1cc">
         <name>.text.__aeabi_dcmp</name>
         <load_address>0x44a4</load_address>
         <readonly>true</readonly>
         <executable>true</executable>
         <run_address>0x44a4</run_address>
         <size>0x62</size>
         <alignment>0x4</alignment>
         <input_file_ref idref="fl-115"/>
      </object_component>
      <object_component id="oc-da">
         <name>.text.__aeabi_fcmp</name>
         <load_address>0x4508</load_address>
         <readonly>true</readonly>
         <executable>true</executable>
         <run_address>0x4508</run_address>
         <size>0x62</size>
         <alignment>0x4</alignment>
         <input_file_ref idref="fl-116"/>
      </object_component>
      <object_component id="oc-2b1">
         <name>.text.DL_I2C_fillControllerTXFIFO</name>
         <load_address>0x456a</load_address>
         <readonly>true</readonly>
         <executable>true</executable>
         <run_address>0x456a</run_address>
         <size>0x5e</size>
         <alignment>0x2</alignment>
         <input_file_ref idref="fl-18"/>
      </object_component>
      <object_component id="oc-19d">
         <name>.text.KeyDetect</name>
         <load_address>0x45c8</load_address>
         <readonly>true</readonly>
         <executable>true</executable>
         <run_address>0x45c8</run_address>
         <size>0x5c</size>
         <alignment>0x4</alignment>
         <input_file_ref idref="fl-8"/>
      </object_component>
      <object_component id="oc-292">
         <name>.text.frexp</name>
         <load_address>0x4624</load_address>
         <readonly>true</readonly>
         <executable>true</executable>
         <run_address>0x4624</run_address>
         <size>0x5c</size>
         <alignment>0x4</alignment>
         <input_file_ref idref="fl-40"/>
      </object_component>
      <object_component id="oc-18c">
         <name>.text.SYSCFG_DL_I2C_0_init</name>
         <load_address>0x4680</load_address>
         <readonly>true</readonly>
         <executable>true</executable>
         <run_address>0x4680</run_address>
         <size>0x58</size>
         <alignment>0x4</alignment>
         <input_file_ref idref="fl-2"/>
      </object_component>
      <object_component id="oc-29a">
         <name>.text.__TI_ltoa</name>
         <load_address>0x46d8</load_address>
         <readonly>true</readonly>
         <executable>true</executable>
         <run_address>0x46d8</run_address>
         <size>0x58</size>
         <alignment>0x2</alignment>
         <input_file_ref idref="fl-46"/>
      </object_component>
      <object_component id="oc-20e">
         <name>.text._pconv_f</name>
         <load_address>0x4730</load_address>
         <readonly>true</readonly>
         <executable>true</executable>
         <run_address>0x4730</run_address>
         <size>0x58</size>
         <alignment>0x2</alignment>
         <input_file_ref idref="fl-3e"/>
      </object_component>
      <object_component id="oc-2c2">
         <name>.text.__aeabi_idivmod</name>
         <load_address>0x4788</load_address>
         <readonly>true</readonly>
         <executable>true</executable>
         <run_address>0x4788</run_address>
         <size>0x56</size>
         <alignment>0x4</alignment>
         <input_file_ref idref="fl-117"/>
      </object_component>
      <object_component id="oc-2a4">
         <name>.text._ecpy</name>
         <load_address>0x47de</load_address>
         <readonly>true</readonly>
         <executable>true</executable>
         <run_address>0x47de</run_address>
         <size>0x52</size>
         <alignment>0x2</alignment>
         <input_file_ref idref="fl-3e"/>
      </object_component>
      <object_component id="oc-2b0">
         <name>.text.DL_I2C_startControllerTransfer</name>
         <load_address>0x4830</load_address>
         <readonly>true</readonly>
         <executable>true</executable>
         <run_address>0x4830</run_address>
         <size>0x50</size>
         <alignment>0x4</alignment>
         <input_file_ref idref="fl-4"/>
      </object_component>
      <object_component id="oc-1a5">
         <name>.text.OLED_PrintASCIIChar</name>
         <load_address>0x4880</load_address>
         <readonly>true</readonly>
         <executable>true</executable>
         <run_address>0x4880</run_address>
         <size>0x50</size>
         <alignment>0x2</alignment>
         <input_file_ref idref="fl-4"/>
      </object_component>
      <object_component id="oc-254">
         <name>.text.DL_UART_setBaudRateDivisor</name>
         <load_address>0x48d0</load_address>
         <readonly>true</readonly>
         <executable>true</executable>
         <run_address>0x48d0</run_address>
         <size>0x4c</size>
         <alignment>0x4</alignment>
         <input_file_ref idref="fl-2"/>
      </object_component>
      <object_component id="oc-296">
         <name>.text.__fixdfsi</name>
         <load_address>0x491c</load_address>
         <readonly>true</readonly>
         <executable>true</executable>
         <run_address>0x491c</run_address>
         <size>0x4a</size>
         <alignment>0x4</alignment>
         <input_file_ref idref="fl-10f"/>
      </object_component>
      <object_component id="oc-252">
         <name>.text.DL_UART_init</name>
         <load_address>0x4968</load_address>
         <readonly>true</readonly>
         <executable>true</executable>
         <run_address>0x4968</run_address>
         <size>0x48</size>
         <alignment>0x4</alignment>
         <input_file_ref idref="fl-1a"/>
      </object_component>
      <object_component id="oc-18d">
         <name>.text.SYSCFG_DL_UART_0_init</name>
         <load_address>0x49b0</load_address>
         <readonly>true</readonly>
         <executable>true</executable>
         <run_address>0x49b0</run_address>
         <size>0x48</size>
         <alignment>0x4</alignment>
         <input_file_ref idref="fl-2"/>
      </object_component>
      <object_component id="oc-108">
         <name>.text.motor_stop</name>
         <load_address>0x49f8</load_address>
         <readonly>true</readonly>
         <executable>true</executable>
         <run_address>0x49f8</run_address>
         <size>0x44</size>
         <alignment>0x4</alignment>
         <input_file_ref idref="fl-7"/>
      </object_component>
      <object_component id="oc-1e2">
         <name>.text.__aeabi_uidivmod</name>
         <load_address>0x4a3c</load_address>
         <readonly>true</readonly>
         <executable>true</executable>
         <run_address>0x4a3c</run_address>
         <size>0x40</size>
         <alignment>0x4</alignment>
         <input_file_ref idref="fl-11a"/>
      </object_component>
      <object_component id="oc-75">
         <name>.text.__extendsfdf2</name>
         <load_address>0x4a7c</load_address>
         <readonly>true</readonly>
         <executable>true</executable>
         <run_address>0x4a7c</run_address>
         <size>0x40</size>
         <alignment>0x4</alignment>
         <input_file_ref idref="fl-10e"/>
      </object_component>
      <object_component id="oc-13b">
         <name>.text.atoi</name>
         <load_address>0x4abc</load_address>
         <readonly>true</readonly>
         <executable>true</executable>
         <run_address>0x4abc</run_address>
         <size>0x40</size>
         <alignment>0x4</alignment>
         <input_file_ref idref="fl-49"/>
      </object_component>
      <object_component id="oc-222">
         <name>.text.DL_GPIO_initPeripheralInputFunctionFeatures</name>
         <load_address>0x4afc</load_address>
         <readonly>true</readonly>
         <executable>true</executable>
         <run_address>0x4afc</run_address>
         <size>0x3c</size>
         <alignment>0x4</alignment>
         <input_file_ref idref="fl-2"/>
      </object_component>
      <object_component id="oc-232">
         <name>.text.DL_Timer_setCounterControl</name>
         <load_address>0x4b38</load_address>
         <readonly>true</readonly>
         <executable>true</executable>
         <run_address>0x4b38</run_address>
         <size>0x3c</size>
         <alignment>0x4</alignment>
         <input_file_ref idref="fl-2"/>
      </object_component>
      <object_component id="oc-18b">
         <name>.text.SYSCFG_DL_TIMER_0_init</name>
         <load_address>0x4b74</load_address>
         <readonly>true</readonly>
         <executable>true</executable>
         <run_address>0x4b74</run_address>
         <size>0x3c</size>
         <alignment>0x4</alignment>
         <input_file_ref idref="fl-2"/>
      </object_component>
      <object_component id="oc-d0">
         <name>.text.__floatsisf</name>
         <load_address>0x4bb0</load_address>
         <readonly>true</readonly>
         <executable>true</executable>
         <run_address>0x4bb0</run_address>
         <size>0x3c</size>
         <alignment>0x4</alignment>
         <input_file_ref idref="fl-112"/>
      </object_component>
      <object_component id="oc-177">
         <name>.text.__gtsf2</name>
         <load_address>0x4bec</load_address>
         <readonly>true</readonly>
         <executable>true</executable>
         <run_address>0x4bec</run_address>
         <size>0x3c</size>
         <alignment>0x4</alignment>
         <input_file_ref idref="fl-11c"/>
      </object_component>
      <object_component id="oc-7f">
         <name>.text.uart0_send_string</name>
         <load_address>0x4c28</load_address>
         <readonly>true</readonly>
         <executable>true</executable>
         <run_address>0x4c28</run_address>
         <size>0x3c</size>
         <alignment>0x2</alignment>
         <input_file_ref idref="fl-6"/>
      </object_component>
      <object_component id="oc-127">
         <name>.text:__TI_auto_init_nobinit_nopinit</name>
         <load_address>0x4c64</load_address>
         <readonly>true</readonly>
         <executable>true</executable>
         <run_address>0x4c64</run_address>
         <size>0x3c</size>
         <alignment>0x4</alignment>
         <input_file_ref idref="fl-38"/>
      </object_component>
      <object_component id="oc-172">
         <name>.text.__eqsf2</name>
         <load_address>0x4ca0</load_address>
         <readonly>true</readonly>
         <executable>true</executable>
         <run_address>0x4ca0</run_address>
         <size>0x3a</size>
         <alignment>0x4</alignment>
         <input_file_ref idref="fl-11c"/>
      </object_component>
      <object_component id="oc-16d">
         <name>.text.__muldsi3</name>
         <load_address>0x4cdc</load_address>
         <readonly>true</readonly>
         <executable>true</executable>
         <run_address>0x4cdc</run_address>
         <size>0x3a</size>
         <alignment>0x4</alignment>
         <input_file_ref idref="fl-10b"/>
      </object_component>
      <object_component id="oc-212">
         <name>.text.__fixsfsi</name>
         <load_address>0x4d18</load_address>
         <readonly>true</readonly>
         <executable>true</executable>
         <run_address>0x4d18</run_address>
         <size>0x38</size>
         <alignment>0x4</alignment>
         <input_file_ref idref="fl-11f"/>
      </object_component>
      <object_component id="oc-79">
         <name>.text.sprintf</name>
         <load_address>0x4d50</load_address>
         <readonly>true</readonly>
         <executable>true</executable>
         <run_address>0x4d50</run_address>
         <size>0x38</size>
         <alignment>0x4</alignment>
         <input_file_ref idref="fl-31"/>
      </object_component>
      <object_component id="oc-1a6">
         <name>.text.OLED_Send</name>
         <load_address>0x4d88</load_address>
         <readonly>true</readonly>
         <executable>true</executable>
         <run_address>0x4d88</run_address>
         <size>0x36</size>
         <alignment>0x2</alignment>
         <input_file_ref idref="fl-4"/>
      </object_component>
      <object_component id="oc-226">
         <name>.text.DL_GPIO_initDigitalInputFeatures</name>
         <load_address>0x4dc0</load_address>
         <readonly>true</readonly>
         <executable>true</executable>
         <run_address>0x4dc0</run_address>
         <size>0x34</size>
         <alignment>0x4</alignment>
         <input_file_ref idref="fl-2"/>
      </object_component>
      <object_component id="oc-17b">
         <name>.text.__fixunssfsi</name>
         <load_address>0x4df4</load_address>
         <readonly>true</readonly>
         <executable>true</executable>
         <run_address>0x4df4</run_address>
         <size>0x32</size>
         <alignment>0x4</alignment>
         <input_file_ref idref="fl-110"/>
      </object_component>
      <object_component id="oc-6b">
         <name>.text.strstr</name>
         <load_address>0x4e26</load_address>
         <readonly>true</readonly>
         <executable>true</executable>
         <run_address>0x4e26</run_address>
         <size>0x32</size>
         <alignment>0x2</alignment>
         <input_file_ref idref="fl-35"/>
      </object_component>
      <object_component id="oc-96">
         <name>.text.Set_motor_speedL</name>
         <load_address>0x4e58</load_address>
         <readonly>true</readonly>
         <executable>true</executable>
         <run_address>0x4e58</run_address>
         <size>0x30</size>
         <alignment>0x4</alignment>
         <input_file_ref idref="fl-7"/>
      </object_component>
      <object_component id="oc-9b">
         <name>.text.Set_motor_speedR</name>
         <load_address>0x4e88</load_address>
         <readonly>true</readonly>
         <executable>true</executable>
         <run_address>0x4e88</run_address>
         <size>0x30</size>
         <alignment>0x4</alignment>
         <input_file_ref idref="fl-7"/>
      </object_component>
      <object_component id="oc-2a5">
         <name>.text._fcpy</name>
         <load_address>0x4eb8</load_address>
         <readonly>true</readonly>
         <executable>true</executable>
         <run_address>0x4eb8</run_address>
         <size>0x30</size>
         <alignment>0x2</alignment>
         <input_file_ref idref="fl-3e"/>
      </object_component>
      <object_component id="oc-6f">
         <name>.text.sscanf</name>
         <load_address>0x4ee8</load_address>
         <readonly>true</readonly>
         <executable>true</executable>
         <run_address>0x4ee8</run_address>
         <size>0x30</size>
         <alignment>0x4</alignment>
         <input_file_ref idref="fl-32"/>
      </object_component>
      <object_component id="oc-109">
         <name>.text.SetCircleByKey</name>
         <load_address>0x4f18</load_address>
         <readonly>true</readonly>
         <executable>true</executable>
         <run_address>0x4f18</run_address>
         <size>0x2c</size>
         <alignment>0x4</alignment>
         <input_file_ref idref="fl-8"/>
      </object_component>
      <object_component id="oc-102">
         <name>.text.__NVIC_ClearPendingIRQ</name>
         <load_address>0x4f44</load_address>
         <readonly>true</readonly>
         <executable>true</executable>
         <run_address>0x4f44</run_address>
         <size>0x2c</size>
         <alignment>0x4</alignment>
         <input_file_ref idref="fl-1"/>
      </object_component>
      <object_component id="oc-103">
         <name>.text.__NVIC_EnableIRQ</name>
         <load_address>0x4f70</load_address>
         <readonly>true</readonly>
         <executable>true</executable>
         <run_address>0x4f70</run_address>
         <size>0x2c</size>
         <alignment>0x4</alignment>
         <input_file_ref idref="fl-1"/>
      </object_component>
      <object_component id="oc-29e">
         <name>.text.__floatsidf</name>
         <load_address>0x4f9c</load_address>
         <readonly>true</readonly>
         <executable>true</executable>
         <run_address>0x4f9c</run_address>
         <size>0x2c</size>
         <alignment>0x4</alignment>
         <input_file_ref idref="fl-111"/>
      </object_component>
      <object_component id="oc-ce">
         <name>.text.uart0_send_char</name>
         <load_address>0x4fc8</load_address>
         <readonly>true</readonly>
         <executable>true</executable>
         <run_address>0x4fc8</run_address>
         <size>0x2c</size>
         <alignment>0x4</alignment>
         <input_file_ref idref="fl-6"/>
      </object_component>
      <object_component id="oc-104">
         <name>.text.PID_Trace_init</name>
         <load_address>0x4ff4</load_address>
         <readonly>true</readonly>
         <executable>true</executable>
         <run_address>0x4ff4</run_address>
         <size>0x2a</size>
         <alignment>0x2</alignment>
         <input_file_ref idref="fl-8"/>
      </object_component>
      <object_component id="oc-105">
         <name>.text.PID_param_init</name>
         <load_address>0x501e</load_address>
         <readonly>true</readonly>
         <executable>true</executable>
         <run_address>0x501e</run_address>
         <size>0x2a</size>
         <alignment>0x2</alignment>
         <input_file_ref idref="fl-7"/>
      </object_component>
      <object_component id="oc-2ca">
         <name>.text.DL_Common_updateReg</name>
         <load_address>0x5048</load_address>
         <readonly>true</readonly>
         <executable>true</executable>
         <run_address>0x5048</run_address>
         <size>0x28</size>
         <alignment>0x2</alignment>
         <input_file_ref idref="fl-4"/>
      </object_component>
      <object_component id="oc-2aa">
         <name>.text.DL_Common_updateReg</name>
         <load_address>0x5070</load_address>
         <readonly>true</readonly>
         <executable>true</executable>
         <run_address>0x5070</run_address>
         <size>0x28</size>
         <alignment>0x2</alignment>
         <input_file_ref idref="fl-2"/>
      </object_component>
      <object_component id="oc-248">
         <name>.text.DL_I2C_setControllerRXFIFOThreshold</name>
         <load_address>0x5098</load_address>
         <readonly>true</readonly>
         <executable>true</executable>
         <run_address>0x5098</run_address>
         <size>0x28</size>
         <alignment>0x4</alignment>
         <input_file_ref idref="fl-2"/>
      </object_component>
      <object_component id="oc-247">
         <name>.text.DL_I2C_setControllerTXFIFOThreshold</name>
         <load_address>0x50c0</load_address>
         <readonly>true</readonly>
         <executable>true</executable>
         <run_address>0x50c0</run_address>
         <size>0x28</size>
         <alignment>0x4</alignment>
         <input_file_ref idref="fl-2"/>
      </object_component>
      <object_component id="oc-5a">
         <name>.text:_c_int00_noargs</name>
         <load_address>0x50e8</load_address>
         <readonly>true</readonly>
         <executable>true</executable>
         <run_address>0x50e8</run_address>
         <size>0x28</size>
         <alignment>0x4</alignment>
         <input_file_ref idref="fl-36"/>
      </object_component>
      <object_component id="oc-243">
         <name>.text.DL_I2C_setAnalogGlitchFilterPulseWidth</name>
         <load_address>0x5110</load_address>
         <readonly>true</readonly>
         <executable>true</executable>
         <run_address>0x5110</run_address>
         <size>0x26</size>
         <alignment>0x2</alignment>
         <input_file_ref idref="fl-2"/>
      </object_component>
      <object_component id="oc-23d">
         <name>.text.DL_I2C_setClockConfig</name>
         <load_address>0x5136</load_address>
         <readonly>true</readonly>
         <executable>true</executable>
         <run_address>0x5136</run_address>
         <size>0x26</size>
         <alignment>0x2</alignment>
         <input_file_ref idref="fl-18"/>
      </object_component>
      <object_component id="oc-1ee">
         <name>.text.__muldi3</name>
         <load_address>0x515c</load_address>
         <readonly>true</readonly>
         <executable>true</executable>
         <run_address>0x515c</run_address>
         <size>0x24</size>
         <alignment>0x4</alignment>
         <input_file_ref idref="fl-113"/>
      </object_component>
      <object_component id="oc-fe">
         <name>.text.Delay_ms</name>
         <load_address>0x5180</load_address>
         <readonly>true</readonly>
         <executable>true</executable>
         <run_address>0x5180</run_address>
         <size>0x22</size>
         <alignment>0x2</alignment>
         <input_file_ref idref="fl-9"/>
      </object_component>
      <object_component id="oc-189">
         <name>.text.SYSCFG_DL_SYSCTL_init</name>
         <load_address>0x51a2</load_address>
         <readonly>true</readonly>
         <executable>true</executable>
         <run_address>0x51a2</run_address>
         <size>0x22</size>
         <alignment>0x2</alignment>
         <input_file_ref idref="fl-2"/>
      </object_component>
      <object_component id="oc-200">
         <name>.text.memccpy</name>
         <load_address>0x51c4</load_address>
         <readonly>true</readonly>
         <executable>true</executable>
         <run_address>0x51c4</run_address>
         <size>0x22</size>
         <alignment>0x2</alignment>
         <input_file_ref idref="fl-4b"/>
      </object_component>
      <object_component id="oc-224">
         <name>.text.DL_GPIO_initPeripheralInputFunction</name>
         <load_address>0x51e8</load_address>
         <readonly>true</readonly>
         <executable>true</executable>
         <run_address>0x51e8</run_address>
         <size>0x20</size>
         <alignment>0x4</alignment>
         <input_file_ref idref="fl-2"/>
      </object_component>
      <object_component id="oc-ee">
         <name>.text.SYSCFG_DL_init</name>
         <load_address>0x5208</load_address>
         <readonly>true</readonly>
         <executable>true</executable>
         <run_address>0x5208</run_address>
         <size>0x20</size>
         <alignment>0x2</alignment>
         <input_file_ref idref="fl-2"/>
      </object_component>
      <object_component id="oc-1a0">
         <name>.text.memcmp</name>
         <load_address>0x5228</load_address>
         <readonly>true</readonly>
         <executable>true</executable>
         <run_address>0x5228</run_address>
         <size>0x20</size>
         <alignment>0x2</alignment>
         <input_file_ref idref="fl-34"/>
      </object_component>
      <object_component id="oc-253">
         <name>.text.DL_UART_setOversampling</name>
         <load_address>0x5248</load_address>
         <readonly>true</readonly>
         <executable>true</executable>
         <run_address>0x5248</run_address>
         <size>0x1e</size>
         <alignment>0x2</alignment>
         <input_file_ref idref="fl-2"/>
      </object_component>
      <object_component id="oc-2b9">
         <name>.text.__ashldi3</name>
         <load_address>0x5268</load_address>
         <readonly>true</readonly>
         <executable>true</executable>
         <run_address>0x5268</run_address>
         <size>0x1e</size>
         <alignment>0x4</alignment>
         <input_file_ref idref="fl-11e"/>
      </object_component>
      <object_component id="oc-228">
         <name>.text.DL_GPIO_clearInterruptStatus</name>
         <load_address>0x5288</load_address>
         <readonly>true</readonly>
         <executable>true</executable>
         <run_address>0x5288</run_address>
         <size>0x1c</size>
         <alignment>0x4</alignment>
         <input_file_ref idref="fl-2"/>
      </object_component>
      <object_component id="oc-223">
         <name>.text.DL_GPIO_enableHiZ</name>
         <load_address>0x52a4</load_address>
         <readonly>true</readonly>
         <executable>true</executable>
         <run_address>0x52a4</run_address>
         <size>0x1c</size>
         <alignment>0x4</alignment>
         <input_file_ref idref="fl-2"/>
      </object_component>
      <object_component id="oc-229">
         <name>.text.DL_GPIO_enableInterrupt</name>
         <load_address>0x52c0</load_address>
         <readonly>true</readonly>
         <executable>true</executable>
         <run_address>0x52c0</run_address>
         <size>0x1c</size>
         <alignment>0x4</alignment>
         <input_file_ref idref="fl-2"/>
      </object_component>
      <object_component id="oc-220">
         <name>.text.DL_GPIO_initPeripheralOutputFunction</name>
         <load_address>0x52dc</load_address>
         <readonly>true</readonly>
         <executable>true</executable>
         <run_address>0x52dc</run_address>
         <size>0x1c</size>
         <alignment>0x4</alignment>
         <input_file_ref idref="fl-2"/>
      </object_component>
      <object_component id="oc-61">
         <name>.text.DL_Interrupt_getPendingGroup</name>
         <load_address>0x52f8</load_address>
         <readonly>true</readonly>
         <executable>true</executable>
         <run_address>0x52f8</run_address>
         <size>0x1c</size>
         <alignment>0x4</alignment>
         <input_file_ref idref="fl-1"/>
      </object_component>
      <object_component id="oc-22d">
         <name>.text.DL_SYSCTL_setSYSOSCFreq</name>
         <load_address>0x5314</load_address>
         <readonly>true</readonly>
         <executable>true</executable>
         <run_address>0x5314</run_address>
         <size>0x1c</size>
         <alignment>0x4</alignment>
         <input_file_ref idref="fl-2"/>
      </object_component>
      <object_component id="oc-23a">
         <name>.text.DL_Timer_enableInterrupt</name>
         <load_address>0x5330</load_address>
         <readonly>true</readonly>
         <executable>true</executable>
         <run_address>0x5330</run_address>
         <size>0x1c</size>
         <alignment>0x4</alignment>
         <input_file_ref idref="fl-2"/>
      </object_component>
      <object_component id="oc-234">
         <name>.text.DL_Timer_setCaptCompUpdateMethod</name>
         <load_address>0x534c</load_address>
         <readonly>true</readonly>
         <executable>true</executable>
         <run_address>0x534c</run_address>
         <size>0x1c</size>
         <alignment>0x4</alignment>
         <input_file_ref idref="fl-19"/>
      </object_component>
      <object_component id="oc-230">
         <name>.text.DL_Timer_setClockConfig</name>
         <load_address>0x5368</load_address>
         <readonly>true</readonly>
         <executable>true</executable>
         <run_address>0x5368</run_address>
         <size>0x1c</size>
         <alignment>0x4</alignment>
         <input_file_ref idref="fl-19"/>
      </object_component>
      <object_component id="oc-255">
         <name>.text.DL_UART_enableInterrupt</name>
         <load_address>0x5384</load_address>
         <readonly>true</readonly>
         <executable>true</executable>
         <run_address>0x5384</run_address>
         <size>0x1c</size>
         <alignment>0x4</alignment>
         <input_file_ref idref="fl-2"/>
      </object_component>
      <object_component id="oc-221">
         <name>.text.DL_GPIO_enableOutput</name>
         <load_address>0x53a0</load_address>
         <readonly>true</readonly>
         <executable>true</executable>
         <run_address>0x53a0</run_address>
         <size>0x18</size>
         <alignment>0x4</alignment>
         <input_file_ref idref="fl-2"/>
      </object_component>
      <object_component id="oc-21c">
         <name>.text.DL_GPIO_enablePower</name>
         <load_address>0x53b8</load_address>
         <readonly>true</readonly>
         <executable>true</executable>
         <run_address>0x53b8</run_address>
         <size>0x18</size>
         <alignment>0x4</alignment>
         <input_file_ref idref="fl-2"/>
      </object_component>
      <object_component id="oc-225">
         <name>.text.DL_GPIO_initDigitalOutput</name>
         <load_address>0x53d0</load_address>
         <readonly>true</readonly>
         <executable>true</executable>
         <run_address>0x53d0</run_address>
         <size>0x18</size>
         <alignment>0x4</alignment>
         <input_file_ref idref="fl-2"/>
      </object_component>
      <object_component id="oc-218">
         <name>.text.DL_GPIO_reset</name>
         <load_address>0x53e8</load_address>
         <readonly>true</readonly>
         <executable>true</executable>
         <run_address>0x53e8</run_address>
         <size>0x18</size>
         <alignment>0x4</alignment>
         <input_file_ref idref="fl-2"/>
      </object_component>
      <object_component id="oc-179">
         <name>.text.DL_GPIO_setPins</name>
         <load_address>0x5400</load_address>
         <readonly>true</readonly>
         <executable>true</executable>
         <run_address>0x5400</run_address>
         <size>0x18</size>
         <alignment>0x4</alignment>
         <input_file_ref idref="fl-7"/>
      </object_component>
      <object_component id="oc-22b">
         <name>.text.DL_GPIO_setPins</name>
         <load_address>0x5418</load_address>
         <readonly>true</readonly>
         <executable>true</executable>
         <run_address>0x5418</run_address>
         <size>0x18</size>
         <alignment>0x4</alignment>
         <input_file_ref idref="fl-2"/>
      </object_component>
      <object_component id="oc-227">
         <name>.text.DL_GPIO_setUpperPinsPolarity</name>
         <load_address>0x5430</load_address>
         <readonly>true</readonly>
         <executable>true</executable>
         <run_address>0x5430</run_address>
         <size>0x18</size>
         <alignment>0x2</alignment>
         <input_file_ref idref="fl-2"/>
      </object_component>
      <object_component id="oc-9c">
         <name>.text.DL_GPIO_togglePins</name>
         <load_address>0x5448</load_address>
         <readonly>true</readonly>
         <executable>true</executable>
         <run_address>0x5448</run_address>
         <size>0x18</size>
         <alignment>0x4</alignment>
         <input_file_ref idref="fl-1"/>
      </object_component>
      <object_component id="oc-244">
         <name>.text.DL_I2C_enableAnalogGlitchFilter</name>
         <load_address>0x5460</load_address>
         <readonly>true</readonly>
         <executable>true</executable>
         <run_address>0x5460</run_address>
         <size>0x18</size>
         <alignment>0x2</alignment>
         <input_file_ref idref="fl-2"/>
      </object_component>
      <object_component id="oc-24a">
         <name>.text.DL_I2C_enableController</name>
         <load_address>0x5478</load_address>
         <readonly>true</readonly>
         <executable>true</executable>
         <run_address>0x5478</run_address>
         <size>0x18</size>
         <alignment>0x4</alignment>
         <input_file_ref idref="fl-2"/>
      </object_component>
      <object_component id="oc-249">
         <name>.text.DL_I2C_enableControllerClockStretching</name>
         <load_address>0x5490</load_address>
         <readonly>true</readonly>
         <executable>true</executable>
         <run_address>0x5490</run_address>
         <size>0x18</size>
         <alignment>0x4</alignment>
         <input_file_ref idref="fl-2"/>
      </object_component>
      <object_component id="oc-21e">
         <name>.text.DL_I2C_enablePower</name>
         <load_address>0x54a8</load_address>
         <readonly>true</readonly>
         <executable>true</executable>
         <run_address>0x54a8</run_address>
         <size>0x18</size>
         <alignment>0x4</alignment>
         <input_file_ref idref="fl-2"/>
      </object_component>
      <object_component id="oc-21a">
         <name>.text.DL_I2C_reset</name>
         <load_address>0x54c0</load_address>
         <readonly>true</readonly>
         <executable>true</executable>
         <run_address>0x54c0</run_address>
         <size>0x18</size>
         <alignment>0x4</alignment>
         <input_file_ref idref="fl-2"/>
      </object_component>
      <object_component id="oc-246">
         <name>.text.DL_I2C_setTimerPeriod</name>
         <load_address>0x54d8</load_address>
         <readonly>true</readonly>
         <executable>true</executable>
         <run_address>0x54d8</run_address>
         <size>0x18</size>
         <alignment>0x4</alignment>
         <input_file_ref idref="fl-2"/>
      </object_component>
      <object_component id="oc-22c">
         <name>.text.DL_SYSCTL_setBORThreshold</name>
         <load_address>0x54f0</load_address>
         <readonly>true</readonly>
         <executable>true</executable>
         <run_address>0x54f0</run_address>
         <size>0x18</size>
         <alignment>0x4</alignment>
         <input_file_ref idref="fl-2"/>
      </object_component>
      <object_component id="oc-21d">
         <name>.text.DL_Timer_enablePower</name>
         <load_address>0x5508</load_address>
         <readonly>true</readonly>
         <executable>true</executable>
         <run_address>0x5508</run_address>
         <size>0x18</size>
         <alignment>0x4</alignment>
         <input_file_ref idref="fl-2"/>
      </object_component>
      <object_component id="oc-219">
         <name>.text.DL_Timer_reset</name>
         <load_address>0x5520</load_address>
         <readonly>true</readonly>
         <executable>true</executable>
         <run_address>0x5520</run_address>
         <size>0x18</size>
         <alignment>0x4</alignment>
[...]
         <value>0x0</value>
      </symbol>
      <symbol id="sm-23c">
         <name>__TI_ATRegion2_trg_addr</name>
         <value>0x0</value>
      </symbol>
      <symbol id="sm-23d">
         <name>__TI_ATRegion2_region_sz</name>
         <value>0x0</value>
      </symbol>
      <symbol id="sm-246">
         <name>DL_Common_delayCycles</name>
         <value>0x57f3</value>
         <object_component_ref idref="oc-192"/>
      </symbol>
      <symbol id="sm-252">
         <name>DL_I2C_setClockConfig</name>
         <value>0x5137</value>
         <object_component_ref idref="oc-23d"/>
      </symbol>
      <symbol id="sm-253">
         <name>DL_I2C_fillControllerTXFIFO</name>
         <value>0x456b</value>
         <object_component_ref idref="oc-2b1"/>
      </symbol>
      <symbol id="sm-26f">
         <name>DL_Timer_setClockConfig</name>
         <value>0x5369</value>
         <object_component_ref idref="oc-230"/>
      </symbol>
      <symbol id="sm-270">
         <name>DL_Timer_initTimerMode</name>
         <value>0x3355</value>
         <object_component_ref idref="oc-239"/>
      </symbol>
      <symbol id="sm-271">
         <name>DL_Timer_setCaptureCompareValue</name>
         <value>0x576d</value>
         <object_component_ref idref="oc-f3"/>
      </symbol>
      <symbol id="sm-272">
         <name>DL_Timer_setCaptCompUpdateMethod</name>
         <value>0x534d</value>
         <object_component_ref idref="oc-234"/>
      </symbol>
      <symbol id="sm-273">
         <name>DL_Timer_setCaptureCompareOutCtl</name>
         <value>0x5539</value>
         <object_component_ref idref="oc-233"/>
      </symbol>
      <symbol id="sm-274">
         <name>DL_Timer_initFourCCPWMMode</name>
         <value>0x3059</value>
         <object_component_ref idref="oc-231"/>
      </symbol>
      <symbol id="sm-281">
         <name>DL_UART_init</name>
         <value>0x4969</value>
         <object_component_ref idref="oc-252"/>
      </symbol>
      <symbol id="sm-282">
         <name>DL_UART_setClockConfig</name>
         <value>0x5735</value>
         <object_component_ref idref="oc-24c"/>
      </symbol>
      <symbol id="sm-293">
         <name>sprintf</name>
         <value>0x4d51</value>
         <object_component_ref idref="oc-79"/>
      </symbol>
      <symbol id="sm-2a8">
         <name>sscanf</name>
         <value>0x4ee9</value>
         <object_component_ref idref="oc-6f"/>
      </symbol>
      <symbol id="sm-2a9">
         <name>__aeabi_ctype_table_</name>
         <value>0x5fd0</value>
         <object_component_ref idref="oc-13f"/>
      </symbol>
      <symbol id="sm-2aa">
         <name>__aeabi_ctype_table_C</name>
         <value>0x5fd0</value>
         <object_component_ref idref="oc-13f"/>
      </symbol>
      <symbol id="sm-2b3">
         <name>memcmp</name>
         <value>0x5229</value>
         <object_component_ref idref="oc-1a0"/>
      </symbol>
      <symbol id="sm-2bc">
         <name>strstr</name>
         <value>0x4e27</value>
         <object_component_ref idref="oc-6b"/>
      </symbol>
      <symbol id="sm-2c7">
         <name>_c_int00_noargs</name>
         <value>0x50e9</value>
         <object_component_ref idref="oc-5a"/>
      </symbol>
      <symbol id="sm-2c8">
         <name>__stack</name>
         <value>0x20207e00</value>
         <object_component_ref idref="oc-1a"/>
      </symbol>
      <symbol id="sm-2d4">
         <name>__TI_auto_init_nobinit_nopinit</name>
         <value>0x4c65</value>
         <object_component_ref idref="oc-127"/>
      </symbol>
      <symbol id="sm-2dc">
         <name>_system_pre_init</name>
         <value>0x5885</value>
         <object_component_ref idref="oc-ab"/>
      </symbol>
      <symbol id="sm-2e7">
         <name>__TI_zero_init</name>
         <value>0x578d</value>
         <object_component_ref idref="oc-57"/>
      </symbol>
      <symbol id="sm-2f0">
         <name>__TI_decompress_none</name>
         <value>0x5759</value>
         <object_component_ref idref="oc-20"/>
      </symbol>
      <symbol id="sm-2fb">
         <name>__TI_decompress_lzss</name>
         <value>0x4041</value>
         <object_component_ref idref="oc-1c"/>
      </symbol>
      <symbol id="sm-344">
         <name>__TI_printfi</name>
         <value>0xc9d</value>
         <object_component_ref idref="oc-169"/>
      </symbol>
      <symbol id="sm-36b">
         <name>__TI_scanfi</name>
         <value>0xc1</value>
         <object_component_ref idref="oc-bd"/>
      </symbol>
      <symbol id="sm-375">
         <name>frexp</name>
         <value>0x4625</value>
         <object_component_ref idref="oc-292"/>
      </symbol>
      <symbol id="sm-376">
         <name>frexpl</name>
         <value>0x4625</value>
         <object_component_ref idref="oc-292"/>
      </symbol>
      <symbol id="sm-380">
         <name>scalbn</name>
         <value>0x3521</value>
         <object_component_ref idref="oc-1d5"/>
      </symbol>
      <symbol id="sm-381">
         <name>ldexp</name>
         <value>0x3521</value>
         <object_component_ref idref="oc-1d5"/>
      </symbol>
      <symbol id="sm-382">
         <name>scalbnl</name>
         <value>0x3521</value>
         <object_component_ref idref="oc-1d5"/>
      </symbol>
      <symbol id="sm-383">
         <name>ldexpl</name>
         <value>0x3521</value>
         <object_component_ref idref="oc-1d5"/>
      </symbol>
      <symbol id="sm-38c">
         <name>wcslen</name>
         <value>0x577d</value>
         <object_component_ref idref="oc-207"/>
      </symbol>
      <symbol id="sm-397">
         <name>__aeabi_errno_addr</name>
         <value>0x5855</value>
         <object_component_ref idref="oc-1d0"/>
      </symbol>
      <symbol id="sm-398">
         <name>__aeabi_errno</name>
         <value>0x20200654</value>
         <object_component_ref idref="oc-278"/>
      </symbol>
      <symbol id="sm-3a2">
         <name>abort</name>
         <value>0x5873</value>
         <object_component_ref idref="oc-120"/>
      </symbol>
      <symbol id="sm-3ac">
         <name>__TI_ltoa</name>
         <value>0x46d9</value>
         <object_component_ref idref="oc-29a"/>
      </symbol>
      <symbol id="sm-3b8">
         <name>atoi</name>
         <value>0x4abd</value>
         <object_component_ref idref="oc-13b"/>
      </symbol>
      <symbol id="sm-3c2">
         <name>memccpy</name>
         <value>0x51c5</value>
         <object_component_ref idref="oc-200"/>
      </symbol>
      <symbol id="sm-3d8">
         <name>strtod</name>
         <value>0x166d</value>
         <object_component_ref idref="oc-145"/>
      </symbol>
      <symbol id="sm-3d9">
         <name>strtold</name>
         <value>0x166d</value>
         <object_component_ref idref="oc-145"/>
      </symbol>
      <symbol id="sm-3e4">
         <name>strtol</name>
         <value>0x2835</value>
         <object_component_ref idref="oc-154"/>
      </symbol>
      <symbol id="sm-3ef">
         <name>strtoll</name>
         <value>0x1e65</value>
         <object_component_ref idref="oc-15c"/>
      </symbol>
      <symbol id="sm-3fa">
         <name>strtoul</name>
         <value>0x2bed</value>
         <object_component_ref idref="oc-150"/>
      </symbol>
      <symbol id="sm-405">
         <name>strtoull</name>
         <value>0x26c9</value>
         <object_component_ref idref="oc-158"/>
      </symbol>
      <symbol id="sm-414">
         <name>HOSTexit</name>
         <value>0x587d</value>
         <object_component_ref idref="oc-1ad"/>
      </symbol>
      <symbol id="sm-415">
         <name>C$$EXIT</name>
         <value>0x587c</value>
         <object_component_ref idref="oc-1ad"/>
      </symbol>
      <symbol id="sm-42a">
         <name>__aeabi_fadd</name>
         <value>0x3603</value>
         <object_component_ref idref="oc-92"/>
      </symbol>
      <symbol id="sm-42b">
         <name>__addsf3</name>
         <value>0x3603</value>
         <object_component_ref idref="oc-92"/>
      </symbol>
      <symbol id="sm-42c">
         <name>__aeabi_fsub</name>
         <value>0x35f9</value>
         <object_component_ref idref="oc-92"/>
      </symbol>
      <symbol id="sm-42d">
         <name>__subsf3</name>
         <value>0x35f9</value>
         <object_component_ref idref="oc-92"/>
      </symbol>
      <symbol id="sm-433">
         <name>__aeabi_dadd</name>
         <value>0x23c3</value>
         <object_component_ref idref="oc-1c8"/>
      </symbol>
      <symbol id="sm-434">
         <name>__adddf3</name>
         <value>0x23c3</value>
         <object_component_ref idref="oc-1c8"/>
      </symbol>
      <symbol id="sm-435">
         <name>__aeabi_dsub</name>
         <value>0x23b9</value>
         <object_component_ref idref="oc-1c8"/>
      </symbol>
      <symbol id="sm-436">
         <name>__subdf3</name>
         <value>0x23b9</value>
         <object_component_ref idref="oc-1c8"/>
      </symbol>
      <symbol id="sm-43f">
         <name>__aeabi_dmul</name>
         <value>0x343d</value>
         <object_component_ref idref="oc-1c4"/>
      </symbol>
      <symbol id="sm-440">
         <name>__muldf3</name>
         <value>0x343d</value>
         <object_component_ref idref="oc-1c4"/>
      </symbol>
      <symbol id="sm-446">
         <name>__muldsi3</name>
         <value>0x4cdd</value>
         <object_component_ref idref="oc-16d"/>
      </symbol>
      <symbol id="sm-44c">
         <name>__aeabi_fmul</name>
         <value>0x3e35</value>
         <object_component_ref idref="oc-d6"/>
      </symbol>
      <symbol id="sm-44d">
         <name>__mulsf3</name>
         <value>0x3e35</value>
         <object_component_ref idref="oc-d6"/>
      </symbol>
      <symbol id="sm-453">
         <name>__aeabi_ddiv</name>
         <value>0x2f4d</value>
         <object_component_ref idref="oc-1d9"/>
      </symbol>
      <symbol id="sm-454">
         <name>__divdf3</name>
         <value>0x2f4d</value>
         <object_component_ref idref="oc-1d9"/>
      </symbol>
      <symbol id="sm-45a">
         <name>__aeabi_f2d</name>
         <value>0x4a7d</value>
         <object_component_ref idref="oc-75"/>
      </symbol>
      <symbol id="sm-45b">
         <name>__extendsfdf2</name>
         <value>0x4a7d</value>
         <object_component_ref idref="oc-75"/>
      </symbol>
      <symbol id="sm-461">
         <name>__aeabi_d2iz</name>
         <value>0x491d</value>
         <object_component_ref idref="oc-296"/>
      </symbol>
      <symbol id="sm-462">
         <name>__fixdfsi</name>
         <value>0x491d</value>
         <object_component_ref idref="oc-296"/>
      </symbol>
      <symbol id="sm-468">
         <name>__aeabi_f2uiz</name>
         <value>0x4df5</value>
         <object_component_ref idref="oc-17b"/>
      </symbol>
      <symbol id="sm-469">
         <name>__fixunssfsi</name>
         <value>0x4df5</value>
         <object_component_ref idref="oc-17b"/>
      </symbol>
      <symbol id="sm-46f">
         <name>__aeabi_i2d</name>
         <value>0x4f9d</value>
         <object_component_ref idref="oc-29e"/>
      </symbol>
      <symbol id="sm-470">
         <name>__floatsidf</name>
         <value>0x4f9d</value>
         <object_component_ref idref="oc-29e"/>
      </symbol>
      <symbol id="sm-476">
         <name>__aeabi_i2f</name>
         <value>0x4bb1</value>
         <object_component_ref idref="oc-d0"/>
      </symbol>
      <symbol id="sm-477">
         <name>__floatsisf</name>
         <value>0x4bb1</value>
         <object_component_ref idref="oc-d0"/>
      </symbol>
      <symbol id="sm-47d">
         <name>__aeabi_lmul</name>
         <value>0x515d</value>
         <object_component_ref idref="oc-1ee"/>
      </symbol>
      <symbol id="sm-47e">
         <name>__muldi3</name>
         <value>0x515d</value>
         <object_component_ref idref="oc-1ee"/>
      </symbol>
      <symbol id="sm-485">
         <name>__aeabi_d2f</name>
         <value>0x41b1</value>
         <object_component_ref idref="oc-14b"/>
      </symbol>
      <symbol id="sm-486">
         <name>__truncdfsf2</name>
         <value>0x41b1</value>
         <object_component_ref idref="oc-14b"/>
      </symbol>
      <symbol id="sm-48c">
         <name>__aeabi_dcmpeq</name>
         <value>0x44a5</value>
         <object_component_ref idref="oc-1cc"/>
      </symbol>
      <symbol id="sm-48d">
         <name>__aeabi_dcmplt</name>
         <value>0x44b9</value>
         <object_component_ref idref="oc-1cc"/>
      </symbol>
      <symbol id="sm-48e">
         <name>__aeabi_dcmple</name>
         <value>0x44cd</value>
         <object_component_ref idref="oc-1cc"/>
      </symbol>
      <symbol id="sm-48f">
         <name>__aeabi_dcmpge</name>
         <value>0x44e1</value>
         <object_component_ref idref="oc-1cc"/>
      </symbol>
      <symbol id="sm-490">
         <name>__aeabi_dcmpgt</name>
         <value>0x44f5</value>
         <object_component_ref idref="oc-1cc"/>
      </symbol>
      <symbol id="sm-499">
         <name>__aeabi_fcmpeq</name>
         <value>0x4509</value>
         <object_component_ref idref="oc-da"/>
      </symbol>
      <symbol id="sm-49a">
         <name>__aeabi_fcmplt</name>
         <value>0x451d</value>
         <object_component_ref idref="oc-da"/>
      </symbol>
      <symbol id="sm-49b">
         <name>__aeabi_fcmple</name>
         <value>0x4531</value>
         <object_component_ref idref="oc-da"/>
      </symbol>
      <symbol id="sm-49c">
         <name>__aeabi_fcmpge</name>
         <value>0x4545</value>
         <object_component_ref idref="oc-da"/>
      </symbol>
      <symbol id="sm-49d">
         <name>__aeabi_fcmpgt</name>
         <value>0x4559</value>
         <object_component_ref idref="oc-da"/>
      </symbol>
      <symbol id="sm-4a3">
         <name>__aeabi_idiv</name>
         <value>0x4789</value>
         <object_component_ref idref="oc-2c2"/>
      </symbol>
      <symbol id="sm-4a4">
         <name>__aeabi_idivmod</name>
         <value>0x4789</value>
         <object_component_ref idref="oc-2c2"/>
      </symbol>
      <symbol id="sm-4aa">
         <name>__aeabi_memcpy</name>
         <value>0x585d</value>
         <object_component_ref idref="oc-4a"/>
      </symbol>
      <symbol id="sm-4ab">
         <name>__aeabi_memcpy4</name>
         <value>0x585d</value>
         <object_component_ref idref="oc-4a"/>
      </symbol>
      <symbol id="sm-4ac">
         <name>__aeabi_memcpy8</name>
         <value>0x585d</value>
         <object_component_ref idref="oc-4a"/>
      </symbol>
      <symbol id="sm-4b5">
         <name>__aeabi_memset</name>
         <value>0x57c9</value>
         <object_component_ref idref="oc-1ff"/>
      </symbol>
      <symbol id="sm-4b6">
         <name>__aeabi_memset4</name>
         <value>0x57c9</value>
         <object_component_ref idref="oc-1ff"/>
      </symbol>
      <symbol id="sm-4b7">
         <name>__aeabi_memset8</name>
         <value>0x57c9</value>
         <object_component_ref idref="oc-1ff"/>
      </symbol>
      <symbol id="sm-4b8">
         <name>__aeabi_memclr</name>
         <value>0x41a5</value>
         <object_component_ref idref="oc-a6"/>
      </symbol>
      <symbol id="sm-4b9">
         <name>__aeabi_memclr4</name>
         <value>0x41a5</value>
         <object_component_ref idref="oc-a6"/>
      </symbol>
      <symbol id="sm-4ba">
         <name>__aeabi_memclr8</name>
         <value>0x41a5</value>
         <object_component_ref idref="oc-a6"/>
      </symbol>
      <symbol id="sm-4c0">
         <name>__aeabi_uidiv</name>
         <value>0x4a3d</value>
         <object_component_ref idref="oc-1e2"/>
      </symbol>
      <symbol id="sm-4c1">
         <name>__aeabi_uidivmod</name>
         <value>0x4a3d</value>
         <object_component_ref idref="oc-1e2"/>
      </symbol>
      <symbol id="sm-4c7">
         <name>__aeabi_uldivmod</name>
         <value>0x56d5</value>
         <object_component_ref idref="oc-1f2"/>
      </symbol>
      <symbol id="sm-4d0">
         <name>__eqsf2</name>
         <value>0x4ca1</value>
         <object_component_ref idref="oc-172"/>
      </symbol>
      <symbol id="sm-4d1">
         <name>__lesf2</name>
         <value>0x4ca1</value>
         <object_component_ref idref="oc-172"/>
      </symbol>
      <symbol id="sm-4d2">
         <name>__ltsf2</name>
         <value>0x4ca1</value>
         <object_component_ref idref="oc-172"/>
      </symbol>
      <symbol id="sm-4d3">
         <name>__nesf2</name>
         <value>0x4ca1</value>
         <object_component_ref idref="oc-172"/>
      </symbol>
      <symbol id="sm-4d4">
         <name>__cmpsf2</name>
         <value>0x4ca1</value>
         <object_component_ref idref="oc-172"/>
      </symbol>
      <symbol id="sm-4d5">
         <name>__gtsf2</name>
         <value>0x4bed</value>
         <object_component_ref idref="oc-177"/>
      </symbol>
      <symbol id="sm-4d6">
         <name>__gesf2</name>
         <value>0x4bed</value>
         <object_component_ref idref="oc-177"/>
      </symbol>
      <symbol id="sm-4dc">
         <name>__udivmoddi4</name>
         <value>0x3c6d</value>
         <object_component_ref idref="oc-287"/>
      </symbol>
      <symbol id="sm-4e2">
         <name>__aeabi_llsl</name>
         <value>0x5269</value>
         <object_component_ref idref="oc-2b9"/>
      </symbol>
      <symbol id="sm-4e3">
         <name>__ashldi3</name>
         <value>0x5269</value>
         <object_component_ref idref="oc-2b9"/>
      </symbol>
      <symbol id="sm-4e9">
         <name>__aeabi_f2iz</name>
         <value>0x4d19</value>
         <object_component_ref idref="oc-212"/>
      </symbol>
      <symbol id="sm-4ea">
         <name>__fixsfsi</name>
         <value>0x4d19</value>
         <object_component_ref idref="oc-212"/>
      </symbol>
      <symbol id="sm-4f8">
         <name>__ledf2</name>
         <value>0x4371</value>
         <object_component_ref idref="oc-270"/>
      </symbol>
      <symbol id="sm-4f9">
         <name>__gedf2</name>
         <value>0x4131</value>
         <object_component_ref idref="oc-276"/>
      </symbol>
      <symbol id="sm-4fa">
         <name>__cmpdf2</name>
         <value>0x4371</value>
         <object_component_ref idref="oc-270"/>
      </symbol>
      <symbol id="sm-4fb">
         <name>__eqdf2</name>
         <value>0x4371</value>
         <object_component_ref idref="oc-270"/>
      </symbol>
      <symbol id="sm-4fc">
         <name>__ltdf2</name>
         <value>0x4371</value>
         <object_component_ref idref="oc-270"/>
      </symbol>
      <symbol id="sm-4fd">
         <name>__nedf2</name>
         <value>0x4371</value>
         <object_component_ref idref="oc-270"/>
      </symbol>
      <symbol id="sm-4fe">
         <name>__gtdf2</name>
         <value>0x4131</value>
         <object_component_ref idref="oc-276"/>
      </symbol>
      <symbol id="sm-50a">
         <name>__aeabi_idiv0</name>
         <value>0x2f4b</value>
         <object_component_ref idref="oc-280"/>
      </symbol>
      <symbol id="sm-50b">
         <name>__aeabi_ldiv0</name>
         <value>0x3d0f</value>
         <object_component_ref idref="oc-2b8"/>
      </symbol>
      <symbol id="sm-515">
         <name>TI_memcpy_small</name>
         <value>0x5747</value>
         <object_component_ref idref="oc-e4"/>
      </symbol>
      <symbol id="sm-51e">
         <name>TI_memset_small</name>
         <value>0x57e5</value>
         <object_component_ref idref="oc-181"/>
      </symbol>
      <symbol id="sm-51f">
         <name>__TI_static_base__</name>
         <value>0x0</value>
      </symbol>
      <symbol id="sm-523">
         <name>__mpu_init</name>
         <value>0x0</value>
      </symbol>
      <symbol id="sm-524">
         <name>_system_post_cinit</name>
         <value>0x0</value>
      </symbol>
   </symbol_table>
   <title>Link successful</title>
</link_info>
