******************************************************************************
            TI ARM Clang Linker PC v4.0.3                      
******************************************************************************
>> Linked Fri Jul 25 16:31:49 2025

OUTPUT FILE NAME:   <empty_LP_MSPM0G3507_nortos_ticlang.out>
ENTRY POINT SYMBOL: "_c_int00_noargs"  address: 000014f1


MEMORY CONFIGURATION

         name            origin    length      used     unused   attr    fill
----------------------  --------  ---------  --------  --------  ----  --------
  FLASH                 00000000   00020000  000015f0  0001ea10  R  X
  SRAM                  20200000   00008000  00000681  0000797f  RW X
  BCR_CONFIG            41c00000   000000ff  00000000  000000ff  R   
  BSL_CONFIG            41c00100   00000080  00000000  00000080  R   


SEGMENT ALLOCATION MAP

run origin  load origin   length   init length attrs members
----------  ----------- ---------- ----------- ----- -------
00000000    00000000    000015f0   000015f0    r-x
  00000000    00000000    000000c0   000000c0    r-- .intvecs
  000000c0    000000c0    00001510   00001510    r-x .text
  000015d0    000015d0    00000008   00000008    r-- .rodata
  000015d8    000015d8    00000018   00000018    r-- .cinit
20200000    20200000    00000481   00000000    rw-
  20200000    20200000    00000481   00000000    rw- .bss
20207e00    20207e00    00000200   00000000    rw-
  20207e00    20207e00    00000200   00000000    rw- .stack


SECTION ALLOCATION MAP

 output                                  attributes/
section   page    origin      length       input sections
--------  ----  ----------  ----------   ----------------
.intvecs   0    00000000    000000c0     
                  00000000    000000c0     startup_mspm0g350x_ticlang.o (.intvecs)

.text      0    000000c0    00001510     
                  000000c0    00000ae8     OLED.o (.text.OLED_Init)
                  00000ba8    00000404     OLED.o (.text.OLED_DrawCircle)
                  00000fac    0000028c     OLED.o (.text.OLED_ShowFrame)
                  00001238    0000009a     libc.a : memcpy16.S.obj (.text:memcpy)
                  000012d2    00000062            : memset16.S.obj (.text:memset)
                  00001334    0000005e     driverlib.a : dl_i2c.o (.text.DL_I2C_fillControllerTXFIFO)
                  00001392    00000002     startup_mspm0g350x_ticlang.o (.text.Default_Handler)
                  00001394    00000058     empty.o (.text.main)
                  000013ec    00000054     ti_msp_dl_config.o (.text.SYSCFG_DL_I2C_OLED_init)
                  00001440    00000040     ti_msp_dl_config.o (.text.SYSCFG_DL_SYSCTL_init)
                  00001480    0000003c     libc.a : autoinit.c.obj (.text:__TI_auto_init_nobinit_nopinit)
                  000014bc    00000034     ti_msp_dl_config.o (.text.SYSCFG_DL_initPower)
                  000014f0    00000028     libc.a : boot_cortex_m.c.obj (.text:_c_int00_noargs)
                  00001518    00000026     driverlib.a : dl_i2c.o (.text.DL_I2C_setClockConfig)
                  0000153e    00000002     --HOLE-- [fill = 0]
                  00001540    00000024     ti_msp_dl_config.o (.text.SYSCFG_DL_GPIO_init)
                  00001564    00000014     OLED.o (.text.OLED_NewFrame)
                  00001578    00000014     ti_msp_dl_config.o (.text.SYSCFG_DL_init)
                  0000158c    00000010     libc.a : copy_zero_init.c.obj (.text:decompress:ZI)
                  0000159c    0000000c     libclang_rt.builtins.a : aeabi_memset.S.obj (.text.__aeabi_memclr)
                  000015a8    0000000a     driverlib.a : dl_common.o (.text.DL_Common_delayCycles)
                  000015b2    00000002     --HOLE-- [fill = 0]
                  000015b4    00000008     libclang_rt.builtins.a : aeabi_memcpy.S.obj (.text.__aeabi_memcpy)
                  000015bc    00000006     libc.a : exit.c.obj (.text:abort)
                  000015c2    00000004     libsysbm.a : hostexit.c.obj (.text.HOSTexit)
                  000015c6    00000004     startup_mspm0g350x_ticlang.o (.text.Reset_Handler)
                  000015ca    00000004     libc.a : pre_init.c.obj (.text._system_pre_init)
                  000015ce    00000002     --HOLE-- [fill = 0]

.cinit     0    000015d8    00000018     
                  000015d8    00000008     (.cinit..bss.load) [load image, compression = zero_init]
                  000015e0    00000004     (__TI_handler_table)
                  000015e4    00000008     (__TI_cinit_table)
                  000015ec    00000004     --HOLE-- [fill = 0]

.rodata    0    000015d0    00000008     
                  000015d0    00000002     ti_msp_dl_config.o (.rodata.gI2C_OLEDClockConfig)
                  000015d2    00000006     --HOLE-- [fill = 0]

.init_array 
*          0    00000000    00000000     UNINITIALIZED

.binit     0    00000000    00000000     

.bss       0    20200000    00000481     UNINITIALIZED
                  20200000    00000400     (.common:OLED_GRAM)
                  20200400    00000081     OLED.o (.bss.OLED_ShowFrame.sendBuffer)

.stack     0    20207e00    00000200     UNINITIALIZED
                  20207e00    00000004     libc.a : boot_cortex_m.c.obj (.stack)
                  20207e04    000001fc     --HOLE--

__llvm_prf_cnts 
*          0    20200000    00000000     UNINITIALIZED

__llvm_prf_bits 
*          0    20200000    00000000     UNINITIALIZED

MODULE SUMMARY

       Module                         code   ro data   rw data
       ------                         ----   -------   -------
    .\
       ti_msp_dl_config.o             256    2         0      
       startup_mspm0g350x_ticlang.o   6      192       0      
       empty.o                        88     0         0      
    +--+------------------------------+------+---------+---------+
       Total:                         350    194       0      
                                                              
    .\OLED\
       OLED.o                         4492   0         1153   
    +--+------------------------------+------+---------+---------+
       Total:                         4492   0         1153   
                                                              
    A:/CCS/mspm0_sdk_2_05_01_00/source/ti/driverlib/lib/ticlang/m0p/mspm0g1x0x_g3x0x/driverlib.a
       dl_i2c.o                       132    0         0      
       dl_common.o                    10     0         0      
    +--+------------------------------+------+---------+---------+
       Total:                         142    0         0      
                                                              
    A:\CCS\ccs\tools\compiler\ti-cgt-armllvm_4.0.3.LTS\lib\armv6m-ti-none-eabi/c/libc.a
       memcpy16.S.obj                 154    0         0      
       memset16.S.obj                 98     0         0      
       autoinit.c.obj                 60     0         0      
       boot_cortex_m.c.obj            40     0         0      
       copy_zero_init.c.obj           16     0         0      
       exit.c.obj                     6      0         0      
       pre_init.c.obj                 4      0         0      
    +--+------------------------------+------+---------+---------+
       Total:                         378    0         0      
                                                              
    A:\CCS\ccs\tools\compiler\ti-cgt-armllvm_4.0.3.LTS\lib\armv6m-ti-none-eabi/c/libsysbm.a
       hostexit.c.obj                 4      0         0      
    +--+------------------------------+------+---------+---------+
       Total:                         4      0         0      
                                                              
    A:\CCS\ccs\tools\compiler\ti-cgt-armllvm_4.0.3.LTS\lib\armv6m-ti-none-eabi/libclang_rt.builtins.a
       aeabi_memset.S.obj             12     0         0      
       aeabi_memcpy.S.obj             8      0         0      
    +--+------------------------------+------+---------+---------+
       Total:                         20     0         0      
                                                              
       Stack:                         0      0         512    
       Linker Generated:              0      20        0      
    +--+------------------------------+------+---------+---------+
       Grand Total:                   5386   214       1665   


LINKER GENERATED COPY TABLES

__TI_cinit_table @ 000015e4 records: 1, size/record: 8, table size: 8
	.bss: load addr=000015d8, load size=00000008 bytes, run addr=20200000, run size=00000481 bytes, compression=zero_init


LINKER GENERATED HANDLER TABLE

__TI_handler_table @ 000015e0 records: 1, size/record: 4, table size: 4
	index: 0, handler: __TI_zero_init


GLOBAL SYMBOLS: SORTED ALPHABETICALLY BY Name 

address   name                          
-------   ----                          
00001393  ADC0_IRQHandler               
00001393  ADC1_IRQHandler               
00001393  AES_IRQHandler                
000015c2  C$$EXIT                       
00001393  CANFD0_IRQHandler             
00001393  DAC0_IRQHandler               
000015a9  DL_Common_delayCycles         
00001335  DL_I2C_fillControllerTXFIFO   
00001519  DL_I2C_setClockConfig         
00001393  DMA_IRQHandler                
00001393  Default_Handler               
00001393  GROUP0_IRQHandler             
00001393  GROUP1_IRQHandler             
000015c3  HOSTexit                      
00001393  HardFault_Handler             
00001393  I2C0_IRQHandler               
00001393  I2C1_IRQHandler               
00001393  NMI_Handler                   
00000ba9  OLED_DrawCircle               
20200000  OLED_GRAM                     
000000c1  OLED_Init                     
00001565  OLED_NewFrame                 
00000fad  OLED_ShowFrame                
00001393  PendSV_Handler                
00001393  RTC_IRQHandler                
000015c7  Reset_Handler                 
00001393  SPI0_IRQHandler               
00001393  SPI1_IRQHandler               
00001393  SVC_Handler                   
00001541  SYSCFG_DL_GPIO_init           
000013ed  SYSCFG_DL_I2C_OLED_init       
00001441  SYSCFG_DL_SYSCTL_init         
00001579  SYSCFG_DL_init                
000014bd  SYSCFG_DL_initPower           
00001393  SysTick_Handler               
00001393  TIMA0_IRQHandler              
00001393  TIMA1_IRQHandler              
00001393  TIMG0_IRQHandler              
00001393  TIMG12_IRQHandler             
00001393  TIMG6_IRQHandler              
00001393  TIMG7_IRQHandler              
00001393  TIMG8_IRQHandler              
00001393  UART0_IRQHandler              
00001393  UART1_IRQHandler              
00001393  UART2_IRQHandler              
00001393  UART3_IRQHandler              
20208000  __STACK_END                   
00000200  __STACK_SIZE                  
00000000  __TI_ATRegion0_region_sz      
00000000  __TI_ATRegion0_src_addr       
00000000  __TI_ATRegion0_trg_addr       
00000000  __TI_ATRegion1_region_sz      
00000000  __TI_ATRegion1_src_addr       
00000000  __TI_ATRegion1_trg_addr       
00000000  __TI_ATRegion2_region_sz      
00000000  __TI_ATRegion2_src_addr       
00000000  __TI_ATRegion2_trg_addr       
000015e4  __TI_CINIT_Base               
000015ec  __TI_CINIT_Limit              
000015ec  __TI_CINIT_Warm               
000015e0  __TI_Handler_Table_Base       
000015e4  __TI_Handler_Table_Limit      
00001481  __TI_auto_init_nobinit_nopinit
ffffffff  __TI_pprof_out_hndl           
ffffffff  __TI_prof_data_size           
ffffffff  __TI_prof_data_start          
00000000  __TI_static_base__            
0000158d  __TI_zero_init                
0000159d  __aeabi_memclr                
0000159d  __aeabi_memclr4               
0000159d  __aeabi_memclr8               
000015b5  __aeabi_memcpy                
000015b5  __aeabi_memcpy4               
000015b5  __aeabi_memcpy8               
ffffffff  __binit__                     
UNDEFED   __mpu_init                    
20207e00  __stack                       
20200000  __start___llvm_prf_bits       
20200000  __start___llvm_prf_cnts       
20200000  __stop___llvm_prf_bits        
20200000  __stop___llvm_prf_cnts        
000014f1  _c_int00_noargs               
UNDEFED   _system_post_cinit            
000015cb  _system_pre_init              
000015bd  abort                         
ffffffff  binit                         
00000000  interruptVectors              
00001395  main                          
00001239  memcpy                        
000012d3  memset                        


GLOBAL SYMBOLS: SORTED BY Symbol Address 

address   name                          
-------   ----                          
00000000  __TI_ATRegion0_region_sz      
00000000  __TI_ATRegion0_src_addr       
00000000  __TI_ATRegion0_trg_addr       
00000000  __TI_ATRegion1_region_sz      
00000000  __TI_ATRegion1_src_addr       
00000000  __TI_ATRegion1_trg_addr       
00000000  __TI_ATRegion2_region_sz      
00000000  __TI_ATRegion2_src_addr       
00000000  __TI_ATRegion2_trg_addr       
00000000  __TI_static_base__            
00000000  interruptVectors              
000000c1  OLED_Init                     
00000200  __STACK_SIZE                  
00000ba9  OLED_DrawCircle               
00000fad  OLED_ShowFrame                
00001239  memcpy                        
000012d3  memset                        
00001335  DL_I2C_fillControllerTXFIFO   
00001393  ADC0_IRQHandler               
00001393  ADC1_IRQHandler               
00001393  AES_IRQHandler                
00001393  CANFD0_IRQHandler             
00001393  DAC0_IRQHandler               
00001393  DMA_IRQHandler                
00001393  Default_Handler               
00001393  GROUP0_IRQHandler             
00001393  GROUP1_IRQHandler             
00001393  HardFault_Handler             
00001393  I2C0_IRQHandler               
00001393  I2C1_IRQHandler               
00001393  NMI_Handler                   
00001393  PendSV_Handler                
00001393  RTC_IRQHandler                
00001393  SPI0_IRQHandler               
00001393  SPI1_IRQHandler               
00001393  SVC_Handler                   
00001393  SysTick_Handler               
00001393  TIMA0_IRQHandler              
00001393  TIMA1_IRQHandler              
00001393  TIMG0_IRQHandler              
00001393  TIMG12_IRQHandler             
00001393  TIMG6_IRQHandler              
00001393  TIMG7_IRQHandler              
00001393  TIMG8_IRQHandler              
00001393  UART0_IRQHandler              
00001393  UART1_IRQHandler              
00001393  UART2_IRQHandler              
00001393  UART3_IRQHandler              
00001395  main                          
000013ed  SYSCFG_DL_I2C_OLED_init       
00001441  SYSCFG_DL_SYSCTL_init         
00001481  __TI_auto_init_nobinit_nopinit
000014bd  SYSCFG_DL_initPower           
000014f1  _c_int00_noargs               
00001519  DL_I2C_setClockConfig         
00001541  SYSCFG_DL_GPIO_init           
00001565  OLED_NewFrame                 
00001579  SYSCFG_DL_init                
0000158d  __TI_zero_init                
0000159d  __aeabi_memclr                
0000159d  __aeabi_memclr4               
0000159d  __aeabi_memclr8               
000015a9  DL_Common_delayCycles         
000015b5  __aeabi_memcpy                
000015b5  __aeabi_memcpy4               
000015b5  __aeabi_memcpy8               
000015bd  abort                         
000015c2  C$$EXIT                       
000015c3  HOSTexit                      
000015c7  Reset_Handler                 
000015cb  _system_pre_init              
000015e0  __TI_Handler_Table_Base       
000015e4  __TI_CINIT_Base               
000015e4  __TI_Handler_Table_Limit      
000015ec  __TI_CINIT_Limit              
000015ec  __TI_CINIT_Warm               
20200000  OLED_GRAM                     
20200000  __start___llvm_prf_bits       
20200000  __start___llvm_prf_cnts       
20200000  __stop___llvm_prf_bits        
20200000  __stop___llvm_prf_cnts        
20207e00  __stack                       
20208000  __STACK_END                   
ffffffff  __TI_pprof_out_hndl           
ffffffff  __TI_prof_data_size           
ffffffff  __TI_prof_data_start          
ffffffff  __binit__                     
ffffffff  binit                         
UNDEFED   __mpu_init                    
UNDEFED   _system_post_cinit            

[90 symbols]
