<?xml version="1.0" encoding="ISO-8859-1" ?>
<link_info>
   <banner>TI ARM Clang Linker PC v4.0.3.LTS</banner>
   <copyright>Copyright (c) 1996-2018 Texas Instruments Incorporated</copyright>
   <command_line>A:\CCS\ccs\tools\compiler\ti-cgt-armllvm_4.0.3.LTS\bin\tiarmlnk -IA:\CCS\ccs\tools\compiler\ti-cgt-armllvm_4.0.3.LTS\lib -o empty_LP_MSPM0G3507_nortos_ticlang.out -mempty_LP_MSPM0G3507_nortos_ticlang.map -iA:/CCS/mspm0_sdk_2_05_01_00/source -iA:/git/WYHCODE/ccs/workspace_ccstheia/empty_LP_MSPM0G3507_nortos_ticlang -iA:/git/WYHCODE/ccs/workspace_ccstheia/empty_LP_MSPM0G3507_nortos_ticlang/Debug/syscfg -iA:/CCS/ccs/tools/compiler/ti-cgt-armllvm_4.0.3.LTS/lib --diag_wrap=off --display_error_number --warn_sections --xml_link_info=empty_LP_MSPM0G3507_nortos_ticlang_linkInfo.xml --rom_model ./empty.o ./ti_msp_dl_config.o ./startup_mspm0g350x_ticlang.o ./OLED/OLED.o ./OLED/font.o ./soft/gpio.o ./soft/tim.o ./soft/uart.o ./usercc/PID_Speed.o ./usercc/delay.o -l./device_linker.cmd -ldevice.cmd.genlibs -llibc.a --start-group -llibc++.a -llibc++abi.a -llibc.a -llibsys.a -llibsysbm.a -llibclang_rt.builtins.a -llibclang_rt.profile.a --end-group --cg_opt_level=0</command_line>
   <link_time>0x68860465</link_time>
   <link_errors>0x0</link_errors>
   <output_file>A:\git\WYHCODE\ccs\workspace_ccstheia\empty_LP_MSPM0G3507_nortos_ticlang\Debug\empty_LP_MSPM0G3507_nortos_ticlang.out</output_file>
   <entry_point>
      <name>_c_int00_noargs</name>
      <address>0x1559</address>
   </entry_point>
   <input_file_list>
      <input_file id="fl-1">
         <path>A:\git\WYHCODE\ccs\workspace_ccstheia\empty_LP_MSPM0G3507_nortos_ticlang\Debug\.\</path>
         <kind>object</kind>
         <file>empty.o</file>
         <name>empty.o</name>
      </input_file>
      <input_file id="fl-2">
         <path>A:\git\WYHCODE\ccs\workspace_ccstheia\empty_LP_MSPM0G3507_nortos_ticlang\Debug\.\</path>
         <kind>object</kind>
         <file>ti_msp_dl_config.o</file>
         <name>ti_msp_dl_config.o</name>
      </input_file>
      <input_file id="fl-3">
         <path>A:\git\WYHCODE\ccs\workspace_ccstheia\empty_LP_MSPM0G3507_nortos_ticlang\Debug\.\</path>
         <kind>object</kind>
         <file>startup_mspm0g350x_ticlang.o</file>
         <name>startup_mspm0g350x_ticlang.o</name>
      </input_file>
      <input_file id="fl-4">
         <path>A:\git\WYHCODE\ccs\workspace_ccstheia\empty_LP_MSPM0G3507_nortos_ticlang\Debug\.\OLED\</path>
         <kind>object</kind>
         <file>OLED.o</file>
         <name>OLED.o</name>
      </input_file>
      <input_file id="fl-5">
         <path>A:\git\WYHCODE\ccs\workspace_ccstheia\empty_LP_MSPM0G3507_nortos_ticlang\Debug\.\OLED\</path>
         <kind>object</kind>
         <file>font.o</file>
         <name>font.o</name>
      </input_file>
      <input_file id="fl-6">
         <path>A:\git\WYHCODE\ccs\workspace_ccstheia\empty_LP_MSPM0G3507_nortos_ticlang\Debug\.\soft\</path>
         <kind>object</kind>
         <file>gpio.o</file>
         <name>gpio.o</name>
      </input_file>
      <input_file id="fl-7">
         <path>A:\git\WYHCODE\ccs\workspace_ccstheia\empty_LP_MSPM0G3507_nortos_ticlang\Debug\.\soft\</path>
         <kind>object</kind>
         <file>tim.o</file>
         <name>tim.o</name>
      </input_file>
      <input_file id="fl-8">
         <path>A:\git\WYHCODE\ccs\workspace_ccstheia\empty_LP_MSPM0G3507_nortos_ticlang\Debug\.\soft\</path>
         <kind>object</kind>
         <file>uart.o</file>
         <name>uart.o</name>
      </input_file>
      <input_file id="fl-9">
         <path>A:\git\WYHCODE\ccs\workspace_ccstheia\empty_LP_MSPM0G3507_nortos_ticlang\Debug\.\usercc\</path>
         <kind>object</kind>
         <file>PID_Speed.o</file>
         <name>PID_Speed.o</name>
      </input_file>
      <input_file id="fl-a">
         <path>A:\git\WYHCODE\ccs\workspace_ccstheia\empty_LP_MSPM0G3507_nortos_ticlang\Debug\.\usercc\</path>
         <kind>object</kind>
         <file>delay.o</file>
         <name>delay.o</name>
      </input_file>
      <input_file id="fl-19">
         <path>A:\git\WYHCODE\ccs\workspace_ccstheia\empty_LP_MSPM0G3507_nortos_ticlang\Debug\</path>
         <kind>object</kind>
         <file>&lt;internal&gt;</file>
         <name>&lt;internal&gt;</name>
      </input_file>
      <input_file id="fl-1a">
         <path>A:\CCS\mspm0_sdk_2_05_01_00\source\ti\driverlib\lib\ticlang\m0p\mspm0g1x0x_g3x0x\</path>
         <kind>archive</kind>
         <file>driverlib.a</file>
         <name>dl_common.o</name>
      </input_file>
      <input_file id="fl-1b">
         <path>A:\CCS\mspm0_sdk_2_05_01_00\source\ti\driverlib\lib\ticlang\m0p\mspm0g1x0x_g3x0x\</path>
         <kind>archive</kind>
         <file>driverlib.a</file>
         <name>dl_i2c.o</name>
      </input_file>
      <input_file id="fl-1c">
         <path>A:\CCS\mspm0_sdk_2_05_01_00\source\ti\driverlib\lib\ticlang\m0p\mspm0g1x0x_g3x0x\</path>
         <kind>archive</kind>
         <file>driverlib.a</file>
         <name>dl_timer.o</name>
      </input_file>
      <input_file id="fl-1d">
         <path>A:\CCS\mspm0_sdk_2_05_01_00\source\ti\driverlib\lib\ticlang\m0p\mspm0g1x0x_g3x0x\</path>
         <kind>archive</kind>
         <file>driverlib.a</file>
         <name>dl_uart.o</name>
      </input_file>
      <input_file id="fl-34">
         <path>A:\CCS\ccs\tools\compiler\ti-cgt-armllvm_4.0.3.LTS\lib\armv6m-ti-none-eabi\c\</path>
         <kind>archive</kind>
         <file>libc.a</file>
         <name>sprintf.c.obj</name>
      </input_file>
      <input_file id="fl-35">
         <path>A:\CCS\ccs\tools\compiler\ti-cgt-armllvm_4.0.3.LTS\lib\armv6m-ti-none-eabi\c\</path>
         <kind>archive</kind>
         <file>libc.a</file>
         <name>memcmp.c.obj</name>
      </input_file>
      <input_file id="fl-36">
         <path>A:\CCS\ccs\tools\compiler\ti-cgt-armllvm_4.0.3.LTS\lib\armv6m-ti-none-eabi\c\</path>
         <kind>archive</kind>
         <file>libc.a</file>
         <name>boot_cortex_m.c.obj</name>
      </input_file>
      <input_file id="fl-37">
         <path>A:\CCS\ccs\tools\compiler\ti-cgt-armllvm_4.0.3.LTS\lib\armv6m-ti-none-eabi\c\</path>
         <kind>archive</kind>
         <file>libc.a</file>
         <name>mathacl_init.c.obj</name>
      </input_file>
      <input_file id="fl-38">
         <path>A:\CCS\ccs\tools\compiler\ti-cgt-armllvm_4.0.3.LTS\lib\armv6m-ti-none-eabi\c\</path>
         <kind>archive</kind>
         <file>libc.a</file>
         <name>autoinit.c.obj</name>
      </input_file>
      <input_file id="fl-39">
         <path>A:\CCS\ccs\tools\compiler\ti-cgt-armllvm_4.0.3.LTS\lib\armv6m-ti-none-eabi\c\</path>
         <kind>archive</kind>
         <file>libc.a</file>
         <name>pre_init.c.obj</name>
      </input_file>
      <input_file id="fl-3a">
         <path>A:\CCS\ccs\tools\compiler\ti-cgt-armllvm_4.0.3.LTS\lib\armv6m-ti-none-eabi\c\</path>
         <kind>archive</kind>
         <file>libc.a</file>
         <name>cpy_tbl.c.obj</name>
      </input_file>
      <input_file id="fl-3b">
         <path>A:\CCS\ccs\tools\compiler\ti-cgt-armllvm_4.0.3.LTS\lib\armv6m-ti-none-eabi\c\</path>
         <kind>archive</kind>
         <file>libc.a</file>
         <name>copy_zero_init.c.obj</name>
      </input_file>
      <input_file id="fl-3c">
         <path>A:\CCS\ccs\tools\compiler\ti-cgt-armllvm_4.0.3.LTS\lib\armv6m-ti-none-eabi\c\</path>
         <kind>archive</kind>
         <file>libc.a</file>
         <name>copy_decompress_none.c.obj</name>
      </input_file>
      <input_file id="fl-3d">
         <path>A:\CCS\ccs\tools\compiler\ti-cgt-armllvm_4.0.3.LTS\lib\armv6m-ti-none-eabi\c\</path>
         <kind>archive</kind>
         <file>libc.a</file>
         <name>copy_decompress_lzss.c.obj</name>
      </input_file>
      <input_file id="fl-3e">
         <path>A:\CCS\ccs\tools\compiler\ti-cgt-armllvm_4.0.3.LTS\lib\armv6m-ti-none-eabi\c\</path>
         <kind>archive</kind>
         <file>libc.a</file>
         <name>_printfi.c.obj</name>
      </input_file>
      <input_file id="fl-3f">
         <path>A:\CCS\ccs\tools\compiler\ti-cgt-armllvm_4.0.3.LTS\lib\armv6m-ti-none-eabi\c\</path>
         <kind>archive</kind>
         <file>libc.a</file>
         <name>s_frexp.c.obj</name>
      </input_file>
      <input_file id="fl-40">
         <path>A:\CCS\ccs\tools\compiler\ti-cgt-armllvm_4.0.3.LTS\lib\armv6m-ti-none-eabi\c\</path>
         <kind>archive</kind>
         <file>libc.a</file>
         <name>s_scalbn.c.obj</name>
      </input_file>
      <input_file id="fl-41">
         <path>A:\CCS\ccs\tools\compiler\ti-cgt-armllvm_4.0.3.LTS\lib\armv6m-ti-none-eabi\c\</path>
         <kind>archive</kind>
         <file>libc.a</file>
         <name>wcslen.c.obj</name>
      </input_file>
      <input_file id="fl-42">
         <path>A:\CCS\ccs\tools\compiler\ti-cgt-armllvm_4.0.3.LTS\lib\armv6m-ti-none-eabi\c\</path>
         <kind>archive</kind>
         <file>libc.a</file>
         <name>aeabi_portable.c.obj</name>
      </input_file>
      <input_file id="fl-43">
         <path>A:\CCS\ccs\tools\compiler\ti-cgt-armllvm_4.0.3.LTS\lib\armv6m-ti-none-eabi\c\</path>
         <kind>archive</kind>
         <file>libc.a</file>
         <name>exit.c.obj</name>
      </input_file>
      <input_file id="fl-44">
         <path>A:\CCS\ccs\tools\compiler\ti-cgt-armllvm_4.0.3.LTS\lib\armv6m-ti-none-eabi\c\</path>
         <kind>archive</kind>
         <file>libc.a</file>
         <name>_lock.c.obj</name>
      </input_file>
      <input_file id="fl-45">
         <path>A:\CCS\ccs\tools\compiler\ti-cgt-armllvm_4.0.3.LTS\lib\armv6m-ti-none-eabi\c\</path>
         <kind>archive</kind>
         <file>libc.a</file>
         <name>_ltoa.c.obj</name>
      </input_file>
      <input_file id="fl-46">
         <path>A:\CCS\ccs\tools\compiler\ti-cgt-armllvm_4.0.3.LTS\lib\armv6m-ti-none-eabi\c\</path>
         <kind>archive</kind>
         <file>libc.a</file>
         <name>args_main.c.obj</name>
      </input_file>
      <input_file id="fl-47">
         <path>A:\CCS\ccs\tools\compiler\ti-cgt-armllvm_4.0.3.LTS\lib\armv6m-ti-none-eabi\c\</path>
         <kind>archive</kind>
         <file>libc.a</file>
         <name>assert.c.obj</name>
      </input_file>
      <input_file id="fl-48">
         <path>A:\CCS\ccs\tools\compiler\ti-cgt-armllvm_4.0.3.LTS\lib\armv6m-ti-none-eabi\c\</path>
         <kind>archive</kind>
         <file>libc.a</file>
         <name>atoi.c.obj</name>
      </input_file>
      <input_file id="fl-49">
         <path>A:\CCS\ccs\tools\compiler\ti-cgt-armllvm_4.0.3.LTS\lib\armv6m-ti-none-eabi\c\</path>
         <kind>archive</kind>
         <file>libc.a</file>
         <name>defs.c.obj</name>
      </input_file>
      <input_file id="fl-4a">
         <path>A:\CCS\ccs\tools\compiler\ti-cgt-armllvm_4.0.3.LTS\lib\armv6m-ti-none-eabi\c\</path>
         <kind>archive</kind>
         <file>libc.a</file>
         <name>memccpy.c.obj</name>
      </input_file>
      <input_file id="fl-4b">
         <path>A:\CCS\ccs\tools\compiler\ti-cgt-armllvm_4.0.3.LTS\lib\armv6m-ti-none-eabi\c\</path>
         <kind>archive</kind>
         <file>libc.a</file>
         <name>memory.c.obj</name>
      </input_file>
      <input_file id="fl-4c">
         <path>A:\CCS\ccs\tools\compiler\ti-cgt-armllvm_4.0.3.LTS\lib\armv6m-ti-none-eabi\c\</path>
         <kind>archive</kind>
         <file>libc.a</file>
         <name>fflush.c.obj</name>
      </input_file>
      <input_file id="fl-4d">
         <path>A:\CCS\ccs\tools\compiler\ti-cgt-armllvm_4.0.3.LTS\lib\armv6m-ti-none-eabi\c\</path>
         <kind>archive</kind>
         <file>libc.a</file>
         <name>fputs.c.obj</name>
      </input_file>
      <input_file id="fl-4e">
         <path>A:\CCS\ccs\tools\compiler\ti-cgt-armllvm_4.0.3.LTS\lib\armv6m-ti-none-eabi\c\</path>
         <kind>archive</kind>
         <file>libc.a</file>
         <name>_io_perm.c.obj</name>
      </input_file>
      <input_file id="fl-4f">
         <path>A:\CCS\ccs\tools\compiler\ti-cgt-armllvm_4.0.3.LTS\lib\armv6m-ti-none-eabi\c\</path>
         <kind>archive</kind>
         <file>libc.a</file>
         <name>setvbuf.c.obj</name>
      </input_file>
      <input_file id="fl-50">
         <path>A:\CCS\ccs\tools\compiler\ti-cgt-armllvm_4.0.3.LTS\lib\armv6m-ti-none-eabi\c\</path>
         <kind>archive</kind>
         <file>libc.a</file>
         <name>aeabi_ctype.S.obj</name>
      </input_file>
      <input_file id="fl-51">
         <path>A:\CCS\ccs\tools\compiler\ti-cgt-armllvm_4.0.3.LTS\lib\armv6m-ti-none-eabi\c\</path>
         <kind>archive</kind>
         <file>libc.a</file>
         <name>fopen.c.obj</name>
      </input_file>
      <input_file id="fl-52">
         <path>A:\CCS\ccs\tools\compiler\ti-cgt-armllvm_4.0.3.LTS\lib\armv6m-ti-none-eabi\c\</path>
         <kind>archive</kind>
         <file>libc.a</file>
         <name>fseek.c.obj</name>
      </input_file>
      <input_file id="fl-53">
         <path>A:\CCS\ccs\tools\compiler\ti-cgt-armllvm_4.0.3.LTS\lib\armv6m-ti-none-eabi\c\</path>
         <kind>archive</kind>
         <file>libc.a</file>
         <name>fclose.c.obj</name>
      </input_file>
      <input_file id="fl-f3">
         <path>A:\CCS\ccs\tools\compiler\ti-cgt-armllvm_4.0.3.LTS\lib\armv6m-ti-none-eabi\c\</path>
         <kind>archive</kind>
         <file>libsysbm.a</file>
         <name>hostexit.c.obj</name>
      </input_file>
      <input_file id="fl-f4">
         <path>A:\CCS\ccs\tools\compiler\ti-cgt-armllvm_4.0.3.LTS\lib\armv6m-ti-none-eabi\c\</path>
         <kind>archive</kind>
         <file>libsysbm.a</file>
         <name>write.c.obj</name>
      </input_file>
      <input_file id="fl-f5">
         <path>A:\CCS\ccs\tools\compiler\ti-cgt-armllvm_4.0.3.LTS\lib\armv6m-ti-none-eabi\c\</path>
         <kind>archive</kind>
         <file>libsysbm.a</file>
         <name>host_device.c.obj</name>
      </input_file>
      <input_file id="fl-f6">
         <path>A:\CCS\ccs\tools\compiler\ti-cgt-armllvm_4.0.3.LTS\lib\armv6m-ti-none-eabi\c\</path>
         <kind>archive</kind>
         <file>libsysbm.a</file>
         <name>remove.c.obj</name>
      </input_file>
      <input_file id="fl-f7">
         <path>A:\CCS\ccs\tools\compiler\ti-cgt-armllvm_4.0.3.LTS\lib\armv6m-ti-none-eabi\c\</path>
         <kind>archive</kind>
         <file>libsysbm.a</file>
         <name>open.c.obj</name>
      </input_file>
      <input_file id="fl-f8">
         <path>A:\CCS\ccs\tools\compiler\ti-cgt-armllvm_4.0.3.LTS\lib\armv6m-ti-none-eabi\c\</path>
         <kind>archive</kind>
         <file>libsysbm.a</file>
         <name>lseek.c.obj</name>
      </input_file>
      <input_file id="fl-f9">
         <path>A:\CCS\ccs\tools\compiler\ti-cgt-armllvm_4.0.3.LTS\lib\armv6m-ti-none-eabi\c\</path>
         <kind>archive</kind>
         <file>libsysbm.a</file>
         <name>close.c.obj</name>
      </input_file>
      <input_file id="fl-fa">
         <path>A:\CCS\ccs\tools\compiler\ti-cgt-armllvm_4.0.3.LTS\lib\armv6m-ti-none-eabi\c\</path>
         <kind>archive</kind>
         <file>libsysbm.a</file>
         <name>unlink.c.obj</name>
      </input_file>
      <input_file id="fl-fb">
         <path>A:\CCS\ccs\tools\compiler\ti-cgt-armllvm_4.0.3.LTS\lib\armv6m-ti-none-eabi\c\</path>
         <kind>archive</kind>
         <file>libsysbm.a</file>
         <name>hostclose.c.obj</name>
      </input_file>
      <input_file id="fl-fc">
         <path>A:\CCS\ccs\tools\compiler\ti-cgt-armllvm_4.0.3.LTS\lib\armv6m-ti-none-eabi\c\</path>
         <kind>archive</kind>
         <file>libsysbm.a</file>
         <name>hostlseek.c.obj</name>
      </input_file>
      <input_file id="fl-fd">
         <path>A:\CCS\ccs\tools\compiler\ti-cgt-armllvm_4.0.3.LTS\lib\armv6m-ti-none-eabi\c\</path>
         <kind>archive</kind>
         <file>libsysbm.a</file>
         <name>hostopen.c.obj</name>
      </input_file>
      <input_file id="fl-fe">
         <path>A:\CCS\ccs\tools\compiler\ti-cgt-armllvm_4.0.3.LTS\lib\armv6m-ti-none-eabi\c\</path>
         <kind>archive</kind>
         <file>libsysbm.a</file>
         <name>hostread.c.obj</name>
      </input_file>
      <input_file id="fl-ff">
         <path>A:\CCS\ccs\tools\compiler\ti-cgt-armllvm_4.0.3.LTS\lib\armv6m-ti-none-eabi\c\</path>
         <kind>archive</kind>
         <file>libsysbm.a</file>
         <name>hostrename.c.obj</name>
      </input_file>
      <input_file id="fl-100">
         <path>A:\CCS\ccs\tools\compiler\ti-cgt-armllvm_4.0.3.LTS\lib\armv6m-ti-none-eabi\c\</path>
         <kind>archive</kind>
         <file>libsysbm.a</file>
         <name>hostunlink.c.obj</name>
      </input_file>
      <input_file id="fl-101">
         <path>A:\CCS\ccs\tools\compiler\ti-cgt-armllvm_4.0.3.LTS\lib\armv6m-ti-none-eabi\c\</path>
         <kind>archive</kind>
         <file>libsysbm.a</file>
         <name>hostwrite.c.obj</name>
      </input_file>
      <input_file id="fl-102">
         <path>A:\CCS\ccs\tools\compiler\ti-cgt-armllvm_4.0.3.LTS\lib\armv6m-ti-none-eabi\c\</path>
         <kind>archive</kind>
         <file>libsysbm.a</file>
         <name>trgmsg.c.obj</name>
      </input_file>
      <input_file id="fl-103">
         <path>A:\CCS\ccs\tools\compiler\ti-cgt-armllvm_4.0.3.LTS\lib\armv6m-ti-none-eabi\</path>
         <kind>archive</kind>
         <file>libclang_rt.builtins.a</file>
         <name>adddf3.S.obj</name>
      </input_file>
      <input_file id="fl-104">
         <path>A:\CCS\ccs\tools\compiler\ti-cgt-armllvm_4.0.3.LTS\lib\armv6m-ti-none-eabi\</path>
         <kind>archive</kind>
         <file>libclang_rt.builtins.a</file>
         <name>muldf3.S.obj</name>
      </input_file>
      <input_file id="fl-105">
         <path>A:\CCS\ccs\tools\compiler\ti-cgt-armllvm_4.0.3.LTS\lib\armv6m-ti-none-eabi\</path>
         <kind>archive</kind>
         <file>libclang_rt.builtins.a</file>
         <name>muldsi3.S.obj</name>
      </input_file>
      <input_file id="fl-106">
         <path>A:\CCS\ccs\tools\compiler\ti-cgt-armllvm_4.0.3.LTS\lib\armv6m-ti-none-eabi\</path>
         <kind>archive</kind>
         <file>libclang_rt.builtins.a</file>
         <name>divdf3.S.obj</name>
      </input_file>
      <input_file id="fl-107">
         <path>A:\CCS\ccs\tools\compiler\ti-cgt-armllvm_4.0.3.LTS\lib\armv6m-ti-none-eabi\</path>
         <kind>archive</kind>
         <file>libclang_rt.builtins.a</file>
         <name>fixdfsi.S.obj</name>
      </input_file>
      <input_file id="fl-108">
         <path>A:\CCS\ccs\tools\compiler\ti-cgt-armllvm_4.0.3.LTS\lib\armv6m-ti-none-eabi\</path>
         <kind>archive</kind>
         <file>libclang_rt.builtins.a</file>
         <name>floatsidf.S.obj</name>
      </input_file>
      <input_file id="fl-109">
         <path>A:\CCS\ccs\tools\compiler\ti-cgt-armllvm_4.0.3.LTS\lib\armv6m-ti-none-eabi\</path>
         <kind>archive</kind>
         <file>libclang_rt.builtins.a</file>
         <name>muldi3.S.obj</name>
      </input_file>
      <input_file id="fl-10a">
         <path>A:\CCS\ccs\tools\compiler\ti-cgt-armllvm_4.0.3.LTS\lib\armv6m-ti-none-eabi\</path>
         <kind>archive</kind>
         <file>libclang_rt.builtins.a</file>
         <name>aeabi_dcmp.S.obj</name>
      </input_file>
      <input_file id="fl-10b">
         <path>A:\CCS\ccs\tools\compiler\ti-cgt-armllvm_4.0.3.LTS\lib\armv6m-ti-none-eabi\</path>
         <kind>archive</kind>
         <file>libclang_rt.builtins.a</file>
         <name>aeabi_idivmod.S.obj</name>
      </input_file>
      <input_file id="fl-10c">
         <path>A:\CCS\ccs\tools\compiler\ti-cgt-armllvm_4.0.3.LTS\lib\armv6m-ti-none-eabi\</path>
         <kind>archive</kind>
         <file>libclang_rt.builtins.a</file>
         <name>aeabi_memcpy.S.obj</name>
      </input_file>
      <input_file id="fl-10d">
         <path>A:\CCS\ccs\tools\compiler\ti-cgt-armllvm_4.0.3.LTS\lib\armv6m-ti-none-eabi\</path>
         <kind>archive</kind>
         <file>libclang_rt.builtins.a</file>
         <name>aeabi_memset.S.obj</name>
      </input_file>
      <input_file id="fl-10e">
         <path>A:\CCS\ccs\tools\compiler\ti-cgt-armllvm_4.0.3.LTS\lib\armv6m-ti-none-eabi\</path>
         <kind>archive</kind>
         <file>libclang_rt.builtins.a</file>
         <name>aeabi_uidivmod.S.obj</name>
      </input_file>
      <input_file id="fl-10f">
         <path>A:\CCS\ccs\tools\compiler\ti-cgt-armllvm_4.0.3.LTS\lib\armv6m-ti-none-eabi\</path>
         <kind>archive</kind>
         <file>libclang_rt.builtins.a</file>
         <name>aeabi_uldivmod.S.obj</name>
      </input_file>
      <input_file id="fl-110">
         <path>A:\CCS\ccs\tools\compiler\ti-cgt-armllvm_4.0.3.LTS\lib\armv6m-ti-none-eabi\</path>
         <kind>archive</kind>
         <file>libclang_rt.builtins.a</file>
         <name>udivmoddi4.S.obj</name>
      </input_file>
      <input_file id="fl-111">
         <path>A:\CCS\ccs\tools\compiler\ti-cgt-armllvm_4.0.3.LTS\lib\armv6m-ti-none-eabi\</path>
         <kind>archive</kind>
         <file>libclang_rt.builtins.a</file>
         <name>ashldi3.S.obj</name>
      </input_file>
      <input_file id="fl-112">
         <path>A:\CCS\ccs\tools\compiler\ti-cgt-armllvm_4.0.3.LTS\lib\armv6m-ti-none-eabi\</path>
         <kind>archive</kind>
         <file>libclang_rt.builtins.a</file>
         <name>comparedf2.c.obj</name>
      </input_file>
      <input_file id="fl-113">
         <path>A:\CCS\ccs\tools\compiler\ti-cgt-armllvm_4.0.3.LTS\lib\armv6m-ti-none-eabi\</path>
         <kind>archive</kind>
         <file>libclang_rt.builtins.a</file>
         <name>aeabi_div0.c.obj</name>
      </input_file>
      <input_file id="fl-114">
         <path>A:\CCS\ccs\tools\compiler\ti-cgt-armllvm_4.0.3.LTS\lib\armv6m-ti-none-eabi\c\</path>
         <kind>archive</kind>
         <file>libc.a</file>
         <name>getdevice.c.obj</name>
      </input_file>
      <input_file id="fl-115">
         <path>A:\CCS\ccs\tools\compiler\ti-cgt-armllvm_4.0.3.LTS\lib\armv6m-ti-none-eabi\c\</path>
         <kind>archive</kind>
         <file>libc.a</file>
         <name>memcpy16.S.obj</name>
      </input_file>
      <input_file id="fl-116">
         <path>A:\CCS\ccs\tools\compiler\ti-cgt-armllvm_4.0.3.LTS\lib\armv6m-ti-none-eabi\c\</path>
         <kind>archive</kind>
         <file>libc.a</file>
         <name>memset16.S.obj</name>
      </input_file>
      <input_file id="fl-117">
         <path>A:\CCS\ccs\tools\compiler\ti-cgt-armllvm_4.0.3.LTS\lib\armv6m-ti-none-eabi\c\</path>
         <kind>archive</kind>
         <file>libc.a</file>
         <name>strcmp-armv6m.S.obj</name>
      </input_file>
   </input_file_list>
   <object_component_list>
      <object_component id="oc-18">
         <name>.intvecs</name>
         <load_address>0x0</load_address>
         <readonly>true</readonly>
         <run_address>0x0</run_address>
         <size>0xc0</size>
         <alignment>0x4</alignment>
         <input_file_ref idref="fl-3"/>
      </object_component>
      <object_component id="oc-160">
         <name>.text:__TI_printfi_minimal</name>
         <load_address>0xc0</load_address>
         <readonly>true</readonly>
         <executable>true</executable>
         <run_address>0xc0</run_address>
         <size>0x284</size>
         <alignment>0x4</alignment>
         <input_file_ref idref="fl-3e"/>
      </object_component>
      <object_component id="oc-b0">
         <name>.text.OLED_PrintString</name>
         <load_address>0x344</load_address>
         <readonly>true</readonly>
         <executable>true</executable>
         <run_address>0x344</run_address>
         <size>0x17e</size>
         <alignment>0x2</alignment>
         <input_file_ref idref="fl-4"/>
      </object_component>
      <object_component id="oc-1b1">
         <name>.text.__aeabi_idiv0</name>
         <load_address>0x4c2</load_address>
         <readonly>true</readonly>
         <executable>true</executable>
         <run_address>0x4c2</run_address>
         <size>0x2</size>
         <alignment>0x2</alignment>
         <input_file_ref idref="fl-113"/>
      </object_component>
      <object_component id="oc-e0">
         <name>.text.SYSCFG_DL_GPIO_init</name>
         <load_address>0x4c4</load_address>
         <readonly>true</readonly>
         <executable>true</executable>
         <run_address>0x4c4</run_address>
         <size>0x128</size>
         <alignment>0x4</alignment>
         <input_file_ref idref="fl-2"/>
      </object_component>
      <object_component id="oc-fb">
         <name>.text.OLED_SetBlock</name>
         <load_address>0x5ec</load_address>
         <readonly>true</readonly>
         <executable>true</executable>
         <run_address>0x5ec</run_address>
         <size>0x112</size>
         <alignment>0x2</alignment>
         <input_file_ref idref="fl-4"/>
      </object_component>
      <object_component id="oc-133">
         <name>.text.DL_Timer_initFourCCPWMMode</name>
         <load_address>0x700</load_address>
         <readonly>true</readonly>
         <executable>true</executable>
         <run_address>0x700</run_address>
         <size>0x104</size>
         <alignment>0x4</alignment>
         <input_file_ref idref="fl-1c"/>
      </object_component>
      <object_component id="oc-13b">
         <name>.text.DL_Timer_initTimerMode</name>
         <load_address>0x804</load_address>
         <readonly>true</readonly>
         <executable>true</executable>
         <run_address>0x804</run_address>
         <size>0xe8</size>
         <alignment>0x4</alignment>
         <input_file_ref idref="fl-1c"/>
      </object_component>
      <object_component id="oc-1ac">
         <name>.text.OLED_SetByte_Fine</name>
         <load_address>0x8ec</load_address>
         <readonly>true</readonly>
         <executable>true</executable>
         <run_address>0x8ec</run_address>
         <size>0xcc</size>
         <alignment>0x4</alignment>
         <input_file_ref idref="fl-4"/>
      </object_component>
      <object_component id="oc-a2">
         <name>.text.OLED_Init</name>
         <load_address>0x9b8</load_address>
         <readonly>true</readonly>
         <executable>true</executable>
         <run_address>0x9b8</run_address>
         <size>0xc8</size>
         <alignment>0x4</alignment>
         <input_file_ref idref="fl-4"/>
      </object_component>
      <object_component id="oc-16c">
         <name>.text.OLED_SetBits_Fine</name>
         <load_address>0xa80</load_address>
         <readonly>true</readonly>
         <executable>true</executable>
         <run_address>0xa80</run_address>
         <size>0xbc</size>
         <alignment>0x2</alignment>
         <input_file_ref idref="fl-4"/>
      </object_component>
      <object_component id="oc-df">
         <name>.text.SYSCFG_DL_initPower</name>
         <load_address>0xb3c</load_address>
         <readonly>true</readonly>
         <executable>true</executable>
         <run_address>0xb3c</run_address>
         <size>0xa0</size>
         <alignment>0x4</alignment>
         <input_file_ref idref="fl-2"/>
      </object_component>
      <object_component id="oc-e2">
         <name>.text.SYSCFG_DL_PWM_MOTOR_init</name>
         <load_address>0xbdc</load_address>
         <readonly>true</readonly>
         <executable>true</executable>
         <run_address>0xbdc</run_address>
         <size>0x8c</size>
         <alignment>0x4</alignment>
         <input_file_ref idref="fl-2"/>
      </object_component>
      <object_component id="oc-82">
         <name>.text.main</name>
         <load_address>0xc68</load_address>
         <readonly>true</readonly>
         <executable>true</executable>
         <run_address>0xc68</run_address>
         <size>0x88</size>
         <alignment>0x4</alignment>
         <input_file_ref idref="fl-1"/>
      </object_component>
      <object_component id="oc-16b">
         <name>.text.OLED_SetBits</name>
         <load_address>0xcf0</load_address>
         <readonly>true</readonly>
         <executable>true</executable>
         <run_address>0xcf0</run_address>
         <size>0x80</size>
         <alignment>0x2</alignment>
         <input_file_ref idref="fl-4"/>
      </object_component>
      <object_component id="oc-1c">
         <name>.text:decompress:lzss</name>
         <load_address>0xd70</load_address>
         <readonly>true</readonly>
         <executable>true</executable>
         <run_address>0xd70</run_address>
         <size>0x7c</size>
         <alignment>0x4</alignment>
         <input_file_ref idref="fl-3d"/>
      </object_component>
      <object_component id="oc-15f">
         <name>.text.OLED_WriteByte</name>
         <load_address>0xdec</load_address>
         <readonly>true</readonly>
         <executable>true</executable>
         <run_address>0xdec</run_address>
         <size>0x74</size>
         <alignment>0x4</alignment>
         <input_file_ref idref="fl-4"/>
      </object_component>
      <object_component id="oc-f6">
         <name>.text._OLED_GetUTF8Len</name>
         <load_address>0xe60</load_address>
         <readonly>true</readonly>
         <executable>true</executable>
         <run_address>0xe60</run_address>
         <size>0x70</size>
         <alignment>0x2</alignment>
         <input_file_ref idref="fl-4"/>
      </object_component>
      <object_component id="oc-b1">
         <name>.text.OLED_ShowFrame</name>
         <load_address>0xed0</load_address>
         <readonly>true</readonly>
         <executable>true</executable>
         <run_address>0xed0</run_address>
         <size>0x68</size>
         <alignment>0x4</alignment>
         <input_file_ref idref="fl-4"/>
      </object_component>
      <object_component id="oc-34">
         <name>.text.GROUP1_IRQHandler</name>
         <load_address>0xf38</load_address>
         <readonly>true</readonly>
         <executable>true</executable>
         <run_address>0xf38</run_address>
         <size>0x64</size>
         <alignment>0x4</alignment>
         <input_file_ref idref="fl-6"/>
      </object_component>
      <object_component id="oc-180">
         <name>.text.DL_I2C_fillControllerTXFIFO</name>
         <load_address>0xf9c</load_address>
         <readonly>true</readonly>
         <executable>true</executable>
         <run_address>0xf9c</run_address>
         <size>0x5e</size>
         <alignment>0x2</alignment>
         <input_file_ref idref="fl-1b"/>
      </object_component>
      <object_component id="oc-e4">
         <name>.text.SYSCFG_DL_I2C_0_init</name>
         <load_address>0xffc</load_address>
         <readonly>true</readonly>
         <executable>true</executable>
         <run_address>0xffc</run_address>
         <size>0x58</size>
         <alignment>0x4</alignment>
         <input_file_ref idref="fl-2"/>
      </object_component>
      <object_component id="oc-17f">
         <name>.text.DL_I2C_startControllerTransfer</name>
         <load_address>0x1054</load_address>
         <readonly>true</readonly>
         <executable>true</executable>
         <run_address>0x1054</run_address>
         <size>0x50</size>
         <alignment>0x4</alignment>
         <input_file_ref idref="fl-4"/>
      </object_component>
      <object_component id="oc-fc">
         <name>.text.OLED_PrintASCIIChar</name>
         <load_address>0x10a4</load_address>
         <readonly>true</readonly>
         <executable>true</executable>
         <run_address>0x10a4</run_address>
         <size>0x50</size>
         <alignment>0x2</alignment>
         <input_file_ref idref="fl-4"/>
      </object_component>
      <object_component id="oc-157">
         <name>.text.DL_UART_setBaudRateDivisor</name>
         <load_address>0x10f4</load_address>
         <readonly>true</readonly>
         <executable>true</executable>
         <run_address>0x10f4</run_address>
         <size>0x4c</size>
         <alignment>0x4</alignment>
         <input_file_ref idref="fl-2"/>
      </object_component>
      <object_component id="oc-155">
         <name>.text.DL_UART_init</name>
         <load_address>0x1140</load_address>
         <readonly>true</readonly>
         <executable>true</executable>
         <run_address>0x1140</run_address>
         <size>0x48</size>
         <alignment>0x4</alignment>
         <input_file_ref idref="fl-1d"/>
      </object_component>
      <object_component id="oc-e6">
         <name>.text.SYSCFG_DL_UART_0_init</name>
         <load_address>0x1188</load_address>
         <readonly>true</readonly>
         <executable>true</executable>
         <run_address>0x1188</run_address>
         <size>0x48</size>
         <alignment>0x4</alignment>
         <input_file_ref idref="fl-2"/>
      </object_component>
      <object_component id="oc-188">
         <name>.text.__aeabi_uidivmod</name>
         <load_address>0x11d0</load_address>
         <readonly>true</readonly>
         <executable>true</executable>
         <run_address>0x11d0</run_address>
         <size>0x40</size>
         <alignment>0x4</alignment>
         <input_file_ref idref="fl-10e"/>
      </object_component>
      <object_component id="oc-123">
         <name>.text.DL_GPIO_initPeripheralInputFunctionFeatures</name>
         <load_address>0x1210</load_address>
         <readonly>true</readonly>
         <executable>true</executable>
         <run_address>0x1210</run_address>
         <size>0x3c</size>
         <alignment>0x4</alignment>
         <input_file_ref idref="fl-2"/>
      </object_component>
      <object_component id="oc-134">
         <name>.text.DL_Timer_setCounterControl</name>
         <load_address>0x124c</load_address>
         <readonly>true</readonly>
         <executable>true</executable>
         <run_address>0x124c</run_address>
         <size>0x3c</size>
         <alignment>0x4</alignment>
         <input_file_ref idref="fl-2"/>
      </object_component>
      <object_component id="oc-71">
         <name>.text.uart0_send_string</name>
         <load_address>0x1288</load_address>
         <readonly>true</readonly>
         <executable>true</executable>
         <run_address>0x1288</run_address>
         <size>0x3c</size>
         <alignment>0x2</alignment>
         <input_file_ref idref="fl-8"/>
      </object_component>
      <object_component id="oc-c6">
         <name>.text:__TI_auto_init_nobinit_nopinit</name>
         <load_address>0x12c4</load_address>
         <readonly>true</readonly>
         <executable>true</executable>
         <run_address>0x12c4</run_address>
         <size>0x3c</size>
         <alignment>0x4</alignment>
         <input_file_ref idref="fl-38"/>
      </object_component>
      <object_component id="oc-a9">
         <name>.text.sprintf</name>
         <load_address>0x1300</load_address>
         <readonly>true</readonly>
         <executable>true</executable>
         <run_address>0x1300</run_address>
         <size>0x38</size>
         <alignment>0x4</alignment>
         <input_file_ref idref="fl-34"/>
      </object_component>
      <object_component id="oc-fd">
         <name>.text.OLED_Send</name>
         <load_address>0x1338</load_address>
         <readonly>true</readonly>
         <executable>true</executable>
         <run_address>0x1338</run_address>
         <size>0x36</size>
         <alignment>0x2</alignment>
         <input_file_ref idref="fl-4"/>
      </object_component>
      <object_component id="oc-127">
         <name>.text.DL_GPIO_initDigitalInputFeatures</name>
         <load_address>0x1370</load_address>
         <readonly>true</readonly>
         <executable>true</executable>
         <run_address>0x1370</run_address>
         <size>0x34</size>
         <alignment>0x4</alignment>
         <input_file_ref idref="fl-2"/>
      </object_component>
      <object_component id="oc-e3">
         <name>.text.SYSCFG_DL_TIMER_0_init</name>
         <load_address>0x13a4</load_address>
         <readonly>true</readonly>
         <executable>true</executable>
         <run_address>0x13a4</run_address>
         <size>0x34</size>
         <alignment>0x4</alignment>
         <input_file_ref idref="fl-2"/>
      </object_component>
      <object_component id="oc-39">
         <name>.text.UART0_IRQHandler</name>
         <load_address>0x13d8</load_address>
         <readonly>true</readonly>
         <executable>true</executable>
         <run_address>0x13d8</run_address>
         <size>0x30</size>
         <alignment>0x4</alignment>
         <input_file_ref idref="fl-8"/>
      </object_component>
      <object_component id="oc-e5">
         <name>.text.SYSCFG_DL_I2C_TRACE_init</name>
         <load_address>0x1408</load_address>
         <readonly>true</readonly>
         <executable>true</executable>
         <run_address>0x1408</run_address>
         <size>0x2c</size>
         <alignment>0x4</alignment>
         <input_file_ref idref="fl-2"/>
      </object_component>
      <object_component id="oc-a7">
         <name>.text.__NVIC_ClearPendingIRQ</name>
         <load_address>0x1434</load_address>
         <readonly>true</readonly>
         <executable>true</executable>
         <run_address>0x1434</run_address>
         <size>0x2c</size>
         <alignment>0x4</alignment>
         <input_file_ref idref="fl-1"/>
      </object_component>
      <object_component id="oc-a8">
         <name>.text.__NVIC_EnableIRQ</name>
         <load_address>0x1460</load_address>
         <readonly>true</readonly>
         <executable>true</executable>
         <run_address>0x1460</run_address>
         <size>0x2c</size>
         <alignment>0x4</alignment>
         <input_file_ref idref="fl-1"/>
      </object_component>
      <object_component id="oc-6c">
         <name>.text.uart0_send_char</name>
         <load_address>0x148c</load_address>
         <readonly>true</readonly>
         <executable>true</executable>
         <run_address>0x148c</run_address>
         <size>0x2c</size>
         <alignment>0x4</alignment>
         <input_file_ref idref="fl-8"/>
      </object_component>
      <object_component id="oc-1ad">
         <name>.text.DL_Common_updateReg</name>
         <load_address>0x14b8</load_address>
         <readonly>true</readonly>
         <executable>true</executable>
         <run_address>0x14b8</run_address>
         <size>0x28</size>
         <alignment>0x2</alignment>
         <input_file_ref idref="fl-4"/>
      </object_component>
      <object_component id="oc-179">
         <name>.text.DL_Common_updateReg</name>
         <load_address>0x14e0</load_address>
         <readonly>true</readonly>
         <executable>true</executable>
         <run_address>0x14e0</run_address>
         <size>0x28</size>
         <alignment>0x2</alignment>
         <input_file_ref idref="fl-2"/>
      </object_component>
      <object_component id="oc-14a">
         <name>.text.DL_I2C_setControllerRXFIFOThreshold</name>
         <load_address>0x1508</load_address>
         <readonly>true</readonly>
         <executable>true</executable>
         <run_address>0x1508</run_address>
         <size>0x28</size>
         <alignment>0x4</alignment>
         <input_file_ref idref="fl-2"/>
      </object_component>
      <object_component id="oc-149">
         <name>.text.DL_I2C_setControllerTXFIFOThreshold</name>
         <load_address>0x1530</load_address>
         <readonly>true</readonly>
         <executable>true</executable>
         <run_address>0x1530</run_address>
         <size>0x28</size>
         <alignment>0x4</alignment>
         <input_file_ref idref="fl-2"/>
      </object_component>
      <object_component id="oc-5e">
         <name>.text:_c_int00_noargs</name>
         <load_address>0x1558</load_address>
         <readonly>true</readonly>
         <executable>true</executable>
         <run_address>0x1558</run_address>
         <size>0x28</size>
         <alignment>0x4</alignment>
         <input_file_ref idref="fl-36"/>
      </object_component>
      <object_component id="oc-145">
         <name>.text.DL_I2C_setAnalogGlitchFilterPulseWidth</name>
         <load_address>0x1580</load_address>
         <readonly>true</readonly>
         <executable>true</executable>
         <run_address>0x1580</run_address>
         <size>0x26</size>
         <alignment>0x2</alignment>
         <input_file_ref idref="fl-2"/>
      </object_component>
      <object_component id="oc-13f">
         <name>.text.DL_I2C_setClockConfig</name>
         <load_address>0x15a6</load_address>
         <readonly>true</readonly>
         <executable>true</executable>
         <run_address>0x15a6</run_address>
         <size>0x26</size>
         <alignment>0x2</alignment>
         <input_file_ref idref="fl-1b"/>
      </object_component>
      <object_component id="oc-9d">
         <name>.text.SYSCFG_DL_init</name>
         <load_address>0x15cc</load_address>
         <readonly>true</readonly>
         <executable>true</executable>
         <run_address>0x15cc</run_address>
         <size>0x24</size>
         <alignment>0x2</alignment>
         <input_file_ref idref="fl-2"/>
      </object_component>
      <object_component id="oc-3e">
         <name>.text.TIMG0_IRQHandler</name>
         <load_address>0x15f0</load_address>
         <readonly>true</readonly>
         <executable>true</executable>
         <run_address>0x15f0</run_address>
         <size>0x24</size>
         <alignment>0x4</alignment>
         <input_file_ref idref="fl-7"/>
      </object_component>
      <object_component id="oc-e1">
         <name>.text.SYSCFG_DL_SYSCTL_init</name>
         <load_address>0x1614</load_address>
         <readonly>true</readonly>
         <executable>true</executable>
         <run_address>0x1614</run_address>
         <size>0x22</size>
         <alignment>0x2</alignment>
         <input_file_ref idref="fl-2"/>
      </object_component>
      <object_component id="oc-183">
         <name>.text.memccpy</name>
         <load_address>0x1636</load_address>
         <readonly>true</readonly>
         <executable>true</executable>
         <run_address>0x1636</run_address>
         <size>0x22</size>
         <alignment>0x2</alignment>
         <input_file_ref idref="fl-4a"/>
      </object_component>
      <object_component id="oc-125">
         <name>.text.DL_GPIO_initPeripheralInputFunction</name>
         <load_address>0x1658</load_address>
         <readonly>true</readonly>
         <executable>true</executable>
         <run_address>0x1658</run_address>
         <size>0x20</size>
         <alignment>0x4</alignment>
         <input_file_ref idref="fl-2"/>
      </object_component>
      <object_component id="oc-f7">
         <name>.text.memcmp</name>
         <load_address>0x1678</load_address>
         <readonly>true</readonly>
         <executable>true</executable>
         <run_address>0x1678</run_address>
         <size>0x20</size>
         <alignment>0x2</alignment>
         <input_file_ref idref="fl-35"/>
      </object_component>
      <object_component id="oc-156">
         <name>.text.DL_UART_setOversampling</name>
         <load_address>0x1698</load_address>
         <readonly>true</readonly>
         <executable>true</executable>
         <run_address>0x1698</run_address>
         <size>0x1e</size>
         <alignment>0x2</alignment>
         <input_file_ref idref="fl-2"/>
      </object_component>
      <object_component id="oc-12b">
         <name>.text.DL_GPIO_clearInterruptStatus</name>
         <load_address>0x16b8</load_address>
         <readonly>true</readonly>
         <executable>true</executable>
         <run_address>0x16b8</run_address>
         <size>0x1c</size>
         <alignment>0x4</alignment>
         <input_file_ref idref="fl-2"/>
      </object_component>
      <object_component id="oc-124">
         <name>.text.DL_GPIO_enableHiZ</name>
         <load_address>0x16d4</load_address>
         <readonly>true</readonly>
         <executable>true</executable>
         <run_address>0x16d4</run_address>
         <size>0x1c</size>
         <alignment>0x4</alignment>
         <input_file_ref idref="fl-2"/>
      </object_component>
      <object_component id="oc-12c">
         <name>.text.DL_GPIO_enableInterrupt</name>
         <load_address>0x16f0</load_address>
         <readonly>true</readonly>
         <executable>true</executable>
         <run_address>0x16f0</run_address>
         <size>0x1c</size>
         <alignment>0x4</alignment>
         <input_file_ref idref="fl-2"/>
      </object_component>
      <object_component id="oc-121">
         <name>.text.DL_GPIO_initPeripheralOutputFunction</name>
         <load_address>0x170c</load_address>
         <readonly>true</readonly>
         <executable>true</executable>
         <run_address>0x170c</run_address>
         <size>0x1c</size>
         <alignment>0x4</alignment>
         <input_file_ref idref="fl-2"/>
      </object_component>
      <object_component id="oc-65">
         <name>.text.DL_Interrupt_getPendingGroup</name>
         <load_address>0x1728</load_address>
         <readonly>true</readonly>
         <executable>true</executable>
         <run_address>0x1728</run_address>
         <size>0x1c</size>
         <alignment>0x4</alignment>
         <input_file_ref idref="fl-6"/>
      </object_component>
      <object_component id="oc-12e">
         <name>.text.DL_SYSCTL_setSYSOSCFreq</name>
         <load_address>0x1744</load_address>
         <readonly>true</readonly>
         <executable>true</executable>
         <run_address>0x1744</run_address>
         <size>0x1c</size>
         <alignment>0x4</alignment>
         <input_file_ref idref="fl-2"/>
      </object_component>
      <object_component id="oc-13c">
         <name>.text.DL_Timer_enableInterrupt</name>
         <load_address>0x1760</load_address>
         <readonly>true</readonly>
         <executable>true</executable>
         <run_address>0x1760</run_address>
         <size>0x1c</size>
         <alignment>0x4</alignment>
         <input_file_ref idref="fl-2"/>
      </object_component>
      <object_component id="oc-136">
         <name>.text.DL_Timer_setCaptCompUpdateMethod</name>
         <load_address>0x177c</load_address>
         <readonly>true</readonly>
         <executable>true</executable>
         <run_address>0x177c</run_address>
         <size>0x1c</size>
         <alignment>0x4</alignment>
         <input_file_ref idref="fl-1c"/>
      </object_component>
      <object_component id="oc-132">
         <name>.text.DL_Timer_setClockConfig</name>
         <load_address>0x1798</load_address>
         <readonly>true</readonly>
         <executable>true</executable>
         <run_address>0x1798</run_address>
         <size>0x1c</size>
         <alignment>0x4</alignment>
         <input_file_ref idref="fl-1c"/>
      </object_component>
      <object_component id="oc-158">
         <name>.text.DL_UART_enableInterrupt</name>
         <load_address>0x17b4</load_address>
         <readonly>true</readonly>
         <executable>true</executable>
         <run_address>0x17b4</run_address>
         <size>0x1c</size>
         <alignment>0x4</alignment>
         <input_file_ref idref="fl-2"/>
      </object_component>
      <object_component id="oc-122">
         <name>.text.DL_GPIO_enableOutput</name>
         <load_address>0x17d0</load_address>
         <readonly>true</readonly>
         <executable>true</executable>
         <run_address>0x17d0</run_address>
         <size>0x18</size>
         <alignment>0x4</alignment>
         <input_file_ref idref="fl-2"/>
      </object_component>
      <object_component id="oc-11c">
         <name>.text.DL_GPIO_enablePower</name>
         <load_address>0x17e8</load_address>
         <readonly>true</readonly>
         <executable>true</executable>
         <run_address>0x17e8</run_address>
         <size>0x18</size>
         <alignment>0x4</alignment>
         <input_file_ref idref="fl-2"/>
      </object_component>
      <object_component id="oc-126">
         <name>.text.DL_GPIO_initDigitalOutput</name>
         <load_address>0x1800</load_address>
         <readonly>true</readonly>
         <executable>true</executable>
         <run_address>0x1800</run_address>
         <size>0x18</size>
         <alignment>0x4</alignment>
         <input_file_ref idref="fl-2"/>
      </object_component>
      <object_component id="oc-117">
         <name>.text.DL_GPIO_reset</name>
         <load_address>0x1818</load_address>
         <readonly>true</readonly>
         <executable>true</executable>
         <run_address>0x1818</run_address>
         <size>0x18</size>
         <alignment>0x4</alignment>
         <input_file_ref idref="fl-2"/>
      </object_component>
      <object_component id="oc-129">
         <name>.text.DL_GPIO_setPins</name>
         <load_address>0x1830</load_address>
         <readonly>true</readonly>
         <executable>true</executable>
         <run_address>0x1830</run_address>
         <size>0x18</size>
         <alignment>0x4</alignment>
         <input_file_ref idref="fl-2"/>
      </object_component>
      <object_component id="oc-12a">
         <name>.text.DL_GPIO_setUpperPinsPolarity</name>
         <load_address>0x1848</load_address>
         <readonly>true</readonly>
         <executable>true</executable>
         <run_address>0x1848</run_address>
         <size>0x18</size>
         <alignment>0x2</alignment>
         <input_file_ref idref="fl-2"/>
      </object_component>
      <object_component id="oc-146">
         <name>.text.DL_I2C_enableAnalogGlitchFilter</name>
         <load_address>0x1860</load_address>
         <readonly>true</readonly>
         <executable>true</executable>
         <run_address>0x1860</run_address>
         <size>0x18</size>
         <alignment>0x2</alignment>
         <input_file_ref idref="fl-2"/>
      </object_component>
      <object_component id="oc-14c">
         <name>.text.DL_I2C_enableController</name>
         <load_address>0x1878</load_address>
         <readonly>true</readonly>
         <executable>true</executable>
         <run_address>0x1878</run_address>
         <size>0x18</size>
         <alignment>0x4</alignment>
         <input_file_ref idref="fl-2"/>
      </object_component>
      <object_component id="oc-14b">
         <name>.text.DL_I2C_enableControllerClockStretching</name>
         <load_address>0x1890</load_address>
         <readonly>true</readonly>
         <executable>true</executable>
         <run_address>0x1890</run_address>
         <size>0x18</size>
         <alignment>0x4</alignment>
         <input_file_ref idref="fl-2"/>
      </object_component>
      <object_component id="oc-11e">
         <name>.text.DL_I2C_enablePower</name>
         <load_address>0x18a8</load_address>
         <readonly>true</readonly>
         <executable>true</executable>
         <run_address>0x18a8</run_address>
         <size>0x18</size>
         <alignment>0x4</alignment>
         <input_file_ref idref="fl-2"/>
      </object_component>
      <object_component id="oc-119">
         <name>.text.DL_I2C_reset</name>
         <load_address>0x18c0</load_address>
         <readonly>true</readonly>
         <executable>true</executable>
         <run_address>0x18c0</run_address>
         <size>0x18</size>
         <alignment>0x4</alignment>
         <input_file_ref idref="fl-2"/>
      </object_component>
      <object_component id="oc-148">
         <name>.text.DL_I2C_setTimerPeriod</name>
         <load_address>0x18d8</load_address>
         <readonly>true</readonly>
         <executable>true</executable>
         <run_address>0x18d8</run_address>
         <size>0x18</size>
         <alignment>0x4</alignment>
         <input_file_ref idref="fl-2"/>
      </object_component>
      <object_component id="oc-120">
         <name>.text.DL_MathACL_enablePower</name>
         <load_address>0x18f0</load_address>
         <readonly>true</readonly>
         <executable>true</executable>
         <run_address>0x18f0</run_address>
         <size>0x18</size>
         <alignment>0x4</alignment>
         <input_file_ref idref="fl-2"/>
      </object_component>
      <object_component id="oc-11b">
         <name>.text.DL_MathACL_reset</name>
         <load_address>0x1908</load_address>
         <readonly>true</readonly>
         <executable>true</executable>
         <run_address>0x1908</run_address>
         <size>0x18</size>
         <alignment>0x4</alignment>
         <input_file_ref idref="fl-2"/>
      </object_component>
      <object_component id="oc-12d">
         <name>.text.DL_SYSCTL_setBORThreshold</name>
         <load_address>0x1920</load_address>
         <readonly>true</readonly>
         <executable>true</executable>
         <run_address>0x1920</run_address>
         <size>0x18</size>
         <alignment>0x4</alignment>
         <input_file_ref idref="fl-2"/>
      </object_component>
      <object_component id="oc-11d">
         <name>.text.DL_Timer_enablePower</name>
         <load_address>0x1938</load_address>
         <readonly>true</readonly>
         <executable>true</executable>
         <run_address>0x1938</run_address>
         <size>0x18</size>
         <alignment>0x4</alignment>
         <input_file_ref idref="fl-2"/>
      </object_component>
      <object_component id="oc-118">
         <name>.text.DL_Timer_reset</name>
         <load_address>0x1950</load_address>
         <readonly>true</readonly>
         <executable>true</executable>
         <run_address>0x1950</run_address>
         <size>0x18</size>
         <alignment>0x4</alignment>
         <input_file_ref idref="fl-2"/>
      </object_component>
      <object_component id="oc-135">
         <name>.text.DL_Timer_setCaptureCompareOutCtl</name>
         <load_address>0x1968</load_address>
         <readonly>true</readonly>
         <executable>true</executable>
         <run_address>0x1968</run_address>
         <size>0x18</size>
         <alignment>0x4</alignment>
         <input_file_ref idref="fl-1c"/>
      </object_component>
      <object_component id="oc-11f">
         <name>.text.DL_UART_enablePower</name>
         <load_address>0x1980</load_address>
         <readonly>true</readonly>
         <executable>true</executable>
         <run_address>0x1980</run_address>
         <size>0x18</size>
         <alignment>0x4</alignment>
         <input_file_ref idref="fl-2"/>
      </object_component>
      <object_component id="oc-91">
         <name>.text.DL_UART_isBusy</name>
         <load_address>0x1998</load_address>
         <readonly>true</readonly>
         <executable>true</executable>
         <run_address>0x1998</run_address>
         <size>0x18</size>
         <alignment>0x4</alignment>
         <input_file_ref idref="fl-8"/>
      </object_component>
      <object_component id="oc-11a">
         <name>.text.DL_UART_reset</name>
         <load_address>0x19b0</load_address>
         <readonly>true</readonly>
         <executable>true</executable>
         <run_address>0x19b0</run_address>
         <size>0x18</size>
         <alignment>0x4</alignment>
         <input_file_ref idref="fl-2"/>
      </object_component>
      <object_component id="oc-f1">
         <name>.text._outs</name>
         <load_address>0x19c8</load_address>
         <readonly>true</readonly>
         <executable>true</executable>
         <run_address>0x19c8</run_address>
         <size>0x18</size>
         <alignment>0x2</alignment>
         <input_file_ref idref="fl-34"/>
      </object_component>
      <object_component id="oc-66">
         <name>.text.DL_GPIO_readPins</name>
         <load_address>0x19e0</load_address>
         <readonly>true</readonly>
         <executable>true</executable>
         <run_address>0x19e0</run_address>
         <size>0x16</size>
         <alignment>0x2</alignment>
         <input_file_ref idref="fl-6"/>
      </object_component>
      <object_component id="oc-159">
         <name>.text.DL_UART_enable</name>
         <load_address>0x19f6</load_address>
         <readonly>true</readonly>
         <executable>true</executable>
         <run_address>0x19f6</run_address>
         <size>0x16</size>
         <alignment>0x2</alignment>
         <input_file_ref idref="fl-2"/>
      </object_component>
      <object_component id="oc-92">
         <name>.text.DL_UART_transmitData</name>
         <load_address>0x1a0c</load_address>
         <readonly>true</readonly>
         <executable>true</executable>
         <run_address>0x1a0c</run_address>
         <size>0x16</size>
         <alignment>0x2</alignment>
         <input_file_ref idref="fl-8"/>
      </object_component>
      <object_component id="oc-ed">
         <name>.text.OLED_SendCmd</name>
         <load_address>0x1a22</load_address>
         <readonly>true</readonly>
         <executable>true</executable>
         <run_address>0x1a22</run_address>
         <size>0x16</size>
         <alignment>0x2</alignment>
         <input_file_ref idref="fl-4"/>
      </object_component>
      <object_component id="oc-128">
         <name>.text.DL_GPIO_clearPins</name>
         <load_address>0x1a38</load_address>
         <readonly>true</readonly>
         <executable>true</executable>
         <run_address>0x1a38</run_address>
         <size>0x14</size>
         <alignment>0x2</alignment>
         <input_file_ref idref="fl-2"/>
      </object_component>
      <object_component id="oc-17e">
         <name>.text.DL_I2C_getControllerStatus</name>
         <load_address>0x1a4c</load_address>
         <readonly>true</readonly>
         <executable>true</executable>
         <run_address>0x1a4c</run_address>
         <size>0x14</size>
         <alignment>0x4</alignment>
         <input_file_ref idref="fl-4"/>
      </object_component>
      <object_component id="oc-147">
         <name>.text.DL_I2C_resetControllerTransfer</name>
         <load_address>0x1a60</load_address>
         <readonly>true</readonly>
         <executable>true</executable>
         <run_address>0x1a60</run_address>
         <size>0x14</size>
         <alignment>0x4</alignment>
         <input_file_ref idref="fl-2"/>
      </object_component>
      <object_component id="oc-130">
         <name>.text.DL_SYSCTL_disableSYSPLL</name>
         <load_address>0x1a74</load_address>
         <readonly>true</readonly>
         <executable>true</executable>
         <run_address>0x1a74</run_address>
         <size>0x14</size>
         <alignment>0x4</alignment>
         <input_file_ref idref="fl-2"/>
      </object_component>
      <object_component id="oc-131">
         <name>.text.DL_SYSCTL_enableMFCLK</name>
         <load_address>0x1a88</load_address>
         <readonly>true</readonly>
         <executable>true</executable>
         <run_address>0x1a88</run_address>
         <size>0x14</size>
         <alignment>0x4</alignment>
         <input_file_ref idref="fl-2"/>
      </object_component>
      <object_component id="oc-137">
         <name>.text.DL_Timer_enableClock</name>
         <load_address>0x1a9c</load_address>
         <readonly>true</readonly>
         <executable>true</executable>
         <run_address>0x1a9c</run_address>
         <size>0x14</size>
         <alignment>0x4</alignment>
         <input_file_ref idref="fl-2"/>
      </object_component>
      <object_component id="oc-138">
         <name>.text.DL_Timer_setCCPDirection</name>
         <load_address>0x1ab0</load_address>
         <readonly>true</readonly>
         <executable>true</executable>
         <run_address>0x1ab0</run_address>
         <size>0x14</size>
         <alignment>0x2</alignment>
         <input_file_ref idref="fl-2"/>
      </object_component>
      <object_component id="oc-6b">
         <name>.text.DL_UART_receiveData</name>
         <load_address>0x1ac4</load_address>
         <readonly>true</readonly>
         <executable>true</executable>
         <run_address>0x1ac4</run_address>
         <size>0x14</size>
         <alignment>0x4</alignment>
         <input_file_ref idref="fl-8"/>
      </object_component>
      <object_component id="oc-af">
         <name>.text.OLED_NewFrame</name>
         <load_address>0x1ad8</load_address>
         <readonly>true</readonly>
         <executable>true</executable>
         <run_address>0x1ad8</run_address>
         <size>0x14</size>
         <alignment>0x4</alignment>
         <input_file_ref idref="fl-4"/>
      </object_component>
      <object_component id="oc-70">
         <name>.text.DL_Timer_getPendingInterrupt</name>
         <load_address>0x1aec</load_address>
         <readonly>true</readonly>
         <executable>true</executable>
         <run_address>0x1aec</run_address>
         <size>0x12</size>
         <alignment>0x2</alignment>
         <input_file_ref idref="fl-7"/>
      </object_component>
      <object_component id="oc-6a">
         <name>.text.DL_UART_getPendingInterrupt</name>
         <load_address>0x1afe</load_address>
         <readonly>true</readonly>
         <executable>true</executable>
         <run_address>0x1afe</run_address>
         <size>0x12</size>
         <alignment>0x2</alignment>
         <input_file_ref idref="fl-8"/>
      </object_component>
      <object_component id="oc-14f">
         <name>.text.DL_UART_setClockConfig</name>
         <load_address>0x1b10</load_address>
         <readonly>true</readonly>
         <executable>true</executable>
         <run_address>0x1b10</run_address>
         <size>0x12</size>
         <alignment>0x2</alignment>
         <input_file_ref idref="fl-1d"/>
      </object_component>
      <object_component id="oc-93">
         <name>.text:TI_memcpy_small</name>
         <load_address>0x1b22</load_address>
         <readonly>true</readonly>
         <executable>true</executable>
         <run_address>0x1b22</run_address>
         <size>0x12</size>
         <alignment>0x1</alignment>
         <input_file_ref idref="fl-115"/>
      </object_component>
      <object_component id="oc-20">
         <name>.text:decompress:none</name>
         <load_address>0x1b34</load_address>
         <readonly>true</readonly>
         <executable>true</executable>
         <run_address>0x1b34</run_address>
         <size>0x12</size>
         <alignment>0x2</alignment>
         <input_file_ref idref="fl-3c"/>
      </object_component>
      <object_component id="oc-12f">
         <name>.text.DL_SYSCTL_disableHFXT</name>
         <load_address>0x1b48</load_address>
         <readonly>true</readonly>
         <executable>true</executable>
         <run_address>0x1b48</run_address>
         <size>0x10</size>
         <alignment>0x4</alignment>
         <input_file_ref idref="fl-2"/>
      </object_component>
      <object_component id="oc-b2">
         <name>.text.DL_Timer_setCaptureCompareValue</name>
         <load_address>0x1b58</load_address>
         <readonly>true</readonly>
         <executable>true</executable>
         <run_address>0x1b58</run_address>
         <size>0x10</size>
         <alignment>0x4</alignment>
         <input_file_ref idref="fl-1c"/>
      </object_component>
      <object_component id="oc-5b">
         <name>.text:decompress:ZI</name>
         <load_address>0x1b68</load_address>
         <readonly>true</readonly>
         <executable>true</executable>
         <run_address>0x1b68</run_address>
         <size>0x10</size>
         <alignment>0x2</alignment>
         <input_file_ref idref="fl-3b"/>
      </object_component>
      <object_component id="oc-182">
         <name>.text.__aeabi_memset</name>
         <load_address>0x1b78</load_address>
         <readonly>true</readonly>
         <executable>true</executable>
         <run_address>0x1b78</run_address>
         <size>0xe</size>
         <alignment>0x4</alignment>
         <input_file_ref idref="fl-10d"/>
      </object_component>
      <object_component id="oc-181">
         <name>.text.strlen</name>
         <load_address>0x1b86</load_address>
         <readonly>true</readonly>
         <executable>true</executable>
         <run_address>0x1b86</run_address>
         <size>0xe</size>
         <alignment>0x2</alignment>
         <input_file_ref idref="fl-3e"/>
      </object_component>
      <object_component id="oc-d9">
         <name>.text:TI_memset_small</name>
         <load_address>0x1b94</load_address>
         <readonly>true</readonly>
         <executable>true</executable>
         <run_address>0x1b94</run_address>
         <size>0xe</size>
         <alignment>0x1</alignment>
         <input_file_ref idref="fl-116"/>
      </object_component>
      <object_component id="oc-79">
         <name>.text.__aeabi_memclr</name>
         <load_address>0x1ba4</load_address>
         <readonly>true</readonly>
         <executable>true</executable>
         <run_address>0x1ba4</run_address>
         <size>0xc</size>
         <alignment>0x4</alignment>
         <input_file_ref idref="fl-10d"/>
      </object_component>
      <object_component id="oc-e9">
         <name>.text.DL_Common_delayCycles</name>
         <load_address>0x1bb0</load_address>
         <readonly>true</readonly>
         <executable>true</executable>
         <run_address>0x1bb0</run_address>
         <size>0xa</size>
         <alignment>0x2</alignment>
         <input_file_ref idref="fl-1a"/>
      </object_component>
      <object_component id="oc-f2">
         <name>.text._outc</name>
         <load_address>0x1bba</load_address>
         <readonly>true</readonly>
         <executable>true</executable>
         <run_address>0x1bba</run_address>
         <size>0xa</size>
         <alignment>0x2</alignment>
         <input_file_ref idref="fl-34"/>
      </object_component>
      <object_component id="oc-4e">
         <name>.text.__aeabi_memcpy</name>
         <load_address>0x1bc4</load_address>
         <readonly>true</readonly>
         <executable>true</executable>
         <run_address>0x1bc4</run_address>
         <size>0x8</size>
         <alignment>0x4</alignment>
         <input_file_ref idref="fl-10c"/>
      </object_component>
      <object_component id="oc-bf">
         <name>.text:abort</name>
         <load_address>0x1bcc</load_address>
         <readonly>true</readonly>
         <executable>true</executable>
         <run_address>0x1bcc</run_address>
         <size>0x6</size>
         <alignment>0x2</alignment>
         <input_file_ref idref="fl-43"/>
      </object_component>
      <object_component id="oc-33">
         <name>.text.Default_Handler</name>
         <load_address>0x1bd2</load_address>
         <readonly>true</readonly>
         <executable>true</executable>
         <run_address>0x1bd2</run_address>
         <size>0x4</size>
         <alignment>0x2</alignment>
         <input_file_ref idref="fl-3"/>
      </object_component>
      <object_component id="oc-106">
         <name>.text.HOSTexit</name>
         <load_address>0x1bd6</load_address>
         <readonly>true</readonly>
         <executable>true</executable>
         <run_address>0x1bd6</run_address>
         <size>0x4</size>
         <alignment>0x2</alignment>
         <input_file_ref idref="fl-f3"/>
      </object_component>
      <object_component id="oc-2f">
         <name>.text.Reset_Handler</name>
         <load_address>0x1bda</load_address>
         <readonly>true</readonly>
         <executable>true</executable>
         <run_address>0x1bda</run_address>
         <size>0x4</size>
         <alignment>0x2</alignment>
         <input_file_ref idref="fl-3"/>
      </object_component>
      <object_component id="oc-7e">
         <name>.text._system_pre_init</name>
         <load_address>0x1bde</load_address>
         <readonly>true</readonly>
         <executable>true</executable>
         <run_address>0x1bde</run_address>
         <size>0x4</size>
         <alignment>0x2</alignment>
         <input_file_ref idref="fl-39"/>
      </object_component>
      <object_component id="oc-25d">
         <name>__TI_handler_table</name>
         <load_address>0x23b0</load_address>
         <readonly>true</readonly>
         <run_address>0x23b0</run_address>
         <size>0xc</size>
         <alignment>0x4</alignment>
      </object_component>
      <object_component id="oc-25f">
         <name>.cinit..data.load</name>
         <load_address>0x23bc</load_address>
         <readonly>true</readonly>
         <run_address>0x23bc</run_address>
         <size>0xa</size>
         <alignment>0x1</alignment>
      </object_component>
      <object_component id="oc-260">
         <name>.cinit..bss.load</name>
         <load_address>0x23c8</load_address>
         <readonly>true</readonly>
         <run_address>0x23c8</run_address>
         <size>0x8</size>
         <alignment>0x4</alignment>
      </object_component>
      <object_component id="oc-25e">
         <name>__TI_cinit_table</name>
         <load_address>0x23d0</load_address>
         <readonly>true</readonly>
         <run_address>0x23d0</run_address>
         <size>0x10</size>
         <alignment>0x4</alignment>
      </object_component>
      <object_component id="oc-16d">
         <name>.rodata.ascii_16x8</name>
         <load_address>0x1be8</load_address>
         <readonly>true</readonly>
         <run_address>0x1be8</run_address>
         <size>0x5f0</size>
         <alignment>0x1</alignment>
         <input_file_ref idref="fl-5"/>
      </object_component>
      <object_component id="oc-101">
         <name>.rodata.zh16x16</name>
         <load_address>0x21d8</load_address>
         <readonly>true</readonly>
         <run_address>0x21d8</run_address>
         <size>0x144</size>
         <alignment>0x1</alignment>
         <input_file_ref idref="fl-5"/>
      </object_component>
      <object_component id="oc-13e">
         <name>.rodata.gTIMER_0TimerConfig</name>
         <load_address>0x231c</load_address>
         <readonly>true</readonly>
         <run_address>0x231c</run_address>
         <size>0x14</size>
         <alignment>0x4</alignment>
         <input_file_ref idref="fl-2"/>
      </object_component>
      <object_component id="oc-72">
         <name>.rodata.str1.1416508468411948226.1</name>
         <load_address>0x2330</load_address>
         <readonly>true</readonly>
         <run_address>0x2330</run_address>
         <size>0x13</size>
         <alignment>0x1</alignment>
         <input_file_ref idref="fl-7"/>
      </object_component>
      <object_component id="oc-b8">
         <name>.rodata.str1.9517790425240694019.1</name>
         <load_address>0x2343</load_address>
         <readonly>true</readonly>
         <run_address>0x2343</run_address>
         <size>0x13</size>
         <alignment>0x1</alignment>
         <input_file_ref idref="fl-1"/>
      </object_component>
      <object_component id="oc-187">
         <name>.rodata.str1.15363888844622738466.1</name>
         <load_address>0x2356</load_address>
         <readonly>true</readonly>
         <run_address>0x2356</run_address>
         <size>0x11</size>
         <alignment>0x1</alignment>
         <input_file_ref idref="fl-3e"/>
      </object_component>
      <object_component id="oc-bb">
         <name>.rodata.font16x16</name>
         <load_address>0x2368</load_address>
         <readonly>true</readonly>
         <run_address>0x2368</run_address>
         <size>0x10</size>
         <alignment>0x4</alignment>
         <input_file_ref idref="fl-5"/>
      </object_component>
      <object_component id="oc-ba">
         <name>.rodata.str1.254342170260855183.1</name>
         <load_address>0x2378</load_address>
         <readonly>true</readonly>
         <run_address>0x2378</run_address>
         <size>0xd</size>
         <alignment>0x1</alignment>
         <input_file_ref idref="fl-1"/>
      </object_component>
      <object_component id="oc-15b">
         <name>.rodata.gUART_0Config</name>
         <load_address>0x2386</load_address>
         <readonly>true</readonly>
         <run_address>0x2386</run_address>
         <size>0xa</size>
         <alignment>0x2</alignment>
         <input_file_ref idref="fl-2"/>
      </object_component>
      <object_component id="oc-102">
         <name>.rodata.afont16x8</name>
         <load_address>0x2390</load_address>
         <readonly>true</readonly>
         <run_address>0x2390</run_address>
         <size>0x8</size>
         <alignment>0x4</alignment>
         <input_file_ref idref="fl-5"/>
      </object_component>
      <object_component id="oc-13a">
         <name>.rodata.gPWM_MOTORConfig</name>
         <load_address>0x2398</load_address>
         <readonly>true</readonly>
         <run_address>0x2398</run_address>
         <size>0x8</size>
         <alignment>0x4</alignment>
         <input_file_ref idref="fl-2"/>
      </object_component>
      <object_component id="oc-139">
         <name>.rodata.gPWM_MOTORClockConfig</name>
         <load_address>0x23a0</load_address>
         <readonly>true</readonly>
         <run_address>0x23a0</run_address>
         <size>0x3</size>
         <alignment>0x1</alignment>
         <input_file_ref idref="fl-2"/>
      </object_component>
      <object_component id="oc-13d">
         <name>.rodata.gTIMER_0ClockConfig</name>
         <load_address>0x23a3</load_address>
         <readonly>true</readonly>
         <run_address>0x23a3</run_address>
         <size>0x3</size>
         <alignment>0x1</alignment>
         <input_file_ref idref="fl-2"/>
      </object_component>
      <object_component id="oc-14d">
         <name>.rodata.gI2C_0ClockConfig</name>
         <load_address>0x23a6</load_address>
         <readonly>true</readonly>
         <run_address>0x23a6</run_address>
         <size>0x2</size>
         <alignment>0x1</alignment>
         <input_file_ref idref="fl-2"/>
      </object_component>
      <object_component id="oc-14e">
         <name>.rodata.gI2C_TRACEClockConfig</name>
         <load_address>0x23a8</load_address>
         <readonly>true</readonly>
         <run_address>0x23a8</run_address>
         <size>0x2</size>
         <alignment>0x1</alignment>
         <input_file_ref idref="fl-2"/>
      </object_component>
      <object_component id="oc-15a">
         <name>.rodata.gUART_0ClockConfig</name>
         <load_address>0x23aa</load_address>
         <readonly>true</readonly>
         <run_address>0x23aa</run_address>
         <size>0x2</size>
         <alignment>0x1</alignment>
         <input_file_ref idref="fl-2"/>
      </object_component>
      <object_component id="oc-225">
         <name>.binit</name>
         <load_address>0x0</load_address>
         <readonly>true</readonly>
         <run_address>0x0</run_address>
         <size>0x0</size>
         <alignment>0x4</alignment>
      </object_component>
      <object_component id="oc-b9">
         <name>.data.message</name>
         <load_address>0x20200488</load_address>
         <readwrite>true</readwrite>
         <run_address>0x20200488</run_address>
         <size>0xff</size>
         <alignment>0x1</alignment>
         <input_file_ref idref="fl-1"/>
      </object_component>
      <object_component id="oc-6d">
         <name>.data.uart_data</name>
         <load_address>0x20200587</load_address>
         <readwrite>true</readwrite>
         <run_address>0x20200587</run_address>
         <size>0x1</size>
         <alignment>0x1</alignment>
         <input_file_ref idref="fl-8"/>
      </object_component>
      <object_component id="oc-fe">
         <name>.bss.OLED_ShowFrame.sendBuffer</name>
         <uninitialized>true</uninitialized>
         <readwrite>true</readwrite>
         <run_address>0x20200400</run_address>
         <size>0x81</size>
         <alignment>0x1</alignment>
         <input_file_ref idref="fl-4"/>
      </object_component>
      <object_component id="oc-1fb">
         <name>.bss.OLED_SetByte_Fine.temp</name>
         <uninitialized>true</uninitialized>
         <readwrite>true</readwrite>
         <run_address>0x20200481</run_address>
         <size>0x1</size>
         <alignment>0x1</alignment>
         <input_file_ref idref="fl-4"/>
      </object_component>
      <object_component id="oc-f5">
         <name>.common:OLED_GRAM</name>
         <uninitialized>true</uninitialized>
         <readwrite>true</readwrite>
         <run_address>0x20200000</run_address>
         <size>0x400</size>
         <alignment>0x1</alignment>
      </object_component>
      <object_component id="oc-67">
         <name>.common:distance1</name>
         <uninitialized>true</uninitialized>
         <readwrite>true</readwrite>
         <run_address>0x20200484</run_address>
         <size>0x4</size>
         <alignment>0x4</alignment>
      </object_component>
      <object_component id="oc-1a">
         <name>.stack</name>
         <uninitialized>true</uninitialized>
         <readwrite>true</readwrite>
         <run_address>0x20207e00</run_address>
         <size>0x4</size>
         <alignment>0x4</alignment>
         <input_file_ref idref="fl-36"/>
      </object_component>
      <object_component id="oc-262">
         <name>.stack</name>
         <uninitialized>true</uninitialized>
         <readwrite>true</readwrite>
         <run_address>0x20207e00</run_address>
         <size>0x0</size>
         <alignment>0x8</alignment>
      </object_component>
      <object_component id="oc-bd">
         <name>.debug_abbrev</name>
         <load_address>0x0</load_address>
         <run_address>0x0</run_address>
         <size>0x157</size>
         <alignment>0x1</alignment>
         <input_file_ref idref="fl-1"/>
      </object_component>
      <object_component id="oc-e7">
         <name>.debug_abbrev</name>
         <load_address>0x157</load_address>
         <run_address>0x157</run_address>
         <size>0x1ae</size>
         <alignment>0x1</alignment>
         <input_file_ref idref="fl-2"/>
      </object_component>
      <object_component id="oc-43">
         <name>.debug_abbrev</name>
         <load_address>0x305</load_address>
         <run_address>0x305</run_address>
         <size>0x6d</size>
         <alignment>0x1</alignment>
         <input_file_ref idref="fl-3"/>
      </object_component>
      <object_component id="oc-ee">
         <name>.debug_abbrev</name>
         <load_address>0x372</load_address>
         <run_address>0x372</run_address>
         <size>0x22a</size>
         <alignment>0x1</alignment>
         <input_file_ref idref="fl-4"/>
      </object_component>
      <object_component id="oc-103">
         <name>.debug_abbrev</name>
         <load_address>0x59c</load_address>
         <run_address>0x59c</run_address>
         <size>0x98</size>
         <alignment>0x1</alignment>
         <input_file_ref idref="fl-5"/>
      </object_component>
      <object_component id="oc-68">
         <name>.debug_abbrev</name>
         <load_address>0x634</load_address>
         <run_address>0x634</run_address>
         <size>0xfa</size>
         <alignment>0x1</alignment>
         <input_file_ref idref="fl-6"/>
      </object_component>
      <object_component id="oc-73">
         <name>.debug_abbrev</name>
         <load_address>0x72e</load_address>
         <run_address>0x72e</run_address>
         <size>0x125</size>
         <alignment>0x1</alignment>
         <input_file_ref idref="fl-7"/>
      </object_component>
      <object_component id="oc-6e">
         <name>.debug_abbrev</name>
         <load_address>0x853</load_address>
         <run_address>0x853</run_address>
         <size>0x130</size>
         <alignment>0x1</alignment>
         <input_file_ref idref="fl-8"/>
      </object_component>
      <object_component id="oc-15c">
         <name>.debug_abbrev</name>
         <load_address>0x983</load_address>
         <run_address>0x983</run_address>
         <size>0x62</size>
         <alignment>0x1</alignment>
         <input_file_ref idref="fl-1a"/>
      </object_component>
      <object_component id="oc-17a">
         <name>.debug_abbrev</name>
         <load_address>0x9e5</load_address>
         <run_address>0x9e5</run_address>
         <size>0x1e7</size>
         <alignment>0x1</alignment>
         <input_file_ref idref="fl-1b"/>
      </object_component>
[...]
         <name>__TI_decompress_none</name>
      </handler>
      <handler>
         <index>0x2</index>
         <name>__TI_zero_init</name>
      </handler>
   </handler_table>
   <symbol_table>
      <symbol id="sm-1">
         <name>__start___llvm_prf_cnts</name>
         <value>0x20200000</value>
      </symbol>
      <symbol id="sm-2">
         <name>__stop___llvm_prf_cnts</name>
         <value>0x20200000</value>
      </symbol>
      <symbol id="sm-3">
         <name>__start___llvm_prf_bits</name>
         <value>0x20200000</value>
      </symbol>
      <symbol id="sm-4">
         <name>__stop___llvm_prf_bits</name>
         <value>0x20200000</value>
      </symbol>
      <symbol id="sm-5">
         <name>__TI_CINIT_Base</name>
         <value>0x23d0</value>
      </symbol>
      <symbol id="sm-6">
         <name>__TI_CINIT_Limit</name>
         <value>0x23e0</value>
      </symbol>
      <symbol id="sm-7">
         <name>__TI_CINIT_Warm</name>
         <value>0x23e0</value>
      </symbol>
      <symbol id="sm-8">
         <name>__TI_Handler_Table_Base</name>
         <value>0x23b0</value>
      </symbol>
      <symbol id="sm-9">
         <name>__TI_Handler_Table_Limit</name>
         <value>0x23bc</value>
      </symbol>
      <symbol id="sm-a">
         <name>binit</name>
         <value>0xffffffff</value>
      </symbol>
      <symbol id="sm-b">
         <name>__binit__</name>
         <value>0xffffffff</value>
      </symbol>
      <symbol id="sm-c">
         <name>__STACK_SIZE</name>
         <value>0x200</value>
      </symbol>
      <symbol id="sm-d">
         <name>__STACK_END</name>
         <value>0x20208000</value>
      </symbol>
      <symbol id="sm-e">
         <name>__TI_pprof_out_hndl</name>
         <value>0xffffffff</value>
      </symbol>
      <symbol id="sm-f">
         <name>__TI_prof_data_start</name>
         <value>0xffffffff</value>
      </symbol>
      <symbol id="sm-10">
         <name>__TI_prof_data_size</name>
         <value>0xffffffff</value>
      </symbol>
      <symbol id="sm-46">
         <name>main</name>
         <value>0xc69</value>
         <object_component_ref idref="oc-82"/>
      </symbol>
      <symbol id="sm-47">
         <name>message</name>
         <value>0x20200488</value>
         <object_component_ref idref="oc-b9"/>
      </symbol>
      <symbol id="sm-11f">
         <name>SYSCFG_DL_init</name>
         <value>0x15cd</value>
         <object_component_ref idref="oc-9d"/>
      </symbol>
      <symbol id="sm-120">
         <name>SYSCFG_DL_initPower</name>
         <value>0xb3d</value>
         <object_component_ref idref="oc-df"/>
      </symbol>
      <symbol id="sm-121">
         <name>SYSCFG_DL_GPIO_init</name>
         <value>0x4c5</value>
         <object_component_ref idref="oc-e0"/>
      </symbol>
      <symbol id="sm-122">
         <name>SYSCFG_DL_SYSCTL_init</name>
         <value>0x1615</value>
         <object_component_ref idref="oc-e1"/>
      </symbol>
      <symbol id="sm-123">
         <name>SYSCFG_DL_PWM_MOTOR_init</name>
         <value>0xbdd</value>
         <object_component_ref idref="oc-e2"/>
      </symbol>
      <symbol id="sm-124">
         <name>SYSCFG_DL_TIMER_0_init</name>
         <value>0x13a5</value>
         <object_component_ref idref="oc-e3"/>
      </symbol>
      <symbol id="sm-125">
         <name>SYSCFG_DL_I2C_0_init</name>
         <value>0xffd</value>
         <object_component_ref idref="oc-e4"/>
      </symbol>
      <symbol id="sm-126">
         <name>SYSCFG_DL_I2C_TRACE_init</name>
         <value>0x1409</value>
         <object_component_ref idref="oc-e5"/>
      </symbol>
      <symbol id="sm-127">
         <name>SYSCFG_DL_UART_0_init</name>
         <value>0x1189</value>
         <object_component_ref idref="oc-e6"/>
      </symbol>
      <symbol id="sm-132">
         <name>Default_Handler</name>
         <value>0x1bd3</value>
         <object_component_ref idref="oc-33"/>
      </symbol>
      <symbol id="sm-133">
         <name>Reset_Handler</name>
         <value>0x1bdb</value>
         <object_component_ref idref="oc-2f"/>
      </symbol>
      <symbol id="sm-134">
         <name>interruptVectors</name>
         <value>0x0</value>
         <object_component_ref idref="oc-18"/>
      </symbol>
      <symbol id="sm-135">
         <name>NMI_Handler</name>
         <value>0x1bd3</value>
         <object_component_ref idref="oc-33"/>
      </symbol>
      <symbol id="sm-136">
         <name>HardFault_Handler</name>
         <value>0x1bd3</value>
         <object_component_ref idref="oc-33"/>
      </symbol>
      <symbol id="sm-137">
         <name>SVC_Handler</name>
         <value>0x1bd3</value>
         <object_component_ref idref="oc-33"/>
      </symbol>
      <symbol id="sm-138">
         <name>PendSV_Handler</name>
         <value>0x1bd3</value>
         <object_component_ref idref="oc-33"/>
      </symbol>
      <symbol id="sm-139">
         <name>SysTick_Handler</name>
         <value>0x1bd3</value>
         <object_component_ref idref="oc-33"/>
      </symbol>
      <symbol id="sm-13a">
         <name>GROUP0_IRQHandler</name>
         <value>0x1bd3</value>
         <object_component_ref idref="oc-33"/>
      </symbol>
      <symbol id="sm-13b">
         <name>TIMG8_IRQHandler</name>
         <value>0x1bd3</value>
         <object_component_ref idref="oc-33"/>
      </symbol>
      <symbol id="sm-13c">
         <name>UART3_IRQHandler</name>
         <value>0x1bd3</value>
         <object_component_ref idref="oc-33"/>
      </symbol>
      <symbol id="sm-13d">
         <name>ADC0_IRQHandler</name>
         <value>0x1bd3</value>
         <object_component_ref idref="oc-33"/>
      </symbol>
      <symbol id="sm-13e">
         <name>ADC1_IRQHandler</name>
         <value>0x1bd3</value>
         <object_component_ref idref="oc-33"/>
      </symbol>
      <symbol id="sm-13f">
         <name>CANFD0_IRQHandler</name>
         <value>0x1bd3</value>
         <object_component_ref idref="oc-33"/>
      </symbol>
      <symbol id="sm-140">
         <name>DAC0_IRQHandler</name>
         <value>0x1bd3</value>
         <object_component_ref idref="oc-33"/>
      </symbol>
      <symbol id="sm-141">
         <name>SPI0_IRQHandler</name>
         <value>0x1bd3</value>
         <object_component_ref idref="oc-33"/>
      </symbol>
      <symbol id="sm-142">
         <name>SPI1_IRQHandler</name>
         <value>0x1bd3</value>
         <object_component_ref idref="oc-33"/>
      </symbol>
      <symbol id="sm-143">
         <name>UART1_IRQHandler</name>
         <value>0x1bd3</value>
         <object_component_ref idref="oc-33"/>
      </symbol>
      <symbol id="sm-144">
         <name>UART2_IRQHandler</name>
         <value>0x1bd3</value>
         <object_component_ref idref="oc-33"/>
      </symbol>
      <symbol id="sm-145">
         <name>TIMG6_IRQHandler</name>
         <value>0x1bd3</value>
         <object_component_ref idref="oc-33"/>
      </symbol>
      <symbol id="sm-146">
         <name>TIMA0_IRQHandler</name>
         <value>0x1bd3</value>
         <object_component_ref idref="oc-33"/>
      </symbol>
      <symbol id="sm-147">
         <name>TIMA1_IRQHandler</name>
         <value>0x1bd3</value>
         <object_component_ref idref="oc-33"/>
      </symbol>
      <symbol id="sm-148">
         <name>TIMG7_IRQHandler</name>
         <value>0x1bd3</value>
         <object_component_ref idref="oc-33"/>
      </symbol>
      <symbol id="sm-149">
         <name>TIMG12_IRQHandler</name>
         <value>0x1bd3</value>
         <object_component_ref idref="oc-33"/>
      </symbol>
      <symbol id="sm-14a">
         <name>I2C0_IRQHandler</name>
         <value>0x1bd3</value>
         <object_component_ref idref="oc-33"/>
      </symbol>
      <symbol id="sm-14b">
         <name>I2C1_IRQHandler</name>
         <value>0x1bd3</value>
         <object_component_ref idref="oc-33"/>
      </symbol>
      <symbol id="sm-14c">
         <name>AES_IRQHandler</name>
         <value>0x1bd3</value>
         <object_component_ref idref="oc-33"/>
      </symbol>
      <symbol id="sm-14d">
         <name>RTC_IRQHandler</name>
         <value>0x1bd3</value>
         <object_component_ref idref="oc-33"/>
      </symbol>
      <symbol id="sm-14e">
         <name>DMA_IRQHandler</name>
         <value>0x1bd3</value>
         <object_component_ref idref="oc-33"/>
      </symbol>
      <symbol id="sm-183">
         <name>OLED_Send</name>
         <value>0x1339</value>
         <object_component_ref idref="oc-fd"/>
      </symbol>
      <symbol id="sm-184">
         <name>OLED_WriteByte</name>
         <value>0xded</value>
         <object_component_ref idref="oc-15f"/>
      </symbol>
      <symbol id="sm-185">
         <name>OLED_SendCmd</name>
         <value>0x1a23</value>
         <object_component_ref idref="oc-ed"/>
      </symbol>
      <symbol id="sm-186">
         <name>OLED_Init</name>
         <value>0x9b9</value>
         <object_component_ref idref="oc-a2"/>
      </symbol>
      <symbol id="sm-187">
         <name>OLED_NewFrame</name>
         <value>0x1ad9</value>
         <object_component_ref idref="oc-af"/>
      </symbol>
      <symbol id="sm-188">
         <name>OLED_ShowFrame</name>
         <value>0xed1</value>
         <object_component_ref idref="oc-b1"/>
      </symbol>
      <symbol id="sm-189">
         <name>OLED_GRAM</name>
         <value>0x20200000</value>
      </symbol>
      <symbol id="sm-18a">
         <name>OLED_SetByte_Fine</name>
         <value>0x8ed</value>
         <object_component_ref idref="oc-1ac"/>
      </symbol>
      <symbol id="sm-18b">
         <name>OLED_SetBits_Fine</name>
         <value>0xa81</value>
         <object_component_ref idref="oc-16c"/>
      </symbol>
      <symbol id="sm-18c">
         <name>OLED_SetBits</name>
         <value>0xcf1</value>
         <object_component_ref idref="oc-16b"/>
      </symbol>
      <symbol id="sm-18d">
         <name>OLED_SetBlock</name>
         <value>0x5ed</value>
         <object_component_ref idref="oc-fb"/>
      </symbol>
      <symbol id="sm-18e">
         <name>OLED_PrintASCIIChar</name>
         <value>0x10a5</value>
         <object_component_ref idref="oc-fc"/>
      </symbol>
      <symbol id="sm-18f">
         <name>_OLED_GetUTF8Len</name>
         <value>0xe61</value>
         <object_component_ref idref="oc-f6"/>
      </symbol>
      <symbol id="sm-190">
         <name>OLED_PrintString</name>
         <value>0x345</value>
         <object_component_ref idref="oc-b0"/>
      </symbol>
      <symbol id="sm-195">
         <name>ascii_16x8</name>
         <value>0x1be8</value>
         <object_component_ref idref="oc-16d"/>
      </symbol>
      <symbol id="sm-196">
         <name>afont16x8</name>
         <value>0x2390</value>
         <object_component_ref idref="oc-102"/>
      </symbol>
      <symbol id="sm-197">
         <name>zh16x16</name>
         <value>0x21d8</value>
         <object_component_ref idref="oc-101"/>
      </symbol>
      <symbol id="sm-198">
         <name>font16x16</name>
         <value>0x2368</value>
         <object_component_ref idref="oc-bb"/>
      </symbol>
      <symbol id="sm-1a9">
         <name>GROUP1_IRQHandler</name>
         <value>0xf39</value>
         <object_component_ref idref="oc-34"/>
      </symbol>
      <symbol id="sm-1b7">
         <name>TIMG0_IRQHandler</name>
         <value>0x15f1</value>
         <object_component_ref idref="oc-3e"/>
      </symbol>
      <symbol id="sm-1b8">
         <name>distance1</name>
         <value>0x20200484</value>
      </symbol>
      <symbol id="sm-1d5">
         <name>uart0_send_char</name>
         <value>0x148d</value>
         <object_component_ref idref="oc-6c"/>
      </symbol>
      <symbol id="sm-1d6">
         <name>uart0_send_string</name>
         <value>0x1289</value>
         <object_component_ref idref="oc-71"/>
      </symbol>
      <symbol id="sm-1d7">
         <name>UART0_IRQHandler</name>
         <value>0x13d9</value>
         <object_component_ref idref="oc-39"/>
      </symbol>
      <symbol id="sm-1d8">
         <name>uart_data</name>
         <value>0x20200587</value>
         <object_component_ref idref="oc-6d"/>
      </symbol>
      <symbol id="sm-1db">
         <name>__TI_ATRegion0_src_addr</name>
         <value>0x0</value>
      </symbol>
      <symbol id="sm-1dc">
         <name>__TI_ATRegion0_trg_addr</name>
         <value>0x0</value>
      </symbol>
      <symbol id="sm-1dd">
         <name>__TI_ATRegion0_region_sz</name>
         <value>0x0</value>
      </symbol>
      <symbol id="sm-1de">
         <name>__TI_ATRegion1_src_addr</name>
         <value>0x0</value>
      </symbol>
      <symbol id="sm-1df">
         <name>__TI_ATRegion1_trg_addr</name>
         <value>0x0</value>
      </symbol>
      <symbol id="sm-1e0">
         <name>__TI_ATRegion1_region_sz</name>
         <value>0x0</value>
      </symbol>
      <symbol id="sm-1e1">
         <name>__TI_ATRegion2_src_addr</name>
         <value>0x0</value>
      </symbol>
      <symbol id="sm-1e2">
         <name>__TI_ATRegion2_trg_addr</name>
         <value>0x0</value>
      </symbol>
      <symbol id="sm-1e3">
         <name>__TI_ATRegion2_region_sz</name>
         <value>0x0</value>
      </symbol>
      <symbol id="sm-1ec">
         <name>DL_Common_delayCycles</name>
         <value>0x1bb1</value>
         <object_component_ref idref="oc-e9"/>
      </symbol>
      <symbol id="sm-1f8">
         <name>DL_I2C_setClockConfig</name>
         <value>0x15a7</value>
         <object_component_ref idref="oc-13f"/>
      </symbol>
      <symbol id="sm-1f9">
         <name>DL_I2C_fillControllerTXFIFO</name>
         <value>0xf9d</value>
         <object_component_ref idref="oc-180"/>
      </symbol>
      <symbol id="sm-215">
         <name>DL_Timer_setClockConfig</name>
         <value>0x1799</value>
         <object_component_ref idref="oc-132"/>
      </symbol>
      <symbol id="sm-216">
         <name>DL_Timer_initTimerMode</name>
         <value>0x805</value>
         <object_component_ref idref="oc-13b"/>
      </symbol>
      <symbol id="sm-217">
         <name>DL_Timer_setCaptureCompareValue</name>
         <value>0x1b59</value>
         <object_component_ref idref="oc-b2"/>
      </symbol>
      <symbol id="sm-218">
         <name>DL_Timer_setCaptCompUpdateMethod</name>
         <value>0x177d</value>
         <object_component_ref idref="oc-136"/>
      </symbol>
      <symbol id="sm-219">
         <name>DL_Timer_setCaptureCompareOutCtl</name>
         <value>0x1969</value>
         <object_component_ref idref="oc-135"/>
      </symbol>
      <symbol id="sm-21a">
         <name>DL_Timer_initFourCCPWMMode</name>
         <value>0x701</value>
         <object_component_ref idref="oc-133"/>
      </symbol>
      <symbol id="sm-227">
         <name>DL_UART_init</name>
         <value>0x1141</value>
         <object_component_ref idref="oc-155"/>
      </symbol>
      <symbol id="sm-228">
         <name>DL_UART_setClockConfig</name>
         <value>0x1b11</value>
         <object_component_ref idref="oc-14f"/>
      </symbol>
      <symbol id="sm-239">
         <name>sprintf</name>
         <value>0x1301</value>
         <object_component_ref idref="oc-a9"/>
      </symbol>
      <symbol id="sm-242">
         <name>memcmp</name>
         <value>0x1679</value>
         <object_component_ref idref="oc-f7"/>
      </symbol>
      <symbol id="sm-24d">
         <name>_c_int00_noargs</name>
         <value>0x1559</value>
         <object_component_ref idref="oc-5e"/>
      </symbol>
      <symbol id="sm-24e">
         <name>__stack</name>
         <value>0x20207e00</value>
         <object_component_ref idref="oc-1a"/>
      </symbol>
      <symbol id="sm-25a">
         <name>__TI_auto_init_nobinit_nopinit</name>
         <value>0x12c5</value>
         <object_component_ref idref="oc-c6"/>
      </symbol>
      <symbol id="sm-262">
         <name>_system_pre_init</name>
         <value>0x1bdf</value>
         <object_component_ref idref="oc-7e"/>
      </symbol>
      <symbol id="sm-26d">
         <name>__TI_zero_init</name>
         <value>0x1b69</value>
         <object_component_ref idref="oc-5b"/>
      </symbol>
      <symbol id="sm-276">
         <name>__TI_decompress_none</name>
         <value>0x1b35</value>
         <object_component_ref idref="oc-20"/>
      </symbol>
      <symbol id="sm-281">
         <name>__TI_decompress_lzss</name>
         <value>0xd71</value>
         <object_component_ref idref="oc-1c"/>
      </symbol>
      <symbol id="sm-297">
         <name>__TI_printfi_minimal</name>
         <value>0xc1</value>
         <object_component_ref idref="oc-160"/>
      </symbol>
      <symbol id="sm-2a5">
         <name>abort</name>
         <value>0x1bcd</value>
         <object_component_ref idref="oc-bf"/>
      </symbol>
      <symbol id="sm-2b4">
         <name>memccpy</name>
         <value>0x1637</value>
         <object_component_ref idref="oc-183"/>
      </symbol>
      <symbol id="sm-2c4">
         <name>HOSTexit</name>
         <value>0x1bd7</value>
         <object_component_ref idref="oc-106"/>
      </symbol>
      <symbol id="sm-2c5">
         <name>C$$EXIT</name>
         <value>0x1bd6</value>
         <object_component_ref idref="oc-106"/>
      </symbol>
      <symbol id="sm-2da">
         <name>__aeabi_memcpy</name>
         <value>0x1bc5</value>
         <object_component_ref idref="oc-4e"/>
      </symbol>
      <symbol id="sm-2db">
         <name>__aeabi_memcpy4</name>
         <value>0x1bc5</value>
         <object_component_ref idref="oc-4e"/>
      </symbol>
      <symbol id="sm-2dc">
         <name>__aeabi_memcpy8</name>
         <value>0x1bc5</value>
         <object_component_ref idref="oc-4e"/>
      </symbol>
      <symbol id="sm-2e5">
         <name>__aeabi_memset</name>
         <value>0x1b79</value>
         <object_component_ref idref="oc-182"/>
      </symbol>
      <symbol id="sm-2e6">
         <name>__aeabi_memset4</name>
         <value>0x1b79</value>
         <object_component_ref idref="oc-182"/>
      </symbol>
      <symbol id="sm-2e7">
         <name>__aeabi_memset8</name>
         <value>0x1b79</value>
         <object_component_ref idref="oc-182"/>
      </symbol>
      <symbol id="sm-2e8">
         <name>__aeabi_memclr</name>
         <value>0x1ba5</value>
         <object_component_ref idref="oc-79"/>
      </symbol>
      <symbol id="sm-2e9">
         <name>__aeabi_memclr4</name>
         <value>0x1ba5</value>
         <object_component_ref idref="oc-79"/>
      </symbol>
      <symbol id="sm-2ea">
         <name>__aeabi_memclr8</name>
         <value>0x1ba5</value>
         <object_component_ref idref="oc-79"/>
      </symbol>
      <symbol id="sm-2f0">
         <name>__aeabi_uidiv</name>
         <value>0x11d1</value>
         <object_component_ref idref="oc-188"/>
      </symbol>
      <symbol id="sm-2f1">
         <name>__aeabi_uidivmod</name>
         <value>0x11d1</value>
         <object_component_ref idref="oc-188"/>
      </symbol>
      <symbol id="sm-2fc">
         <name>__aeabi_idiv0</name>
         <value>0x4c3</value>
         <object_component_ref idref="oc-1b1"/>
      </symbol>
      <symbol id="sm-306">
         <name>TI_memcpy_small</name>
         <value>0x1b23</value>
         <object_component_ref idref="oc-93"/>
      </symbol>
      <symbol id="sm-30f">
         <name>TI_memset_small</name>
         <value>0x1b95</value>
         <object_component_ref idref="oc-d9"/>
      </symbol>
      <symbol id="sm-310">
         <name>__TI_static_base__</name>
         <value>0x0</value>
      </symbol>
      <symbol id="sm-313">
         <name>__mpu_init</name>
         <value>0x0</value>
      </symbol>
      <symbol id="sm-314">
         <name>_system_post_cinit</name>
         <value>0x0</value>
      </symbol>
   </symbol_table>
   <title>Link successful</title>
</link_info>
