******************************************************************************
            TI ARM Clang Linker PC v4.0.3                      
******************************************************************************
>> Linked Sun Jul 27 18:50:13 2025

OUTPUT FILE NAME:   <empty_LP_MSPM0G3507_nortos_ticlang.out>
ENTRY POINT SYMBOL: "_c_int00_noargs"  address: 00001559


MEMORY CONFIGURATION

         name            origin    length      used     unused   attr    fill
----------------------  --------  ---------  --------  --------  ----  --------
  FLASH                 00000000   00020000  000023e0  0001dc20  R  X
  SRAM                  20200000   00008000  00000788  00007878  RW X
  BCR_CONFIG            41c00000   000000ff  00000000  000000ff  R   
  BSL_CONFIG            41c00100   00000080  00000000  00000080  R   


SEGMENT ALLOCATION MAP

run origin  load origin   length   init length attrs members
----------  ----------- ---------- ----------- ----- -------
00000000    00000000    000023e0   000023e0    r-x
  00000000    00000000    000000c0   000000c0    r-- .intvecs
  000000c0    000000c0    00001b28   00001b28    r-x .text
  00001be8    00001be8    000007c8   000007c8    r-- .rodata
  000023b0    000023b0    00000030   00000030    r-- .cinit
20200000    20200000    00000588   00000000    rw-
  20200000    20200000    00000488   00000000    rw- .bss
  20200488    20200488    00000100   00000000    rw- .data
20207e00    20207e00    00000200   00000000    rw-
  20207e00    20207e00    00000200   00000000    rw- .stack


SECTION ALLOCATION MAP

 output                                  attributes/
section   page    origin      length       input sections
--------  ----  ----------  ----------   ----------------
.intvecs   0    00000000    000000c0     
                  00000000    000000c0     startup_mspm0g350x_ticlang.o (.intvecs)

.text      0    000000c0    00001b28     
                  000000c0    00000284     libc.a : _printfi.c.obj (.text:__TI_printfi_minimal)
                  00000344    0000017e     OLED.o (.text.OLED_PrintString)
                  000004c2    00000002     libclang_rt.builtins.a : aeabi_div0.c.obj (.text.__aeabi_idiv0)
                  000004c4    00000128     ti_msp_dl_config.o (.text.SYSCFG_DL_GPIO_init)
                  000005ec    00000112     OLED.o (.text.OLED_SetBlock)
                  000006fe    00000002     --HOLE-- [fill = 0]
                  00000700    00000104     driverlib.a : dl_timer.o (.text.DL_Timer_initFourCCPWMMode)
                  00000804    000000e8                 : dl_timer.o (.text.DL_Timer_initTimerMode)
                  000008ec    000000cc     OLED.o (.text.OLED_SetByte_Fine)
                  000009b8    000000c8     OLED.o (.text.OLED_Init)
                  00000a80    000000bc     OLED.o (.text.OLED_SetBits_Fine)
                  00000b3c    000000a0     ti_msp_dl_config.o (.text.SYSCFG_DL_initPower)
                  00000bdc    0000008c     ti_msp_dl_config.o (.text.SYSCFG_DL_PWM_MOTOR_init)
                  00000c68    00000088     empty.o (.text.main)
                  00000cf0    00000080     OLED.o (.text.OLED_SetBits)
                  00000d70    0000007c     libc.a : copy_decompress_lzss.c.obj (.text:decompress:lzss)
                  00000dec    00000074     OLED.o (.text.OLED_WriteByte)
                  00000e60    00000070     OLED.o (.text._OLED_GetUTF8Len)
                  00000ed0    00000068     OLED.o (.text.OLED_ShowFrame)
                  00000f38    00000064     gpio.o (.text.GROUP1_IRQHandler)
                  00000f9c    0000005e     driverlib.a : dl_i2c.o (.text.DL_I2C_fillControllerTXFIFO)
                  00000ffa    00000002     --HOLE-- [fill = 0]
                  00000ffc    00000058     ti_msp_dl_config.o (.text.SYSCFG_DL_I2C_0_init)
                  00001054    00000050     OLED.o (.text.DL_I2C_startControllerTransfer)
                  000010a4    00000050     OLED.o (.text.OLED_PrintASCIIChar)
                  000010f4    0000004c     ti_msp_dl_config.o (.text.DL_UART_setBaudRateDivisor)
                  00001140    00000048     driverlib.a : dl_uart.o (.text.DL_UART_init)
                  00001188    00000048     ti_msp_dl_config.o (.text.SYSCFG_DL_UART_0_init)
                  000011d0    00000040     libclang_rt.builtins.a : aeabi_uidivmod.S.obj (.text.__aeabi_uidivmod)
                  00001210    0000003c     ti_msp_dl_config.o (.text.DL_GPIO_initPeripheralInputFunctionFeatures)
                  0000124c    0000003c     ti_msp_dl_config.o (.text.DL_Timer_setCounterControl)
                  00001288    0000003c     uart.o (.text.uart0_send_string)
                  000012c4    0000003c     libc.a : autoinit.c.obj (.text:__TI_auto_init_nobinit_nopinit)
                  00001300    00000038            : sprintf.c.obj (.text.sprintf)
                  00001338    00000036     OLED.o (.text.OLED_Send)
                  0000136e    00000002     --HOLE-- [fill = 0]
                  00001370    00000034     ti_msp_dl_config.o (.text.DL_GPIO_initDigitalInputFeatures)
                  000013a4    00000034     ti_msp_dl_config.o (.text.SYSCFG_DL_TIMER_0_init)
                  000013d8    00000030     uart.o (.text.UART0_IRQHandler)
                  00001408    0000002c     ti_msp_dl_config.o (.text.SYSCFG_DL_I2C_TRACE_init)
                  00001434    0000002c     empty.o (.text.__NVIC_ClearPendingIRQ)
                  00001460    0000002c     empty.o (.text.__NVIC_EnableIRQ)
                  0000148c    0000002c     uart.o (.text.uart0_send_char)
                  000014b8    00000028     OLED.o (.text.DL_Common_updateReg)
                  000014e0    00000028     ti_msp_dl_config.o (.text.DL_Common_updateReg)
                  00001508    00000028     ti_msp_dl_config.o (.text.DL_I2C_setControllerRXFIFOThreshold)
                  00001530    00000028     ti_msp_dl_config.o (.text.DL_I2C_setControllerTXFIFOThreshold)
                  00001558    00000028     libc.a : boot_cortex_m.c.obj (.text:_c_int00_noargs)
                  00001580    00000026     ti_msp_dl_config.o (.text.DL_I2C_setAnalogGlitchFilterPulseWidth)
                  000015a6    00000026     driverlib.a : dl_i2c.o (.text.DL_I2C_setClockConfig)
                  000015cc    00000024     ti_msp_dl_config.o (.text.SYSCFG_DL_init)
                  000015f0    00000024     tim.o (.text.TIMG0_IRQHandler)
                  00001614    00000022     ti_msp_dl_config.o (.text.SYSCFG_DL_SYSCTL_init)
                  00001636    00000022     libc.a : memccpy.c.obj (.text.memccpy)
                  00001658    00000020     ti_msp_dl_config.o (.text.DL_GPIO_initPeripheralInputFunction)
                  00001678    00000020     libc.a : memcmp.c.obj (.text.memcmp)
                  00001698    0000001e     ti_msp_dl_config.o (.text.DL_UART_setOversampling)
                  000016b6    00000002     --HOLE-- [fill = 0]
                  000016b8    0000001c     ti_msp_dl_config.o (.text.DL_GPIO_clearInterruptStatus)
                  000016d4    0000001c     ti_msp_dl_config.o (.text.DL_GPIO_enableHiZ)
                  000016f0    0000001c     ti_msp_dl_config.o (.text.DL_GPIO_enableInterrupt)
                  0000170c    0000001c     ti_msp_dl_config.o (.text.DL_GPIO_initPeripheralOutputFunction)
                  00001728    0000001c     gpio.o (.text.DL_Interrupt_getPendingGroup)
                  00001744    0000001c     ti_msp_dl_config.o (.text.DL_SYSCTL_setSYSOSCFreq)
                  00001760    0000001c     ti_msp_dl_config.o (.text.DL_Timer_enableInterrupt)
                  0000177c    0000001c     driverlib.a : dl_timer.o (.text.DL_Timer_setCaptCompUpdateMethod)
                  00001798    0000001c                 : dl_timer.o (.text.DL_Timer_setClockConfig)
                  000017b4    0000001c     ti_msp_dl_config.o (.text.DL_UART_enableInterrupt)
                  000017d0    00000018     ti_msp_dl_config.o (.text.DL_GPIO_enableOutput)
                  000017e8    00000018     ti_msp_dl_config.o (.text.DL_GPIO_enablePower)
                  00001800    00000018     ti_msp_dl_config.o (.text.DL_GPIO_initDigitalOutput)
                  00001818    00000018     ti_msp_dl_config.o (.text.DL_GPIO_reset)
                  00001830    00000018     ti_msp_dl_config.o (.text.DL_GPIO_setPins)
                  00001848    00000018     ti_msp_dl_config.o (.text.DL_GPIO_setUpperPinsPolarity)
                  00001860    00000018     ti_msp_dl_config.o (.text.DL_I2C_enableAnalogGlitchFilter)
                  00001878    00000018     ti_msp_dl_config.o (.text.DL_I2C_enableController)
                  00001890    00000018     ti_msp_dl_config.o (.text.DL_I2C_enableControllerClockStretching)
                  000018a8    00000018     ti_msp_dl_config.o (.text.DL_I2C_enablePower)
                  000018c0    00000018     ti_msp_dl_config.o (.text.DL_I2C_reset)
                  000018d8    00000018     ti_msp_dl_config.o (.text.DL_I2C_setTimerPeriod)
                  000018f0    00000018     ti_msp_dl_config.o (.text.DL_MathACL_enablePower)
                  00001908    00000018     ti_msp_dl_config.o (.text.DL_MathACL_reset)
                  00001920    00000018     ti_msp_dl_config.o (.text.DL_SYSCTL_setBORThreshold)
                  00001938    00000018     ti_msp_dl_config.o (.text.DL_Timer_enablePower)
                  00001950    00000018     ti_msp_dl_config.o (.text.DL_Timer_reset)
                  00001968    00000018     driverlib.a : dl_timer.o (.text.DL_Timer_setCaptureCompareOutCtl)
                  00001980    00000018     ti_msp_dl_config.o (.text.DL_UART_enablePower)
                  00001998    00000018     uart.o (.text.DL_UART_isBusy)
                  000019b0    00000018     ti_msp_dl_config.o (.text.DL_UART_reset)
                  000019c8    00000018     libc.a : sprintf.c.obj (.text._outs)
                  000019e0    00000016     gpio.o (.text.DL_GPIO_readPins)
                  000019f6    00000016     ti_msp_dl_config.o (.text.DL_UART_enable)
                  00001a0c    00000016     uart.o (.text.DL_UART_transmitData)
                  00001a22    00000016     OLED.o (.text.OLED_SendCmd)
                  00001a38    00000014     ti_msp_dl_config.o (.text.DL_GPIO_clearPins)
                  00001a4c    00000014     OLED.o (.text.DL_I2C_getControllerStatus)
                  00001a60    00000014     ti_msp_dl_config.o (.text.DL_I2C_resetControllerTransfer)
                  00001a74    00000014     ti_msp_dl_config.o (.text.DL_SYSCTL_disableSYSPLL)
                  00001a88    00000014     ti_msp_dl_config.o (.text.DL_SYSCTL_enableMFCLK)
                  00001a9c    00000014     ti_msp_dl_config.o (.text.DL_Timer_enableClock)
                  00001ab0    00000014     ti_msp_dl_config.o (.text.DL_Timer_setCCPDirection)
                  00001ac4    00000014     uart.o (.text.DL_UART_receiveData)
                  00001ad8    00000014     OLED.o (.text.OLED_NewFrame)
                  00001aec    00000012     tim.o (.text.DL_Timer_getPendingInterrupt)
                  00001afe    00000012     uart.o (.text.DL_UART_getPendingInterrupt)
                  00001b10    00000012     driverlib.a : dl_uart.o (.text.DL_UART_setClockConfig)
                  00001b22    00000012     libc.a : memcpy16.S.obj (.text:TI_memcpy_small)
                  00001b34    00000012            : copy_decompress_none.c.obj (.text:decompress:none)
                  00001b46    00000002     --HOLE-- [fill = 0]
                  00001b48    00000010     ti_msp_dl_config.o (.text.DL_SYSCTL_disableHFXT)
                  00001b58    00000010     driverlib.a : dl_timer.o (.text.DL_Timer_setCaptureCompareValue)
                  00001b68    00000010     libc.a : copy_zero_init.c.obj (.text:decompress:ZI)
                  00001b78    0000000e     libclang_rt.builtins.a : aeabi_memset.S.obj (.text.__aeabi_memset)
                  00001b86    0000000e     libc.a : _printfi.c.obj (.text.strlen)
                  00001b94    0000000e            : memset16.S.obj (.text:TI_memset_small)
                  00001ba2    00000002     --HOLE-- [fill = 0]
                  00001ba4    0000000c     libclang_rt.builtins.a : aeabi_memset.S.obj (.text.__aeabi_memclr)
                  00001bb0    0000000a     driverlib.a : dl_common.o (.text.DL_Common_delayCycles)
                  00001bba    0000000a     libc.a : sprintf.c.obj (.text._outc)
                  00001bc4    00000008     libclang_rt.builtins.a : aeabi_memcpy.S.obj (.text.__aeabi_memcpy)
                  00001bcc    00000006     libc.a : exit.c.obj (.text:abort)
                  00001bd2    00000004     startup_mspm0g350x_ticlang.o (.text.Default_Handler)
                  00001bd6    00000004     libsysbm.a : hostexit.c.obj (.text.HOSTexit)
                  00001bda    00000004     startup_mspm0g350x_ticlang.o (.text.Reset_Handler)
                  00001bde    00000004     libc.a : pre_init.c.obj (.text._system_pre_init)
                  00001be2    00000006     --HOLE-- [fill = 0]

.cinit     0    000023b0    00000030     
                  000023b0    0000000c     (__TI_handler_table)
                  000023bc    0000000a     (.cinit..data.load) [load image, compression = lzss]
                  000023c6    00000002     --HOLE-- [fill = 0]
                  000023c8    00000008     (.cinit..bss.load) [load image, compression = zero_init]
                  000023d0    00000010     (__TI_cinit_table)

.rodata    0    00001be8    000007c8     
                  00001be8    000005f0     font.o (.rodata.ascii_16x8)
                  000021d8    00000144     font.o (.rodata.zh16x16)
                  0000231c    00000014     ti_msp_dl_config.o (.rodata.gTIMER_0TimerConfig)
                  00002330    00000013     tim.o (.rodata.str1.1416508468411948226.1)
                  00002343    00000013     empty.o (.rodata.str1.9517790425240694019.1)
                  00002356    00000011     libc.a : _printfi.c.obj (.rodata.str1.15363888844622738466.1)
                  00002367    00000001     --HOLE-- [fill = 0]
                  00002368    00000010     font.o (.rodata.font16x16)
                  00002378    0000000d     empty.o (.rodata.str1.254342170260855183.1)
                  00002385    00000001     --HOLE-- [fill = 0]
                  00002386    0000000a     ti_msp_dl_config.o (.rodata.gUART_0Config)
                  00002390    00000008     font.o (.rodata.afont16x8)
                  00002398    00000008     ti_msp_dl_config.o (.rodata.gPWM_MOTORConfig)
                  000023a0    00000003     ti_msp_dl_config.o (.rodata.gPWM_MOTORClockConfig)
                  000023a3    00000003     ti_msp_dl_config.o (.rodata.gTIMER_0ClockConfig)
                  000023a6    00000002     ti_msp_dl_config.o (.rodata.gI2C_0ClockConfig)
                  000023a8    00000002     ti_msp_dl_config.o (.rodata.gI2C_TRACEClockConfig)
                  000023aa    00000002     ti_msp_dl_config.o (.rodata.gUART_0ClockConfig)
                  000023ac    00000004     --HOLE-- [fill = 0]

.init_array 
*          0    00000000    00000000     UNINITIALIZED

.binit     0    00000000    00000000     

.bss       0    20200000    00000488     UNINITIALIZED
                  20200000    00000400     (.common:OLED_GRAM)
                  20200400    00000081     OLED.o (.bss.OLED_ShowFrame.sendBuffer)
                  20200481    00000001     OLED.o (.bss.OLED_SetByte_Fine.temp)
                  20200482    00000002     --HOLE--
                  20200484    00000004     (.common:distance1)

.data      0    20200488    00000100     UNINITIALIZED
                  20200488    000000ff     empty.o (.data.message)
                  20200587    00000001     uart.o (.data.uart_data)

.stack     0    20207e00    00000200     UNINITIALIZED
                  20207e00    00000004     libc.a : boot_cortex_m.c.obj (.stack)
                  20207e04    000001fc     --HOLE--

__llvm_prf_cnts 
*          0    20200000    00000000     UNINITIALIZED

__llvm_prf_bits 
*          0    20200000    00000000     UNINITIALIZED

MODULE SUMMARY

       Module                         code   ro data   rw data
       ------                         ----   -------   -------
    .\
       ti_msp_dl_config.o             2200   50        0      
       empty.o                        224    32        255    
       startup_mspm0g350x_ticlang.o   8      192       0      
    +--+------------------------------+------+---------+---------+
       Total:                         2432   274       255    
                                                              
    .\OLED\
       OLED.o                         2024   0         1154   
       font.o                         0      1868      0      
    +--+------------------------------+------+---------+---------+
       Total:                         2024   1868      1154   
                                                              
    .\soft\
       uart.o                         236    0         1      
       gpio.o                         150    0         0      
       tim.o                          54     19        4      
    +--+------------------------------+------+---------+---------+
       Total:                         440    19        5      
                                                              
    A:/CCS/mspm0_sdk_2_05_01_00/source/ti/driverlib/lib/ticlang/m0p/mspm0g1x0x_g3x0x/driverlib.a
       dl_timer.o                     588    0         0      
       dl_i2c.o                       132    0         0      
       dl_uart.o                      90     0         0      
       dl_common.o                    10     0         0      
    +--+------------------------------+------+---------+---------+
       Total:                         820    0         0      
                                                              
    A:\CCS\ccs\tools\compiler\ti-cgt-armllvm_4.0.3.LTS\lib\armv6m-ti-none-eabi/c/libc.a
       _printfi.c.obj                 658    17        0      
       copy_decompress_lzss.c.obj     124    0         0      
       sprintf.c.obj                  90     0         0      
       autoinit.c.obj                 60     0         0      
       boot_cortex_m.c.obj            40     0         0      
       memccpy.c.obj                  34     0         0      
       memcmp.c.obj                   32     0         0      
       copy_decompress_none.c.obj     18     0         0      
       memcpy16.S.obj                 18     0         0      
       copy_zero_init.c.obj           16     0         0      
       memset16.S.obj                 14     0         0      
       exit.c.obj                     6      0         0      
       pre_init.c.obj                 4      0         0      
    +--+------------------------------+------+---------+---------+
       Total:                         1114   17        0      
                                                              
    A:\CCS\ccs\tools\compiler\ti-cgt-armllvm_4.0.3.LTS\lib\armv6m-ti-none-eabi/c/libsysbm.a
       hostexit.c.obj                 4      0         0      
    +--+------------------------------+------+---------+---------+
       Total:                         4      0         0      
                                                              
    A:\CCS\ccs\tools\compiler\ti-cgt-armllvm_4.0.3.LTS\lib\armv6m-ti-none-eabi/libclang_rt.builtins.a
       aeabi_uidivmod.S.obj           64     0         0      
       aeabi_memset.S.obj             26     0         0      
       aeabi_memcpy.S.obj             8      0         0      
       aeabi_div0.c.obj               2      0         0      
    +--+------------------------------+------+---------+---------+
       Total:                         100    0         0      
                                                              
       Stack:                         0      0         512    
       Linker Generated:              0      46        0      
    +--+------------------------------+------+---------+---------+
       Grand Total:                   6934   2224      1926   


LINKER GENERATED COPY TABLES

__TI_cinit_table @ 000023d0 records: 2, size/record: 8, table size: 16
	.data: load addr=000023bc, load size=0000000a bytes, run addr=20200488, run size=00000100 bytes, compression=lzss
	.bss: load addr=000023c8, load size=00000008 bytes, run addr=20200000, run size=00000488 bytes, compression=zero_init


LINKER GENERATED HANDLER TABLE

__TI_handler_table @ 000023b0 records: 3, size/record: 4, table size: 12
	index: 0, handler: __TI_decompress_lzss
	index: 1, handler: __TI_decompress_none
	index: 2, handler: __TI_zero_init


GLOBAL SYMBOLS: SORTED ALPHABETICALLY BY Name 

address   name                            
-------   ----                            
00001bd3  ADC0_IRQHandler                 
00001bd3  ADC1_IRQHandler                 
00001bd3  AES_IRQHandler                  
00001bd6  C$$EXIT                         
00001bd3  CANFD0_IRQHandler               
00001bd3  DAC0_IRQHandler                 
00001bb1  DL_Common_delayCycles           
00000f9d  DL_I2C_fillControllerTXFIFO     
000015a7  DL_I2C_setClockConfig           
00000701  DL_Timer_initFourCCPWMMode      
00000805  DL_Timer_initTimerMode          
0000177d  DL_Timer_setCaptCompUpdateMethod
00001969  DL_Timer_setCaptureCompareOutCtl
00001b59  DL_Timer_setCaptureCompareValue 
00001799  DL_Timer_setClockConfig         
00001141  DL_UART_init                    
00001b11  DL_UART_setClockConfig          
00001bd3  DMA_IRQHandler                  
00001bd3  Default_Handler                 
00001bd3  GROUP0_IRQHandler               
00000f39  GROUP1_IRQHandler               
00001bd7  HOSTexit                        
00001bd3  HardFault_Handler               
00001bd3  I2C0_IRQHandler                 
00001bd3  I2C1_IRQHandler                 
00001bd3  NMI_Handler                     
20200000  OLED_GRAM                       
000009b9  OLED_Init                       
00001ad9  OLED_NewFrame                   
000010a5  OLED_PrintASCIIChar             
00000345  OLED_PrintString                
00001339  OLED_Send                       
00001a23  OLED_SendCmd                    
00000cf1  OLED_SetBits                    
00000a81  OLED_SetBits_Fine               
000005ed  OLED_SetBlock                   
000008ed  OLED_SetByte_Fine               
00000ed1  OLED_ShowFrame                  
00000ded  OLED_WriteByte                  
00001bd3  PendSV_Handler                  
00001bd3  RTC_IRQHandler                  
00001bdb  Reset_Handler                   
00001bd3  SPI0_IRQHandler                 
00001bd3  SPI1_IRQHandler                 
00001bd3  SVC_Handler                     
000004c5  SYSCFG_DL_GPIO_init             
00000ffd  SYSCFG_DL_I2C_0_init            
00001409  SYSCFG_DL_I2C_TRACE_init        
00000bdd  SYSCFG_DL_PWM_MOTOR_init        
00001615  SYSCFG_DL_SYSCTL_init           
000013a5  SYSCFG_DL_TIMER_0_init          
00001189  SYSCFG_DL_UART_0_init           
000015cd  SYSCFG_DL_init                  
00000b3d  SYSCFG_DL_initPower             
00001bd3  SysTick_Handler                 
00001bd3  TIMA0_IRQHandler                
00001bd3  TIMA1_IRQHandler                
000015f1  TIMG0_IRQHandler                
00001bd3  TIMG12_IRQHandler               
00001bd3  TIMG6_IRQHandler                
00001bd3  TIMG7_IRQHandler                
00001bd3  TIMG8_IRQHandler                
00001b23  TI_memcpy_small                 
00001b95  TI_memset_small                 
000013d9  UART0_IRQHandler                
00001bd3  UART1_IRQHandler                
00001bd3  UART2_IRQHandler                
00001bd3  UART3_IRQHandler                
00000e61  _OLED_GetUTF8Len                
20208000  __STACK_END                     
00000200  __STACK_SIZE                    
00000000  __TI_ATRegion0_region_sz        
00000000  __TI_ATRegion0_src_addr         
00000000  __TI_ATRegion0_trg_addr         
00000000  __TI_ATRegion1_region_sz        
00000000  __TI_ATRegion1_src_addr         
00000000  __TI_ATRegion1_trg_addr         
00000000  __TI_ATRegion2_region_sz        
00000000  __TI_ATRegion2_src_addr         
00000000  __TI_ATRegion2_trg_addr         
000023d0  __TI_CINIT_Base                 
000023e0  __TI_CINIT_Limit                
000023e0  __TI_CINIT_Warm                 
000023b0  __TI_Handler_Table_Base         
000023bc  __TI_Handler_Table_Limit        
000012c5  __TI_auto_init_nobinit_nopinit  
00000d71  __TI_decompress_lzss            
00001b35  __TI_decompress_none            
ffffffff  __TI_pprof_out_hndl             
000000c1  __TI_printfi_minimal            
ffffffff  __TI_prof_data_size             
ffffffff  __TI_prof_data_start            
00000000  __TI_static_base__              
00001b69  __TI_zero_init                  
000004c3  __aeabi_idiv0                   
00001ba5  __aeabi_memclr                  
00001ba5  __aeabi_memclr4                 
00001ba5  __aeabi_memclr8                 
00001bc5  __aeabi_memcpy                  
00001bc5  __aeabi_memcpy4                 
00001bc5  __aeabi_memcpy8                 
00001b79  __aeabi_memset                  
00001b79  __aeabi_memset4                 
00001b79  __aeabi_memset8                 
000011d1  __aeabi_uidiv                   
000011d1  __aeabi_uidivmod                
ffffffff  __binit__                       
UNDEFED   __mpu_init                      
20207e00  __stack                         
20200000  __start___llvm_prf_bits         
20200000  __start___llvm_prf_cnts         
20200000  __stop___llvm_prf_bits          
20200000  __stop___llvm_prf_cnts          
00001559  _c_int00_noargs                 
UNDEFED   _system_post_cinit              
00001bdf  _system_pre_init                
00001bcd  abort                           
00002390  afont16x8                       
00001be8  ascii_16x8                      
ffffffff  binit                           
20200484  distance1                       
00002368  font16x16                       
00000000  interruptVectors                
00000c69  main                            
00001637  memccpy                         
00001679  memcmp                          
20200488  message                         
00001301  sprintf                         
0000148d  uart0_send_char                 
00001289  uart0_send_string               
20200587  uart_data                       
000021d8  zh16x16                         


GLOBAL SYMBOLS: SORTED BY Symbol Address 

address   name                            
-------   ----                            
00000000  __TI_ATRegion0_region_sz        
00000000  __TI_ATRegion0_src_addr         
00000000  __TI_ATRegion0_trg_addr         
00000000  __TI_ATRegion1_region_sz        
00000000  __TI_ATRegion1_src_addr         
00000000  __TI_ATRegion1_trg_addr         
00000000  __TI_ATRegion2_region_sz        
00000000  __TI_ATRegion2_src_addr         
00000000  __TI_ATRegion2_trg_addr         
00000000  __TI_static_base__              
00000000  interruptVectors                
000000c1  __TI_printfi_minimal            
00000200  __STACK_SIZE                    
00000345  OLED_PrintString                
000004c3  __aeabi_idiv0                   
000004c5  SYSCFG_DL_GPIO_init             
000005ed  OLED_SetBlock                   
00000701  DL_Timer_initFourCCPWMMode      
00000805  DL_Timer_initTimerMode          
000008ed  OLED_SetByte_Fine               
000009b9  OLED_Init                       
00000a81  OLED_SetBits_Fine               
00000b3d  SYSCFG_DL_initPower             
00000bdd  SYSCFG_DL_PWM_MOTOR_init        
00000c69  main                            
00000cf1  OLED_SetBits                    
00000d71  __TI_decompress_lzss            
00000ded  OLED_WriteByte                  
00000e61  _OLED_GetUTF8Len                
00000ed1  OLED_ShowFrame                  
00000f39  GROUP1_IRQHandler               
00000f9d  DL_I2C_fillControllerTXFIFO     
00000ffd  SYSCFG_DL_I2C_0_init            
000010a5  OLED_PrintASCIIChar             
00001141  DL_UART_init                    
00001189  SYSCFG_DL_UART_0_init           
000011d1  __aeabi_uidiv                   
000011d1  __aeabi_uidivmod                
00001289  uart0_send_string               
000012c5  __TI_auto_init_nobinit_nopinit  
00001301  sprintf                         
00001339  OLED_Send                       
000013a5  SYSCFG_DL_TIMER_0_init          
000013d9  UART0_IRQHandler                
00001409  SYSCFG_DL_I2C_TRACE_init        
0000148d  uart0_send_char                 
00001559  _c_int00_noargs                 
000015a7  DL_I2C_setClockConfig           
000015cd  SYSCFG_DL_init                  
000015f1  TIMG0_IRQHandler                
00001615  SYSCFG_DL_SYSCTL_init           
00001637  memccpy                         
00001679  memcmp                          
0000177d  DL_Timer_setCaptCompUpdateMethod
00001799  DL_Timer_setClockConfig         
00001969  DL_Timer_setCaptureCompareOutCtl
00001a23  OLED_SendCmd                    
00001ad9  OLED_NewFrame                   
00001b11  DL_UART_setClockConfig          
00001b23  TI_memcpy_small                 
00001b35  __TI_decompress_none            
00001b59  DL_Timer_setCaptureCompareValue 
00001b69  __TI_zero_init                  
00001b79  __aeabi_memset                  
00001b79  __aeabi_memset4                 
00001b79  __aeabi_memset8                 
00001b95  TI_memset_small                 
00001ba5  __aeabi_memclr                  
00001ba5  __aeabi_memclr4                 
00001ba5  __aeabi_memclr8                 
00001bb1  DL_Common_delayCycles           
00001bc5  __aeabi_memcpy                  
00001bc5  __aeabi_memcpy4                 
00001bc5  __aeabi_memcpy8                 
00001bcd  abort                           
00001bd3  ADC0_IRQHandler                 
00001bd3  ADC1_IRQHandler                 
00001bd3  AES_IRQHandler                  
00001bd3  CANFD0_IRQHandler               
00001bd3  DAC0_IRQHandler                 
00001bd3  DMA_IRQHandler                  
00001bd3  Default_Handler                 
00001bd3  GROUP0_IRQHandler               
00001bd3  HardFault_Handler               
00001bd3  I2C0_IRQHandler                 
00001bd3  I2C1_IRQHandler                 
00001bd3  NMI_Handler                     
00001bd3  PendSV_Handler                  
00001bd3  RTC_IRQHandler                  
00001bd3  SPI0_IRQHandler                 
00001bd3  SPI1_IRQHandler                 
00001bd3  SVC_Handler                     
00001bd3  SysTick_Handler                 
00001bd3  TIMA0_IRQHandler                
00001bd3  TIMA1_IRQHandler                
00001bd3  TIMG12_IRQHandler               
00001bd3  TIMG6_IRQHandler                
00001bd3  TIMG7_IRQHandler                
00001bd3  TIMG8_IRQHandler                
00001bd3  UART1_IRQHandler                
00001bd3  UART2_IRQHandler                
00001bd3  UART3_IRQHandler                
00001bd6  C$$EXIT                         
00001bd7  HOSTexit                        
00001bdb  Reset_Handler                   
00001bdf  _system_pre_init                
00001be8  ascii_16x8                      
000021d8  zh16x16                         
00002368  font16x16                       
00002390  afont16x8                       
000023b0  __TI_Handler_Table_Base         
000023bc  __TI_Handler_Table_Limit        
000023d0  __TI_CINIT_Base                 
000023e0  __TI_CINIT_Limit                
000023e0  __TI_CINIT_Warm                 
20200000  OLED_GRAM                       
20200000  __start___llvm_prf_bits         
20200000  __start___llvm_prf_cnts         
20200000  __stop___llvm_prf_bits          
20200000  __stop___llvm_prf_cnts          
20200484  distance1                       
20200488  message                         
20200587  uart_data                       
20207e00  __stack                         
20208000  __STACK_END                     
ffffffff  __TI_pprof_out_hndl             
ffffffff  __TI_prof_data_size             
ffffffff  __TI_prof_data_start            
ffffffff  __binit__                       
ffffffff  binit                           
UNDEFED   __mpu_init                      
UNDEFED   _system_post_cinit              

[132 symbols]
